Physical GPU 2 verified free with 48657 MiB available.
Previously recorded conservative GPU seconds: 18048
Approved GPU seconds remaining: 10752
Materializing approval-bound configs and feature manifests.
{
  "format_version": "week8_ablation_config_bundle_v1",
  "status": "APPROVED",
  "week8_config_sha256": "59748c18da7375db6140f05d6c5ec2670c6ce19eeb25b5931e94868ffe7d9cf6",
  "base_diag_config_sha256": "0293d3bdbcd91299f7f4ec0e501917e2d40bfcc40b2a33d5591f0ac0330f3d74",
  "base_policy_config_sha256": "33e88aa1bbc4dbaa47309015be7e6e188523dcdf5416cf64d1703aa4c442c9eb",
  "ablations": [
    "no_budget_embedding",
    "no_answer_flip",
    "no_confidence_shift",
    "no_semantic_match",
    "no_relation_probe",
    "no_signature_regression",
    "shared_vs_independent_heads"
  ],
  "artifacts": [
    {
      "path": "outputs/week8_data/ablation_configs/no_budget_embedding_diag.yaml",
      "sha256": "db49257f77a2e5e6b39c2ea7ea27f06714d3cb6b6458455ca3e2d3452c9af00b"
    },
    {
      "path": "outputs/week8_data/ablation_configs/no_budget_embedding_policy.yaml",
      "sha256": "23ea1ace96a7c7bbcc65edb853575319f0c61a96d457fd25d666861b7f0b6ebc"
    },
    {
      "path": "outputs/week8_data/ablation_configs/no_answer_flip_diag.yaml",
      "sha256": "fbdbea18d6f76e344772a5d68ba6d67dca78397a1eec7b153ad2b9c1783357d5"
    },
    {
      "path": "outputs/week8_data/ablation_configs/no_answer_flip_policy.yaml",
      "sha256": "0bbb0d0629d34962ccc8450e8797674af2950efb8add1211aef133b2975cb9cb"
    },
    {
      "path": "outputs/week8_data/ablation_configs/no_confidence_shift_diag.yaml",
      "sha256": "9ab87a57416ae24e1466dab6b8d38c1ee9d828219b17f28d64de99f4b252ef2a"
    },
    {
      "path": "outputs/week8_data/ablation_configs/no_confidence_shift_policy.yaml",
      "sha256": "91e88172a663223bb54cda2e3422945b0a3d66f139e83886819fd68c18448e88"
    },
    {
      "path": "outputs/week8_data/ablation_configs/no_semantic_match_diag.yaml",
      "sha256": "0faeb26065320ae2308462e480c3ac64e50c1f2937205babb1bb2d24def55f76"
    },
    {
      "path": "outputs/week8_data/ablation_configs/no_semantic_match_policy.yaml",
      "sha256": "0bf6c600963d1002b722e72e84e95315e8554248f5e1ffaad1b79d86c9f090a8"
    },
    {
      "path": "outputs/week8_data/ablation_configs/no_relation_probe_diag.yaml",
      "sha256": "40a0b8bbfe15091afadd165a90bf19eabeee6d40092120cf7568335fe4971e21"
    },
    {
      "path": "outputs/week8_data/ablation_configs/no_relation_probe_policy.yaml",
      "sha256": "6bca10d636ecc049defad77ca60a03391ab20fce0e76ef4ed0f1b17c652b67ce"
    },
    {
      "path": "outputs/week8_data/ablation_configs/no_signature_regression_diag.yaml",
      "sha256": "58262427a826d57bc490099d38663e68309e9a6d3bba9d13b4c2f75f1e181ac6"
    },
    {
      "path": "outputs/week8_data/ablation_configs/no_signature_regression_policy.yaml",
      "sha256": "727feb86a929eda47a5f6009c3872b659bacd931cab2e8ec5e81e33e76a6a78f"
    },
    {
      "path": "outputs/week8_data/ablation_configs/shared_vs_independent_heads_diag.yaml",
      "sha256": "4240f23d700bd50a1ccc30aea2391143b820254edc186882a64d145bb637f133"
    },
    {
      "path": "outputs/week8_data/ablation_configs/shared_vs_independent_heads_policy.yaml",
      "sha256": "9aa3b19f12e0752cfbbaa17800ca45e70d4c6e13bf35b3b32e58594956fe6ea5"
    }
  ],
  "calibration_used": false,
  "test_used": false,
  "report_sha256": "d06d49b55e0074de8aceab3f1211fd2f9b8e338dfcea0fc56fe9822a21157390"
}
{
  "ablation_id": "no_answer_flip",
  "config_path": "configs/experiments/diag_bakeoff.yaml",
  "config_sha256": "0293d3bdbcd91299f7f4ec0e501917e2d40bfcc40b2a33d5591f0ac0330f3d74",
  "files": [
    {
      "path": "states_gemma4_e4b_all_all_shard00-of-04__cal.pt",
      "row_count": 5311,
      "sha256": "3df1e24d82b0f45d78e109c9d32081ef972e57180d1c4021f4e542e6dc194562",
      "source_path": "outputs/week5_data/states_gemma4_e4b_all_all_shard00-of-04__cal.pt",
      "source_sha256": "f3dfbfef0955cf2eeb053ee2d0a330046e783f23c8eea20dd8a5627947abf0db",
      "split": "cal"
    },
    {
      "path": "states_gemma4_e4b_all_all_shard00-of-04__test.pt",
      "row_count": 4900,
      "sha256": "0059e7e124801c845cc397b072b1011bf658ed7d0c8e4d25969e1060080bdb9d",
      "source_path": "outputs/week5_data/states_gemma4_e4b_all_all_shard00-of-04__test.pt",
      "source_sha256": "37b38fabebf5f3c2899dd6f2fb88f74d92bd9a2cce30c9dd2ed3f876c8e76b45",
      "split": "test"
    },
    {
      "path": "states_gemma4_e4b_all_all_shard00-of-04__train.pt",
      "row_count": 34037,
      "sha256": "b48f739b8ea96a237f073ee4462a204d6d27b67b6481b26e9ca6b484a4cc09f7",
      "source_path": "outputs/week5_data/states_gemma4_e4b_all_all_shard00-of-04__train.pt",
      "source_sha256": "486d9b0432227b6e3688f822fb2ce64b1f9edbddc33f0fb9822a58c0ed47bd82",
      "split": "train"
    },
    {
      "path": "states_gemma4_e4b_all_all_shard00-of-04__val.pt",
      "row_count": 4667,
      "sha256": "c1e9f23269fe1ee571c29dd65d20ce1778e98e2d3096e18c90c739980479d4b5",
      "source_path": "outputs/week5_data/states_gemma4_e4b_all_all_shard00-of-04__val.pt",
      "source_sha256": "cdbe0ff562c040eeb88cc868e207ffd3534f9ab5d1f71f03fef55ace34e3e1d3",
      "split": "val"
    },
    {
      "path": "states_gemma4_e4b_all_all_shard01-of-04__cal.pt",
      "row_count": 5419,
      "sha256": "25f69c98309c952b90b99922b339eeb09019cdc7d9031e75ae58ceb71930d83c",
      "source_path": "outputs/week5_data/states_gemma4_e4b_all_all_shard01-of-04__cal.pt",
      "source_sha256": "0efb68f34788505707e087cf1a402dfa1df40084c904ac922e0480cc6bf42979",
      "split": "cal"
    },
    {
      "path": "states_gemma4_e4b_all_all_shard01-of-04__test.pt",
      "row_count": 5103,
      "sha256": "91a850ebd55d916d094398369ed1a5598013839b9dce67de621d11c1c77d11c7",
      "source_path": "outputs/week5_data/states_gemma4_e4b_all_all_shard01-of-04__test.pt",
      "source_sha256": "7dc9ffe47ad038a8902d560a16660e72bca2bc2d423483746f1fe2feac68611a",
      "split": "test"
    },
    {
      "path": "states_gemma4_e4b_all_all_shard01-of-04__train.pt",
      "row_count": 32284,
      "sha256": "e43cafdb32ad2ce3c399145887fcaa0e98d520f557b1efa1a6ad211ae2daa575",
      "source_path": "outputs/week5_data/states_gemma4_e4b_all_all_shard01-of-04__train.pt",
      "source_sha256": "e3fac6ba49cbdadfc0c6d2add23684e82de86155f0e6b1da9d29c386401cc830",
      "split": "train"
    },
    {
      "path": "states_gemma4_e4b_all_all_shard01-of-04__val.pt",
      "row_count": 4812,
      "sha256": "242ba73255181cf93323689001937062fefeac49293a70e34f07626940e8bda4",
      "source_path": "outputs/week5_data/states_gemma4_e4b_all_all_shard01-of-04__val.pt",
      "source_sha256": "b25598a17bee8b5780d12ecc5f86225fbc3a092375351415bb5f50a5cd12be16",
      "split": "val"
    },
    {
      "path": "states_gemma4_e4b_all_all_shard02-of-04__cal.pt",
      "row_count": 4622,
      "sha256": "d09e955fafd5ce97b7178b7e295d9cd35ceb359c25d4b7de2ccb078acf1379d2",
      "source_path": "outputs/week5_data/states_gemma4_e4b_all_all_shard02-of-04__cal.pt",
      "source_sha256": "cdf40588264f50e06465bd14d9640672e83693d4cd6abc9d9aa812169d2c87cc",
      "split": "cal"
    },
    {
      "path": "states_gemma4_e4b_all_all_shard02-of-04__test.pt",
      "row_count": 5744,
      "sha256": "447e18f944e76164ef1e70c050e95d5f4cc84de41efb19161985f8953c11adf7",
      "source_path": "outputs/week5_data/states_gemma4_e4b_all_all_shard02-of-04__test.pt",
      "source_sha256": "c80140b8c168a6ae3542303bf7bf1f87548099532703804425e619ffbe53cd64",
      "split": "test"
    },
    {
      "path": "states_gemma4_e4b_all_all_shard02-of-04__train.pt",
      "row_count": 33956,
      "sha256": "a7d94f0d7eb09fbe05c4a4adf4cdb6c1cf5b48f33994188b26377ab4dcf95611",
      "source_path": "outputs/week5_data/states_gemma4_e4b_all_all_shard02-of-04__train.pt",
      "source_sha256": "e15b6ce75be2cd77f730c7aedfd59cad07e52533e5f7def0a897d4104e15f37a",
      "split": "train"
    },
    {
      "path": "states_gemma4_e4b_all_all_shard02-of-04__val.pt",
      "row_count": 4338,
      "sha256": "bfa6c45e37bdfadadb3eb769b65a0b62e61b62f6dc412945eb6e78b17cb90815",
      "source_path": "outputs/week5_data/states_gemma4_e4b_all_all_shard02-of-04__val.pt",
      "source_sha256": "2b652077028d7535d54564a833f8969d654bfa6e9a9e90ba41f2d553ff48bbeb",
      "split": "val"
    },
    {
      "path": "states_gemma4_e4b_all_all_shard03-of-04__cal.pt",
      "row_count": 4650,
      "sha256": "54ef583d151caf753e1139d4fc5a3ee2e324235d54fddeb5bfba6440038dde04",
      "source_path": "outputs/week5_data/states_gemma4_e4b_all_all_shard03-of-04__cal.pt",
      "source_sha256": "05ef5bca55cfbd8ba4704a91903a3944158db9e585daf53039c4c7a8172b6771",
      "split": "cal"
    },
    {
      "path": "states_gemma4_e4b_all_all_shard03-of-04__test.pt",
      "row_count": 5006,
      "sha256": "acb88d557290ce1b032ef3f14bd756df3f4f11df9e087f10092d8c46822649f7",
      "source_path": "outputs/week5_data/states_gemma4_e4b_all_all_shard03-of-04__test.pt",
      "source_sha256": "1f74bdfcb041a3e363d1ef33a1b9fe6f1372e3425405dc734e768db2c3c02a5a",
      "split": "test"
    },
    {
      "path": "states_gemma4_e4b_all_all_shard03-of-04__train.pt",
      "row_count": 34570,
      "sha256": "aa513e88fe15786163dd02f34bd881d30aeea4512a734e8821dd8642e91eab1f",
      "source_path": "outputs/week5_data/states_gemma4_e4b_all_all_shard03-of-04__train.pt",
      "source_sha256": "b61855edc76e7a9bc818a68070694fc3650ab8c2c498c466a7bf858cd6a6f1c9",
      "split": "train"
    },
    {
      "path": "states_gemma4_e4b_all_all_shard03-of-04__val.pt",
      "row_count": 4867,
      "sha256": "eda5a7227846bb600afcba44fc8553f4e77e38d95dcc64c15a0bfbf0afb2ec36",
      "source_path": "outputs/week5_data/states_gemma4_e4b_all_all_shard03-of-04__val.pt",
      "source_sha256": "7a74dcdb52a30854893fe891bbefc4fa34ad9bac305b64422fbb64e7d18832e1",
      "split": "val"
    },
    {
      "path": "states_qwen3_vl_8b_all_all_shard00-of-04__cal.pt",
      "row_count": 4772,
      "sha256": "2d539ddb26bb61b67474cea61b8702a4c9dc0a365ce0276e15548768d757b9e7",
      "source_path": "outputs/week5_data/states_qwen3_vl_8b_all_all_shard00-of-04__cal.pt",
      "source_sha256": "d6e0e45d2fdf3a7e272aa8e0dd8978847e5f836939f7d5e9cca4bc89b109b055",
      "split": "cal"
    },
    {
      "path": "states_qwen3_vl_8b_all_all_shard00-of-04__test.pt",
      "row_count": 4770,
      "sha256": "685f6fe6927186bf7463234a9240b593324faed7dfe147562015401210aa81f7",
      "source_path": "outputs/week5_data/states_qwen3_vl_8b_all_all_shard00-of-04__test.pt",
      "source_sha256": "4965166bb666fa4fd868b8ad33237fa7ca0ec05517c44c89e68011aaf58b6b91",
      "split": "test"
    },
    {
      "path": "states_qwen3_vl_8b_all_all_shard00-of-04__train.pt",
      "row_count": 34756,
      "sha256": "11409090fbf1ef4d05eead491760da972c13e5fb1ab778435c4dce25c40f9a91",
      "source_path": "outputs/week5_data/states_qwen3_vl_8b_all_all_shard00-of-04__train.pt",
      "source_sha256": "603201187159dc67e9e5e95a8b69475d79cebf45fb74be93a035e3f584ef4e19",
      "split": "train"
    },
    {
      "path": "states_qwen3_vl_8b_all_all_shard00-of-04__val.pt",
      "row_count": 4299,
      "sha256": "d58dd151ce24dd8a5c8a0b864409724aa3a1880bcfa58e400f94801eb65f5ecb",
      "source_path": "outputs/week5_data/states_qwen3_vl_8b_all_all_shard00-of-04__val.pt",
      "source_sha256": "253431d08fe7ca0445d666f41562833f9d5ae3bf4936213af143e25422c449ff",
      "split": "val"
    },
    {
      "path": "states_qwen3_vl_8b_all_all_shard01-of-04__cal.pt",
      "row_count": 4907,
      "sha256": "9d129bf74323c55aac9b92aa0cfff1d186a63442d569080290bbe8c0489f3acd",
      "source_path": "outputs/week5_data/states_qwen3_vl_8b_all_all_shard01-of-04__cal.pt",
      "source_sha256": "d13fe388bb9db83d9f7075f7584bb10efe9a13be84305dbce4fbc85108c3f00b",
      "split": "cal"
    },
    {
      "path": "states_qwen3_vl_8b_all_all_shard01-of-04__test.pt",
      "row_count": 4865,
      "sha256": "4f2e3dc6f02971297f84e92555140c987fa09e18879cd3a3e252ad64dcedd2ff",
      "source_path": "outputs/week5_data/states_qwen3_vl_8b_all_all_shard01-of-04__test.pt",
      "source_sha256": "4c7b48820f865a324f037971f7689305e66182a867692434b0b0f546ad82cd08",
      "split": "test"
    },
    {
      "path": "states_qwen3_vl_8b_all_all_shard01-of-04__train.pt",
      "row_count": 33931,
      "sha256": "597081b6d1f36ce024e6302b84f0efc2bf833f18bf7b257ece7429b61eebf142",
      "source_path": "outputs/week5_data/states_qwen3_vl_8b_all_all_shard01-of-04__train.pt",
      "source_sha256": "3ea0f37bcf6f2ff9d7c46f0d0dbcd6479a3534c4584c72c832aa951f821612b0",
      "split": "train"
    },
    {
      "path": "states_qwen3_vl_8b_all_all_shard01-of-04__val.pt",
      "row_count": 4746,
      "sha256": "67ce3fab79ca6cdac6d6f4a7a9fc8886969cdb26765a325e4b39ec5bb5e7d95f",
      "source_path": "outputs/week5_data/states_qwen3_vl_8b_all_all_shard01-of-04__val.pt",
      "source_sha256": "660b618a3b80d9b845c5bc3dd891cc9411bb4f1910534f9cf1d7532b3db8f1a5",
      "split": "val"
    },
    {
      "path": "states_qwen3_vl_8b_all_all_shard02-of-04__cal.pt",
      "row_count": 4991,
      "sha256": "409c3a679c5ccc6ffcceb15a4d27b1269dfbdc428b0fe5a2c81d094811a305f2",
      "source_path": "outputs/week5_data/states_qwen3_vl_8b_all_all_shard02-of-04__cal.pt",
      "source_sha256": "8a62b4b84611eaff4a9f6379557689b5c5513df9a879fe94162f3f59aaa9ad48",
      "split": "cal"
    },
    {
      "path": "states_qwen3_vl_8b_all_all_shard02-of-04__test.pt",
      "row_count": 5082,
      "sha256": "94aa4a806a9bea976ae4e80bc3391a665bf844da1bce66f8271339824dbdd1d7",
      "source_path": "outputs/week5_data/states_qwen3_vl_8b_all_all_shard02-of-04__test.pt",
      "source_sha256": "aac27adc632460a051b2c0773ed1a4174bdd48bdcfeb1d49e21fe7ab759fdf61",
      "split": "test"
    },
    {
      "path": "states_qwen3_vl_8b_all_all_shard02-of-04__train.pt",
      "row_count": 33265,
      "sha256": "e5e96292b2bc81ca137ebcd7a0cf2b59d247f6dd44421c0a411e774239429625",
      "source_path": "outputs/week5_data/states_qwen3_vl_8b_all_all_shard02-of-04__train.pt",
      "source_sha256": "6793b40fd487e7938b9306ef957ddd4d5cf1df7cee8c2d84f9f6beb4183a6f13",
      "split": "train"
    },
    {
      "path": "states_qwen3_vl_8b_all_all_shard02-of-04__val.pt",
      "row_count": 4636,
      "sha256": "66f1763382a6b85a4b2a9272abfbe7820044a8b80f63887096c72b16e5297258",
      "source_path": "outputs/week5_data/states_qwen3_vl_8b_all_all_shard02-of-04__val.pt",
      "source_sha256": "73ab8801807e63be726cbd07f63ab175e9425997d41973a5d78d5e3bef1f7172",
      "split": "val"
    },
    {
      "path": "states_qwen3_vl_8b_all_all_shard03-of-04__cal.pt",
      "row_count": 5332,
      "sha256": "859fc09fcf86ec82d8992b95d14e25f4c3d903c8b86211b5392a1632da94ce69",
      "source_path": "outputs/week5_data/states_qwen3_vl_8b_all_all_shard03-of-04__cal.pt",
      "source_sha256": "acba70e49d72854b8038e138e1560955b1b2f9c5dd5db30421b5c127cf0983e7",
      "split": "cal"
    },
    {
      "path": "states_qwen3_vl_8b_all_all_shard03-of-04__test.pt",
      "row_count": 5999,
      "sha256": "34193f9bbb1c4ed517653eec412debe28c3a2e457113f3e441e181d6c62efafb",
      "source_path": "outputs/week5_data/states_qwen3_vl_8b_all_all_shard03-of-04__test.pt",
      "source_sha256": "af395203b35761547eb40445ef3512cd1a945326a1a3dff08a67b0df8fb226b2",
      "split": "test"
    },
    {
      "path": "states_qwen3_vl_8b_all_all_shard03-of-04__train.pt",
      "row_count": 32983,
      "sha256": "716f20b093b213f55ac02ac9d7a0351a93641e8be159119a72d482030c1c7327",
      "source_path": "outputs/week5_data/states_qwen3_vl_8b_all_all_shard03-of-04__train.pt",
      "source_sha256": "73aa47ca9be05db8df802fb4314356ccdbd9f9a9bcdfaf923071105f80a5c57f",
      "split": "train"
    },
    {
      "path": "states_qwen3_vl_8b_all_all_shard03-of-04__val.pt",
      "row_count": 5003,
      "sha256": "7d1fe5c4b0494465fbc984696f8ea9ac0195bb6174b32f9f083e99a7d1edde81",
      "source_path": "outputs/week5_data/states_qwen3_vl_8b_all_all_shard03-of-04__val.pt",
      "source_sha256": "bd84a7e75e2200928bcbe30288b913fa5ac27d27a1d2c0c79646ba5c07d2488d",
      "split": "val"
    }
  ],
  "format_version": "week5_vector_manifest_v1",
  "group_count": 7291,
  "limit": null,
  "manifest_sha256": "df86389dc542823cb302b671f5d7ceccb58d10f628f25fe0a45f9a3b850255f8",
  "model_identity_used_as_input": false,
  "seed": 42,
  "source_files": [
    {
      "path": "outputs/states_v1/states_gemma4_e4b_all_all_shard00-of-04.jsonl",
      "row_count": 48915,
      "sha256": "850469e36436d128523c2fa3d876cbea336ea1ce33408808946ccbc726a458fa"
    },
    {
      "path": "outputs/states_v1/states_gemma4_e4b_all_all_shard01-of-04.jsonl",
      "row_count": 47618,
      "sha256": "6756594128f0dc3b056852c3b904aecff933a3ac3f85276227b97625d12cc7fb"
    },
    {
      "path": "outputs/states_v1/states_gemma4_e4b_all_all_shard02-of-04.jsonl",
      "row_count": 48660,
      "sha256": "1b4cfc03de358f299d1356fe5731a4146ff389d453cf6d726c8c084a9568d90d"
    },
    {
      "path": "outputs/states_v1/states_gemma4_e4b_all_all_shard03-of-04.jsonl",
      "row_count": 49093,
      "sha256": "fdfe59204e8bb5797b03713d7ebe69fdd436471b87c697565035953d4d8e0edf"
    },
    {
      "path": "outputs/states_v1/states_qwen3_vl_8b_all_all_shard00-of-04.jsonl",
      "row_count": 48597,
      "sha256": "c24221c1c55402e59d736456dc46a215921c095aab5fb7b54d39d116254cefed"
    },
    {
      "path": "outputs/states_v1/states_qwen3_vl_8b_all_all_shard01-of-04.jsonl",
      "row_count": 48449,
      "sha256": "fa112c4a9dfb642454d2d1f9f210f914ae375ff4e1d2cd68ce14286fc7e8d35a"
    },
    {
      "path": "outputs/states_v1/states_qwen3_vl_8b_all_all_shard02-of-04.jsonl",
      "row_count": 47974,
      "sha256": "a282447d4b679ad0a4a3d3b95065ad9265e1922a77e78c3c9b9b00f418e78de6"
    },
    {
      "path": "outputs/states_v1/states_qwen3_vl_8b_all_all_shard03-of-04.jsonl",
      "row_count": 49317,
      "sha256": "fb3947cceb2cbb9a3276546d3ec70b28c9e510d7f50df9eff09bc1f6dd6b0b8f"
    }
  ],
  "source_row_count": 388623,
  "source_state_manifest_path": "outputs/week4_reports/final/state_manifest.json",
  "source_state_manifest_sha256": "cf0172e7377ff41df4d5d18bbed8bb713aaef5482a3e24a0fd28ec85a542f1a4",
  "source_vector_manifest": "outputs/week5_data/vectorized_manifest.json",
  "source_vector_manifest_sha256": "1fac2c343e57ca8b6702c4e6a282a7b86a48042a6d133ba84612b5b1c50201ae",
  "split_counts": {
    "cal": 40004,
    "test": 41469,
    "train": 269782,
    "val": 37368
  },
  "status": "COMPLETE"
}
{
  "ablation_id": "no_confidence_shift",
  "config_path": "configs/experiments/diag_bakeoff.yaml",
  "config_sha256": "0293d3bdbcd91299f7f4ec0e501917e2d40bfcc40b2a33d5591f0ac0330f3d74",
  "files": [
    {
      "path": "states_gemma4_e4b_all_all_shard00-of-04__cal.pt",
      "row_count": 5311,
      "sha256": "c8138aa99eabff4c6295b6d3b7279593c7f425c8f0e2424c25872f3ffc229f0b",
      "source_path": "outputs/week5_data/states_gemma4_e4b_all_all_shard00-of-04__cal.pt",
      "source_sha256": "f3dfbfef0955cf2eeb053ee2d0a330046e783f23c8eea20dd8a5627947abf0db",
      "split": "cal"
    },
    {
      "path": "states_gemma4_e4b_all_all_shard00-of-04__test.pt",
      "row_count": 4900,
      "sha256": "f3b9ed10bcfa8b4ed09b4b56b05d24f55b10d670bc80b6ab7e5011c8dd642958",
      "source_path": "outputs/week5_data/states_gemma4_e4b_all_all_shard00-of-04__test.pt",
      "source_sha256": "37b38fabebf5f3c2899dd6f2fb88f74d92bd9a2cce30c9dd2ed3f876c8e76b45",
      "split": "test"
    },
    {
      "path": "states_gemma4_e4b_all_all_shard00-of-04__train.pt",
      "row_count": 34037,
      "sha256": "e7d63cf5129b519e7c4a70403c432f30b506dd0d1993f028b6548531d9c3821b",
      "source_path": "outputs/week5_data/states_gemma4_e4b_all_all_shard00-of-04__train.pt",
      "source_sha256": "486d9b0432227b6e3688f822fb2ce64b1f9edbddc33f0fb9822a58c0ed47bd82",
      "split": "train"
    },
    {
      "path": "states_gemma4_e4b_all_all_shard00-of-04__val.pt",
      "row_count": 4667,
      "sha256": "0a5cdc489ff5f8c1f365900512b276602987d442eae01a268dd580bf162fb5d0",
      "source_path": "outputs/week5_data/states_gemma4_e4b_all_all_shard00-of-04__val.pt",
      "source_sha256": "cdbe0ff562c040eeb88cc868e207ffd3534f9ab5d1f71f03fef55ace34e3e1d3",
      "split": "val"
    },
    {
      "path": "states_gemma4_e4b_all_all_shard01-of-04__cal.pt",
      "row_count": 5419,
      "sha256": "e5e14197113faf599312522cc4b9894ecc28a55d360d096edf3ca6e749372909",
      "source_path": "outputs/week5_data/states_gemma4_e4b_all_all_shard01-of-04__cal.pt",
      "source_sha256": "0efb68f34788505707e087cf1a402dfa1df40084c904ac922e0480cc6bf42979",
      "split": "cal"
    },
    {
      "path": "states_gemma4_e4b_all_all_shard01-of-04__test.pt",
      "row_count": 5103,
      "sha256": "b068f6c4afd3790541e63ad3f2d104f496754858dd34dc32dbf470b734b3a201",
      "source_path": "outputs/week5_data/states_gemma4_e4b_all_all_shard01-of-04__test.pt",
      "source_sha256": "7dc9ffe47ad038a8902d560a16660e72bca2bc2d423483746f1fe2feac68611a",
      "split": "test"
    },
    {
      "path": "states_gemma4_e4b_all_all_shard01-of-04__train.pt",
      "row_count": 32284,
      "sha256": "ce088e73b92e9e427101552dc3373c879babb93dab1a678cac90ac1b804f94d8",
      "source_path": "outputs/week5_data/states_gemma4_e4b_all_all_shard01-of-04__train.pt",
      "source_sha256": "e3fac6ba49cbdadfc0c6d2add23684e82de86155f0e6b1da9d29c386401cc830",
      "split": "train"
    },
    {
      "path": "states_gemma4_e4b_all_all_shard01-of-04__val.pt",
      "row_count": 4812,
      "sha256": "fad013a5731a55f42267bc526ad5859ca6bf65b15fbb80550d4e7eca4fd3265b",
      "source_path": "outputs/week5_data/states_gemma4_e4b_all_all_shard01-of-04__val.pt",
      "source_sha256": "b25598a17bee8b5780d12ecc5f86225fbc3a092375351415bb5f50a5cd12be16",
      "split": "val"
    },
    {
      "path": "states_gemma4_e4b_all_all_shard02-of-04__cal.pt",
      "row_count": 4622,
      "sha256": "52e04ed374d26e7c062f854a6b02ddc8eef22b465635debf90afba4025e8d4d5",
      "source_path": "outputs/week5_data/states_gemma4_e4b_all_all_shard02-of-04__cal.pt",
      "source_sha256": "cdf40588264f50e06465bd14d9640672e83693d4cd6abc9d9aa812169d2c87cc",
      "split": "cal"
    },
    {
      "path": "states_gemma4_e4b_all_all_shard02-of-04__test.pt",
      "row_count": 5744,
      "sha256": "8e2ebcb17c712d49ad3c418e4385185e008eeb8d212492dc6f588b07c2662dae",
      "source_path": "outputs/week5_data/states_gemma4_e4b_all_all_shard02-of-04__test.pt",
      "source_sha256": "c80140b8c168a6ae3542303bf7bf1f87548099532703804425e619ffbe53cd64",
      "split": "test"
    },
    {
      "path": "states_gemma4_e4b_all_all_shard02-of-04__train.pt",
      "row_count": 33956,
      "sha256": "8f59a8f631c778e3b62137afa6526080b3dd79de40b0f9203e25478453a2996d",
      "source_path": "outputs/week5_data/states_gemma4_e4b_all_all_shard02-of-04__train.pt",
      "source_sha256": "e15b6ce75be2cd77f730c7aedfd59cad07e52533e5f7def0a897d4104e15f37a",
      "split": "train"
    },
    {
      "path": "states_gemma4_e4b_all_all_shard02-of-04__val.pt",
      "row_count": 4338,
      "sha256": "a1479978a321539f8b897ca4dcd2b1a4dd1e89b6aa35494ebb0e41f3171e0219",
      "source_path": "outputs/week5_data/states_gemma4_e4b_all_all_shard02-of-04__val.pt",
      "source_sha256": "2b652077028d7535d54564a833f8969d654bfa6e9a9e90ba41f2d553ff48bbeb",
      "split": "val"
    },
    {
      "path": "states_gemma4_e4b_all_all_shard03-of-04__cal.pt",
      "row_count": 4650,
      "sha256": "d76f5a2486227a4d43c6b8dc830c209e3d4f654ad75d1a674948fca7786b8834",
      "source_path": "outputs/week5_data/states_gemma4_e4b_all_all_shard03-of-04__cal.pt",
      "source_sha256": "05ef5bca55cfbd8ba4704a91903a3944158db9e585daf53039c4c7a8172b6771",
      "split": "cal"
    },
    {
      "path": "states_gemma4_e4b_all_all_shard03-of-04__test.pt",
      "row_count": 5006,
      "sha256": "a2c9880afdbb5cec22b61605b7a3b571874580ac881359027cab4eba81e059f2",
      "source_path": "outputs/week5_data/states_gemma4_e4b_all_all_shard03-of-04__test.pt",
      "source_sha256": "1f74bdfcb041a3e363d1ef33a1b9fe6f1372e3425405dc734e768db2c3c02a5a",
      "split": "test"
    },
    {
      "path": "states_gemma4_e4b_all_all_shard03-of-04__train.pt",
      "row_count": 34570,
      "sha256": "0f1187ce83099a6cf04475509a6507e980f3b7511d40f517f19f21cb72ca2c64",
      "source_path": "outputs/week5_data/states_gemma4_e4b_all_all_shard03-of-04__train.pt",
      "source_sha256": "b61855edc76e7a9bc818a68070694fc3650ab8c2c498c466a7bf858cd6a6f1c9",
      "split": "train"
    },
    {
      "path": "states_gemma4_e4b_all_all_shard03-of-04__val.pt",
      "row_count": 4867,
      "sha256": "34a1ea69b88b9153c21e0b4379f88123fa0556cb424aed07d2baf301859792a8",
      "source_path": "outputs/week5_data/states_gemma4_e4b_all_all_shard03-of-04__val.pt",
      "source_sha256": "7a74dcdb52a30854893fe891bbefc4fa34ad9bac305b64422fbb64e7d18832e1",
      "split": "val"
    },
    {
      "path": "states_qwen3_vl_8b_all_all_shard00-of-04__cal.pt",
      "row_count": 4772,
      "sha256": "ff6c5997d1bb00036c3e6a2155f0f1fa256a72fc48c2b3e192cd8105f6bb66d0",
      "source_path": "outputs/week5_data/states_qwen3_vl_8b_all_all_shard00-of-04__cal.pt",
      "source_sha256": "d6e0e45d2fdf3a7e272aa8e0dd8978847e5f836939f7d5e9cca4bc89b109b055",
      "split": "cal"
    },
    {
      "path": "states_qwen3_vl_8b_all_all_shard00-of-04__test.pt",
      "row_count": 4770,
      "sha256": "072981a66d74e07cb4cc9fb7e58f56f36e73b9655f7a19e8726428d02dbd385d",
      "source_path": "outputs/week5_data/states_qwen3_vl_8b_all_all_shard00-of-04__test.pt",
      "source_sha256": "4965166bb666fa4fd868b8ad33237fa7ca0ec05517c44c89e68011aaf58b6b91",
      "split": "test"
    },
    {
      "path": "states_qwen3_vl_8b_all_all_shard00-of-04__train.pt",
      "row_count": 34756,
      "sha256": "64408d5354bce91dcf56c8a88ced6b4384d75f14ea93b1fadb143c89eaa5289f",
      "source_path": "outputs/week5_data/states_qwen3_vl_8b_all_all_shard00-of-04__train.pt",
      "source_sha256": "603201187159dc67e9e5e95a8b69475d79cebf45fb74be93a035e3f584ef4e19",
      "split": "train"
    },
    {
      "path": "states_qwen3_vl_8b_all_all_shard00-of-04__val.pt",
      "row_count": 4299,
      "sha256": "4c32a5f41d05c0d7887763410f9bf3431d834079a92d9ad8e8ada329dc8e96ab",
      "source_path": "outputs/week5_data/states_qwen3_vl_8b_all_all_shard00-of-04__val.pt",
      "source_sha256": "253431d08fe7ca0445d666f41562833f9d5ae3bf4936213af143e25422c449ff",
      "split": "val"
    },
    {
      "path": "states_qwen3_vl_8b_all_all_shard01-of-04__cal.pt",
      "row_count": 4907,
      "sha256": "14cd48fe9441c81da6fce3f9ac87709b358bd152e6f0a9fc5f9d52d021a5b30c",
      "source_path": "outputs/week5_data/states_qwen3_vl_8b_all_all_shard01-of-04__cal.pt",
      "source_sha256": "d13fe388bb9db83d9f7075f7584bb10efe9a13be84305dbce4fbc85108c3f00b",
      "split": "cal"
    },
    {
      "path": "states_qwen3_vl_8b_all_all_shard01-of-04__test.pt",
      "row_count": 4865,
      "sha256": "18c16b1eab65013e608649c127812ebac184860b3e81325f1c70f9c79e0d2c52",
      "source_path": "outputs/week5_data/states_qwen3_vl_8b_all_all_shard01-of-04__test.pt",
      "source_sha256": "4c7b48820f865a324f037971f7689305e66182a867692434b0b0f546ad82cd08",
      "split": "test"
    },
    {
      "path": "states_qwen3_vl_8b_all_all_shard01-of-04__train.pt",
      "row_count": 33931,
      "sha256": "c4489743a86b17f2951923a954144c0d85216bc1d7a896b33ad9107558dad3ea",
      "source_path": "outputs/week5_data/states_qwen3_vl_8b_all_all_shard01-of-04__train.pt",
      "source_sha256": "3ea0f37bcf6f2ff9d7c46f0d0dbcd6479a3534c4584c72c832aa951f821612b0",
      "split": "train"
    },
    {
      "path": "states_qwen3_vl_8b_all_all_shard01-of-04__val.pt",
      "row_count": 4746,
      "sha256": "ba1339ab983358afb9f42083d7e089cacaea9b3bfa17a23fca68743dfeeeeb70",
      "source_path": "outputs/week5_data/states_qwen3_vl_8b_all_all_shard01-of-04__val.pt",
      "source_sha256": "660b618a3b80d9b845c5bc3dd891cc9411bb4f1910534f9cf1d7532b3db8f1a5",
      "split": "val"
    },
    {
      "path": "states_qwen3_vl_8b_all_all_shard02-of-04__cal.pt",
      "row_count": 4991,
      "sha256": "7f9e83184bb2ccf1def865cbf7cab4a7407caef023f73e3a89eb23ef4d47ab1d",
      "source_path": "outputs/week5_data/states_qwen3_vl_8b_all_all_shard02-of-04__cal.pt",
      "source_sha256": "8a62b4b84611eaff4a9f6379557689b5c5513df9a879fe94162f3f59aaa9ad48",
      "split": "cal"
    },
    {
      "path": "states_qwen3_vl_8b_all_all_shard02-of-04__test.pt",
      "row_count": 5082,
      "sha256": "2796586aa63be4ab120115cdab62d813d7f1c43cd8612d7569c72563e9ec5c2c",
      "source_path": "outputs/week5_data/states_qwen3_vl_8b_all_all_shard02-of-04__test.pt",
      "source_sha256": "aac27adc632460a051b2c0773ed1a4174bdd48bdcfeb1d49e21fe7ab759fdf61",
      "split": "test"
    },
    {
      "path": "states_qwen3_vl_8b_all_all_shard02-of-04__train.pt",
      "row_count": 33265,
      "sha256": "3e24a19dd166c6e284784979f8c3fc3481e5cf093b95f49e09ab4980ee90b836",
      "source_path": "outputs/week5_data/states_qwen3_vl_8b_all_all_shard02-of-04__train.pt",
      "source_sha256": "6793b40fd487e7938b9306ef957ddd4d5cf1df7cee8c2d84f9f6beb4183a6f13",
      "split": "train"
    },
    {
      "path": "states_qwen3_vl_8b_all_all_shard02-of-04__val.pt",
      "row_count": 4636,
      "sha256": "5c7d7de1bb9169262d14ed88840e2610b93dae22ff250b75029d6df4ea61234b",
      "source_path": "outputs/week5_data/states_qwen3_vl_8b_all_all_shard02-of-04__val.pt",
      "source_sha256": "73ab8801807e63be726cbd07f63ab175e9425997d41973a5d78d5e3bef1f7172",
      "split": "val"
    },
    {
      "path": "states_qwen3_vl_8b_all_all_shard03-of-04__cal.pt",
      "row_count": 5332,
      "sha256": "fa94a1f99dab51e8cab6706013106404e6b5a04d2644490fd67d97aa52a96ba2",
      "source_path": "outputs/week5_data/states_qwen3_vl_8b_all_all_shard03-of-04__cal.pt",
      "source_sha256": "acba70e49d72854b8038e138e1560955b1b2f9c5dd5db30421b5c127cf0983e7",
      "split": "cal"
    },
    {
      "path": "states_qwen3_vl_8b_all_all_shard03-of-04__test.pt",
      "row_count": 5999,
      "sha256": "383dd37ea9a2269675b36dd89402c0a187641ea5165bd2c50c2b0f6993ee4a4d",
      "source_path": "outputs/week5_data/states_qwen3_vl_8b_all_all_shard03-of-04__test.pt",
      "source_sha256": "af395203b35761547eb40445ef3512cd1a945326a1a3dff08a67b0df8fb226b2",
      "split": "test"
    },
    {
      "path": "states_qwen3_vl_8b_all_all_shard03-of-04__train.pt",
      "row_count": 32983,
      "sha256": "b4eca0b9c7bb2341556c122940421a8d5cab79a0a84b196f7a98236db7c3b21e",
      "source_path": "outputs/week5_data/states_qwen3_vl_8b_all_all_shard03-of-04__train.pt",
      "source_sha256": "73aa47ca9be05db8df802fb4314356ccdbd9f9a9bcdfaf923071105f80a5c57f",
      "split": "train"
    },
    {
      "path": "states_qwen3_vl_8b_all_all_shard03-of-04__val.pt",
      "row_count": 5003,
      "sha256": "3acec7aa80bf278806eca23f5d64fac52eaa8b3868fb6506c8e33e31d39508bb",
      "source_path": "outputs/week5_data/states_qwen3_vl_8b_all_all_shard03-of-04__val.pt",
      "source_sha256": "bd84a7e75e2200928bcbe30288b913fa5ac27d27a1d2c0c79646ba5c07d2488d",
      "split": "val"
    }
  ],
  "format_version": "week5_vector_manifest_v1",
  "group_count": 7291,
  "limit": null,
  "manifest_sha256": "80083f889cd5c921b601c883b562d8adef4facd4f15aa06c7717a6031f3fe9b3",
  "model_identity_used_as_input": false,
  "seed": 42,
  "source_files": [
    {
      "path": "outputs/states_v1/states_gemma4_e4b_all_all_shard00-of-04.jsonl",
      "row_count": 48915,
      "sha256": "850469e36436d128523c2fa3d876cbea336ea1ce33408808946ccbc726a458fa"
    },
    {
      "path": "outputs/states_v1/states_gemma4_e4b_all_all_shard01-of-04.jsonl",
      "row_count": 47618,
      "sha256": "6756594128f0dc3b056852c3b904aecff933a3ac3f85276227b97625d12cc7fb"
    },
    {
      "path": "outputs/states_v1/states_gemma4_e4b_all_all_shard02-of-04.jsonl",
      "row_count": 48660,
      "sha256": "1b4cfc03de358f299d1356fe5731a4146ff389d453cf6d726c8c084a9568d90d"
    },
    {
      "path": "outputs/states_v1/states_gemma4_e4b_all_all_shard03-of-04.jsonl",
      "row_count": 49093,
      "sha256": "fdfe59204e8bb5797b03713d7ebe69fdd436471b87c697565035953d4d8e0edf"
    },
    {
      "path": "outputs/states_v1/states_qwen3_vl_8b_all_all_shard00-of-04.jsonl",
      "row_count": 48597,
      "sha256": "c24221c1c55402e59d736456dc46a215921c095aab5fb7b54d39d116254cefed"
    },
    {
      "path": "outputs/states_v1/states_qwen3_vl_8b_all_all_shard01-of-04.jsonl",
      "row_count": 48449,
      "sha256": "fa112c4a9dfb642454d2d1f9f210f914ae375ff4e1d2cd68ce14286fc7e8d35a"
    },
    {
      "path": "outputs/states_v1/states_qwen3_vl_8b_all_all_shard02-of-04.jsonl",
      "row_count": 47974,
      "sha256": "a282447d4b679ad0a4a3d3b95065ad9265e1922a77e78c3c9b9b00f418e78de6"
    },
    {
      "path": "outputs/states_v1/states_qwen3_vl_8b_all_all_shard03-of-04.jsonl",
      "row_count": 49317,
      "sha256": "fb3947cceb2cbb9a3276546d3ec70b28c9e510d7f50df9eff09bc1f6dd6b0b8f"
    }
  ],
  "source_row_count": 388623,
  "source_state_manifest_path": "outputs/week4_reports/final/state_manifest.json",
  "source_state_manifest_sha256": "cf0172e7377ff41df4d5d18bbed8bb713aaef5482a3e24a0fd28ec85a542f1a4",
  "source_vector_manifest": "outputs/week5_data/vectorized_manifest.json",
  "source_vector_manifest_sha256": "1fac2c343e57ca8b6702c4e6a282a7b86a48042a6d133ba84612b5b1c50201ae",
  "split_counts": {
    "cal": 40004,
    "test": 41469,
    "train": 269782,
    "val": 37368
  },
  "status": "COMPLETE"
}
{
  "ablation_id": "no_semantic_match",
  "config_path": "configs/experiments/diag_bakeoff.yaml",
  "config_sha256": "0293d3bdbcd91299f7f4ec0e501917e2d40bfcc40b2a33d5591f0ac0330f3d74",
  "files": [
    {
      "path": "states_gemma4_e4b_all_all_shard00-of-04__cal.pt",
      "row_count": 5311,
      "sha256": "ddca6d4364c61695aa0e6b33c217d17ae50040fb176e1903a2a623ce027970c8",
      "source_path": "outputs/week5_data/states_gemma4_e4b_all_all_shard00-of-04__cal.pt",
      "source_sha256": "f3dfbfef0955cf2eeb053ee2d0a330046e783f23c8eea20dd8a5627947abf0db",
      "split": "cal"
    },
    {
      "path": "states_gemma4_e4b_all_all_shard00-of-04__test.pt",
      "row_count": 4900,
      "sha256": "ad803b301448ded3cd3c2f717fa2ff5284be947862e97ce9d06536974b6b9451",
      "source_path": "outputs/week5_data/states_gemma4_e4b_all_all_shard00-of-04__test.pt",
      "source_sha256": "37b38fabebf5f3c2899dd6f2fb88f74d92bd9a2cce30c9dd2ed3f876c8e76b45",
      "split": "test"
    },
    {
      "path": "states_gemma4_e4b_all_all_shard00-of-04__train.pt",
      "row_count": 34037,
      "sha256": "70c4e8014081a274b76be00bc87133db0e8fc90cda0db99214fb559e36566991",
      "source_path": "outputs/week5_data/states_gemma4_e4b_all_all_shard00-of-04__train.pt",
      "source_sha256": "486d9b0432227b6e3688f822fb2ce64b1f9edbddc33f0fb9822a58c0ed47bd82",
      "split": "train"
    },
    {
      "path": "states_gemma4_e4b_all_all_shard00-of-04__val.pt",
      "row_count": 4667,
      "sha256": "ae40a0af5268eb451100753aa12c15daddb3a73922067d5ed425739f2614f329",
      "source_path": "outputs/week5_data/states_gemma4_e4b_all_all_shard00-of-04__val.pt",
      "source_sha256": "cdbe0ff562c040eeb88cc868e207ffd3534f9ab5d1f71f03fef55ace34e3e1d3",
      "split": "val"
    },
    {
      "path": "states_gemma4_e4b_all_all_shard01-of-04__cal.pt",
      "row_count": 5419,
      "sha256": "cc6f8cc747c8b2f8a08875b6e12a0219a37a45e261290eaaaff1c1307dc52168",
      "source_path": "outputs/week5_data/states_gemma4_e4b_all_all_shard01-of-04__cal.pt",
      "source_sha256": "0efb68f34788505707e087cf1a402dfa1df40084c904ac922e0480cc6bf42979",
      "split": "cal"
    },
    {
      "path": "states_gemma4_e4b_all_all_shard01-of-04__test.pt",
      "row_count": 5103,
      "sha256": "f1ee86f43daf51c0d3cd7edffc0cb123ef5412b8b72481e105dc2e83536b2dfb",
      "source_path": "outputs/week5_data/states_gemma4_e4b_all_all_shard01-of-04__test.pt",
      "source_sha256": "7dc9ffe47ad038a8902d560a16660e72bca2bc2d423483746f1fe2feac68611a",
      "split": "test"
    },
    {
      "path": "states_gemma4_e4b_all_all_shard01-of-04__train.pt",
      "row_count": 32284,
      "sha256": "3ce8c892b6fa0e0699c8822d4271e33f6860048d169e768e517209300730b5ce",
      "source_path": "outputs/week5_data/states_gemma4_e4b_all_all_shard01-of-04__train.pt",
      "source_sha256": "e3fac6ba49cbdadfc0c6d2add23684e82de86155f0e6b1da9d29c386401cc830",
      "split": "train"
    },
    {
      "path": "states_gemma4_e4b_all_all_shard01-of-04__val.pt",
      "row_count": 4812,
      "sha256": "317cb5ce851fc8842d64dd3c96610787fa3820a00df1fc01e12195c267787b49",
      "source_path": "outputs/week5_data/states_gemma4_e4b_all_all_shard01-of-04__val.pt",
      "source_sha256": "b25598a17bee8b5780d12ecc5f86225fbc3a092375351415bb5f50a5cd12be16",
      "split": "val"
    },
    {
      "path": "states_gemma4_e4b_all_all_shard02-of-04__cal.pt",
      "row_count": 4622,
      "sha256": "d64e07483ad0eea30843135b9422437931dff13633de9f5f6b3b98c5d658788c",
      "source_path": "outputs/week5_data/states_gemma4_e4b_all_all_shard02-of-04__cal.pt",
      "source_sha256": "cdf40588264f50e06465bd14d9640672e83693d4cd6abc9d9aa812169d2c87cc",
      "split": "cal"
    },
    {
      "path": "states_gemma4_e4b_all_all_shard02-of-04__test.pt",
      "row_count": 5744,
      "sha256": "550a50d0eee2d35dc50a33206ba4965438e1e49e6c541b9f796c5438d6785637",
      "source_path": "outputs/week5_data/states_gemma4_e4b_all_all_shard02-of-04__test.pt",
      "source_sha256": "c80140b8c168a6ae3542303bf7bf1f87548099532703804425e619ffbe53cd64",
      "split": "test"
    },
    {
      "path": "states_gemma4_e4b_all_all_shard02-of-04__train.pt",
      "row_count": 33956,
      "sha256": "309286e97be43ac16770ef3ab867f1d928d0144e82d8275dd082f775f245453a",
      "source_path": "outputs/week5_data/states_gemma4_e4b_all_all_shard02-of-04__train.pt",
      "source_sha256": "e15b6ce75be2cd77f730c7aedfd59cad07e52533e5f7def0a897d4104e15f37a",
      "split": "train"
    },
    {
      "path": "states_gemma4_e4b_all_all_shard02-of-04__val.pt",
      "row_count": 4338,
      "sha256": "fb9c5898ac2c0bff8ecb68c2983d4f8187ca65eeb0fd514d46edb0c25935f154",
      "source_path": "outputs/week5_data/states_gemma4_e4b_all_all_shard02-of-04__val.pt",
      "source_sha256": "2b652077028d7535d54564a833f8969d654bfa6e9a9e90ba41f2d553ff48bbeb",
      "split": "val"
    },
    {
      "path": "states_gemma4_e4b_all_all_shard03-of-04__cal.pt",
      "row_count": 4650,
      "sha256": "6005afc4729c3932cb4d31f6067bb7cb4935f1857e63871dc16793f0220e52e1",
      "source_path": "outputs/week5_data/states_gemma4_e4b_all_all_shard03-of-04__cal.pt",
      "source_sha256": "05ef5bca55cfbd8ba4704a91903a3944158db9e585daf53039c4c7a8172b6771",
      "split": "cal"
    },
    {
      "path": "states_gemma4_e4b_all_all_shard03-of-04__test.pt",
      "row_count": 5006,
      "sha256": "75b1f6c897d2621531a7d77e6673d057ebd19ed9ae120aee8ac08c6a6a5e44fe",
      "source_path": "outputs/week5_data/states_gemma4_e4b_all_all_shard03-of-04__test.pt",
      "source_sha256": "1f74bdfcb041a3e363d1ef33a1b9fe6f1372e3425405dc734e768db2c3c02a5a",
      "split": "test"
    },
    {
      "path": "states_gemma4_e4b_all_all_shard03-of-04__train.pt",
      "row_count": 34570,
      "sha256": "3634061e2ab1355696dc966dbf23054ed2087e5ede6e0bea6090271d09c2266a",
      "source_path": "outputs/week5_data/states_gemma4_e4b_all_all_shard03-of-04__train.pt",
      "source_sha256": "b61855edc76e7a9bc818a68070694fc3650ab8c2c498c466a7bf858cd6a6f1c9",
      "split": "train"
    },
    {
      "path": "states_gemma4_e4b_all_all_shard03-of-04__val.pt",
      "row_count": 4867,
      "sha256": "b51abe0d47d96d30e0fe80df9d0f325dd93d75f8c3bea7c2d2490559c8e4bb26",
      "source_path": "outputs/week5_data/states_gemma4_e4b_all_all_shard03-of-04__val.pt",
      "source_sha256": "7a74dcdb52a30854893fe891bbefc4fa34ad9bac305b64422fbb64e7d18832e1",
      "split": "val"
    },
    {
      "path": "states_qwen3_vl_8b_all_all_shard00-of-04__cal.pt",
      "row_count": 4772,
      "sha256": "eccde1aa3ad821e8aa67b1ec604bfca30390c513fe05c40214ce4078321aa025",
      "source_path": "outputs/week5_data/states_qwen3_vl_8b_all_all_shard00-of-04__cal.pt",
      "source_sha256": "d6e0e45d2fdf3a7e272aa8e0dd8978847e5f836939f7d5e9cca4bc89b109b055",
      "split": "cal"
    },
    {
      "path": "states_qwen3_vl_8b_all_all_shard00-of-04__test.pt",
      "row_count": 4770,
      "sha256": "b32173ce5aad41a7feb570db677037468493abc00be9dc7cc6b7e0bb66203db6",
      "source_path": "outputs/week5_data/states_qwen3_vl_8b_all_all_shard00-of-04__test.pt",
      "source_sha256": "4965166bb666fa4fd868b8ad33237fa7ca0ec05517c44c89e68011aaf58b6b91",
      "split": "test"
    },
    {
      "path": "states_qwen3_vl_8b_all_all_shard00-of-04__train.pt",
      "row_count": 34756,
      "sha256": "b32349859d2bd9d356eed824228d6235f44fa6aa806675346bd0eb185d6ed28b",
      "source_path": "outputs/week5_data/states_qwen3_vl_8b_all_all_shard00-of-04__train.pt",
      "source_sha256": "603201187159dc67e9e5e95a8b69475d79cebf45fb74be93a035e3f584ef4e19",
      "split": "train"
    },
    {
      "path": "states_qwen3_vl_8b_all_all_shard00-of-04__val.pt",
      "row_count": 4299,
      "sha256": "f321b5665928cd41a94eca5005be0d42ef003950340925940267348dc4dfbe4e",
      "source_path": "outputs/week5_data/states_qwen3_vl_8b_all_all_shard00-of-04__val.pt",
      "source_sha256": "253431d08fe7ca0445d666f41562833f9d5ae3bf4936213af143e25422c449ff",
      "split": "val"
    },
    {
      "path": "states_qwen3_vl_8b_all_all_shard01-of-04__cal.pt",
      "row_count": 4907,
      "sha256": "7134ef902e588f5766621761255ad6c22d93a039d878ab406600a71e104befd8",
      "source_path": "outputs/week5_data/states_qwen3_vl_8b_all_all_shard01-of-04__cal.pt",
      "source_sha256": "d13fe388bb9db83d9f7075f7584bb10efe9a13be84305dbce4fbc85108c3f00b",
      "split": "cal"
    },
    {
      "path": "states_qwen3_vl_8b_all_all_shard01-of-04__test.pt",
      "row_count": 4865,
      "sha256": "03d0b89d61e0e52e763d18117ab10b09b8e64c210b4b98e065aae3dcdbb836fb",
      "source_path": "outputs/week5_data/states_qwen3_vl_8b_all_all_shard01-of-04__test.pt",
      "source_sha256": "4c7b48820f865a324f037971f7689305e66182a867692434b0b0f546ad82cd08",
      "split": "test"
    },
    {
      "path": "states_qwen3_vl_8b_all_all_shard01-of-04__train.pt",
      "row_count": 33931,
      "sha256": "c96162f5074b3a2ee00dd104fe51143868dfee3f3da10916f94094476a9276ed",
      "source_path": "outputs/week5_data/states_qwen3_vl_8b_all_all_shard01-of-04__train.pt",
      "source_sha256": "3ea0f37bcf6f2ff9d7c46f0d0dbcd6479a3534c4584c72c832aa951f821612b0",
      "split": "train"
    },
    {
      "path": "states_qwen3_vl_8b_all_all_shard01-of-04__val.pt",
      "row_count": 4746,
      "sha256": "d54c0e667871dfbda43c05496cd92a2442e3be53b82793aa4a6a215fd002e93d",
      "source_path": "outputs/week5_data/states_qwen3_vl_8b_all_all_shard01-of-04__val.pt",
      "source_sha256": "660b618a3b80d9b845c5bc3dd891cc9411bb4f1910534f9cf1d7532b3db8f1a5",
      "split": "val"
    },
    {
      "path": "states_qwen3_vl_8b_all_all_shard02-of-04__cal.pt",
      "row_count": 4991,
      "sha256": "bee24fcce78d6dd2be738edd0ad6e1913e7bf0e43f99f068e976f55fb2ef2f02",
      "source_path": "outputs/week5_data/states_qwen3_vl_8b_all_all_shard02-of-04__cal.pt",
      "source_sha256": "8a62b4b84611eaff4a9f6379557689b5c5513df9a879fe94162f3f59aaa9ad48",
      "split": "cal"
    },
    {
      "path": "states_qwen3_vl_8b_all_all_shard02-of-04__test.pt",
      "row_count": 5082,
      "sha256": "eeeeadab75c73c8dfd0bcd063e6038fbad73333ec450dde88bc83a00efdea815",
      "source_path": "outputs/week5_data/states_qwen3_vl_8b_all_all_shard02-of-04__test.pt",
      "source_sha256": "aac27adc632460a051b2c0773ed1a4174bdd48bdcfeb1d49e21fe7ab759fdf61",
      "split": "test"
    },
    {
      "path": "states_qwen3_vl_8b_all_all_shard02-of-04__train.pt",
      "row_count": 33265,
      "sha256": "a9b26a783f1f4cf9c07aceeb99284499a822381df6aa05c5e526e9ec2f81f3a1",
      "source_path": "outputs/week5_data/states_qwen3_vl_8b_all_all_shard02-of-04__train.pt",
      "source_sha256": "6793b40fd487e7938b9306ef957ddd4d5cf1df7cee8c2d84f9f6beb4183a6f13",
      "split": "train"
    },
    {
      "path": "states_qwen3_vl_8b_all_all_shard02-of-04__val.pt",
      "row_count": 4636,
      "sha256": "3990d355b43290356b6dbb08ad99ea6640fa917fa7abc645a83c824a128f18a6",
      "source_path": "outputs/week5_data/states_qwen3_vl_8b_all_all_shard02-of-04__val.pt",
      "source_sha256": "73ab8801807e63be726cbd07f63ab175e9425997d41973a5d78d5e3bef1f7172",
      "split": "val"
    },
    {
      "path": "states_qwen3_vl_8b_all_all_shard03-of-04__cal.pt",
      "row_count": 5332,
      "sha256": "8ccbf5226644f78abd0529cfcc8cbb9de63dbe2a6694f0840b3d81e79cf41fd2",
      "source_path": "outputs/week5_data/states_qwen3_vl_8b_all_all_shard03-of-04__cal.pt",
      "source_sha256": "acba70e49d72854b8038e138e1560955b1b2f9c5dd5db30421b5c127cf0983e7",
      "split": "cal"
    },
    {
      "path": "states_qwen3_vl_8b_all_all_shard03-of-04__test.pt",
      "row_count": 5999,
      "sha256": "3b9fd8132d39775bcd2244e2b83f247b0051570d70f25fb8841e1914515d23b1",
      "source_path": "outputs/week5_data/states_qwen3_vl_8b_all_all_shard03-of-04__test.pt",
      "source_sha256": "af395203b35761547eb40445ef3512cd1a945326a1a3dff08a67b0df8fb226b2",
      "split": "test"
    },
    {
      "path": "states_qwen3_vl_8b_all_all_shard03-of-04__train.pt",
      "row_count": 32983,
      "sha256": "695888a1cb8154237d3e874b9daf4d074a00874d5b962363092a4fab4f788734",
      "source_path": "outputs/week5_data/states_qwen3_vl_8b_all_all_shard03-of-04__train.pt",
      "source_sha256": "73aa47ca9be05db8df802fb4314356ccdbd9f9a9bcdfaf923071105f80a5c57f",
      "split": "train"
    },
    {
      "path": "states_qwen3_vl_8b_all_all_shard03-of-04__val.pt",
      "row_count": 5003,
      "sha256": "5db64251e21ec2e1a42d9a0fe09ec7efd0bddb98f67498de64fbf3975ff36642",
      "source_path": "outputs/week5_data/states_qwen3_vl_8b_all_all_shard03-of-04__val.pt",
      "source_sha256": "bd84a7e75e2200928bcbe30288b913fa5ac27d27a1d2c0c79646ba5c07d2488d",
      "split": "val"
    }
  ],
  "format_version": "week5_vector_manifest_v1",
  "group_count": 7291,
  "limit": null,
  "manifest_sha256": "e8e6069ce3ec377fbfc6338e70496e12a7951cf5013f66929a9732776e8f43d9",
  "model_identity_used_as_input": false,
  "seed": 42,
  "source_files": [
    {
      "path": "outputs/states_v1/states_gemma4_e4b_all_all_shard00-of-04.jsonl",
      "row_count": 48915,
      "sha256": "850469e36436d128523c2fa3d876cbea336ea1ce33408808946ccbc726a458fa"
    },
    {
      "path": "outputs/states_v1/states_gemma4_e4b_all_all_shard01-of-04.jsonl",
      "row_count": 47618,
      "sha256": "6756594128f0dc3b056852c3b904aecff933a3ac3f85276227b97625d12cc7fb"
    },
    {
      "path": "outputs/states_v1/states_gemma4_e4b_all_all_shard02-of-04.jsonl",
      "row_count": 48660,
      "sha256": "1b4cfc03de358f299d1356fe5731a4146ff389d453cf6d726c8c084a9568d90d"
    },
    {
      "path": "outputs/states_v1/states_gemma4_e4b_all_all_shard03-of-04.jsonl",
      "row_count": 49093,
      "sha256": "fdfe59204e8bb5797b03713d7ebe69fdd436471b87c697565035953d4d8e0edf"
    },
    {
      "path": "outputs/states_v1/states_qwen3_vl_8b_all_all_shard00-of-04.jsonl",
      "row_count": 48597,
      "sha256": "c24221c1c55402e59d736456dc46a215921c095aab5fb7b54d39d116254cefed"
    },
    {
      "path": "outputs/states_v1/states_qwen3_vl_8b_all_all_shard01-of-04.jsonl",
      "row_count": 48449,
      "sha256": "fa112c4a9dfb642454d2d1f9f210f914ae375ff4e1d2cd68ce14286fc7e8d35a"
    },
    {
      "path": "outputs/states_v1/states_qwen3_vl_8b_all_all_shard02-of-04.jsonl",
      "row_count": 47974,
      "sha256": "a282447d4b679ad0a4a3d3b95065ad9265e1922a77e78c3c9b9b00f418e78de6"
    },
    {
      "path": "outputs/states_v1/states_qwen3_vl_8b_all_all_shard03-of-04.jsonl",
      "row_count": 49317,
      "sha256": "fb3947cceb2cbb9a3276546d3ec70b28c9e510d7f50df9eff09bc1f6dd6b0b8f"
    }
  ],
  "source_row_count": 388623,
  "source_state_manifest_path": "outputs/week4_reports/final/state_manifest.json",
  "source_state_manifest_sha256": "cf0172e7377ff41df4d5d18bbed8bb713aaef5482a3e24a0fd28ec85a542f1a4",
  "source_vector_manifest": "outputs/week5_data/vectorized_manifest.json",
  "source_vector_manifest_sha256": "1fac2c343e57ca8b6702c4e6a282a7b86a48042a6d133ba84612b5b1c50201ae",
  "split_counts": {
    "cal": 40004,
    "test": 41469,
    "train": 269782,
    "val": 37368
  },
  "status": "COMPLETE"
}
{
  "ablation_id": "no_relation_probe",
  "config_path": "configs/experiments/diag_bakeoff.yaml",
  "config_sha256": "0293d3bdbcd91299f7f4ec0e501917e2d40bfcc40b2a33d5591f0ac0330f3d74",
  "files": [
    {
      "path": "states_gemma4_e4b_all_all_shard00-of-04__cal.pt",
      "row_count": 5280,
      "sha256": "797cdef124b9fc853b04081f6610f44cc86467d5c9904326c763cc666429f250",
      "source_path": "outputs/week5_data/states_gemma4_e4b_all_all_shard00-of-04__cal.pt",
      "source_sha256": "f3dfbfef0955cf2eeb053ee2d0a330046e783f23c8eea20dd8a5627947abf0db",
      "split": "cal"
    },
    {
      "path": "states_gemma4_e4b_all_all_shard00-of-04__test.pt",
      "row_count": 4900,
      "sha256": "7342867d0944247bd8563bd25a171aee5598fa8d7870ae5591a3264a9e932206",
      "source_path": "outputs/week5_data/states_gemma4_e4b_all_all_shard00-of-04__test.pt",
      "source_sha256": "37b38fabebf5f3c2899dd6f2fb88f74d92bd9a2cce30c9dd2ed3f876c8e76b45",
      "split": "test"
    },
    {
      "path": "states_gemma4_e4b_all_all_shard00-of-04__train.pt",
      "row_count": 33804,
      "sha256": "f21834ae28a12b5a6918c5170b7bdfa0a772ae57ef4317cc78346b68a9e9e49b",
      "source_path": "outputs/week5_data/states_gemma4_e4b_all_all_shard00-of-04__train.pt",
      "source_sha256": "486d9b0432227b6e3688f822fb2ce64b1f9edbddc33f0fb9822a58c0ed47bd82",
      "split": "train"
    },
    {
      "path": "states_gemma4_e4b_all_all_shard00-of-04__val.pt",
      "row_count": 4630,
      "sha256": "e09b451866350ec44b2b08655a5818e4f10c22514c95d95a2a7a43cc7c9b70e9",
      "source_path": "outputs/week5_data/states_gemma4_e4b_all_all_shard00-of-04__val.pt",
      "source_sha256": "cdbe0ff562c040eeb88cc868e207ffd3534f9ab5d1f71f03fef55ace34e3e1d3",
      "split": "val"
    },
    {
      "path": "states_gemma4_e4b_all_all_shard01-of-04__cal.pt",
      "row_count": 5409,
      "sha256": "2992c14bb83e18562404a9c86d22003bb56d419d1e01a92bb7f70191c770ee7b",
      "source_path": "outputs/week5_data/states_gemma4_e4b_all_all_shard01-of-04__cal.pt",
      "source_sha256": "0efb68f34788505707e087cf1a402dfa1df40084c904ac922e0480cc6bf42979",
      "split": "cal"
    },
    {
      "path": "states_gemma4_e4b_all_all_shard01-of-04__test.pt",
      "row_count": 5048,
      "sha256": "b88a6947beeaa167b68d513d85f27dedb55a0d643b557d681ac34f5de41db1bf",
      "source_path": "outputs/week5_data/states_gemma4_e4b_all_all_shard01-of-04__test.pt",
      "source_sha256": "7dc9ffe47ad038a8902d560a16660e72bca2bc2d423483746f1fe2feac68611a",
      "split": "test"
    },
    {
      "path": "states_gemma4_e4b_all_all_shard01-of-04__train.pt",
      "row_count": 32082,
      "sha256": "9e07e1bb60175f087ace512bdc3a5a07a6e084d354f524d1198e59987c3ad1b1",
      "source_path": "outputs/week5_data/states_gemma4_e4b_all_all_shard01-of-04__train.pt",
      "source_sha256": "e3fac6ba49cbdadfc0c6d2add23684e82de86155f0e6b1da9d29c386401cc830",
      "split": "train"
    },
    {
      "path": "states_gemma4_e4b_all_all_shard01-of-04__val.pt",
      "row_count": 4775,
      "sha256": "19bc8bfb37f4b568633a9df2f6980556941a88b5ae3d21237d744b6f2c2262de",
      "source_path": "outputs/week5_data/states_gemma4_e4b_all_all_shard01-of-04__val.pt",
      "source_sha256": "b25598a17bee8b5780d12ecc5f86225fbc3a092375351415bb5f50a5cd12be16",
      "split": "val"
    },
    {
      "path": "states_gemma4_e4b_all_all_shard02-of-04__cal.pt",
      "row_count": 4560,
      "sha256": "7e81b2d87066f22aa0fcb5434952a618f262daf016b0429e979e46200f6cbb78",
      "source_path": "outputs/week5_data/states_gemma4_e4b_all_all_shard02-of-04__cal.pt",
      "source_sha256": "cdf40588264f50e06465bd14d9640672e83693d4cd6abc9d9aa812169d2c87cc",
      "split": "cal"
    },
    {
      "path": "states_gemma4_e4b_all_all_shard02-of-04__test.pt",
      "row_count": 5730,
      "sha256": "2ed861454cf52c3bcb52b0087738eedf708d5e25ce7fb4ae5b2c38aaa69a4981",
      "source_path": "outputs/week5_data/states_gemma4_e4b_all_all_shard02-of-04__test.pt",
      "source_sha256": "c80140b8c168a6ae3542303bf7bf1f87548099532703804425e619ffbe53cd64",
      "split": "test"
    },
    {
      "path": "states_gemma4_e4b_all_all_shard02-of-04__train.pt",
      "row_count": 33735,
      "sha256": "23f7a7650c984c8bec76b2f258960de8320d2267ddc3ea1045caeb4ec2d51bb2",
      "source_path": "outputs/week5_data/states_gemma4_e4b_all_all_shard02-of-04__train.pt",
      "source_sha256": "e15b6ce75be2cd77f730c7aedfd59cad07e52533e5f7def0a897d4104e15f37a",
      "split": "train"
    },
    {
      "path": "states_gemma4_e4b_all_all_shard02-of-04__val.pt",
      "row_count": 4315,
      "sha256": "16e82b6dd2411340d1c66f5e36bf310218076619cd7c947ca7f49d38a06b5d3c",
      "source_path": "outputs/week5_data/states_gemma4_e4b_all_all_shard02-of-04__val.pt",
      "source_sha256": "2b652077028d7535d54564a833f8969d654bfa6e9a9e90ba41f2d553ff48bbeb",
      "split": "val"
    },
    {
      "path": "states_gemma4_e4b_all_all_shard03-of-04__cal.pt",
      "row_count": 4601,
      "sha256": "d4131579f627b1e76303222e29d80ab3ebae2d20d51b62889168164ce79c03a9",
      "source_path": "outputs/week5_data/states_gemma4_e4b_all_all_shard03-of-04__cal.pt",
      "source_sha256": "05ef5bca55cfbd8ba4704a91903a3944158db9e585daf53039c4c7a8172b6771",
      "split": "cal"
    },
    {
      "path": "states_gemma4_e4b_all_all_shard03-of-04__test.pt",
      "row_count": 4958,
      "sha256": "f4688930af1323e00c3496af2b9050b752040636b53164b1079ee9d6ed81d1a5",
      "source_path": "outputs/week5_data/states_gemma4_e4b_all_all_shard03-of-04__test.pt",
      "source_sha256": "1f74bdfcb041a3e363d1ef33a1b9fe6f1372e3425405dc734e768db2c3c02a5a",
      "split": "test"
    },
    {
      "path": "states_gemma4_e4b_all_all_shard03-of-04__train.pt",
      "row_count": 34284,
      "sha256": "5eb083ddc8ed8ce1b3d5e422e13ed80f05ca22c142a1f18620505bba5ce39ea1",
      "source_path": "outputs/week5_data/states_gemma4_e4b_all_all_shard03-of-04__train.pt",
      "source_sha256": "b61855edc76e7a9bc818a68070694fc3650ab8c2c498c466a7bf858cd6a6f1c9",
      "split": "train"
    },
    {
      "path": "states_gemma4_e4b_all_all_shard03-of-04__val.pt",
      "row_count": 4867,
      "sha256": "f8b1da66f0c343c82c4355db5c0bbb150892b62521c14585b2928f4ae1cc504a",
      "source_path": "outputs/week5_data/states_gemma4_e4b_all_all_shard03-of-04__val.pt",
      "source_sha256": "7a74dcdb52a30854893fe891bbefc4fa34ad9bac305b64422fbb64e7d18832e1",
      "split": "val"
    },
    {
      "path": "states_qwen3_vl_8b_all_all_shard00-of-04__cal.pt",
      "row_count": 4742,
      "sha256": "a36418e69f140b8dc7701661eb90084f88ccf2a8caf7d11bed0f841339271bec",
      "source_path": "outputs/week5_data/states_qwen3_vl_8b_all_all_shard00-of-04__cal.pt",
      "source_sha256": "d6e0e45d2fdf3a7e272aa8e0dd8978847e5f836939f7d5e9cca4bc89b109b055",
      "split": "cal"
    },
    {
      "path": "states_qwen3_vl_8b_all_all_shard00-of-04__test.pt",
      "row_count": 4761,
      "sha256": "c835991d4351fd8f1b2dc9ce94457f507e0a53202fb88e5c3637191b5bd61aa9",
      "source_path": "outputs/week5_data/states_qwen3_vl_8b_all_all_shard00-of-04__test.pt",
      "source_sha256": "4965166bb666fa4fd868b8ad33237fa7ca0ec05517c44c89e68011aaf58b6b91",
      "split": "test"
    },
    {
      "path": "states_qwen3_vl_8b_all_all_shard00-of-04__train.pt",
      "row_count": 34466,
      "sha256": "02c4508600624bfe27d1e1051466549bf549a4f9f563f32ed249e8103466c770",
      "source_path": "outputs/week5_data/states_qwen3_vl_8b_all_all_shard00-of-04__train.pt",
      "source_sha256": "603201187159dc67e9e5e95a8b69475d79cebf45fb74be93a035e3f584ef4e19",
      "split": "train"
    },
    {
      "path": "states_qwen3_vl_8b_all_all_shard00-of-04__val.pt",
      "row_count": 4287,
      "sha256": "2105bc6f2706541e155970cd39208d0bf24b623df78f30bed0b61352881a2e41",
      "source_path": "outputs/week5_data/states_qwen3_vl_8b_all_all_shard00-of-04__val.pt",
      "source_sha256": "253431d08fe7ca0445d666f41562833f9d5ae3bf4936213af143e25422c449ff",
      "split": "val"
    },
    {
      "path": "states_qwen3_vl_8b_all_all_shard01-of-04__cal.pt",
      "row_count": 4882,
      "sha256": "edc6571bdc2906790f4ddd5021d149d97c5cb2e4f2bf730b1659a39a37ae718f",
      "source_path": "outputs/week5_data/states_qwen3_vl_8b_all_all_shard01-of-04__cal.pt",
      "source_sha256": "d13fe388bb9db83d9f7075f7584bb10efe9a13be84305dbce4fbc85108c3f00b",
      "split": "cal"
    },
    {
      "path": "states_qwen3_vl_8b_all_all_shard01-of-04__test.pt",
      "row_count": 4840,
      "sha256": "c9396703196efa0cde3073470eb78281bf2529690d6f0d27b0d1d2df5b31da90",
      "source_path": "outputs/week5_data/states_qwen3_vl_8b_all_all_shard01-of-04__test.pt",
      "source_sha256": "4c7b48820f865a324f037971f7689305e66182a867692434b0b0f546ad82cd08",
      "split": "test"
    },
    {
      "path": "states_qwen3_vl_8b_all_all_shard01-of-04__train.pt",
      "row_count": 33763,
      "sha256": "8b0584e61a359915c9c8f12fd2bb64e993208460584e21a2d31f8f6048216589",
      "source_path": "outputs/week5_data/states_qwen3_vl_8b_all_all_shard01-of-04__train.pt",
      "source_sha256": "3ea0f37bcf6f2ff9d7c46f0d0dbcd6479a3534c4584c72c832aa951f821612b0",
      "split": "train"
    },
    {
      "path": "states_qwen3_vl_8b_all_all_shard01-of-04__val.pt",
      "row_count": 4734,
      "sha256": "b1e616a7469c29b92fe44ec555110dd5c2ef7d9a42f7149d844d55964c12a661",
      "source_path": "outputs/week5_data/states_qwen3_vl_8b_all_all_shard01-of-04__val.pt",
      "source_sha256": "660b618a3b80d9b845c5bc3dd891cc9411bb4f1910534f9cf1d7532b3db8f1a5",
      "split": "val"
    },
    {
      "path": "states_qwen3_vl_8b_all_all_shard02-of-04__cal.pt",
      "row_count": 4966,
      "sha256": "6759e61af69483b1e3a21d0d34409a327678639ebfd02eac7a095fe9339cd613",
      "source_path": "outputs/week5_data/states_qwen3_vl_8b_all_all_shard02-of-04__cal.pt",
      "source_sha256": "8a62b4b84611eaff4a9f6379557689b5c5513df9a879fe94162f3f59aaa9ad48",
      "split": "cal"
    },
    {
      "path": "states_qwen3_vl_8b_all_all_shard02-of-04__test.pt",
      "row_count": 5033,
      "sha256": "c94e7a98315c23bf5030522d1a9681a01f422facda84c223fa1b3b580b4428d8",
      "source_path": "outputs/week5_data/states_qwen3_vl_8b_all_all_shard02-of-04__test.pt",
      "source_sha256": "aac27adc632460a051b2c0773ed1a4174bdd48bdcfeb1d49e21fe7ab759fdf61",
      "split": "test"
    },
    {
      "path": "states_qwen3_vl_8b_all_all_shard02-of-04__train.pt",
      "row_count": 33056,
      "sha256": "9c17d10c4815d6dffb697873eec59be87959724dfa50dcbf61366545b221de7d",
      "source_path": "outputs/week5_data/states_qwen3_vl_8b_all_all_shard02-of-04__train.pt",
      "source_sha256": "6793b40fd487e7938b9306ef957ddd4d5cf1df7cee8c2d84f9f6beb4183a6f13",
      "split": "train"
    },
    {
      "path": "states_qwen3_vl_8b_all_all_shard02-of-04__val.pt",
      "row_count": 4615,
      "sha256": "fe5753070fe6d535a0c4af61799c494dcc709508f852742fe8939a13172b83e0",
      "source_path": "outputs/week5_data/states_qwen3_vl_8b_all_all_shard02-of-04__val.pt",
      "source_sha256": "73ab8801807e63be726cbd07f63ab175e9425997d41973a5d78d5e3bef1f7172",
      "split": "val"
    },
    {
      "path": "states_qwen3_vl_8b_all_all_shard03-of-04__cal.pt",
      "row_count": 5264,
      "sha256": "3ba589dcb1dc2f41dd42851a356f86d791137670b345ed56d0e20a61a7ae5cb0",
      "source_path": "outputs/week5_data/states_qwen3_vl_8b_all_all_shard03-of-04__cal.pt",
      "source_sha256": "acba70e49d72854b8038e138e1560955b1b2f9c5dd5db30421b5c127cf0983e7",
      "split": "cal"
    },
    {
      "path": "states_qwen3_vl_8b_all_all_shard03-of-04__test.pt",
      "row_count": 5965,
      "sha256": "d72f1757b07b6accf847357b6c7c5dbb531344a98728858b300ef361599b6ebf",
      "source_path": "outputs/week5_data/states_qwen3_vl_8b_all_all_shard03-of-04__test.pt",
      "source_sha256": "af395203b35761547eb40445ef3512cd1a945326a1a3dff08a67b0df8fb226b2",
      "split": "test"
    },
    {
      "path": "states_qwen3_vl_8b_all_all_shard03-of-04__train.pt",
      "row_count": 32736,
      "sha256": "4ed03d5396fe3b19dff21805c8a268c2bd61dcf22680d5c7a9990aca60945e81",
      "source_path": "outputs/week5_data/states_qwen3_vl_8b_all_all_shard03-of-04__train.pt",
      "source_sha256": "73aa47ca9be05db8df802fb4314356ccdbd9f9a9bcdfaf923071105f80a5c57f",
      "split": "train"
    },
    {
      "path": "states_qwen3_vl_8b_all_all_shard03-of-04__val.pt",
      "row_count": 4955,
      "sha256": "48e6285473bfc7cfde4d959792fb856c976be7372c1d8f68ec3ce91f4ec967d9",
      "source_path": "outputs/week5_data/states_qwen3_vl_8b_all_all_shard03-of-04__val.pt",
      "source_sha256": "bd84a7e75e2200928bcbe30288b913fa5ac27d27a1d2c0c79646ba5c07d2488d",
      "split": "val"
    }
  ],
  "format_version": "week5_vector_manifest_v1",
  "group_count": 7291,
  "limit": null,
  "manifest_sha256": "4e476df66af41927a7c340c2eecedbb7e0849d81e50d8ed633fc8e0b677ee41c",
  "model_identity_used_as_input": false,
  "seed": 42,
  "source_files": [
    {
      "path": "outputs/states_v1/states_gemma4_e4b_all_all_shard00-of-04.jsonl",
      "row_count": 48915,
      "sha256": "850469e36436d128523c2fa3d876cbea336ea1ce33408808946ccbc726a458fa"
    },
    {
      "path": "outputs/states_v1/states_gemma4_e4b_all_all_shard01-of-04.jsonl",
      "row_count": 47618,
      "sha256": "6756594128f0dc3b056852c3b904aecff933a3ac3f85276227b97625d12cc7fb"
    },
    {
      "path": "outputs/states_v1/states_gemma4_e4b_all_all_shard02-of-04.jsonl",
      "row_count": 48660,
      "sha256": "1b4cfc03de358f299d1356fe5731a4146ff389d453cf6d726c8c084a9568d90d"
    },
    {
      "path": "outputs/states_v1/states_gemma4_e4b_all_all_shard03-of-04.jsonl",
      "row_count": 49093,
      "sha256": "fdfe59204e8bb5797b03713d7ebe69fdd436471b87c697565035953d4d8e0edf"
    },
    {
      "path": "outputs/states_v1/states_qwen3_vl_8b_all_all_shard00-of-04.jsonl",
      "row_count": 48597,
      "sha256": "c24221c1c55402e59d736456dc46a215921c095aab5fb7b54d39d116254cefed"
    },
    {
      "path": "outputs/states_v1/states_qwen3_vl_8b_all_all_shard01-of-04.jsonl",
      "row_count": 48449,
      "sha256": "fa112c4a9dfb642454d2d1f9f210f914ae375ff4e1d2cd68ce14286fc7e8d35a"
    },
    {
      "path": "outputs/states_v1/states_qwen3_vl_8b_all_all_shard02-of-04.jsonl",
      "row_count": 47974,
      "sha256": "a282447d4b679ad0a4a3d3b95065ad9265e1922a77e78c3c9b9b00f418e78de6"
    },
    {
      "path": "outputs/states_v1/states_qwen3_vl_8b_all_all_shard03-of-04.jsonl",
      "row_count": 49317,
      "sha256": "fb3947cceb2cbb9a3276546d3ec70b28c9e510d7f50df9eff09bc1f6dd6b0b8f"
    }
  ],
  "source_row_count": 386043,
  "source_state_manifest_path": "outputs/week4_reports/final/state_manifest.json",
  "source_state_manifest_sha256": "cf0172e7377ff41df4d5d18bbed8bb713aaef5482a3e24a0fd28ec85a542f1a4",
  "source_vector_manifest": "outputs/week5_data/vectorized_manifest.json",
  "source_vector_manifest_sha256": "1fac2c343e57ca8b6702c4e6a282a7b86a48042a6d133ba84612b5b1c50201ae",
  "split_counts": {
    "cal": 39704,
    "test": 41235,
    "train": 267926,
    "val": 37178
  },
  "status": "COMPLETE"
}
A training worker failed: worker0=1 worker1=0
Inspect outputs/logs/week8/ablations/worker0.log and worker1.log. The usage ledger preserves the cumulative approval before a resume.
