2026-09-09 17:59:51,723 INFO [setup_heldout_datasets] Preparing illusionbench at /home/aman/MMUQ/data/IllusionBench
Fetching 3 files:   0%|          | 0/3 [00:00<?, ?it/s]Fetching 3 files:  33%|███▎      | 1/3 [00:00<00:01,  1.16it/s]Fetching 3 files:  67%|██████▋   | 2/3 [00:01<00:00,  1.96it/s]Fetching 3 files: 100%|██████████| 3/3 [01:28<00:00, 29.36s/it]Fetching 3 files: 100%|██████████| 3/3 [01:28<00:00, 29.36s/it]
{
  "format_version": "heldout_dataset_setup_v1",
  "is_valid": true,
  "network_streaming_used_for_inference": false,
  "results": {
    "illusionbench": {
      "target": "/home/aman/MMUQ/data/IllusionBench",
      "downloaded_snapshot_path": "/home/aman/MMUQ/data/IllusionBench",
      "extracted_image_count": 1008,
      "audit": {
        "dataset": "illusionbench",
        "format_version": "heldout_release_audit_v1",
        "official_url": "https://huggingface.co/datasets/MingZhangSJTU/IllusionBench",
        "revision": "8ee046d8acfb968c1a6a564f231396bc0c4039ae",
        "license": null,
        "license_status": "NOT_DECLARED_VERIFY_BEFORE_REDISTRIBUTION",
        "source_annotation_path": "/home/aman/MMUQ/data/IllusionBench/Image_properties.json",
        "source_annotation_sha256": "d68db05f019c09944ebc802c459dcd2d2cf64734c123f6d6092f33a0ea870da3",
        "extracted_image_dir": "/home/aman/MMUQ/data/IllusionBench/images",
        "annotation_image_count": 1041,
        "archive_image_count": 1008,
        "missing_annotation_image_count": 44,
        "missing_annotation_images": [
          "1.png",
          "10.png",
          "10065028.png",
          "11.png",
          "12.png",
          "13.png",
          "14.png",
          "15.png",
          "16.png",
          "17.png",
          "18.png",
          "19.png",
          "2.png",
          "20.png",
          "21.png",
          "22.png",
          "23.png",
          "24.png",
          "3.png",
          "30.png",
          "31.png",
          "32.png",
          "33.png",
          "34.png",
          "35.png",
          "36.png",
          "37.png",
          "38.png",
          "39.png",
          "4.png",
          "40.png",
          "41.png",
          "42.png",
          "43.png",
          "44.png",
          "45.png",
          "46.png",
          "47.png",
          "48.png",
          "5.png",
          "6.png",
          "7.png",
          "8.png",
          "9.png"
        ],
        "unreferenced_archive_image_count": 11,
        "unreferenced_archive_images": [
          "10049031.png",
          "10049032.png",
          "10049033.png",
          "10049034.png",
          "10049035.png",
          "10049036.png",
          "10049037.png",
          "10049038.png",
          "10049039.png",
          "10049040.png",
          "10107027.png"
        ],
        "source_qa_rows": 5577,
        "eligible_rows": 5196,
        "excluded_rows": 381,
        "exclusion_counts": {
          "answer_has_no_unique_option": 16,
          "answer_marker_outside_options": 2,
          "answer_text_option_mismatch": 82,
          "malformed_option_sequence": 61,
          "missing_image": 220
        },
        "selected_rows": 600,
        "eligible_question_type_counts": {
          "select": 3071,
          "tf": 2125
        },
        "annotation_category_counts": {
          "A": 164,
          "B": 587,
          "C": 245,
          "D": 26,
          "E": 19
        },
        "annotation_difficulty_counts": {
          "0": 365,
          "1": 457,
          "2": 219
        },
        "selected_stratum_counts": {
          "category_A|select|difficulty_0": 8,
          "category_A|select|difficulty_1": 32,
          "category_A|select|difficulty_2": 18,
          "category_A|tf|difficulty_0": 6,
          "category_A|tf|difficulty_1": 22,
          "category_A|tf|difficulty_2": 12,
          "category_B|select|difficulty_0": 39,
          "category_B|select|difficulty_1": 123,
          "category_B|select|difficulty_2": 53,
          "category_B|tf|difficulty_0": 26,
          "category_B|tf|difficulty_1": 86,
          "category_B|tf|difficulty_2": 38,
          "category_C|select|difficulty_0": 75,
          "category_C|select|difficulty_1": 4,
          "category_C|select|difficulty_2": 1,
          "category_C|tf|difficulty_0": 52,
          "category_C|tf|difficulty_1": 3,
          "category_C|tf|difficulty_2": 1,
          "category_D|select|difficulty_0": 1
        },
        "selection_rule": "proportional_strata_sha256_rank_v1",
        "selection_uses_model_outputs": false,
        "filter_rule": "image_present_and_strict_supported_qa_contract_v1",
        "split": "shift",
        "release_image_content_sha256": "c5145ee765ab84e6e36e9a2db776587368409254d90a375be9118cff5db342ac",
        "release_image_file_count": 1008,
        "exclusion_count": 381
      }
    }
  },
  "report_sha256": "3c71a0122b764b24bd6223b263b78c7eba969a041ca32b3e9c36c9459e5001a8"
}
