2026-08-08 00:37:15,092 INFO [pilot_cache] Loaded 340 records from manifest outputs/manifests/manifest_vsr.jsonl
2026-08-08 00:37:15,093 WARNING [pilot_cache] Manifest contains 67 cal/test records. Filtering strictly to train and val.
2026-08-08 00:37:15,093 INFO [pilot_cache] Selected 100 train/val records for pilot (seed=42)
2026-08-08 00:37:15,094 INFO [pilot_cache] Loading model 'google/gemma-4-E4B-it' on cuda:0...
Loading weights:   0%|          | 0/2076 [00:00<?, ?it/s]Loading weights:  15%|█▌        | 318/2076 [00:00<00:00, 3166.44it/s]Loading weights:  31%|███       | 635/2076 [00:00<00:00, 2689.98it/s]Loading weights:  44%|████▍     | 909/2076 [00:01<00:02, 470.08it/s] Loading weights:  51%|█████▏    | 1068/2076 [00:01<00:02, 434.65it/s]Loading weights:  57%|█████▋    | 1179/2076 [00:02<00:02, 430.78it/s]Loading weights:  61%|██████    | 1265/2076 [00:02<00:01, 408.21it/s]Loading weights:  64%|██████▍   | 1333/2076 [00:02<00:01, 402.20it/s]Loading weights:  67%|██████▋   | 1391/2076 [00:02<00:01, 388.18it/s]Loading weights:  72%|███████▏  | 1501/2076 [00:02<00:01, 489.49it/s]Loading weights:  87%|████████▋ | 1796/2076 [00:03<00:00, 905.07it/s]Loading weights:  94%|█████████▍| 1951/2076 [00:03<00:00, 890.93it/s]Loading weights: 100%|██████████| 2076/2076 [00:03<00:00, 646.71it/s]
2026-08-08 00:37:25,006 INFO [pilot_cache] Model loaded. Revision: main
2026-08-08 00:37:25,006 INFO [pilot_cache] [1/100] Processing vsr_272_272...
2026-08-08 00:37:25,203 INFO [sentence_transformers.base.model] Loading SentenceTransformer model from /home/models/all-MiniLM-L6-v2.
Loading weights:   0%|          | 0/103 [00:00<?, ?it/s]Loading weights: 100%|██████████| 103/103 [00:00<00:00, 31758.68it/s]
[1mBertModel LOAD REPORT[0m from: /home/models/all-MiniLM-L6-v2
Key                     | Status     |  | 
------------------------+------------+--+-
embeddings.position_ids | UNEXPECTED |  | 

Notes:
- UNEXPECTED:	can be ignored when loading from different task/architecture; not ok if you expect identical arch.
2026-08-08 00:37:25,316 INFO [proactive.features.semantic] Loaded SemanticMatcher from local dir: /home/models/all-MiniLM-L6-v2
The following generation flags are not valid and may be ignored: ['top_p', 'top_k']. Set `TRANSFORMERS_VERBOSITY=info` for more details.
2026-08-08 00:37:32,627 INFO [pilot_cache] [2/100] Processing vsr_308_308...
2026-08-08 00:37:41,317 INFO [pilot_cache] [3/100] Processing vsr_305_305...
2026-08-08 00:37:47,142 INFO [pilot_cache] [4/100] Processing vsr_289_289...
2026-08-08 00:37:54,966 INFO [pilot_cache] [5/100] Processing vsr_215_215...
2026-08-08 00:38:00,882 INFO [pilot_cache] [6/100] Processing vsr_30_30...
2026-08-08 00:38:08,782 INFO [pilot_cache] [7/100] Processing vsr_141_141...
2026-08-08 00:38:16,557 INFO [pilot_cache] [8/100] Processing vsr_226_226...
2026-08-08 00:38:24,772 INFO [pilot_cache] [9/100] Processing vsr_147_147...
2026-08-08 00:38:31,005 INFO [pilot_cache] [10/100] Processing vsr_324_324...
2026-08-08 00:38:36,722 INFO [pilot_cache] [11/100] Processing vsr_44_44...
2026-08-08 00:38:46,411 INFO [pilot_cache] [12/100] Processing vsr_3_3...
2026-08-08 00:38:54,076 INFO [pilot_cache] [13/100] Processing vsr_310_310...
2026-08-08 00:39:01,358 INFO [pilot_cache] [14/100] Processing vsr_191_191...
2026-08-08 00:39:08,657 INFO [pilot_cache] [15/100] Processing vsr_304_304...
2026-08-08 00:39:14,233 INFO [pilot_cache] [16/100] Processing vsr_148_148...
2026-08-08 00:39:22,307 INFO [pilot_cache] [17/100] Processing vsr_211_211...
2026-08-08 00:39:28,839 INFO [pilot_cache] [18/100] Processing vsr_16_16...
2026-08-08 00:39:37,012 INFO [pilot_cache] [19/100] Processing vsr_164_164...
2026-08-08 00:39:44,344 INFO [pilot_cache] [20/100] Processing vsr_142_142...
2026-08-08 00:39:52,134 INFO [pilot_cache] [21/100] Processing vsr_279_279...
2026-08-08 00:39:58,591 INFO [pilot_cache] [22/100] Processing vsr_198_198...
2026-08-08 00:40:05,873 INFO [pilot_cache] [23/100] Processing vsr_225_225...
2026-08-08 00:40:13,249 INFO [pilot_cache] [24/100] Processing vsr_243_243...
2026-08-08 00:40:18,898 INFO [pilot_cache] [25/100] Processing vsr_331_331...
2026-08-08 00:40:24,714 INFO [pilot_cache] [26/100] Processing vsr_23_23...
2026-08-08 00:40:32,512 INFO [pilot_cache] [27/100] Processing vsr_98_98...
2026-08-08 00:40:40,161 INFO [pilot_cache] [28/100] Processing vsr_56_56...
2026-08-08 00:40:46,352 INFO [pilot_cache] [29/100] Processing vsr_176_176...
2026-08-08 00:40:52,476 INFO [pilot_cache] [30/100] Processing vsr_270_270...
2026-08-08 00:40:58,601 INFO [pilot_cache] [31/100] Processing vsr_173_173...
2026-08-08 00:41:09,524 INFO [pilot_cache] [32/100] Processing vsr_112_112...
2026-08-08 00:41:16,439 INFO [pilot_cache] [33/100] Processing vsr_124_124...
2026-08-08 00:41:23,296 INFO [pilot_cache] [34/100] Processing vsr_63_63...
2026-08-08 00:41:29,095 INFO [pilot_cache] [35/100] Processing vsr_15_15...
2026-08-08 00:41:36,760 INFO [pilot_cache] [36/100] Processing vsr_157_157...
2026-08-08 00:41:43,859 INFO [pilot_cache] [37/100] Processing vsr_208_208...
2026-08-08 00:41:51,790 INFO [pilot_cache] [38/100] Processing vsr_175_175...
2026-08-08 00:41:59,155 INFO [pilot_cache] [39/100] Processing vsr_318_318...
2026-08-08 00:42:05,071 INFO [pilot_cache] [40/100] Processing vsr_200_200...
2026-08-08 00:42:11,303 INFO [pilot_cache] [41/100] Processing vsr_311_311...
2026-08-08 00:42:19,176 INFO [pilot_cache] [42/100] Processing vsr_300_300...
2026-08-08 00:42:26,044 INFO [pilot_cache] [43/100] Processing vsr_150_150...
2026-08-08 00:42:31,936 INFO [pilot_cache] [44/100] Processing vsr_105_105...
2026-08-08 00:42:38,268 INFO [pilot_cache] [45/100] Processing vsr_284_284...
2026-08-08 00:42:44,275 INFO [pilot_cache] [46/100] Processing vsr_41_41...
2026-08-08 00:42:51,582 INFO [pilot_cache] [47/100] Processing vsr_78_78...
2026-08-08 00:42:57,547 INFO [pilot_cache] [48/100] Processing vsr_182_182...
2026-08-08 00:43:03,407 INFO [pilot_cache] [49/100] Processing vsr_209_209...
2026-08-08 00:43:09,731 INFO [pilot_cache] [50/100] Processing vsr_107_107...
2026-08-08 00:43:17,838 INFO [pilot_cache] [51/100] Processing vsr_188_188...
2026-08-08 00:43:23,713 INFO [pilot_cache] [52/100] Processing vsr_2_2...
2026-08-08 00:43:30,495 INFO [pilot_cache] [53/100] Processing vsr_71_71...
2026-08-08 00:43:36,253 INFO [pilot_cache] [54/100] Processing vsr_290_290...
2026-08-08 00:43:51,373 INFO [pilot_cache] [55/100] Processing vsr_221_221...
2026-08-08 00:43:58,823 INFO [pilot_cache] [56/100] Processing vsr_24_24...
2026-08-08 00:44:05,030 INFO [pilot_cache] [57/100] Processing vsr_106_106...
2026-08-08 00:44:12,012 INFO [pilot_cache] [58/100] Processing vsr_19_19...
2026-08-08 00:44:17,794 INFO [pilot_cache] [59/100] Processing vsr_131_131...
2026-08-08 00:44:27,752 INFO [pilot_cache] [60/100] Processing vsr_333_333...
2026-08-08 00:44:35,576 INFO [pilot_cache] [61/100] Processing vsr_125_125...
2026-08-08 00:44:43,417 INFO [pilot_cache] [62/100] Processing vsr_302_302...
2026-08-08 00:44:51,115 INFO [pilot_cache] [63/100] Processing vsr_117_117...
2026-08-08 00:44:57,322 INFO [pilot_cache] [64/100] Processing vsr_39_39...
2026-08-08 00:45:05,571 INFO [pilot_cache] [65/100] Processing vsr_212_212...
2026-08-08 00:45:12,179 INFO [pilot_cache] [66/100] Processing vsr_295_295...
2026-08-08 00:45:18,744 INFO [pilot_cache] [67/100] Processing vsr_174_174...
2026-08-08 00:45:26,450 INFO [pilot_cache] [68/100] Processing vsr_120_120...
2026-08-08 00:45:32,824 INFO [pilot_cache] [69/100] Processing vsr_144_144...
2026-08-08 00:45:40,524 INFO [pilot_cache] [70/100] Processing vsr_113_113...
2026-08-08 00:45:49,007 INFO [pilot_cache] [71/100] Processing vsr_330_330...
2026-08-08 00:45:54,914 INFO [pilot_cache] [72/100] Processing vsr_303_303...
2026-08-08 00:46:01,305 INFO [pilot_cache] [73/100] Processing vsr_67_67...
2026-08-08 00:46:08,620 INFO [pilot_cache] [74/100] Processing vsr_4_4...
2026-08-08 00:46:16,285 INFO [pilot_cache] [75/100] Processing vsr_6_6...
2026-08-08 00:46:22,233 INFO [pilot_cache] [76/100] Processing vsr_190_190...
2026-08-08 00:46:28,874 INFO [pilot_cache] [77/100] Processing vsr_160_160...
2026-08-08 00:46:34,816 INFO [pilot_cache] [78/100] Processing vsr_271_271...
2026-08-08 00:46:41,140 INFO [pilot_cache] [79/100] Processing vsr_18_18...
2026-08-08 00:46:48,488 INFO [pilot_cache] [80/100] Processing vsr_201_201...
2026-08-08 00:46:58,369 INFO [pilot_cache] [81/100] Processing vsr_34_34...
2026-08-08 00:47:04,084 INFO [pilot_cache] [82/100] Processing vsr_248_248...
2026-08-08 00:47:10,210 INFO [pilot_cache] [83/100] Processing vsr_339_339...
2026-08-08 00:47:17,858 INFO [pilot_cache] [84/100] Processing vsr_280_280...
2026-08-08 00:47:24,456 INFO [pilot_cache] [85/100] Processing vsr_162_162...
2026-08-08 00:47:31,906 INFO [pilot_cache] [86/100] Processing vsr_267_267...
2026-08-08 00:47:42,887 INFO [pilot_cache] [87/100] Processing vsr_90_90...
2026-08-08 00:47:49,877 INFO [pilot_cache] [88/100] Processing vsr_298_298...
2026-08-08 00:47:57,042 INFO [pilot_cache] [89/100] Processing vsr_43_43...
2026-08-08 00:48:04,958 INFO [pilot_cache] [90/100] Processing vsr_33_33...
2026-08-08 00:48:12,600 INFO [pilot_cache] [91/100] Processing vsr_36_36...
2026-08-08 00:48:19,682 INFO [pilot_cache] [92/100] Processing vsr_65_65...
2026-08-08 00:48:27,888 INFO [pilot_cache] [93/100] Processing vsr_93_93...
2026-08-08 00:48:35,605 INFO [pilot_cache] [94/100] Processing vsr_22_22...
2026-08-08 00:48:42,262 INFO [pilot_cache] [95/100] Processing vsr_233_233...
2026-08-08 00:48:49,302 INFO [pilot_cache] [96/100] Processing vsr_177_177...
2026-08-08 00:48:58,476 INFO [pilot_cache] [97/100] Processing vsr_69_69...
2026-08-08 00:49:05,041 INFO [pilot_cache] [98/100] Processing vsr_178_178...
2026-08-08 00:49:13,264 INFO [pilot_cache] [99/100] Processing vsr_278_278...
2026-08-08 00:49:20,113 INFO [pilot_cache] [100/100] Processing vsr_293_293...
2026-08-08 00:49:28,413 INFO [pilot_cache] ============================================================
2026-08-08 00:49:28,413 INFO [pilot_cache] PILOT RUN COMPLETE: 100 succeeded, 0 failed in 723.4s
2026-08-08 00:49:28,413 INFO [pilot_cache] Output file: outputs/pilot_cache/gemma4_e4b_vsr_severity_pilot.jsonl
