2026-08-08 00:07:51,409 INFO [pilot_cache] Loaded 951 records from manifest outputs/manifests/manifest_hallusionbench.jsonl
2026-08-08 00:07:51,409 WARNING [pilot_cache] Manifest contains 183 cal/test records. Filtering strictly to train and val.
2026-08-08 00:07:51,410 INFO [pilot_cache] Selected 100 train/val records for pilot (seed=42)
2026-08-08 00:07:51,411 INFO [pilot_cache] Loading model 'google/gemma-4-E4B-it' on cuda:0...
Loading weights:   0%|          | 0/2076 [00:00<?, ?it/s]Loading weights:  14%|█▎        | 282/2076 [00:00<00:00, 2789.96it/s]Loading weights:  27%|██▋       | 561/2076 [00:00<00:00, 2663.93it/s]Loading weights:  40%|███▉      | 828/2076 [00:01<00:02, 465.60it/s] Loading weights:  47%|████▋     | 984/2076 [00:01<00:02, 452.99it/s]Loading weights:  53%|█████▎    | 1095/2076 [00:02<00:02, 447.22it/s]Loading weights:  57%|█████▋    | 1182/2076 [00:02<00:02, 430.01it/s]Loading weights:  60%|██████    | 1252/2076 [00:02<00:01, 422.17it/s]Loading weights:  63%|██████▎   | 1312/2076 [00:02<00:01, 414.10it/s]Loading weights:  66%|██████▌   | 1365/2076 [00:02<00:01, 391.02it/s]Loading weights:  68%|██████▊   | 1412/2076 [00:02<00:01, 393.20it/s]Loading weights:  80%|████████  | 1666/2076 [00:02<00:00, 791.65it/s]Loading weights:  95%|█████████▍| 1965/2076 [00:03<00:00, 1248.94it/s]Loading weights: 100%|██████████| 2076/2076 [00:03<00:00, 669.29it/s] 
2026-08-08 00:08:01,107 INFO [pilot_cache] Model loaded. Revision: main
2026-08-08 00:08:01,107 INFO [pilot_cache] [1/100] Processing hallusionbench_762_762...
2026-08-08 00:08:01,303 INFO [sentence_transformers.base.model] Loading SentenceTransformer model from /home/models/all-MiniLM-L6-v2.
Loading weights:   0%|          | 0/103 [00:00<?, ?it/s]Loading weights: 100%|██████████| 103/103 [00:00<00:00, 37766.70it/s]
[1mBertModel LOAD REPORT[0m from: /home/models/all-MiniLM-L6-v2
Key                     | Status     |  | 
------------------------+------------+--+-
embeddings.position_ids | UNEXPECTED |  | 

Notes:
- UNEXPECTED:	can be ignored when loading from different task/architecture; not ok if you expect identical arch.
2026-08-08 00:08:01,412 INFO [proactive.features.semantic] Loaded SemanticMatcher from local dir: /home/models/all-MiniLM-L6-v2
The following generation flags are not valid and may be ignored: ['top_p', 'top_k']. Set `TRANSFORMERS_VERBOSITY=info` for more details.
2026-08-08 00:08:18,777 INFO [pilot_cache] [2/100] Processing hallusionbench_7_7...
2026-08-08 00:08:27,859 INFO [pilot_cache] [3/100] Processing hallusionbench_756_756...
2026-08-08 00:08:45,905 INFO [pilot_cache] [4/100] Processing hallusionbench_627_627...
2026-08-08 00:08:58,745 INFO [pilot_cache] [5/100] Processing hallusionbench_235_235...
2026-08-08 00:09:19,399 INFO [pilot_cache] [6/100] Processing hallusionbench_989_989...
2026-08-08 00:09:34,138 INFO [pilot_cache] [7/100] Processing hallusionbench_94_94...
2026-08-08 00:09:45,985 INFO [pilot_cache] [8/100] Processing hallusionbench_38_38...
2026-08-08 00:10:04,199 INFO [pilot_cache] [9/100] Processing hallusionbench_654_654...
2026-08-08 00:10:11,440 INFO [pilot_cache] [10/100] Processing hallusionbench_754_754...
2026-08-08 00:10:25,978 INFO [pilot_cache] [11/100] Processing hallusionbench_758_758...
2026-08-08 00:10:44,224 INFO [pilot_cache] [12/100] Processing hallusionbench_407_407...
2026-08-08 00:10:51,049 INFO [pilot_cache] [13/100] Processing hallusionbench_304_304...
2026-08-08 00:10:59,481 INFO [pilot_cache] [14/100] Processing hallusionbench_507_507...
2026-08-08 00:11:07,589 INFO [pilot_cache] [15/100] Processing hallusionbench_555_555...
2026-08-08 00:11:15,021 INFO [pilot_cache] [16/100] Processing hallusionbench_382_382...
2026-08-08 00:11:26,903 INFO [pilot_cache] [17/100] Processing hallusionbench_418_418...
2026-08-08 00:11:38,165 INFO [pilot_cache] [18/100] Processing hallusionbench_383_383...
2026-08-08 00:11:50,149 INFO [pilot_cache] [19/100] Processing hallusionbench_937_937...
2026-08-08 00:11:58,707 INFO [pilot_cache] [20/100] Processing hallusionbench_715_715...
2026-08-08 00:12:16,696 INFO [pilot_cache] [21/100] Processing hallusionbench_930_930...
2026-08-08 00:12:23,329 INFO [pilot_cache] [22/100] Processing hallusionbench_389_389...
2026-08-08 00:12:30,978 INFO [pilot_cache] [23/100] Processing hallusionbench_6_6...
2026-08-08 00:12:39,494 INFO [pilot_cache] [24/100] Processing hallusionbench_1096_1096...
2026-08-08 00:12:46,927 INFO [pilot_cache] [25/100] Processing hallusionbench_187_187...
2026-08-08 00:12:56,509 INFO [pilot_cache] [26/100] Processing hallusionbench_991_991...
2026-08-08 00:13:04,550 INFO [pilot_cache] [27/100] Processing hallusionbench_953_953...
2026-08-08 00:13:11,891 INFO [pilot_cache] [28/100] Processing hallusionbench_1005_1005...
2026-08-08 00:13:23,440 INFO [pilot_cache] [29/100] Processing hallusionbench_876_876...
2026-08-08 00:13:35,754 INFO [pilot_cache] [30/100] Processing hallusionbench_622_622...
2026-08-08 00:13:44,262 INFO [pilot_cache] [31/100] Processing hallusionbench_384_384...
2026-08-08 00:13:56,143 INFO [pilot_cache] [32/100] Processing hallusionbench_281_281...
2026-08-08 00:14:04,059 INFO [pilot_cache] [33/100] Processing hallusionbench_537_537...
2026-08-08 00:14:12,833 INFO [pilot_cache] [34/100] Processing hallusionbench_23_23...
2026-08-08 00:14:32,196 INFO [pilot_cache] [35/100] Processing hallusionbench_487_487...
2026-08-08 00:14:40,929 INFO [pilot_cache] [36/100] Processing hallusionbench_665_665...
2026-08-08 00:14:47,612 INFO [pilot_cache] [37/100] Processing hallusionbench_57_57...
2026-08-08 00:14:58,651 INFO [pilot_cache] [38/100] Processing hallusionbench_178_178...
2026-08-08 00:15:23,014 INFO [pilot_cache] [39/100] Processing hallusionbench_85_85...
2026-08-08 00:15:34,953 INFO [pilot_cache] [40/100] Processing hallusionbench_889_889...
2026-08-08 00:15:47,534 INFO [pilot_cache] [41/100] Processing hallusionbench_264_264...
2026-08-08 00:16:04,381 INFO [pilot_cache] [42/100] Processing hallusionbench_1112_1112...
2026-08-08 00:16:12,514 INFO [pilot_cache] [43/100] Processing hallusionbench_584_584...
2026-08-08 00:16:19,612 INFO [pilot_cache] [44/100] Processing hallusionbench_252_252...
2026-08-08 00:16:31,752 INFO [pilot_cache] [45/100] Processing hallusionbench_325_325...
2026-08-08 00:16:40,476 INFO [pilot_cache] [46/100] Processing hallusionbench_263_263...
2026-08-08 00:16:56,400 INFO [pilot_cache] [47/100] Processing hallusionbench_1087_1087...
2026-08-08 00:17:04,207 INFO [pilot_cache] [48/100] Processing hallusionbench_769_769...
2026-08-08 00:17:19,798 INFO [pilot_cache] [49/100] Processing hallusionbench_593_593...
2026-08-08 00:17:27,113 INFO [pilot_cache] [50/100] Processing hallusionbench_355_355...
2026-08-08 00:17:35,605 INFO [pilot_cache] [51/100] Processing hallusionbench_278_278...
2026-08-08 00:17:47,061 INFO [pilot_cache] [52/100] Processing hallusionbench_328_328...
2026-08-08 00:17:56,886 INFO [pilot_cache] [53/100] Processing hallusionbench_126_126...
2026-08-08 00:18:07,227 INFO [pilot_cache] [54/100] Processing hallusionbench_540_540...
2026-08-08 00:18:13,986 INFO [pilot_cache] [55/100] Processing hallusionbench_545_545...
2026-08-08 00:18:21,052 INFO [pilot_cache] [56/100] Processing hallusionbench_228_228...
2026-08-08 00:18:29,934 INFO [pilot_cache] [57/100] Processing hallusionbench_781_781...
2026-08-08 00:18:39,842 INFO [pilot_cache] [58/100] Processing hallusionbench_714_714...
2026-08-08 00:18:56,365 INFO [pilot_cache] [59/100] Processing hallusionbench_261_261...
2026-08-08 00:19:16,071 INFO [pilot_cache] [60/100] Processing hallusionbench_249_249...
2026-08-08 00:19:25,155 INFO [pilot_cache] [61/100] Processing hallusionbench_354_354...
2026-08-08 00:19:34,563 INFO [pilot_cache] [62/100] Processing hallusionbench_47_47...
2026-08-08 00:19:43,528 INFO [pilot_cache] [63/100] Processing hallusionbench_377_377...
2026-08-08 00:19:55,336 INFO [pilot_cache] [64/100] Processing hallusionbench_655_655...
2026-08-08 00:20:02,235 INFO [pilot_cache] [65/100] Processing hallusionbench_860_860...
2026-08-08 00:20:10,751 INFO [pilot_cache] [66/100] Processing hallusionbench_332_332...
2026-08-08 00:20:20,534 INFO [pilot_cache] [67/100] Processing hallusionbench_611_611...
2026-08-08 00:20:27,435 INFO [pilot_cache] [68/100] Processing hallusionbench_149_149...
2026-08-08 00:20:35,626 INFO [pilot_cache] [69/100] Processing hallusionbench_132_132...
2026-08-08 00:20:48,850 INFO [pilot_cache] [70/100] Processing hallusionbench_982_982...
2026-08-08 00:21:06,621 INFO [pilot_cache] [71/100] Processing hallusionbench_50_50...
2026-08-08 00:21:17,045 INFO [pilot_cache] [72/100] Processing hallusionbench_848_848...
2026-08-08 00:21:23,861 INFO [pilot_cache] [73/100] Processing hallusionbench_677_677...
2026-08-08 00:21:31,127 INFO [pilot_cache] [74/100] Processing hallusionbench_413_413...
2026-08-08 00:21:49,042 INFO [pilot_cache] [75/100] Processing hallusionbench_454_454...
2026-08-08 00:21:57,351 INFO [pilot_cache] [76/100] Processing hallusionbench_686_686...
2026-08-08 00:22:08,925 INFO [pilot_cache] [77/100] Processing hallusionbench_1056_1056...
2026-08-08 00:22:16,524 INFO [pilot_cache] [78/100] Processing hallusionbench_266_266...
2026-08-08 00:22:25,450 INFO [pilot_cache] [79/100] Processing hallusionbench_660_660...
2026-08-08 00:22:31,082 INFO [pilot_cache] [80/100] Processing hallusionbench_602_602...
2026-08-08 00:22:40,615 INFO [pilot_cache] [81/100] Processing hallusionbench_170_170...
2026-08-08 00:22:56,580 INFO [pilot_cache] [82/100] Processing hallusionbench_636_636...
2026-08-08 00:23:03,488 INFO [pilot_cache] [83/100] Processing hallusionbench_728_728...
2026-08-08 00:23:21,768 INFO [pilot_cache] [84/100] Processing hallusionbench_646_646...
2026-08-08 00:23:28,227 INFO [pilot_cache] [85/100] Processing hallusionbench_605_605...
2026-08-08 00:23:43,025 INFO [pilot_cache] [86/100] Processing hallusionbench_736_736...
2026-08-08 00:23:55,250 INFO [pilot_cache] [87/100] Processing hallusionbench_233_233...
2026-08-08 00:24:08,024 INFO [pilot_cache] [88/100] Processing hallusionbench_442_442...
2026-08-08 00:24:17,672 INFO [pilot_cache] [89/100] Processing hallusionbench_632_632...
2026-08-08 00:24:24,764 INFO [pilot_cache] [90/100] Processing hallusionbench_1019_1019...
2026-08-08 00:24:31,748 INFO [pilot_cache] [91/100] Processing hallusionbench_36_36...
2026-08-08 00:24:45,463 INFO [pilot_cache] [92/100] Processing hallusionbench_387_387...
2026-08-08 00:24:52,061 INFO [pilot_cache] [93/100] Processing hallusionbench_718_718...
2026-08-08 00:24:57,177 INFO [pilot_cache] [94/100] Processing hallusionbench_827_827...
2026-08-08 00:25:04,268 INFO [pilot_cache] [95/100] Processing hallusionbench_268_268...
2026-08-08 00:25:20,500 INFO [pilot_cache] [96/100] Processing hallusionbench_1074_1074...
2026-08-08 00:25:27,267 INFO [pilot_cache] [97/100] Processing hallusionbench_974_974...
2026-08-08 00:25:37,774 INFO [pilot_cache] [98/100] Processing hallusionbench_576_576...
2026-08-08 00:25:44,657 INFO [pilot_cache] [99/100] Processing hallusionbench_309_309...
2026-08-08 00:25:52,698 INFO [pilot_cache] [100/100] Processing hallusionbench_489_489...
2026-08-08 00:26:05,154 INFO [pilot_cache] ============================================================
2026-08-08 00:26:05,154 INFO [pilot_cache] PILOT RUN COMPLETE: 100 succeeded, 0 failed in 1084.0s
2026-08-08 00:26:05,154 INFO [pilot_cache] Output file: outputs/pilot_cache/gemma4_e4b_hallusionbench_severity_pilot.jsonl
