2026-08-07 23:39:41,316 INFO [pilot_cache] Loaded 3000 records from manifest outputs/manifests/manifest_vizwiz.jsonl
2026-08-07 23:39:41,316 WARNING [pilot_cache] Manifest contains 633 cal/test records. Filtering strictly to train and val.
2026-08-07 23:39:41,318 INFO [pilot_cache] Selected 100 train/val records for pilot (seed=42)
2026-08-07 23:39:41,319 INFO [pilot_cache] Initializing pinned SemanticMatcher for freeform dataset...
2026-08-07 23:39:45,433 INFO [sentence_transformers.base.model] Loading SentenceTransformer model from /home/models/all-MiniLM-L6-v2.
Loading weights:   0%|          | 0/103 [00:00<?, ?it/s]Loading weights: 100%|██████████| 103/103 [00:00<00:00, 30000.92it/s]
[1mBertModel LOAD REPORT[0m from: /home/models/all-MiniLM-L6-v2
Key                     | Status     |  | 
------------------------+------------+--+-
embeddings.position_ids | UNEXPECTED |  | 

Notes:
- UNEXPECTED:	can be ignored when loading from different task/architecture; not ok if you expect identical arch.
2026-08-07 23:39:45,711 INFO [proactive.features.semantic] Loaded SemanticMatcher from local dir: /home/models/all-MiniLM-L6-v2
2026-08-07 23:39:45,711 INFO [pilot_cache] Loading model 'google/gemma-4-E4B-it' on cuda:0...
Loading weights:   0%|          | 0/2076 [00:00<?, ?it/s]Loading weights:  15%|█▍        | 310/2076 [00:00<00:00, 3097.74it/s]Loading weights:  30%|██▉       | 620/2076 [00:00<00:00, 2817.79it/s]Loading weights:  44%|████▎     | 904/2076 [00:01<00:02, 518.43it/s] Loading weights:  52%|█████▏    | 1070/2076 [00:01<00:01, 523.30it/s]Loading weights:  57%|█████▋    | 1192/2076 [00:01<00:01, 544.35it/s]Loading weights:  62%|██████▏   | 1293/2076 [00:02<00:01, 513.92it/s]Loading weights:  66%|██████▌   | 1374/2076 [00:02<00:01, 484.36it/s]Loading weights:  69%|██████▉   | 1442/2076 [00:02<00:01, 492.10it/s]Loading weights:  83%|████████▎ | 1733/2076 [00:02<00:00, 882.00it/s]Loading weights:  98%|█████████▊| 2042/2076 [00:02<00:00, 1294.12it/s]Loading weights: 100%|██████████| 2076/2076 [00:02<00:00, 786.40it/s] 
2026-08-07 23:39:51,223 INFO [pilot_cache] Model loaded. Revision: main
2026-08-07 23:39:51,223 INFO [pilot_cache] [1/100] Processing vizwiz_VizWiz_val_00000036_36...
The following generation flags are not valid and may be ignored: ['top_p', 'top_k']. Set `TRANSFORMERS_VERBOSITY=info` for more details.
2026-08-07 23:40:04,173 INFO [pilot_cache] [2/100] Processing vizwiz_VizWiz_val_00001805_1805...
2026-08-07 23:40:13,903 INFO [pilot_cache] [3/100] Processing vizwiz_VizWiz_val_00002337_2337...
2026-08-07 23:40:19,153 INFO [pilot_cache] [4/100] Processing vizwiz_VizWiz_val_00001411_1411...
2026-08-07 23:40:35,799 INFO [pilot_cache] [5/100] Processing vizwiz_VizWiz_val_00002263_2263...
2026-08-07 23:40:48,713 INFO [pilot_cache] [6/100] Processing vizwiz_VizWiz_val_00001787_1787...
2026-08-07 23:41:04,318 INFO [pilot_cache] [7/100] Processing vizwiz_VizWiz_val_00002028_2028...
2026-08-07 23:41:13,500 INFO [pilot_cache] [8/100] Processing vizwiz_VizWiz_val_00001387_1387...
2026-08-07 23:41:31,437 INFO [pilot_cache] [9/100] Processing vizwiz_VizWiz_val_00000618_618...
2026-08-07 23:41:39,685 INFO [pilot_cache] [10/100] Processing vizwiz_VizWiz_val_00002307_2307...
2026-08-07 23:41:48,767 INFO [pilot_cache] [11/100] Processing vizwiz_VizWiz_val_00002694_2694...
2026-08-07 23:42:12,635 INFO [pilot_cache] [12/100] Processing vizwiz_VizWiz_val_00001989_1989...
2026-08-07 23:42:24,256 INFO [pilot_cache] [13/100] Processing vizwiz_VizWiz_val_00002542_2542...
2026-08-07 23:42:32,679 INFO [pilot_cache] [14/100] Processing vizwiz_VizWiz_val_00001896_1896...
2026-08-07 23:42:41,776 INFO [pilot_cache] [15/100] Processing vizwiz_VizWiz_val_00001284_1284...
2026-08-07 23:42:51,714 INFO [pilot_cache] [16/100] Processing vizwiz_VizWiz_val_00000953_953...
2026-08-07 23:43:08,875 INFO [pilot_cache] [17/100] Processing vizwiz_VizWiz_val_00001730_1730...
2026-08-07 23:43:16,864 INFO [pilot_cache] [18/100] Processing vizwiz_VizWiz_val_00000114_114...
2026-08-07 23:43:32,076 INFO [pilot_cache] [19/100] Processing vizwiz_VizWiz_val_00000495_495...
2026-08-07 23:43:55,627 INFO [pilot_cache] [20/100] Processing vizwiz_VizWiz_val_00002768_2768...
2026-08-07 23:44:07,114 INFO [pilot_cache] [21/100] Processing vizwiz_VizWiz_val_00000616_616...
2026-08-07 23:44:17,886 INFO [pilot_cache] [22/100] Processing vizwiz_VizWiz_val_00001816_1816...
2026-08-07 23:44:27,999 INFO [pilot_cache] [23/100] Processing vizwiz_VizWiz_val_00001497_1497...
2026-08-07 23:44:34,772 INFO [pilot_cache] [24/100] Processing vizwiz_VizWiz_val_00000089_89...
2026-08-07 23:44:51,667 INFO [pilot_cache] [25/100] Processing vizwiz_VizWiz_val_00000312_312...
2026-08-07 23:45:00,081 INFO [pilot_cache] [26/100] Processing vizwiz_VizWiz_val_00002849_2849...
2026-08-07 23:45:10,810 INFO [pilot_cache] [27/100] Processing vizwiz_VizWiz_val_00001390_1390...
2026-08-07 23:45:35,211 INFO [pilot_cache] [28/100] Processing vizwiz_VizWiz_val_00002775_2775...
2026-08-07 23:45:46,450 INFO [pilot_cache] [29/100] Processing vizwiz_VizWiz_val_00002808_2808...
2026-08-07 23:45:53,256 INFO [pilot_cache] [30/100] Processing vizwiz_VizWiz_val_00001341_1341...
2026-08-07 23:46:03,869 INFO [pilot_cache] [31/100] Processing vizwiz_VizWiz_val_00002388_2388...
2026-08-07 23:46:10,442 INFO [pilot_cache] [32/100] Processing vizwiz_VizWiz_val_00002218_2218...
2026-08-07 23:46:18,739 INFO [pilot_cache] [33/100] Processing vizwiz_VizWiz_val_00000772_772...
2026-08-07 23:46:27,162 INFO [pilot_cache] [34/100] Processing vizwiz_VizWiz_val_00002005_2005...
2026-08-07 23:46:35,426 INFO [pilot_cache] [35/100] Processing vizwiz_VizWiz_val_00000198_198...
2026-08-07 23:46:46,339 INFO [pilot_cache] [36/100] Processing vizwiz_VizWiz_val_00002886_2886...
2026-08-07 23:46:58,960 INFO [pilot_cache] [37/100] Processing vizwiz_VizWiz_val_00002480_2480...
2026-08-07 23:47:07,374 INFO [pilot_cache] [38/100] Processing vizwiz_VizWiz_val_00001396_1396...
2026-08-07 23:47:15,455 INFO [pilot_cache] [39/100] Processing vizwiz_VizWiz_val_00000007_7...
2026-08-07 23:47:29,159 INFO [pilot_cache] [40/100] Processing vizwiz_VizWiz_val_00002009_2009...
2026-08-07 23:47:37,640 INFO [pilot_cache] [41/100] Processing vizwiz_VizWiz_val_00002174_2174...
2026-08-07 23:47:57,966 INFO [pilot_cache] [42/100] Processing vizwiz_VizWiz_val_00000541_541...
2026-08-07 23:48:01,807 INFO [pilot_cache] [43/100] Processing vizwiz_VizWiz_val_00000612_612...
2026-08-07 23:48:18,568 INFO [pilot_cache] [44/100] Processing vizwiz_VizWiz_val_00002251_2251...
2026-08-07 23:48:33,155 INFO [pilot_cache] [45/100] Processing vizwiz_VizWiz_val_00002910_2910...
2026-08-07 23:48:42,644 INFO [pilot_cache] [46/100] Processing vizwiz_VizWiz_val_00001194_1194...
2026-08-07 23:48:59,697 INFO [pilot_cache] [47/100] Processing vizwiz_VizWiz_val_00001837_1837...
2026-08-07 23:49:10,353 INFO [pilot_cache] [48/100] Processing vizwiz_VizWiz_val_00000994_994...
2026-08-07 23:49:26,706 INFO [pilot_cache] [49/100] Processing vizwiz_VizWiz_val_00000407_407...
2026-08-07 23:49:45,658 INFO [pilot_cache] [50/100] Processing vizwiz_VizWiz_val_00002862_2862...
2026-08-07 23:49:55,180 INFO [pilot_cache] [51/100] Processing vizwiz_VizWiz_val_00001327_1327...
2026-08-07 23:50:04,711 INFO [pilot_cache] [52/100] Processing vizwiz_VizWiz_val_00001128_1128...
2026-08-07 23:50:25,029 INFO [pilot_cache] [53/100] Processing vizwiz_VizWiz_val_00000512_512...
2026-08-07 23:50:53,237 INFO [pilot_cache] [54/100] Processing vizwiz_VizWiz_val_00000060_60...
2026-08-07 23:51:16,413 INFO [pilot_cache] [55/100] Processing vizwiz_VizWiz_val_00000272_272...
2026-08-07 23:51:59,615 INFO [pilot_cache] [56/100] Processing vizwiz_VizWiz_val_00002960_2960...
2026-08-07 23:52:13,503 INFO [pilot_cache] [57/100] Processing vizwiz_VizWiz_val_00002377_2377...
2026-08-07 23:52:18,909 INFO [pilot_cache] [58/100] Processing vizwiz_VizWiz_val_00002468_2468...
2026-08-07 23:52:24,974 INFO [pilot_cache] [59/100] Processing vizwiz_VizWiz_val_00000397_397...
2026-08-07 23:52:38,995 INFO [pilot_cache] [60/100] Processing vizwiz_VizWiz_val_00002427_2427...
2026-08-07 23:52:50,999 INFO [pilot_cache] [61/100] Processing vizwiz_VizWiz_val_00002861_2861...
2026-08-07 23:52:57,223 INFO [pilot_cache] [62/100] Processing vizwiz_VizWiz_val_00002244_2244...
2026-08-07 23:53:07,869 INFO [pilot_cache] [63/100] Processing vizwiz_VizWiz_val_00000579_579...
2026-08-07 23:53:22,490 INFO [pilot_cache] [64/100] Processing vizwiz_VizWiz_val_00001174_1174...
2026-08-07 23:53:28,329 INFO [pilot_cache] [65/100] Processing vizwiz_VizWiz_val_00001123_1123...
2026-08-07 23:53:53,429 INFO [pilot_cache] [66/100] Processing vizwiz_VizWiz_val_00000895_895...
2026-08-07 23:54:08,916 INFO [pilot_cache] [67/100] Processing vizwiz_VizWiz_val_00002042_2042...
2026-08-07 23:54:20,837 INFO [pilot_cache] [68/100] Processing vizwiz_VizWiz_val_00000291_291...
2026-08-07 23:54:34,008 INFO [pilot_cache] [69/100] Processing vizwiz_VizWiz_val_00002359_2359...
2026-08-07 23:54:40,789 INFO [pilot_cache] [70/100] Processing vizwiz_VizWiz_val_00000640_640...
2026-08-07 23:54:51,252 INFO [pilot_cache] [71/100] Processing vizwiz_VizWiz_val_00000656_656...
2026-08-07 23:55:03,074 INFO [pilot_cache] [72/100] Processing vizwiz_VizWiz_val_00000204_204...
2026-08-07 23:55:17,311 INFO [pilot_cache] [73/100] Processing vizwiz_VizWiz_val_00002318_2318...
2026-08-07 23:55:30,631 INFO [pilot_cache] [74/100] Processing vizwiz_VizWiz_val_00001038_1038...
2026-08-07 23:55:43,069 INFO [pilot_cache] [75/100] Processing vizwiz_VizWiz_val_00001958_1958...
2026-08-07 23:55:51,816 INFO [pilot_cache] [76/100] Processing vizwiz_VizWiz_val_00000824_824...
2026-08-07 23:56:06,587 INFO [pilot_cache] [77/100] Processing vizwiz_VizWiz_val_00002887_2887...
2026-08-07 23:56:13,227 INFO [pilot_cache] [78/100] Processing vizwiz_VizWiz_val_00000398_398...
2026-08-07 23:56:25,049 INFO [pilot_cache] [79/100] Processing vizwiz_VizWiz_val_00001856_1856...
2026-08-07 23:56:37,712 INFO [pilot_cache] [80/100] Processing vizwiz_VizWiz_val_00002428_2428...
2026-08-07 23:56:43,244 INFO [pilot_cache] [81/100] Processing vizwiz_VizWiz_val_00001677_1677...
2026-08-07 23:56:54,449 INFO [pilot_cache] [82/100] Processing vizwiz_VizWiz_val_00002815_2815...
2026-08-07 23:57:06,353 INFO [pilot_cache] [83/100] Processing vizwiz_VizWiz_val_00000003_3...
2026-08-07 23:57:14,601 INFO [pilot_cache] [84/100] Processing vizwiz_VizWiz_val_00000695_695...
2026-08-07 23:57:20,241 INFO [pilot_cache] [85/100] Processing vizwiz_VizWiz_val_00002476_2476...
2026-08-07 23:57:34,853 INFO [pilot_cache] [86/100] Processing vizwiz_VizWiz_val_00000526_526...
2026-08-07 23:57:40,084 INFO [pilot_cache] [87/100] Processing vizwiz_VizWiz_val_00002741_2741...
2026-08-07 23:57:51,064 INFO [pilot_cache] [88/100] Processing vizwiz_VizWiz_val_00002888_2888...
2026-08-07 23:58:06,876 INFO [pilot_cache] [89/100] Processing vizwiz_VizWiz_val_00001686_1686...
2026-08-07 23:58:22,313 INFO [pilot_cache] [90/100] Processing vizwiz_VizWiz_val_00000507_507...
2026-08-07 23:58:33,868 INFO [pilot_cache] [91/100] Processing vizwiz_VizWiz_val_00001890_1890...
2026-08-07 23:58:48,905 INFO [pilot_cache] [92/100] Processing vizwiz_VizWiz_val_00001533_1533...
2026-08-07 23:59:14,622 INFO [pilot_cache] [93/100] Processing vizwiz_VizWiz_val_00002254_2254...
2026-08-07 23:59:23,062 INFO [pilot_cache] [94/100] Processing vizwiz_VizWiz_val_00002188_2188...
2026-08-07 23:59:39,965 INFO [pilot_cache] [95/100] Processing vizwiz_VizWiz_val_00002761_2761...
2026-08-07 23:59:52,694 INFO [pilot_cache] [96/100] Processing vizwiz_VizWiz_val_00001118_1118...
2026-08-08 00:00:07,815 INFO [pilot_cache] [97/100] Processing vizwiz_VizWiz_val_00000508_508...
2026-08-08 00:00:24,418 INFO [pilot_cache] [98/100] Processing vizwiz_VizWiz_val_00000002_2...
2026-08-08 00:00:35,597 INFO [pilot_cache] [99/100] Processing vizwiz_VizWiz_val_00000434_434...
2026-08-08 00:00:50,742 INFO [pilot_cache] [100/100] Processing vizwiz_VizWiz_val_00001009_1009...
2026-08-08 00:01:11,694 INFO [pilot_cache] ============================================================
2026-08-08 00:01:11,694 INFO [pilot_cache] PILOT RUN COMPLETE: 100 succeeded, 0 failed in 1280.5s
2026-08-08 00:01:11,694 INFO [pilot_cache] Output file: outputs/pilot_cache/gemma4_e4b_vizwiz.jsonl
