2026-08-08 00:17:10,925 INFO [pilot_cache] Loaded 3000 records from manifest outputs/manifests/manifest_vizwiz.jsonl
2026-08-08 00:17:10,926 WARNING [pilot_cache] Manifest contains 633 cal/test records. Filtering strictly to train and val.
2026-08-08 00:17:10,927 INFO [pilot_cache] Selected 100 train/val records for pilot (seed=42)
2026-08-08 00:17:10,929 INFO [pilot_cache] Resuming: 24 unique output records already completed
2026-08-08 00:17:10,929 INFO [pilot_cache] Initializing pinned SemanticMatcher for freeform dataset...
2026-08-08 00:17:15,019 INFO [sentence_transformers.base.model] Loading SentenceTransformer model from /home/models/all-MiniLM-L6-v2.
Loading weights:   0%|          | 0/103 [00:00<?, ?it/s]Loading weights: 100%|██████████| 103/103 [00:00<00:00, 47804.95it/s]
[1mBertModel LOAD REPORT[0m from: /home/models/all-MiniLM-L6-v2
Key                     | Status     |  | 
------------------------+------------+--+-
embeddings.position_ids | UNEXPECTED |  | 

Notes:
- UNEXPECTED:	can be ignored when loading from different task/architecture; not ok if you expect identical arch.
2026-08-08 00:17:15,691 INFO [proactive.features.semantic] Loaded SemanticMatcher from local dir: /home/models/all-MiniLM-L6-v2
2026-08-08 00:17:15,691 INFO [pilot_cache] Loading model 'google/gemma-4-E4B-it' on cuda:0...
Loading weights:   0%|          | 0/2076 [00:00<?, ?it/s]Loading weights:  16%|█▌        | 329/2076 [00:00<00:00, 3230.34it/s]Loading weights:  31%|███▏      | 653/2076 [00:00<00:00, 2992.35it/s]Loading weights:  46%|████▌     | 954/2076 [00:01<00:02, 478.66it/s] Loading weights:  54%|█████▍    | 1128/2076 [00:01<00:01, 511.19it/s]Loading weights:  61%|██████    | 1258/2076 [00:02<00:01, 514.28it/s]Loading weights:  66%|██████▌   | 1361/2076 [00:02<00:01, 520.05it/s]Loading weights:  70%|██████▉   | 1447/2076 [00:02<00:01, 538.81it/s]Loading weights:  85%|████████▍ | 1756/2076 [00:02<00:00, 913.62it/s]Loading weights:  98%|█████████▊| 2035/2076 [00:02<00:00, 1232.80it/s]Loading weights: 100%|██████████| 2076/2076 [00:02<00:00, 796.04it/s] 
2026-08-08 00:17:21,135 INFO [pilot_cache] Model loaded. Revision: main
2026-08-08 00:17:21,135 INFO [pilot_cache] [1/98] Processing vizwiz_VizWiz_val_00002337_2337...
The following generation flags are not valid and may be ignored: ['top_p', 'top_k']. Set `TRANSFORMERS_VERBOSITY=info` for more details.
2026-08-08 00:17:31,813 INFO [pilot_cache] [2/98] Processing vizwiz_VizWiz_val_00001411_1411...
2026-08-08 00:18:05,710 INFO [pilot_cache] [3/98] Processing vizwiz_VizWiz_val_00002263_2263...
2026-08-08 00:18:34,826 INFO [pilot_cache] [4/98] Processing vizwiz_VizWiz_val_00001787_1787...
2026-08-08 00:19:09,106 INFO [pilot_cache] [5/98] Processing vizwiz_VizWiz_val_00002028_2028...
2026-08-08 00:19:29,638 INFO [pilot_cache] [6/98] Processing vizwiz_VizWiz_val_00001387_1387...
2026-08-08 00:20:05,893 INFO [pilot_cache] [7/98] Processing vizwiz_VizWiz_val_00000618_618...
2026-08-08 00:20:21,334 INFO [pilot_cache] [8/98] Processing vizwiz_VizWiz_val_00002307_2307...
2026-08-08 00:20:38,801 INFO [pilot_cache] [9/98] Processing vizwiz_VizWiz_val_00002694_2694...
2026-08-08 00:21:39,485 INFO [pilot_cache] [10/98] Processing vizwiz_VizWiz_val_00001989_1989...
2026-08-08 00:22:03,817 INFO [pilot_cache] [11/98] Processing vizwiz_VizWiz_val_00002542_2542...
2026-08-08 00:22:23,807 INFO [pilot_cache] [12/98] Processing vizwiz_VizWiz_val_00001896_1896...
2026-08-08 00:22:43,348 INFO [pilot_cache] [13/98] Processing vizwiz_VizWiz_val_00001284_1284...
2026-08-08 00:23:04,306 INFO [pilot_cache] [14/98] Processing vizwiz_VizWiz_val_00000953_953...
2026-08-08 00:23:45,758 INFO [pilot_cache] [15/98] Processing vizwiz_VizWiz_val_00001730_1730...
2026-08-08 00:24:00,259 INFO [pilot_cache] [16/98] Processing vizwiz_VizWiz_val_00000114_114...
2026-08-08 00:24:31,013 INFO [pilot_cache] [17/98] Processing vizwiz_VizWiz_val_00000495_495...
2026-08-08 00:25:21,176 INFO [pilot_cache] [18/98] Processing vizwiz_VizWiz_val_00002768_2768...
2026-08-08 00:25:44,883 INFO [pilot_cache] [19/98] Processing vizwiz_VizWiz_val_00000616_616...
2026-08-08 00:26:07,829 INFO [pilot_cache] [20/98] Processing vizwiz_VizWiz_val_00001816_1816...
2026-08-08 00:26:28,949 INFO [pilot_cache] [21/98] Processing vizwiz_VizWiz_val_00001497_1497...
2026-08-08 00:26:43,755 INFO [pilot_cache] [22/98] Processing vizwiz_VizWiz_val_00000089_89...
2026-08-08 00:27:16,704 INFO [pilot_cache] [23/98] Processing vizwiz_VizWiz_val_00000312_312...
2026-08-08 00:27:32,984 INFO [pilot_cache] [24/98] Processing vizwiz_VizWiz_val_00002849_2849...
2026-08-08 00:27:54,196 INFO [pilot_cache] [25/98] Processing vizwiz_VizWiz_val_00001390_1390...
2026-08-08 00:28:46,881 INFO [pilot_cache] [26/98] Processing vizwiz_VizWiz_val_00002775_2775...
2026-08-08 00:29:10,550 INFO [pilot_cache] [27/98] Processing vizwiz_VizWiz_val_00002808_2808...
2026-08-08 00:29:25,772 INFO [pilot_cache] [28/98] Processing vizwiz_VizWiz_val_00001341_1341...
2026-08-08 00:29:47,825 INFO [pilot_cache] [29/98] Processing vizwiz_VizWiz_val_00002388_2388...
2026-08-08 00:30:02,922 INFO [pilot_cache] [30/98] Processing vizwiz_VizWiz_val_00002218_2218...
2026-08-08 00:30:21,260 INFO [pilot_cache] [31/98] Processing vizwiz_VizWiz_val_00000772_772...
2026-08-08 00:30:40,748 INFO [pilot_cache] [32/98] Processing vizwiz_VizWiz_val_00002005_2005...
2026-08-08 00:30:58,594 INFO [pilot_cache] [33/98] Processing vizwiz_VizWiz_val_00000198_198...
2026-08-08 00:31:20,380 INFO [pilot_cache] [34/98] Processing vizwiz_VizWiz_val_00002886_2886...
2026-08-08 00:31:48,957 INFO [pilot_cache] [35/98] Processing vizwiz_VizWiz_val_00002480_2480...
2026-08-08 00:32:07,094 INFO [pilot_cache] [36/98] Processing vizwiz_VizWiz_val_00001396_1396...
2026-08-08 00:32:22,449 INFO [pilot_cache] [37/98] Processing vizwiz_VizWiz_val_00000007_7...
2026-08-08 00:32:50,118 INFO [pilot_cache] [38/98] Processing vizwiz_VizWiz_val_00002009_2009...
2026-08-08 00:33:08,888 INFO [pilot_cache] [39/98] Processing vizwiz_VizWiz_val_00002174_2174...
2026-08-08 00:33:53,042 INFO [pilot_cache] [40/98] Processing vizwiz_VizWiz_val_00000541_541...
2026-08-08 00:34:02,000 INFO [pilot_cache] [41/98] Processing vizwiz_VizWiz_val_00000612_612...
2026-08-08 00:34:39,015 INFO [pilot_cache] [42/98] Processing vizwiz_VizWiz_val_00002251_2251...
2026-08-08 00:35:10,223 INFO [pilot_cache] [43/98] Processing vizwiz_VizWiz_val_00002910_2910...
2026-08-08 00:35:30,793 INFO [pilot_cache] [44/98] Processing vizwiz_VizWiz_val_00001194_1194...
2026-08-08 00:36:07,467 INFO [pilot_cache] [45/98] Processing vizwiz_VizWiz_val_00001837_1837...
2026-08-08 00:36:31,653 INFO [pilot_cache] [46/98] Processing vizwiz_VizWiz_val_00000994_994...
2026-08-08 00:37:05,585 INFO [pilot_cache] [47/98] Processing vizwiz_VizWiz_val_00000407_407...
2026-08-08 00:37:46,867 INFO [pilot_cache] [48/98] Processing vizwiz_VizWiz_val_00002862_2862...
2026-08-08 00:38:10,932 INFO [pilot_cache] [49/98] Processing vizwiz_VizWiz_val_00001327_1327...
2026-08-08 00:38:31,381 INFO [pilot_cache] [50/98] Processing vizwiz_VizWiz_val_00001128_1128...
2026-08-08 00:39:13,374 INFO [pilot_cache] [51/98] Processing vizwiz_VizWiz_val_00000512_512...
2026-08-08 00:40:08,766 INFO [pilot_cache] [52/98] Processing vizwiz_VizWiz_val_00000060_60...
2026-08-08 00:41:00,493 INFO [pilot_cache] [53/98] Processing vizwiz_VizWiz_val_00000272_272...
2026-08-08 00:42:31,627 INFO [pilot_cache] [54/98] Processing vizwiz_VizWiz_val_00002960_2960...
2026-08-08 00:42:59,815 INFO [pilot_cache] [55/98] Processing vizwiz_VizWiz_val_00002377_2377...
2026-08-08 00:43:10,273 INFO [pilot_cache] [56/98] Processing vizwiz_VizWiz_val_00002468_2468...
2026-08-08 00:43:24,488 INFO [pilot_cache] [57/98] Processing vizwiz_VizWiz_val_00000397_397...
2026-08-08 00:43:56,973 INFO [pilot_cache] [58/98] Processing vizwiz_VizWiz_val_00002427_2427...
2026-08-08 00:44:21,153 INFO [pilot_cache] [59/98] Processing vizwiz_VizWiz_val_00002861_2861...
2026-08-08 00:44:36,335 INFO [pilot_cache] [60/98] Processing vizwiz_VizWiz_val_00002244_2244...
2026-08-08 00:45:01,839 INFO [pilot_cache] [61/98] Processing vizwiz_VizWiz_val_00000579_579...
2026-08-08 00:45:36,358 INFO [pilot_cache] [62/98] Processing vizwiz_VizWiz_val_00001174_1174...
2026-08-08 00:45:46,257 INFO [pilot_cache] [63/98] Processing vizwiz_VizWiz_val_00001123_1123...
2026-08-08 00:46:33,524 INFO [pilot_cache] [64/98] Processing vizwiz_VizWiz_val_00000895_895...
2026-08-08 00:47:05,885 INFO [pilot_cache] [65/98] Processing vizwiz_VizWiz_val_00002042_2042...
2026-08-08 00:47:32,056 INFO [pilot_cache] [66/98] Processing vizwiz_VizWiz_val_00000291_291...
2026-08-08 00:47:59,076 INFO [pilot_cache] [67/98] Processing vizwiz_VizWiz_val_00002359_2359...
2026-08-08 00:48:11,600 INFO [pilot_cache] [68/98] Processing vizwiz_VizWiz_val_00000640_640...
2026-08-08 00:48:33,155 INFO [pilot_cache] [69/98] Processing vizwiz_VizWiz_val_00000656_656...
2026-08-08 00:48:58,493 INFO [pilot_cache] [70/98] Processing vizwiz_VizWiz_val_00000204_204...
2026-08-08 00:49:27,629 INFO [pilot_cache] [71/98] Processing vizwiz_VizWiz_val_00002318_2318...
2026-08-08 00:49:54,630 INFO [pilot_cache] [72/98] Processing vizwiz_VizWiz_val_00001038_1038...
2026-08-08 00:50:21,231 INFO [pilot_cache] [73/98] Processing vizwiz_VizWiz_val_00001958_1958...
2026-08-08 00:50:39,985 INFO [pilot_cache] [74/98] Processing vizwiz_VizWiz_val_00000824_824...
2026-08-08 00:51:12,409 INFO [pilot_cache] [75/98] Processing vizwiz_VizWiz_val_00002887_2887...
2026-08-08 00:51:24,907 INFO [pilot_cache] [76/98] Processing vizwiz_VizWiz_val_00000398_398...
2026-08-08 00:51:51,465 INFO [pilot_cache] [77/98] Processing vizwiz_VizWiz_val_00001856_1856...
2026-08-08 00:52:17,633 INFO [pilot_cache] [78/98] Processing vizwiz_VizWiz_val_00002428_2428...
2026-08-08 00:52:28,173 INFO [pilot_cache] [79/98] Processing vizwiz_VizWiz_val_00001677_1677...
2026-08-08 00:52:49,442 INFO [pilot_cache] [80/98] Processing vizwiz_VizWiz_val_00002815_2815...
2026-08-08 00:53:16,809 INFO [pilot_cache] [81/98] Processing vizwiz_VizWiz_val_00000003_3...
2026-08-08 00:53:33,197 INFO [pilot_cache] [82/98] Processing vizwiz_VizWiz_val_00000695_695...
2026-08-08 00:53:44,561 INFO [pilot_cache] [83/98] Processing vizwiz_VizWiz_val_00002476_2476...
2026-08-08 00:54:13,845 INFO [pilot_cache] [84/98] Processing vizwiz_VizWiz_val_00000526_526...
2026-08-08 00:54:23,734 INFO [pilot_cache] [85/98] Processing vizwiz_VizWiz_val_00002741_2741...
2026-08-08 00:54:46,053 INFO [pilot_cache] [86/98] Processing vizwiz_VizWiz_val_00002888_2888...
2026-08-08 00:55:16,870 INFO [pilot_cache] [87/98] Processing vizwiz_VizWiz_val_00001686_1686...
2026-08-08 00:55:47,935 INFO [pilot_cache] [88/98] Processing vizwiz_VizWiz_val_00000507_507...
2026-08-08 00:56:13,745 INFO [pilot_cache] [89/98] Processing vizwiz_VizWiz_val_00001890_1890...
2026-08-08 00:56:45,202 INFO [pilot_cache] [90/98] Processing vizwiz_VizWiz_val_00001533_1533...
2026-08-08 00:57:44,267 INFO [pilot_cache] [91/98] Processing vizwiz_VizWiz_val_00002254_2254...
2026-08-08 00:58:03,112 INFO [pilot_cache] [92/98] Processing vizwiz_VizWiz_val_00002188_2188...
2026-08-08 00:58:37,552 INFO [pilot_cache] [93/98] Processing vizwiz_VizWiz_val_00002761_2761...
2026-08-08 00:59:03,311 INFO [pilot_cache] [94/98] Processing vizwiz_VizWiz_val_00001118_1118...
2026-08-08 00:59:35,643 INFO [pilot_cache] [95/98] Processing vizwiz_VizWiz_val_00000508_508...
2026-08-08 01:00:12,391 INFO [pilot_cache] [96/98] Processing vizwiz_VizWiz_val_00000002_2...
2026-08-08 01:00:36,109 INFO [pilot_cache] [97/98] Processing vizwiz_VizWiz_val_00000434_434...
2026-08-08 01:01:13,615 INFO [pilot_cache] [98/98] Processing vizwiz_VizWiz_val_00001009_1009...
2026-08-08 01:01:55,301 INFO [pilot_cache] ============================================================
2026-2026-08-08 01:01:55,610 INFO [pilot_cache] ============================================================
2026-08-08 01:01:55,610 INFO [pilot_cache] PILOT RUN COMPLETE: 100 succeeded, 0 failed in 2726.2s
2026-08-08 01:01:55,610 INFO [pilot_cache] Output file: outputs/pilot_cache/gemma4_e4b_vizwiz_severity_pilot.jsonl
