2026-08-08 00:04:51,076 INFO [pilot_cache] Loaded 340 records from manifest outputs/manifests/manifest_vsr.jsonl
2026-08-08 00:04:51,077 WARNING [pilot_cache] Manifest contains 67 cal/test records. Filtering strictly to train and val.
2026-08-08 00:04:51,077 INFO [pilot_cache] Selected 100 train/val records for pilot (seed=42)
2026-08-08 00:04:51,078 INFO [pilot_cache] Loading model 'google/gemma-4-E4B-it' on cuda:0...
Loading weights:   0%|          | 0/2076 [00:00<?, ?it/s]Loading weights:  16%|█▌        | 324/2076 [00:00<00:00, 3239.78it/s]Loading weights:  31%|███       | 648/2076 [00:00<00:00, 2795.55it/s]Loading weights:  45%|████▍     | 932/2076 [00:01<00:02, 447.91it/s] Loading weights:  53%|█████▎    | 1096/2076 [00:01<00:02, 438.12it/s]Loading weights:  58%|█████▊    | 1212/2076 [00:02<00:02, 422.96it/s]Loading weights:  63%|██████▎   | 1300/2076 [00:02<00:01, 414.31it/s]Loading weights:  66%|██████▌   | 1371/2076 [00:02<00:01, 405.43it/s]Loading weights:  69%|██████▉   | 1431/2076 [00:02<00:01, 412.77it/s]Loading weights:  84%|████████▍ | 1745/2076 [00:02<00:00, 811.22it/s]Loading weights: 100%|██████████| 2076/2076 [00:03<00:00, 682.80it/s]
2026-08-08 00:05:01,049 INFO [pilot_cache] Model loaded. Revision: main
2026-08-08 00:05:01,049 INFO [pilot_cache] [1/100] Processing vsr_272_272...
2026-08-08 00:05:01,254 INFO [sentence_transformers.base.model] Loading SentenceTransformer model from /home/models/all-MiniLM-L6-v2.
Loading weights:   0%|          | 0/103 [00:00<?, ?it/s]Loading weights: 100%|██████████| 103/103 [00:00<00:00, 28789.37it/s]
[1mBertModel LOAD REPORT[0m from: /home/models/all-MiniLM-L6-v2
Key                     | Status     |  | 
------------------------+------------+--+-
embeddings.position_ids | UNEXPECTED |  | 

Notes:
- UNEXPECTED:	can be ignored when loading from different task/architecture; not ok if you expect identical arch.
2026-08-08 00:05:01,366 INFO [proactive.features.semantic] Loaded SemanticMatcher from local dir: /home/models/all-MiniLM-L6-v2
The following generation flags are not valid and may be ignored: ['top_p', 'top_k']. Set `TRANSFORMERS_VERBOSITY=info` for more details.
2026-08-08 00:05:06,182 INFO [pilot_cache] [2/100] Processing vsr_308_308...
2026-08-08 00:05:12,430 INFO [pilot_cache] [3/100] Processing vsr_305_305...
2026-08-08 00:05:16,237 INFO [pilot_cache] [4/100] Processing vsr_289_289...
2026-08-08 00:05:22,518 INFO [pilot_cache] [5/100] Processing vsr_215_215...
2026-08-08 00:05:26,542 INFO [pilot_cache] [6/100] Processing vsr_30_30...
2026-08-08 00:05:32,548 INFO [pilot_cache] [7/100] Processing vsr_141_141...
2026-08-08 00:05:38,747 INFO [pilot_cache] [8/100] Processing vsr_226_226...
2026-08-08 00:05:45,104 INFO [pilot_cache] [9/100] Processing vsr_147_147...
2026-08-08 00:05:49,253 INFO [pilot_cache] [10/100] Processing vsr_324_324...
2026-08-08 00:05:53,027 INFO [pilot_cache] [11/100] Processing vsr_44_44...
2026-08-08 00:06:01,550 INFO [pilot_cache] [12/100] Processing vsr_3_3...
2026-08-08 00:06:07,423 INFO [pilot_cache] [13/100] Processing vsr_310_310...
2026-08-08 00:06:12,838 INFO [pilot_cache] [14/100] Processing vsr_191_191...
2026-08-08 00:06:18,446 INFO [pilot_cache] [15/100] Processing vsr_304_304...
2026-08-08 00:06:22,219 INFO [pilot_cache] [16/100] Processing vsr_148_148...
2026-08-08 00:06:28,385 INFO [pilot_cache] [17/100] Processing vsr_211_211...
2026-08-08 00:06:33,117 INFO [pilot_cache] [18/100] Processing vsr_16_16...
2026-08-08 00:06:39,349 INFO [pilot_cache] [19/100] Processing vsr_164_164...
2026-08-08 00:06:44,881 INFO [pilot_cache] [20/100] Processing vsr_142_142...
2026-08-08 00:06:50,722 INFO [pilot_cache] [21/100] Processing vsr_279_279...
2026-08-08 00:06:55,312 INFO [pilot_cache] [22/100] Processing vsr_198_198...
2026-08-08 00:07:00,719 INFO [pilot_cache] [23/100] Processing vsr_225_225...
2026-08-08 00:07:06,235 INFO [pilot_cache] [24/100] Processing vsr_243_243...
2026-08-08 00:07:10,042 INFO [pilot_cache] [25/100] Processing vsr_331_331...
2026-08-08 00:07:14,099 INFO [pilot_cache] [26/100] Processing vsr_23_23...
2026-08-08 00:07:20,115 INFO [pilot_cache] [27/100] Processing vsr_98_98...
2026-08-08 00:07:26,013 INFO [pilot_cache] [28/100] Processing vsr_56_56...
2026-08-08 00:07:30,296 INFO [pilot_cache] [29/100] Processing vsr_176_176...
2026-08-08 00:07:34,603 INFO [pilot_cache] [30/100] Processing vsr_270_270...
2026-08-08 00:07:38,436 INFO [pilot_cache] [31/100] Processing vsr_173_173...
2026-08-08 00:07:47,441 INFO [pilot_cache] [32/100] Processing vsr_112_112...
2026-08-08 00:07:52,741 INFO [pilot_cache] [33/100] Processing vsr_124_124...
2026-08-08 00:07:57,773 INFO [pilot_cache] [34/100] Processing vsr_63_63...
2026-08-08 00:08:01,731 INFO [pilot_cache] [35/100] Processing vsr_15_15...
2026-08-08 00:08:07,479 INFO [pilot_cache] [36/100] Processing vsr_157_157...
2026-08-08 00:08:12,820 INFO [pilot_cache] [37/100] Processing vsr_208_208...
2026-08-08 00:08:18,852 INFO [pilot_cache] [38/100] Processing vsr_175_175...
2026-08-08 00:08:24,310 INFO [pilot_cache] [39/100] Processing vsr_318_318...
2026-08-08 00:08:28,409 INFO [pilot_cache] [40/100] Processing vsr_200_200...
2026-08-08 00:08:32,734 INFO [pilot_cache] [41/100] Processing vsr_311_311...
2026-08-08 00:08:38,573 INFO [pilot_cache] [42/100] Processing vsr_300_300...
2026-08-08 00:08:43,655 INFO [pilot_cache] [43/100] Processing vsr_150_150...
2026-08-08 00:08:47,455 INFO [pilot_cache] [44/100] Processing vsr_105_105...
2026-08-08 00:08:51,571 INFO [pilot_cache] [45/100] Processing vsr_284_284...
2026-08-08 00:08:55,670 INFO [pilot_cache] [46/100] Processing vsr_41_41...
2026-08-08 00:09:01,095 INFO [pilot_cache] [47/100] Processing vsr_78_78...
2026-08-08 00:09:05,210 INFO [pilot_cache] [48/100] Processing vsr_182_182...
2026-08-08 00:09:09,117 INFO [pilot_cache] [49/100] Processing vsr_209_209...
2026-08-08 00:09:13,633 INFO [pilot_cache] [50/100] Processing vsr_107_107...
2026-08-08 00:09:19,865 INFO [pilot_cache] [51/100] Processing vsr_188_188...
2026-08-08 00:09:23,648 INFO [pilot_cache] [52/100] Processing vsr_2_2...
2026-08-08 00:09:28,563 INFO [pilot_cache] [53/100] Processing vsr_71_71...
2026-08-08 00:09:32,471 INFO [pilot_cache] [54/100] Processing vsr_290_290...
2026-08-08 00:09:44,760 INFO [pilot_cache] [55/100] Processing vsr_221_221...
2026-08-08 00:09:50,310 INFO [pilot_cache] [56/100] Processing vsr_24_24...
2026-08-08 00:09:54,575 INFO [pilot_cache] [57/100] Processing vsr_106_106...
2026-08-08 00:09:59,599 INFO [pilot_cache] [58/100] Processing vsr_19_19...
2026-08-08 00:10:03,423 INFO [pilot_cache] [59/100] Processing vsr_131_131...
2026-08-08 00:10:11,531 INFO [pilot_cache] [60/100] Processing vsr_333_333...
2026-08-08 00:10:17,338 INFO [pilot_cache] [61/100] Processing vsr_125_125...
2026-08-08 00:10:23,178 INFO [pilot_cache] [62/100] Processing vsr_302_302...
2026-08-08 00:10:28,902 INFO [pilot_cache] [63/100] Processing vsr_117_117...
2026-08-08 00:10:33,219 INFO [pilot_cache] [64/100] Processing vsr_39_39...
2026-08-08 00:10:39,509 INFO [pilot_cache] [65/100] Processing vsr_212_212...
2026-08-08 00:10:44,275 INFO [pilot_cache] [66/100] Processing vsr_295_295...
2026-08-08 00:10:49,024 INFO [pilot_cache] [67/100] Processing vsr_174_174...
2026-08-08 00:10:54,731 INFO [pilot_cache] [68/100] Processing vsr_120_120...
2026-08-08 00:10:59,256 INFO [pilot_cache] [69/100] Processing vsr_144_144...
2026-08-08 00:11:04,963 INFO [pilot_cache] [70/100] Processing vsr_113_113...
2026-08-08 00:11:11,746 INFO [pilot_cache] [71/100] Processing vsr_330_330...
2026-08-08 00:11:15,838 INFO [pilot_cache] [72/100] Processing vsr_303_303...
2026-08-08 00:11:20,270 INFO [pilot_cache] [73/100] Processing vsr_67_67...
2026-08-08 00:11:25,736 INFO [pilot_cache] [74/100] Processing vsr_4_4...
2026-08-08 00:11:31,460 INFO [pilot_cache] [75/100] Processing vsr_6_6...
2026-08-08 00:11:35,599 INFO [pilot_cache] [76/100] Processing vsr_190_190...
2026-08-08 00:11:40,382 INFO [pilot_cache] [77/100] Processing vsr_160_160...
2026-08-08 00:11:44,149 INFO [pilot_cache] [78/100] Processing vsr_271_271...
2026-08-08 00:11:48,748 INFO [pilot_cache] [79/100] Processing vsr_18_18...
2026-08-08 00:11:54,339 INFO [pilot_cache] [80/100] Processing vsr_201_201...
2026-08-08 00:12:02,631 INFO [pilot_cache] [81/100] Processing vsr_34_34...
2026-08-08 00:12:06,464 INFO [pilot_cache] [82/100] Processing vsr_248_248...
2026-08-08 00:12:10,630 INFO [pilot_cache] [83/100] Processing vsr_339_339...
2026-08-08 00:12:16,428 INFO [pilot_cache] [84/100] Processing vsr_280_280...
2026-08-08 00:12:21,037 INFO [pilot_cache] [85/100] Processing vsr_162_162...
2026-08-08 00:12:25,953 INFO [pilot_cache] [86/100] Processing vsr_267_267...
2026-08-08 00:12:35,236 INFO [pilot_cache] [87/100] Processing vsr_90_90...
2026-08-08 00:12:40,444 INFO [pilot_cache] [88/100] Processing vsr_298_298...
2026-08-08 00:12:45,851 INFO [pilot_cache] [89/100] Processing vsr_43_43...
2026-08-08 00:12:51,559 INFO [pilot_cache] [90/100] Processing vsr_33_33...
2026-08-08 00:12:57,425 INFO [pilot_cache] [91/100] Processing vsr_36_36...
2026-08-08 00:13:02,724 INFO [pilot_cache] [92/100] Processing vsr_65_65...
2026-08-08 00:13:09,216 INFO [pilot_cache] [93/100] Processing vsr_93_93...
2026-08-08 00:13:15,090 INFO [pilot_cache] [94/100] Processing vsr_22_22...
2026-08-08 00:13:19,797 INFO [pilot_cache] [95/100] Processing vsr_233_233...
2026-08-08 00:13:24,939 INFO [pilot_cache] [96/100] Processing vsr_177_177...
2026-08-08 00:13:31,804 INFO [pilot_cache] [97/100] Processing vsr_69_69...
2026-08-08 00:13:36,437 INFO [pilot_cache] [98/100] Processing vsr_178_178...
2026-08-08 00:13:42,887 INFO [pilot_cache] [99/100] Processing vsr_278_278...
2026-08-08 00:13:47,920 INFO [pilot_cache] [100/100] Processing vsr_293_293...
2026-08-08 00:13:54,351 INFO [pilot_cache] ============================================================
2026-08-08 00:13:54,351 INFO [pilot_cache] PILOT RUN COMPLETE: 100 succeeded, 0 failed in 533.3s
2026-08-08 00:13:54,351 INFO [pilot_cache] Output file: outputs/pilot_cache/gemma4_e4b_vsr.jsonl
