===== no_semantic_match policy training =====
Timeout 2700s; worker ceiling remaining 6942s
2026-09-12 20:57:17,079 INFO [train_policy] epoch=0 val_loss=0.617077 oracle_agreement=0.7822
2026-09-12 20:58:22,445 INFO [train_policy] epoch=1 val_loss=0.611349 oracle_agreement=0.7845
2026-09-12 20:59:18,614 INFO [train_policy] epoch=2 val_loss=0.609700 oracle_agreement=0.7859
2026-09-12 21:00:18,547 INFO [train_policy] epoch=3 val_loss=0.608138 oracle_agreement=0.7879
2026-09-12 21:01:25,011 INFO [train_policy] epoch=4 val_loss=0.605896 oracle_agreement=0.7880
2026-09-12 21:02:31,809 INFO [train_policy] epoch=5 val_loss=0.604988 oracle_agreement=0.7871
2026-09-12 21:03:41,972 INFO [train_policy] epoch=6 val_loss=0.604896 oracle_agreement=0.7891
2026-09-12 21:04:47,653 INFO [train_policy] epoch=7 val_loss=0.604208 oracle_agreement=0.7880
2026-09-12 21:05:53,841 INFO [train_policy] epoch=8 val_loss=0.602744 oracle_agreement=0.7869
2026-09-12 21:07:02,263 INFO [train_policy] epoch=9 val_loss=0.603533 oracle_agreement=0.7856
2026-09-12 21:08:07,979 INFO [train_policy] epoch=10 val_loss=0.601028 oracle_agreement=0.7885
2026-09-12 21:09:14,685 INFO [train_policy] epoch=11 val_loss=0.602207 oracle_agreement=0.7888
2026-09-12 21:10:22,379 INFO [train_policy] epoch=12 val_loss=0.601363 oracle_agreement=0.7882
2026-09-12 21:11:31,059 INFO [train_policy] epoch=13 val_loss=0.601445 oracle_agreement=0.7890
2026-09-12 21:12:38,576 INFO [train_policy] epoch=14 val_loss=0.599926 oracle_agreement=0.7887
2026-09-12 21:13:44,817 INFO [train_policy] epoch=15 val_loss=0.601271 oracle_agreement=0.7884
2026-09-12 21:14:53,798 INFO [train_policy] epoch=16 val_loss=0.599946 oracle_agreement=0.7884
2026-09-12 21:15:52,618 INFO [train_policy] epoch=17 val_loss=0.600369 oracle_agreement=0.7873
2026-09-12 21:16:56,892 INFO [train_policy] epoch=18 val_loss=0.601614 oracle_agreement=0.7902
2026-09-12 21:18:06,588 INFO [train_policy] epoch=19 val_loss=0.601463 oracle_agreement=0.7867
{
  "encoder": "deep_sets",
  "gru_condition": "standard",
  "cost_multiplier": 0.0,
  "target_kind": "voi",
  "limit": null,
  "seed": 42,
  "pilot": false,
  "config_approval": "APPROVED",
  "output": "outputs/week8_ablations/no_semantic_match/policy_checkpoints/policy_deep_sets_standard_lambda0_seed42.best.pt"
}
{
  "format_version": "week6_policy_validation_v1",
  "is_valid": true,
  "fit_split": "train",
  "selection_split": "val",
  "calibration_used": false,
  "test_used": false,
  "encoder_name": "deep_sets",
  "gru_condition": "standard",
  "seed": 42,
  "cost_multiplier": 0.0,
  "target_kind": "voi",
  "train_rows": 436429,
  "validation_rows": 60483,
  "best_epoch": 14,
  "metrics": {
    "total": 0.5999264244368422,
    "ranking": 0.08286824684976347,
    "mse": 0.7282798415270381,
    "action_ce": 0.6699764363643478,
    "best_action_accuracy": 0.7887340244366186,
    "stop_prediction_rate": 0.40442769042540877,
    "row_count": 60483
  },
  "checkpoint_path": "outputs/week8_ablations/no_semantic_match/policy_checkpoints/policy_deep_sets_standard_lambda0_seed42.best.pt",
  "checkpoint_sha256": "2eff685c94ca17b46db31b54e4cf398546e327085e04051fe6b66bc7097203e3",
  "config_sha256": "0bf6c600963d1002b722e72e84e95315e8554248f5e1ffaad1b79d86c9f090a8",
  "source_manifest_sha256": "a1cde92b41827d864453df4a0ba470a29bfc5438f0c016656edf98ec1d461726",
  "diagnostic_checkpoint_sha256": "4d1e5714b5624ca8f3d0fdad00dca28c25d67fec5af248e6bc46a3684a24bbee",
  "vector_manifest_sha256": "d84201186bcfd7db79585b12d43acc54acf3fded26ebbc13352e7ab620728a08",
  "week5_freeze_sha256": "f7d1dcf07534d99e6e7ff0b65758d2ce615a1b4eafb8dab4e4462e97f5ab27a5",
  "limit": null,
  "report_sha256": "6a0dd253e836c3cc6f159d962802cc10b7470262724ccf976ea796ca9c1b105c"
}
	Command being timed: "timeout --signal=TERM --kill-after=5m 2700s env CUDA_VISIBLE_DEVICES=1 python scripts/train_policy.py --config outputs/week8_data/ablation_configs/no_semantic_match_policy.yaml --manifest_path outputs/week8_ablations/no_semantic_match/vectorized/vectorized_manifest.json --voi_manifest outputs/week8_ablations/no_semantic_match/voi/voi_manifest.json --diagnostic_checkpoint outputs/week8_ablations/no_semantic_match/diagnostic_checkpoints/diag_deep_sets_standard_seed42.best.pt --freeze_manifest outputs/week8_ablations/no_semantic_match/freeze/week8_diagnostic_freeze.json --cost_multiplier 0.0 --target_kind voi --seed 42 --device cuda:0 --output_dir outputs/week8_ablations/no_semantic_match/policy_checkpoints --resume"
	User time (seconds): 1420.06
	System time (seconds): 10.60
	Percent of CPU this job got: 101%
	Elapsed (wall clock) time (h:mm:ss or m:ss): 23:31.41
	Average shared text size (kbytes): 0
	Average unshared data size (kbytes): 0
	Average stack size (kbytes): 0
	Average total size (kbytes): 0
	Maximum resident set size (kbytes): 6064984
	Average resident set size (kbytes): 0
	Major (requiring I/O) page faults: 0
	Minor (reclaiming a frame) page faults: 1532170
	Voluntary context switches: 51835
	Involuntary context switches: 96131
	Swaps: 0
	File system inputs: 8
	File system outputs: 28448
	Socket messages sent: 0
	Socket messages received: 0
	Signals delivered: 0
	Page size (bytes): 4096
	Exit status: 0
no_semantic_match policy training exit code: 0
