===== no_semantic_match stack freeze =====
Timeout 600s; worker ceiling remaining 5530s
{
  "artifacts": {
    "diagnostic_checkpoint": {
      "path": "outputs/week8_ablations/no_semantic_match/diagnostic_checkpoints/diag_deep_sets_standard_seed42.best.pt",
      "sha256": "4d1e5714b5624ca8f3d0fdad00dca28c25d67fec5af248e6bc46a3684a24bbee"
    },
    "diagnostic_config": {
      "path": "outputs/week8_data/ablation_configs/no_semantic_match_diag.yaml",
      "sha256": "0faeb26065320ae2308462e480c3ac64e50c1f2937205babb1bb2d24def55f76"
    },
    "policy_checkpoint": {
      "path": "outputs/week8_ablations/no_semantic_match/policy_checkpoints/policy_deep_sets_standard_lambda0_seed42.best.pt",
      "sha256": "2eff685c94ca17b46db31b54e4cf398546e327085e04051fe6b66bc7097203e3"
    },
    "policy_config": {
      "path": "outputs/week8_data/ablation_configs/no_semantic_match_policy.yaml",
      "sha256": "0bf6c600963d1002b722e72e84e95315e8554248f5e1ffaad1b79d86c9f090a8"
    },
    "selection_report": {
      "path": "outputs/week8_ablations/no_semantic_match/freeze/predeclared_stack_selection.json",
      "sha256": "e3913694f8d9ed0d12c92b47f33017c1415ab9fecd70655cf47548972815652b"
    },
    "vector_manifest": {
      "path": "outputs/week8_ablations/no_semantic_match/vectorized/vectorized_manifest.json",
      "sha256": "d84201186bcfd7db79585b12d43acc54acf3fded26ebbc13352e7ab620728a08"
    },
    "week8_config": {
      "path": "configs/experiments/week8_evaluation.yaml",
      "sha256": "59748c18da7375db6140f05d6c5ec2670c6ce19eeb25b5931e94868ffe7d9cf6"
    }
  },
  "format_version": "proactive_stack_freeze_v1",
  "freeze_sha256": "b7847b76edd83e8585cf928211f333c0361fd7b97b9fb0b089fb5f546bc61a0d",
  "owner_approved": true,
  "status": "FROZEN"
}

	Command being timed: "timeout --signal=TERM --kill-after=5m 600s python scripts/freeze_week8_ablation_stack.py --week8_config configs/experiments/week8_evaluation.yaml --ablation_id no_semantic_match --diag_config outputs/week8_data/ablation_configs/no_semantic_match_diag.yaml --policy_config outputs/week8_data/ablation_configs/no_semantic_match_policy.yaml --vector_manifest outputs/week8_ablations/no_semantic_match/vectorized/vectorized_manifest.json --diagnostic_checkpoint outputs/week8_ablations/no_semantic_match/diagnostic_checkpoints/diag_deep_sets_standard_seed42.best.pt --policy_checkpoint outputs/week8_ablations/no_semantic_match/policy_checkpoints/policy_deep_sets_standard_lambda0_seed42.best.pt --output_dir outputs/week8_ablations/no_semantic_match/freeze --approve_freeze --overwrite"
	User time (seconds): 1.74
	System time (seconds): 5.44
	Percent of CPU this job got: 528%
	Elapsed (wall clock) time (h:mm:ss or m:ss): 0:01.36
	Average shared text size (kbytes): 0
	Average unshared data size (kbytes): 0
	Average stack size (kbytes): 0
	Average total size (kbytes): 0
	Maximum resident set size (kbytes): 429828
	Average resident set size (kbytes): 0
	Major (requiring I/O) page faults: 0
	Minor (reclaiming a frame) page faults: 62331
	Voluntary context switches: 174
	Involuntary context switches: 97465
	Swaps: 0
	File system inputs: 0
	File system outputs: 16
	Socket messages sent: 0
	Socket messages received: 0
	Signals delivered: 0
	Page size (bytes): 4096
	Exit status: 0
no_semantic_match stack freeze exit code: 0
