{
  "format_version": "week7_final_aps_v1",
  "status": "FINAL_FROZEN",
  "fit_split": "cal",
  "test_used": false,
  "config_sha256": "10c5b4775f911ae62b5f2e25c331c5adda9a15ee3576f8e853ac0a982b0cd960",
  "freeze_manifest_sha256": "735b6b270eb177c8f0f08250104624d9fa8060f97095fc2f9adacc27873bd2ed",
  "trajectory_manifest_sha256": "b38cde111c0495401124eb2c749eca14f2ec42fc9756966fdec65b245a96fe28",
  "budgets": [
    1,
    2,
    3,
    4,
    7
  ],
  "coverages": [
    0.9,
    0.95
  ],
  "thresholds": {
    "1": {
      "0.9": {
        "alpha": 0.09999999999999998,
        "target_coverage": 0.9,
        "threshold": 0.9999984204769135,
        "calibration_count": 1500,
        "calibration_metrics": {
          "coverage": 0.9006666666666666,
          "average_set_size": 2.882,
          "singleton_rate": 0.13533333333333333,
          "empty_set_rate": 0.07533333333333334
        }
      },
      "0.95": {
        "alpha": 0.050000000000000044,
        "target_coverage": 0.95,
        "threshold": 0.9999996423721313,
        "calibration_count": 1500,
        "calibration_metrics": {
          "coverage": 0.9553333333333334,
          "average_set_size": 3.3693333333333335,
          "singleton_rate": 0.114,
          "empty_set_rate": 0.03266666666666666
        }
      }
    },
    "2": {
      "0.9": {
        "alpha": 0.09999999999999998,
        "target_coverage": 0.9,
        "threshold": 0.9999994039535522,
        "calibration_count": 1500,
        "calibration_metrics": {
          "coverage": 0.9033333333333333,
          "average_set_size": 2.6086666666666667,
          "singleton_rate": 0.182,
          "empty_set_rate": 0.084
        }
      },
      "0.95": {
        "alpha": 0.050000000000000044,
        "target_coverage": 0.95,
        "threshold": 1.0,
        "calibration_count": 1500,
        "calibration_metrics": {
          "coverage": 0.9993333333333333,
          "average_set_size": 4.53,
          "singleton_rate": 0.07733333333333334,
          "empty_set_rate": 0.0
        }
      }
    },
    "3": {
      "0.9": {
        "alpha": 0.09999999999999998,
        "target_coverage": 0.9,
        "threshold": 0.9999998267740011,
        "calibration_count": 1500,
        "calibration_metrics": {
          "coverage": 0.9006666666666666,
          "average_set_size": 2.576,
          "singleton_rate": 0.15,
          "empty_set_rate": 0.09533333333333334
        }
      },
      "0.95": {
        "alpha": 0.050000000000000044,
        "target_coverage": 0.95,
        "threshold": 1.0,
        "calibration_count": 1500,
        "calibration_metrics": {
          "coverage": 0.9993333333333333,
          "average_set_size": 4.288666666666667,
          "singleton_rate": 0.11666666666666667,
          "empty_set_rate": 0.0
        }
      }
    },
    "4": {
      "0.9": {
        "alpha": 0.09999999999999998,
        "target_coverage": 0.9,
        "threshold": 0.9999999701976776,
        "calibration_count": 1500,
        "calibration_metrics": {
          "coverage": 0.9013333333333333,
          "average_set_size": 3.532,
          "singleton_rate": 0.074,
          "empty_set_rate": 0.09666666666666666
        }
      },
      "0.95": {
        "alpha": 0.050000000000000044,
        "target_coverage": 0.95,
        "threshold": 1.0,
        "calibration_count": 1500,
        "calibration_metrics": {
          "coverage": 0.9993333333333333,
          "average_set_size": 4.236,
          "singleton_rate": 0.13333333333333333,
          "empty_set_rate": 0.0
        }
      }
    },
    "7": {
      "0.9": {
        "alpha": 0.09999999999999998,
        "target_coverage": 0.9,
        "threshold": 1.0,
        "calibration_count": 1500,
        "calibration_metrics": {
          "coverage": 0.9993333333333333,
          "average_set_size": 4.081333333333333,
          "singleton_rate": 0.18466666666666667,
          "empty_set_rate": 0.0
        }
      },
      "0.95": {
        "alpha": 0.050000000000000044,
        "target_coverage": 0.95,
        "threshold": 1.0,
        "calibration_count": 1500,
        "calibration_metrics": {
          "coverage": 0.9993333333333333,
          "average_set_size": 4.081333333333333,
          "singleton_rate": 0.18466666666666667,
          "empty_set_rate": 0.0
        }
      }
    }
  },
  "thresholds_sha256": "3d70ec81650df2c0e31719e36b911b69d5450420269b045406d41c3ab673177a"
}
