{
  "format_version": "static_baseline_aps_v1",
  "status": "FINAL_FROZEN",
  "baseline": "scalar_confidence",
  "fit_split": "cal",
  "calibration_used": true,
  "test_used": false,
  "approval_config_sha256": "10c5b4775f911ae62b5f2e25c331c5adda9a15ee3576f8e853ac0a982b0cd960",
  "vector_manifest_sha256": "1fac2c343e57ca8b6702c4e6a282a7b86a48042a6d133ba84612b5b1c50201ae",
  "checkpoint_sha256": "4034b1a49e613de87f5b106b52fbe96628d608ccaca2d2bcb03c86a9555de660",
  "freeze_manifest_sha256": "735b6b270eb177c8f0f08250104624d9fa8060f97095fc2f9adacc27873bd2ed",
  "budgets": [
    1,
    2,
    3,
    4,
    7
  ],
  "coverages": [
    0.9,
    0.95
  ],
  "limit": null,
  "thresholds": {
    "1": {
      "0.9": {
        "alpha": 0.09999999999999998,
        "target_coverage": 0.9,
        "threshold": 0.9452603459358215,
        "fit_count": 1500,
        "fit_metrics": {
          "coverage": 0.9006666666666666,
          "average_set_size": 3.516,
          "singleton_rate": 0.12666666666666668,
          "empty_set_rate": 0.0033333333333333335
        }
      },
      "0.95": {
        "alpha": 0.050000000000000044,
        "target_coverage": 0.95,
        "threshold": 0.9999999739229679,
        "fit_count": 1500,
        "fit_metrics": {
          "coverage": 0.9513333333333334,
          "average_set_size": 5.32,
          "singleton_rate": 0.0,
          "empty_set_rate": 0.0
        }
      }
    },
    "2": {
      "0.9": {
        "alpha": 0.09999999999999998,
        "target_coverage": 0.9,
        "threshold": 0.9452603459358215,
        "fit_count": 1500,
        "fit_metrics": {
          "coverage": 0.9006666666666666,
          "average_set_size": 3.516,
          "singleton_rate": 0.12666666666666668,
          "empty_set_rate": 0.0033333333333333335
        }
      },
      "0.95": {
        "alpha": 0.050000000000000044,
        "target_coverage": 0.95,
        "threshold": 0.9999999739229679,
        "fit_count": 1500,
        "fit_metrics": {
          "coverage": 0.9513333333333334,
          "average_set_size": 5.32,
          "singleton_rate": 0.0,
          "empty_set_rate": 0.0
        }
      }
    },
    "3": {
      "0.9": {
        "alpha": 0.09999999999999998,
        "target_coverage": 0.9,
        "threshold": 0.9452603459358215,
        "fit_count": 1500,
        "fit_metrics": {
          "coverage": 0.9006666666666666,
          "average_set_size": 3.516,
          "singleton_rate": 0.12666666666666668,
          "empty_set_rate": 0.0033333333333333335
        }
      },
      "0.95": {
        "alpha": 0.050000000000000044,
        "target_coverage": 0.95,
        "threshold": 0.9999999739229679,
        "fit_count": 1500,
        "fit_metrics": {
          "coverage": 0.9513333333333334,
          "average_set_size": 5.32,
          "singleton_rate": 0.0,
          "empty_set_rate": 0.0
        }
      }
    },
    "4": {
      "0.9": {
        "alpha": 0.09999999999999998,
        "target_coverage": 0.9,
        "threshold": 0.9452603459358215,
        "fit_count": 1500,
        "fit_metrics": {
          "coverage": 0.9006666666666666,
          "average_set_size": 3.516,
          "singleton_rate": 0.12666666666666668,
          "empty_set_rate": 0.0033333333333333335
        }
      },
      "0.95": {
        "alpha": 0.050000000000000044,
        "target_coverage": 0.95,
        "threshold": 0.9999999739229679,
        "fit_count": 1500,
        "fit_metrics": {
          "coverage": 0.9513333333333334,
          "average_set_size": 5.32,
          "singleton_rate": 0.0,
          "empty_set_rate": 0.0
        }
      }
    },
    "7": {
      "0.9": {
        "alpha": 0.09999999999999998,
        "target_coverage": 0.9,
        "threshold": 0.9452603459358215,
        "fit_count": 1500,
        "fit_metrics": {
          "coverage": 0.9006666666666666,
          "average_set_size": 3.516,
          "singleton_rate": 0.12666666666666668,
          "empty_set_rate": 0.0033333333333333335
        }
      },
      "0.95": {
        "alpha": 0.050000000000000044,
        "target_coverage": 0.95,
        "threshold": 0.9999999739229679,
        "fit_count": 1500,
        "fit_metrics": {
          "coverage": 0.9513333333333334,
          "average_set_size": 5.32,
          "singleton_rate": 0.0,
          "empty_set_rate": 0.0
        }
      }
    }
  },
  "report_sha256": "5d8ea178e7c468962a05f6f6bb9bea364c952f30248790808fe2e8affe21560e"
}
