{
  "format_version": "static_baseline_aps_v1",
  "status": "FINAL_FROZEN",
  "baseline": "one_pass_distilled",
  "fit_split": "cal",
  "calibration_used": true,
  "test_used": false,
  "approval_config_sha256": "10c5b4775f911ae62b5f2e25c331c5adda9a15ee3576f8e853ac0a982b0cd960",
  "vector_manifest_sha256": "1fac2c343e57ca8b6702c4e6a282a7b86a48042a6d133ba84612b5b1c50201ae",
  "checkpoint_sha256": "4d8f01d29680b6303cf62d55191045b58d42f1de8128a702b0b6adf7adfc7775",
  "freeze_manifest_sha256": "735b6b270eb177c8f0f08250104624d9fa8060f97095fc2f9adacc27873bd2ed",
  "budgets": [
    1,
    2,
    3,
    4,
    7
  ],
  "coverages": [
    0.9,
    0.95
  ],
  "limit": null,
  "thresholds": {
    "1": {
      "0.9": {
        "alpha": 0.09999999999999998,
        "target_coverage": 0.9,
        "threshold": 0.9967554211616516,
        "fit_count": 1500,
        "fit_metrics": {
          "coverage": 0.9006666666666666,
          "average_set_size": 3.925333333333333,
          "singleton_rate": 0.11733333333333333,
          "empty_set_rate": 0.07533333333333334
        }
      },
      "0.95": {
        "alpha": 0.050000000000000044,
        "target_coverage": 0.95,
        "threshold": 0.9975122213363647,
        "fit_count": 1500,
        "fit_metrics": {
          "coverage": 0.9506666666666667,
          "average_set_size": 4.008666666666667,
          "singleton_rate": 0.148,
          "empty_set_rate": 0.025333333333333333
        }
      }
    },
    "2": {
      "0.9": {
        "alpha": 0.09999999999999998,
        "target_coverage": 0.9,
        "threshold": 0.9967554211616516,
        "fit_count": 1500,
        "fit_metrics": {
          "coverage": 0.9006666666666666,
          "average_set_size": 3.925333333333333,
          "singleton_rate": 0.11733333333333333,
          "empty_set_rate": 0.07533333333333334
        }
      },
      "0.95": {
        "alpha": 0.050000000000000044,
        "target_coverage": 0.95,
        "threshold": 0.9975122213363647,
        "fit_count": 1500,
        "fit_metrics": {
          "coverage": 0.9506666666666667,
          "average_set_size": 4.008666666666667,
          "singleton_rate": 0.148,
          "empty_set_rate": 0.025333333333333333
        }
      }
    },
    "3": {
      "0.9": {
        "alpha": 0.09999999999999998,
        "target_coverage": 0.9,
        "threshold": 0.9967554211616516,
        "fit_count": 1500,
        "fit_metrics": {
          "coverage": 0.9006666666666666,
          "average_set_size": 3.925333333333333,
          "singleton_rate": 0.11733333333333333,
          "empty_set_rate": 0.07533333333333334
        }
      },
      "0.95": {
        "alpha": 0.050000000000000044,
        "target_coverage": 0.95,
        "threshold": 0.9975122213363647,
        "fit_count": 1500,
        "fit_metrics": {
          "coverage": 0.9506666666666667,
          "average_set_size": 4.008666666666667,
          "singleton_rate": 0.148,
          "empty_set_rate": 0.025333333333333333
        }
      }
    },
    "4": {
      "0.9": {
        "alpha": 0.09999999999999998,
        "target_coverage": 0.9,
        "threshold": 0.9967554211616516,
        "fit_count": 1500,
        "fit_metrics": {
          "coverage": 0.9006666666666666,
          "average_set_size": 3.925333333333333,
          "singleton_rate": 0.11733333333333333,
          "empty_set_rate": 0.07533333333333334
        }
      },
      "0.95": {
        "alpha": 0.050000000000000044,
        "target_coverage": 0.95,
        "threshold": 0.9975122213363647,
        "fit_count": 1500,
        "fit_metrics": {
          "coverage": 0.9506666666666667,
          "average_set_size": 4.008666666666667,
          "singleton_rate": 0.148,
          "empty_set_rate": 0.025333333333333333
        }
      }
    },
    "7": {
      "0.9": {
        "alpha": 0.09999999999999998,
        "target_coverage": 0.9,
        "threshold": 0.9967554211616516,
        "fit_count": 1500,
        "fit_metrics": {
          "coverage": 0.9006666666666666,
          "average_set_size": 3.925333333333333,
          "singleton_rate": 0.11733333333333333,
          "empty_set_rate": 0.07533333333333334
        }
      },
      "0.95": {
        "alpha": 0.050000000000000044,
        "target_coverage": 0.95,
        "threshold": 0.9975122213363647,
        "fit_count": 1500,
        "fit_metrics": {
          "coverage": 0.9506666666666667,
          "average_set_size": 4.008666666666667,
          "singleton_rate": 0.148,
          "empty_set_rate": 0.025333333333333333
        }
      }
    }
  },
  "report_sha256": "4b7f7b575536898e8968475d60b9bc635070578e4c1c280154ca1487c9ec0bce"
}
