===== gru_random scalar validation APS =====
Allowed seconds: 900
{
  "format_version": "static_baseline_aps_v1",
  "status": "TEMPORARY_VALIDATION",
  "baseline": "scalar_confidence",
  "fit_split": "val",
  "calibration_used": false,
  "test_used": false,
  "approval_config_sha256": "33e88aa1bbc4dbaa47309015be7e6e188523dcdf5416cf64d1703aa4c442c9eb",
  "vector_manifest_sha256": "1fac2c343e57ca8b6702c4e6a282a7b86a48042a6d133ba84612b5b1c50201ae",
  "checkpoint_sha256": "aac89ea00d4f9d5f14c5604ebf8312da701006a7fd87602f8c935efc950c4a7c",
  "freeze_manifest_sha256": null,
  "budgets": [
    1,
    2,
    4
  ],
  "coverages": [
    0.9,
    0.95
  ],
  "limit": null,
  "thresholds": {
    "1": {
      "0.9": {
        "alpha": 0.09999999999999998,
        "target_coverage": 0.9,
        "threshold": 0.9543610215187073,
        "fit_count": 1404,
        "fit_metrics": {
          "coverage": 0.9009971509971509,
          "average_set_size": 3.4401709401709404,
          "singleton_rate": 0.13319088319088318,
          "empty_set_rate": 0.01638176638176638
        }
      },
      "0.95": {
        "alpha": 0.050000000000000044,
        "target_coverage": 0.95,
        "threshold": 0.9999999664723873,
        "fit_count": 1404,
        "fit_metrics": {
          "coverage": 0.9508547008547008,
          "average_set_size": 5.195868945868946,
          "singleton_rate": 0.0,
          "empty_set_rate": 0.0
        }
      }
    },
    "2": {
      "0.9": {
        "alpha": 0.09999999999999998,
        "target_coverage": 0.9,
        "threshold": 0.9543610215187073,
        "fit_count": 1404,
        "fit_metrics": {
          "coverage": 0.9009971509971509,
          "average_set_size": 3.4401709401709404,
          "singleton_rate": 0.13319088319088318,
          "empty_set_rate": 0.01638176638176638
        }
      },
      "0.95": {
        "alpha": 0.050000000000000044,
        "target_coverage": 0.95,
        "threshold": 0.9999999664723873,
        "fit_count": 1404,
        "fit_metrics": {
          "coverage": 0.9508547008547008,
          "average_set_size": 5.195868945868946,
          "singleton_rate": 0.0,
          "empty_set_rate": 0.0
        }
      }
    },
    "4": {
      "0.9": {
        "alpha": 0.09999999999999998,
        "target_coverage": 0.9,
        "threshold": 0.9543610215187073,
        "fit_count": 1404,
        "fit_metrics": {
          "coverage": 0.9009971509971509,
          "average_set_size": 3.4401709401709404,
          "singleton_rate": 0.13319088319088318,
          "empty_set_rate": 0.01638176638176638
        }
      },
      "0.95": {
        "alpha": 0.050000000000000044,
        "target_coverage": 0.95,
        "threshold": 0.9999999664723873,
        "fit_count": 1404,
        "fit_metrics": {
          "coverage": 0.9508547008547008,
          "average_set_size": 5.195868945868946,
          "singleton_rate": 0.0,
          "empty_set_rate": 0.0
        }
      }
    }
  },
  "report_sha256": "c6ab2b25834d03c8aaf90656438bc75faa7c51eb4442b6d19fcd135618e2db47"
}
	Command being timed: "timeout --signal=INT --kill-after=120s 900s env CUDA_VISIBLE_DEVICES=1 PYTHONPATH=src python scripts/calibrate_static_baseline_aps.py --approval_config configs/experiments/policy_train.yaml --manifest_path outputs/week5_data/vectorized_manifest.json --checkpoint outputs/week6_comparison_checkpoints/gru_random/baseline_scalar_seed42.best.pt --phase validation --budgets 1 2 4 --coverages 0.90 0.95 --output_dir outputs/week6_reports/comparisons/gru_random/static_aps_validation --seed 42 --device cuda:0 --resume"
	User time (seconds): 9.64
	System time (seconds): 6.02
	Percent of CPU this job got: 439%
	Elapsed (wall clock) time (h:mm:ss or m:ss): 0:03.57
	Average shared text size (kbytes): 0
	Average unshared data size (kbytes): 0
	Average stack size (kbytes): 0
	Average total size (kbytes): 0
	Maximum resident set size (kbytes): 879932
	Average resident set size (kbytes): 0
	Major (requiring I/O) page faults: 0
	Minor (reclaiming a frame) page faults: 157664
	Voluntary context switches: 505
	Involuntary context switches: 38475
	Swaps: 0
	File system inputs: 56
	File system outputs: 8
	Socket messages sent: 0
	Socket messages received: 0
	Signals delivered: 0
	Page size (bytes): 4096
	Exit status: 0
gru_random scalar validation APS exit code: 0
