===== gru_random distilled baseline =====
Allowed seconds: 2700
2026-09-06 00:24:13,569 INFO [train_one_pass_baselines] epoch=0 train_loss=1.103857 val_macro_f1=0.7393
2026-09-06 00:24:14,806 INFO [train_one_pass_baselines] epoch=1 train_loss=0.954503 val_macro_f1=0.7463
2026-09-06 00:24:16,139 INFO [train_one_pass_baselines] epoch=2 train_loss=0.933411 val_macro_f1=0.7468
2026-09-06 00:24:17,479 INFO [train_one_pass_baselines] epoch=3 train_loss=0.925076 val_macro_f1=0.7438
2026-09-06 00:24:18,826 INFO [train_one_pass_baselines] epoch=4 train_loss=0.914792 val_macro_f1=0.7470
2026-09-06 00:24:20,061 INFO [train_one_pass_baselines] epoch=5 train_loss=0.910571 val_macro_f1=0.7471
2026-09-06 00:24:21,397 INFO [train_one_pass_baselines] epoch=6 train_loss=0.906679 val_macro_f1=0.7443
2026-09-06 00:24:22,743 INFO [train_one_pass_baselines] epoch=7 train_loss=0.898573 val_macro_f1=0.7552
2026-09-06 00:24:24,079 INFO [train_one_pass_baselines] epoch=8 train_loss=0.896465 val_macro_f1=0.7511
2026-09-06 00:24:25,304 INFO [train_one_pass_baselines] epoch=9 train_loss=0.892074 val_macro_f1=0.7482
2026-09-06 00:24:26,621 INFO [train_one_pass_baselines] epoch=10 train_loss=0.890745 val_macro_f1=0.7566
2026-09-06 00:24:27,929 INFO [train_one_pass_baselines] epoch=11 train_loss=0.887018 val_macro_f1=0.7493
2026-09-06 00:24:29,236 INFO [train_one_pass_baselines] epoch=12 train_loss=0.884113 val_macro_f1=0.7480
2026-09-06 00:24:30,444 INFO [train_one_pass_baselines] epoch=13 train_loss=0.877209 val_macro_f1=0.7517
2026-09-06 00:24:31,751 INFO [train_one_pass_baselines] epoch=14 train_loss=0.877321 val_macro_f1=0.7507
2026-09-06 00:24:33,069 INFO [train_one_pass_baselines] epoch=15 train_loss=0.877228 val_macro_f1=0.7582
2026-09-06 00:24:34,379 INFO [train_one_pass_baselines] epoch=16 train_loss=0.874985 val_macro_f1=0.7558
2026-09-06 00:24:35,592 INFO [train_one_pass_baselines] epoch=17 train_loss=0.874022 val_macro_f1=0.7682
2026-09-06 00:24:36,910 INFO [train_one_pass_baselines] epoch=18 train_loss=0.870015 val_macro_f1=0.7724
2026-09-06 00:24:38,216 INFO [train_one_pass_baselines] epoch=19 train_loss=0.875415 val_macro_f1=0.7652
2026-09-06 00:24:39,526 INFO [train_one_pass_baselines] epoch=20 train_loss=0.870723 val_macro_f1=0.7695
2026-09-06 00:24:40,733 INFO [train_one_pass_baselines] epoch=21 train_loss=0.865085 val_macro_f1=0.7674
2026-09-06 00:24:42,046 INFO [train_one_pass_baselines] epoch=22 train_loss=0.869368 val_macro_f1=0.7524
2026-09-06 00:24:43,248 INFO [train_one_pass_baselines] epoch=23 train_loss=0.864841 val_macro_f1=0.7663
{
  "baseline": "distilled",
  "pilot": false,
  "output": "outputs/week6_comparison_checkpoints/gru_random/baseline_distilled_seed42.best.pt"
}
{
  "format_version": "week6_one_pass_baseline_validation_v1",
  "is_valid": true,
  "fit_split": "train",
  "selection_split": "val",
  "calibration_used": false,
  "test_used": false,
  "baseline_type": "distilled",
  "metrics": {
    "record_count": 1404,
    "source_bit_micro_f1": 0.764928193499622,
    "source_bit_macro_f1": 0.7723998313118274,
    "source_bit_hamming_loss": 0.2215099715099715,
    "source_bit_auroc": {
      "visual": 0.9043293173508773,
      "language": 0.6476204765170814,
      "alignment": 0.9687824749553146
    },
    "six_way_macro_f1": 0.2749815723656376,
    "six_way_balanced_accuracy": 0.3148814071082979,
    "six_way_confusion_matrix": [
      [
        17,
        105,
        0,
        65,
        0,
        0
      ],
      [
        3,
        338,
        0,
        51,
        0,
        0
      ],
      [
        3,
        8,
        0,
        33,
        0,
        0
      ],
      [
        7,
        31,
        0,
        557,
        0,
        0
      ],
      [
        1,
        7,
        0,
        4,
        0,
        0
      ],
      [
        0,
        158,
        0,
        16,
        0,
        0
      ]
    ],
    "six_way_labels": [
      "visual",
      "language-prior",
      "alignment",
      "mixed",
      "unclear",
      "no-failure"
    ],
    "signature_mse": 0.08523955785480321
  },
  "checkpoint_path": "outputs/week6_comparison_checkpoints/gru_random/baseline_distilled_seed42.best.pt",
  "checkpoint_sha256": "ab6194e73a1fd942fabd0a6d9e8952d8076c78b85d968127305aae9d2e9912f2",
  "config_sha256": "33e88aa1bbc4dbaa47309015be7e6e188523dcdf5416cf64d1703aa4c442c9eb",
  "source_manifest_sha256": "1fac2c343e57ca8b6702c4e6a282a7b86a48042a6d133ba84612b5b1c50201ae",
  "diagnostic_checkpoint_sha256": "883b78c4264d7336dab9aa45e5dcc8eabafc83c8ea058b63d935278fe0dd8126",
  "week5_freeze_sha256": "d6323ee4dae857fbb6bdca8df392f743924f319339c4e21935d68ebda389a858",
  "seed": 42,
  "limit": null,
  "report_sha256": "bb1600c902a99010f11b96632c0ae0d671d09c73a8c7a599a70d00b0be194a62"
}
	Command being timed: "timeout --signal=INT --kill-after=120s 2700s env CUDA_VISIBLE_DEVICES=1 PYTHONPATH=src python scripts/train_one_pass_baselines.py --config configs/experiments/policy_train.yaml --manifest_path outputs/week5_data/vectorized_manifest.json --diagnostic_checkpoint outputs/week5_checkpoints/diag_gru_random_permutation_seed42.best.pt --freeze_manifest outputs/week5_reports/week5_encoder_freeze.json --baseline distilled --seed 42 --device cuda:0 --output_dir outputs/week6_comparison_checkpoints/gru_random --resume"
	User time (seconds): 43.11
	System time (seconds): 6.75
	Percent of CPU this job got: 136%
	Elapsed (wall clock) time (h:mm:ss or m:ss): 0:36.44
	Average shared text size (kbytes): 0
	Average unshared data size (kbytes): 0
	Average stack size (kbytes): 0
	Average total size (kbytes): 0
	Maximum resident set size (kbytes): 1664848
	Average resident set size (kbytes): 0
	Major (requiring I/O) page faults: 3
	Minor (reclaiming a frame) page faults: 365181
	Voluntary context switches: 1967
	Involuntary context switches: 91772
	Swaps: 0
	File system inputs: 464
	File system outputs: 67144
	Socket messages sent: 0
	Socket messages received: 0
	Signals delivered: 0
	Page size (bytes): 4096
	Exit status: 0
gru_random distilled baseline exit code: 0
