===== gru_random entropy policy =====
Allowed seconds: 2700
2026-09-06 00:05:52,291 INFO [train_policy] epoch=0 val_loss=0.421577 oracle_agreement=0.8181
2026-09-06 00:06:59,796 INFO [train_policy] epoch=1 val_loss=0.418375 oracle_agreement=0.8182
2026-09-06 00:08:07,851 INFO [train_policy] epoch=2 val_loss=0.418684 oracle_agreement=0.8185
2026-09-06 00:09:14,098 INFO [train_policy] epoch=3 val_loss=0.417422 oracle_agreement=0.8212
2026-09-06 00:10:21,761 INFO [train_policy] epoch=4 val_loss=0.417009 oracle_agreement=0.8184
2026-09-06 00:11:25,737 INFO [train_policy] epoch=5 val_loss=0.416299 oracle_agreement=0.8211
2026-09-06 00:12:32,632 INFO [train_policy] epoch=6 val_loss=0.416708 oracle_agreement=0.8213
2026-09-06 00:13:32,482 INFO [train_policy] epoch=7 val_loss=0.416591 oracle_agreement=0.8198
2026-09-06 00:14:40,027 INFO [train_policy] epoch=8 val_loss=0.416239 oracle_agreement=0.8206
2026-09-06 00:15:48,134 INFO [train_policy] epoch=9 val_loss=0.415025 oracle_agreement=0.8232
2026-09-06 00:16:56,707 INFO [train_policy] epoch=10 val_loss=0.416101 oracle_agreement=0.8214
2026-09-06 00:18:04,297 INFO [train_policy] epoch=11 val_loss=0.414818 oracle_agreement=0.8213
2026-09-06 00:19:13,083 INFO [train_policy] epoch=12 val_loss=0.416631 oracle_agreement=0.8216
2026-09-06 00:20:21,384 INFO [train_policy] epoch=13 val_loss=0.415573 oracle_agreement=0.8219
2026-09-06 00:21:29,536 INFO [train_policy] epoch=14 val_loss=0.415343 oracle_agreement=0.8211
2026-09-06 00:22:35,956 INFO [train_policy] epoch=15 val_loss=0.415385 oracle_agreement=0.8213
2026-09-06 00:23:43,217 INFO [train_policy] epoch=16 val_loss=0.415722 oracle_agreement=0.8186
{
  "encoder": "gru",
  "gru_condition": "random_permutation",
  "cost_multiplier": 0.0,
  "target_kind": "entropy_reduction",
  "limit": null,
  "seed": 42,
  "pilot": false,
  "config_approval": "APPROVED",
  "output": "outputs/week6_comparison_checkpoints/gru_random/uncertainty_gru_random_permutation_lambda0_seed42.best.pt"
}
{
  "format_version": "week6_policy_validation_v1",
  "is_valid": true,
  "fit_split": "train",
  "selection_split": "val",
  "calibration_used": false,
  "test_used": false,
  "encoder_name": "gru",
  "gru_condition": "random_permutation",
  "seed": 42,
  "cost_multiplier": 0.0,
  "target_kind": "entropy_reduction",
  "train_rows": 436429,
  "validation_rows": 60483,
  "best_epoch": 11,
  "metrics": {
    "total": 0.41481770614391733,
    "ranking": 0.03891231140937516,
    "mse": 0.1726277748601784,
    "action_ce": 0.6654969002403752,
    "best_action_accuracy": 0.8213051601276392,
    "stop_prediction_rate": 0.4039647504257395,
    "row_count": 60483
  },
  "checkpoint_path": "outputs/week6_comparison_checkpoints/gru_random/uncertainty_gru_random_permutation_lambda0_seed42.best.pt",
  "checkpoint_sha256": "94ab91175b2e848b919eb27b1ed7b93475109e02f5b99d8c37c3ee8edd042f53",
  "config_sha256": "33e88aa1bbc4dbaa47309015be7e6e188523dcdf5416cf64d1703aa4c442c9eb",
  "source_manifest_sha256": "5a8215f41501ba2a7e00c9117569d38a5f5fd41dbe9507bab68021931a4f1143",
  "diagnostic_checkpoint_sha256": "883b78c4264d7336dab9aa45e5dcc8eabafc83c8ea058b63d935278fe0dd8126",
  "vector_manifest_sha256": "1fac2c343e57ca8b6702c4e6a282a7b86a48042a6d133ba84612b5b1c50201ae",
  "week5_freeze_sha256": "d6323ee4dae857fbb6bdca8df392f743924f319339c4e21935d68ebda389a858",
  "limit": null,
  "report_sha256": "8f59a547cb8544885639f5c8f6757c218d15d6f7fb9f3c7b3112596985bb8403"
}
	Command being timed: "timeout --signal=INT --kill-after=120s 2700s env CUDA_VISIBLE_DEVICES=1 PYTHONPATH=src python scripts/train_policy.py --config configs/experiments/policy_train.yaml --manifest_path outputs/week5_data/vectorized_manifest.json --voi_manifest outputs/week6_voi_gru_random/voi_manifest.json --diagnostic_checkpoint outputs/week5_checkpoints/diag_gru_random_permutation_seed42.best.pt --freeze_manifest outputs/week5_reports/week5_encoder_freeze.json --cost_multiplier 0 --target_kind entropy_reduction --seed 42 --device cuda:0 --output_dir outputs/week6_comparison_checkpoints/gru_random --resume"
	User time (seconds): 1249.23
	System time (seconds): 11.18
	Percent of CPU this job got: 101%
	Elapsed (wall clock) time (h:mm:ss or m:ss): 20:43.14
	Average shared text size (kbytes): 0
	Average unshared data size (kbytes): 0
	Average stack size (kbytes): 0
	Average total size (kbytes): 0
	Maximum resident set size (kbytes): 7251924
	Average resident set size (kbytes): 0
	Major (requiring I/O) page faults: 0
	Minor (reclaiming a frame) page faults: 1846128
	Voluntary context switches: 44395
	Involuntary context switches: 98685
	Swaps: 0
	File system inputs: 8
	File system outputs: 22968
	Socket messages sent: 0
	Socket messages received: 0
	Signals delivered: 0
	Page size (bytes): 4096
	Exit status: 0
gru_random entropy policy exit code: 0
