===== masked_slot distilled validation APS =====
Allowed seconds: 900
{
  "format_version": "static_baseline_aps_v1",
  "status": "TEMPORARY_VALIDATION",
  "baseline": "one_pass_distilled",
  "fit_split": "val",
  "calibration_used": false,
  "test_used": false,
  "approval_config_sha256": "33e88aa1bbc4dbaa47309015be7e6e188523dcdf5416cf64d1703aa4c442c9eb",
  "vector_manifest_sha256": "1fac2c343e57ca8b6702c4e6a282a7b86a48042a6d133ba84612b5b1c50201ae",
  "checkpoint_sha256": "a261e2172157d36db587ece08246a56ab6adac22be7fe0c4c249a6088cbf0aca",
  "freeze_manifest_sha256": null,
  "budgets": [
    1,
    2,
    4
  ],
  "coverages": [
    0.9,
    0.95
  ],
  "limit": null,
  "thresholds": {
    "1": {
      "0.9": {
        "alpha": 0.09999999999999998,
        "target_coverage": 0.9,
        "threshold": 0.9978526830673218,
        "fit_count": 1404,
        "fit_metrics": {
          "coverage": 0.9009971509971509,
          "average_set_size": 3.888888888888889,
          "singleton_rate": 0.1111111111111111,
          "empty_set_rate": 0.07692307692307693
        }
      },
      "0.95": {
        "alpha": 0.050000000000000044,
        "target_coverage": 0.95,
        "threshold": 0.9984234571456909,
        "fit_count": 1404,
        "fit_metrics": {
          "coverage": 0.9508547008547008,
          "average_set_size": 3.9786324786324787,
          "singleton_rate": 0.1396011396011396,
          "empty_set_rate": 0.027065527065527065
        }
      }
    },
    "2": {
      "0.9": {
        "alpha": 0.09999999999999998,
        "target_coverage": 0.9,
        "threshold": 0.9978526830673218,
        "fit_count": 1404,
        "fit_metrics": {
          "coverage": 0.9009971509971509,
          "average_set_size": 3.888888888888889,
          "singleton_rate": 0.1111111111111111,
          "empty_set_rate": 0.07692307692307693
        }
      },
      "0.95": {
        "alpha": 0.050000000000000044,
        "target_coverage": 0.95,
        "threshold": 0.9984234571456909,
        "fit_count": 1404,
        "fit_metrics": {
          "coverage": 0.9508547008547008,
          "average_set_size": 3.9786324786324787,
          "singleton_rate": 0.1396011396011396,
          "empty_set_rate": 0.027065527065527065
        }
      }
    },
    "4": {
      "0.9": {
        "alpha": 0.09999999999999998,
        "target_coverage": 0.9,
        "threshold": 0.9978526830673218,
        "fit_count": 1404,
        "fit_metrics": {
          "coverage": 0.9009971509971509,
          "average_set_size": 3.888888888888889,
          "singleton_rate": 0.1111111111111111,
          "empty_set_rate": 0.07692307692307693
        }
      },
      "0.95": {
        "alpha": 0.050000000000000044,
        "target_coverage": 0.95,
        "threshold": 0.9984234571456909,
        "fit_count": 1404,
        "fit_metrics": {
          "coverage": 0.9508547008547008,
          "average_set_size": 3.9786324786324787,
          "singleton_rate": 0.1396011396011396,
          "empty_set_rate": 0.027065527065527065
        }
      }
    }
  },
  "report_sha256": "9008910433410c6eaa9cce47eeeb4240adc77c8bec4f5dcde348250d7ff8d146"
}
	Command being timed: "timeout --signal=INT --kill-after=120s 900s env CUDA_VISIBLE_DEVICES=1 PYTHONPATH=src python scripts/calibrate_static_baseline_aps.py --approval_config configs/experiments/policy_train.yaml --manifest_path outputs/week5_data/vectorized_manifest.json --checkpoint outputs/week6_comparison_checkpoints/masked_slot/baseline_distilled_seed42.best.pt --phase validation --budgets 1 2 4 --coverages 0.90 0.95 --output_dir outputs/week6_reports/comparisons/masked_slot/static_aps_validation --seed 42 --device cuda:0 --resume"
	User time (seconds): 9.64
	System time (seconds): 6.03
	Percent of CPU this job got: 500%
	Elapsed (wall clock) time (h:mm:ss or m:ss): 0:03.12
	Average shared text size (kbytes): 0
	Average unshared data size (kbytes): 0
	Average stack size (kbytes): 0
	Average total size (kbytes): 0
	Maximum resident set size (kbytes): 863632
	Average resident set size (kbytes): 0
	Major (requiring I/O) page faults: 0
	Minor (reclaiming a frame) page faults: 153975
	Voluntary context switches: 495
	Involuntary context switches: 23205
	Swaps: 0
	File system inputs: 0
	File system outputs: 8
	Socket messages sent: 0
	Socket messages received: 0
	Signals delivered: 0
	Page size (bytes): 4096
	Exit status: 0
masked_slot distilled validation APS exit code: 0
