===== masked_slot distilled baseline =====
Allowed seconds: 2700
2026-09-06 01:17:31,579 INFO [train_one_pass_baselines] epoch=0 train_loss=1.083822 val_macro_f1=0.7349
2026-09-06 01:17:32,925 INFO [train_one_pass_baselines] epoch=1 train_loss=0.934102 val_macro_f1=0.7334
2026-09-06 01:17:34,128 INFO [train_one_pass_baselines] epoch=2 train_loss=0.911850 val_macro_f1=0.7412
2026-09-06 01:17:35,428 INFO [train_one_pass_baselines] epoch=3 train_loss=0.901991 val_macro_f1=0.7421
2026-09-06 01:17:36,730 INFO [train_one_pass_baselines] epoch=4 train_loss=0.893799 val_macro_f1=0.7425
2026-09-06 01:17:37,930 INFO [train_one_pass_baselines] epoch=5 train_loss=0.885382 val_macro_f1=0.7429
2026-09-06 01:17:39,225 INFO [train_one_pass_baselines] epoch=6 train_loss=0.883787 val_macro_f1=0.7428
2026-09-06 01:17:40,527 INFO [train_one_pass_baselines] epoch=7 train_loss=0.874850 val_macro_f1=0.7602
2026-09-06 01:17:41,830 INFO [train_one_pass_baselines] epoch=8 train_loss=0.875351 val_macro_f1=0.7605
2026-09-06 01:17:43,024 INFO [train_one_pass_baselines] epoch=9 train_loss=0.864418 val_macro_f1=0.7495
2026-09-06 01:17:44,325 INFO [train_one_pass_baselines] epoch=10 train_loss=0.868150 val_macro_f1=0.7489
2026-09-06 01:17:45,621 INFO [train_one_pass_baselines] epoch=11 train_loss=0.856161 val_macro_f1=0.7457
2026-09-06 01:17:46,921 INFO [train_one_pass_baselines] epoch=12 train_loss=0.854012 val_macro_f1=0.7475
2026-09-06 01:17:48,178 INFO [train_one_pass_baselines] epoch=13 train_loss=0.849676 val_macro_f1=0.7482
{
  "baseline": "distilled",
  "pilot": false,
  "output": "outputs/week6_comparison_checkpoints/masked_slot/baseline_distilled_seed42.best.pt"
}
{
  "format_version": "week6_one_pass_baseline_validation_v1",
  "is_valid": true,
  "fit_split": "train",
  "selection_split": "val",
  "calibration_used": false,
  "test_used": false,
  "baseline_type": "distilled",
  "metrics": {
    "record_count": 1404,
    "source_bit_micro_f1": 0.7559857361181864,
    "source_bit_macro_f1": 0.7605325432169016,
    "source_bit_hamming_loss": 0.22744539411206077,
    "source_bit_auroc": {
      "visual": 0.9032844150685908,
      "language": 0.6399595417728133,
      "alignment": 0.9662011057072786
    },
    "six_way_macro_f1": 0.2697604242431335,
    "six_way_balanced_accuracy": 0.31011268143621085,
    "six_way_confusion_matrix": [
      [
        15,
        101,
        0,
        71,
        0,
        0
      ],
      [
        2,
        329,
        0,
        61,
        0,
        0
      ],
      [
        4,
        8,
        0,
        32,
        0,
        0
      ],
      [
        10,
        25,
        0,
        560,
        0,
        0
      ],
      [
        1,
        6,
        0,
        5,
        0,
        0
      ],
      [
        0,
        156,
        0,
        18,
        0,
        0
      ]
    ],
    "six_way_labels": [
      "visual",
      "language-prior",
      "alignment",
      "mixed",
      "unclear",
      "no-failure"
    ],
    "signature_mse": 0.08605903737395816
  },
  "checkpoint_path": "outputs/week6_comparison_checkpoints/masked_slot/baseline_distilled_seed42.best.pt",
  "checkpoint_sha256": "a261e2172157d36db587ece08246a56ab6adac22be7fe0c4c249a6088cbf0aca",
  "config_sha256": "33e88aa1bbc4dbaa47309015be7e6e188523dcdf5416cf64d1703aa4c442c9eb",
  "source_manifest_sha256": "1fac2c343e57ca8b6702c4e6a282a7b86a48042a6d133ba84612b5b1c50201ae",
  "diagnostic_checkpoint_sha256": "73752aa96aef6a6777087cd908a80c06ccd29133e0ea191d3877e3fe871950e8",
  "week5_freeze_sha256": "d6323ee4dae857fbb6bdca8df392f743924f319339c4e21935d68ebda389a858",
  "seed": 42,
  "limit": null,
  "report_sha256": "2ed88dedc46a2e67caed4238c62916690522801a8c9eb762110b3ee9f9bbf4e1"
}
	Command being timed: "timeout --signal=INT --kill-after=120s 2700s env CUDA_VISIBLE_DEVICES=1 PYTHONPATH=src python scripts/train_one_pass_baselines.py --config configs/experiments/policy_train.yaml --manifest_path outputs/week5_data/vectorized_manifest.json --diagnostic_checkpoint outputs/week5_checkpoints/diag_masked_slot_mlp_standard_seed42.best.pt --freeze_manifest outputs/week5_reports/week5_encoder_freeze.json --baseline distilled --seed 42 --device cuda:0 --output_dir outputs/week6_comparison_checkpoints/masked_slot --resume"
	User time (seconds): 30.16
	System time (seconds): 6.71
	Percent of CPU this job got: 158%
	Elapsed (wall clock) time (h:mm:ss or m:ss): 0:23.23
	Average shared text size (kbytes): 0
	Average unshared data size (kbytes): 0
	Average stack size (kbytes): 0
	Average total size (kbytes): 0
	Maximum resident set size (kbytes): 1637512
	Average resident set size (kbytes): 0
	Major (requiring I/O) page faults: 7
	Minor (reclaiming a frame) page faults: 359454
	Voluntary context switches: 1407
	Involuntary context switches: 38154
	Swaps: 0
	File system inputs: 1944
	File system outputs: 41416
	Socket messages sent: 0
	Socket messages received: 0
	Signals delivered: 0
	Page size (bytes): 4096
	Exit status: 0
masked_slot distilled baseline exit code: 0
