===== masked_slot entropy policy =====
Allowed seconds: 2700
2026-09-06 00:56:00,609 INFO [train_policy] epoch=0 val_loss=0.422345 oracle_agreement=0.8190
2026-09-06 00:57:07,975 INFO [train_policy] epoch=1 val_loss=0.420677 oracle_agreement=0.8193
2026-09-06 00:58:16,448 INFO [train_policy] epoch=2 val_loss=0.420033 oracle_agreement=0.8198
2026-09-06 00:59:18,857 INFO [train_policy] epoch=3 val_loss=0.418567 oracle_agreement=0.8185
2026-09-06 01:00:25,512 INFO [train_policy] epoch=4 val_loss=0.418374 oracle_agreement=0.8189
2026-09-06 01:01:32,784 INFO [train_policy] epoch=5 val_loss=0.417167 oracle_agreement=0.8227
2026-09-06 01:02:40,576 INFO [train_policy] epoch=6 val_loss=0.418217 oracle_agreement=0.8201
2026-09-06 01:03:46,030 INFO [train_policy] epoch=7 val_loss=0.417633 oracle_agreement=0.8214
2026-09-06 01:04:51,003 INFO [train_policy] epoch=8 val_loss=0.417372 oracle_agreement=0.8230
2026-09-06 01:05:57,796 INFO [train_policy] epoch=9 val_loss=0.416570 oracle_agreement=0.8218
2026-09-06 01:07:03,272 INFO [train_policy] epoch=10 val_loss=0.416941 oracle_agreement=0.8215
2026-09-06 01:08:09,075 INFO [train_policy] epoch=11 val_loss=0.416285 oracle_agreement=0.8250
2026-09-06 01:09:14,481 INFO [train_policy] epoch=12 val_loss=0.417247 oracle_agreement=0.8254
2026-09-06 01:10:20,798 INFO [train_policy] epoch=13 val_loss=0.416711 oracle_agreement=0.8230
2026-09-06 01:11:28,037 INFO [train_policy] epoch=14 val_loss=0.415832 oracle_agreement=0.8242
2026-09-06 01:12:32,588 INFO [train_policy] epoch=15 val_loss=0.416003 oracle_agreement=0.8241
2026-09-06 01:13:39,827 INFO [train_policy] epoch=16 val_loss=0.415996 oracle_agreement=0.8248
2026-09-06 01:14:46,687 INFO [train_policy] epoch=17 val_loss=0.415916 oracle_agreement=0.8232
2026-09-06 01:15:56,029 INFO [train_policy] epoch=18 val_loss=0.416038 oracle_agreement=0.8251
2026-09-06 01:17:03,321 INFO [train_policy] epoch=19 val_loss=0.415979 oracle_agreement=0.8264
{
  "encoder": "masked_slot_mlp",
  "gru_condition": "standard",
  "cost_multiplier": 0.0,
  "target_kind": "entropy_reduction",
  "limit": null,
  "seed": 42,
  "pilot": false,
  "config_approval": "APPROVED",
  "output": "outputs/week6_comparison_checkpoints/masked_slot/uncertainty_masked_slot_mlp_standard_lambda0_seed42.best.pt"
}
{
  "format_version": "week6_policy_validation_v1",
  "is_valid": true,
  "fit_split": "train",
  "selection_split": "val",
  "calibration_used": false,
  "test_used": false,
  "encoder_name": "masked_slot_mlp",
  "gru_condition": "standard",
  "seed": 42,
  "cost_multiplier": 0.0,
  "target_kind": "entropy_reduction",
  "train_rows": 436429,
  "validation_rows": 60483,
  "best_epoch": 14,
  "metrics": {
    "total": 0.415832446686713,
    "ranking": 0.03913205308607198,
    "mse": 0.15897246527755185,
    "action_ce": 0.673914551878804,
    "best_action_accuracy": 0.8242150686969892,
    "stop_prediction_rate": 0.4010383082849726,
    "row_count": 60483
  },
  "checkpoint_path": "outputs/week6_comparison_checkpoints/masked_slot/uncertainty_masked_slot_mlp_standard_lambda0_seed42.best.pt",
  "checkpoint_sha256": "e91424db05af2187929c059c2322b640364da5b3b8fad34a9bc66ec94a8090c0",
  "config_sha256": "33e88aa1bbc4dbaa47309015be7e6e188523dcdf5416cf64d1703aa4c442c9eb",
  "source_manifest_sha256": "b76ad3062c6b4f3d17998fb1c52c2eb639291e7c660d5b3e13236fb29d8c543d",
  "diagnostic_checkpoint_sha256": "73752aa96aef6a6777087cd908a80c06ccd29133e0ea191d3877e3fe871950e8",
  "vector_manifest_sha256": "1fac2c343e57ca8b6702c4e6a282a7b86a48042a6d133ba84612b5b1c50201ae",
  "week5_freeze_sha256": "d6323ee4dae857fbb6bdca8df392f743924f319339c4e21935d68ebda389a858",
  "limit": null,
  "report_sha256": "76c8814f41c0138697326dadefd8bc8d15a1a5e7f98a1b9a565e13594414c5b5"
}
	Command being timed: "timeout --signal=INT --kill-after=120s 2700s env CUDA_VISIBLE_DEVICES=1 PYTHONPATH=src python scripts/train_policy.py --config configs/experiments/policy_train.yaml --manifest_path outputs/week5_data/vectorized_manifest.json --voi_manifest outputs/week6_voi_masked/voi_manifest.json --diagnostic_checkpoint outputs/week5_checkpoints/diag_masked_slot_mlp_standard_seed42.best.pt --freeze_manifest outputs/week5_reports/week5_encoder_freeze.json --cost_multiplier 0 --target_kind entropy_reduction --seed 42 --device cuda:0 --output_dir outputs/week6_comparison_checkpoints/masked_slot --resume"
	User time (seconds): 1449.58
	System time (seconds): 11.75
	Percent of CPU this job got: 101%
	Elapsed (wall clock) time (h:mm:ss or m:ss): 24:00.04
	Average shared text size (kbytes): 0
	Average unshared data size (kbytes): 0
	Average stack size (kbytes): 0
	Average total size (kbytes): 0
	Maximum resident set size (kbytes): 7227852
	Average resident set size (kbytes): 0
	Major (requiring I/O) page faults: 4
	Minor (reclaiming a frame) page faults: 1809472
	Voluntary context switches: 51904
	Involuntary context switches: 45959
	Swaps: 0
	File system inputs: 784
	File system outputs: 26648
	Socket messages sent: 0
	Socket messages received: 0
	Signals delivered: 0
	Page size (bytes): 4096
	Exit status: 0
masked_slot entropy policy exit code: 0
