===== loss-only VOI policy training =====
Timeout 1782s; worker ceiling remaining 1782s
2026-09-12 22:23:34,836 INFO [train_policy] epoch=0 val_loss=0.561358 oracle_agreement=0.8555
2026-09-12 22:24:42,839 INFO [train_policy] epoch=1 val_loss=0.558840 oracle_agreement=0.8579
2026-09-12 22:25:49,359 INFO [train_policy] epoch=2 val_loss=0.558407 oracle_agreement=0.8575
2026-09-12 22:26:56,178 INFO [train_policy] epoch=3 val_loss=0.556650 oracle_agreement=0.8594
2026-09-12 22:28:02,002 INFO [train_policy] epoch=4 val_loss=0.557856 oracle_agreement=0.8590
2026-09-12 22:29:00,313 INFO [train_policy] epoch=5 val_loss=0.556197 oracle_agreement=0.8597
2026-09-12 22:30:07,741 INFO [train_policy] epoch=6 val_loss=0.557071 oracle_agreement=0.8597
2026-09-12 22:31:14,477 INFO [train_policy] epoch=7 val_loss=0.554125 oracle_agreement=0.8602
2026-09-12 22:32:21,379 INFO [train_policy] epoch=8 val_loss=0.555886 oracle_agreement=0.8610
2026-09-12 22:33:28,128 INFO [train_policy] epoch=9 val_loss=0.554857 oracle_agreement=0.8605
2026-09-12 22:34:33,726 INFO [train_policy] epoch=10 val_loss=0.555734 oracle_agreement=0.8603
2026-09-12 22:35:39,861 INFO [train_policy] epoch=11 val_loss=0.556012 oracle_agreement=0.8603
2026-09-12 22:36:45,860 INFO [train_policy] epoch=12 val_loss=0.554950 oracle_agreement=0.8608
{
  "encoder": "deep_sets",
  "gru_condition": "standard",
  "cost_multiplier": 0.0,
  "target_kind": "loss_only_voi",
  "limit": null,
  "seed": 42,
  "pilot": false,
  "config_approval": "APPROVED",
  "output": "outputs/week8_ablations/loss_only_voi/policy_checkpoints/loss_only_voi_deep_sets_standard_lambda0_seed42.best.pt"
}
{
  "format_version": "week6_policy_validation_v1",
  "is_valid": true,
  "fit_split": "train",
  "selection_split": "val",
  "calibration_used": false,
  "test_used": false,
  "encoder_name": "deep_sets",
  "gru_condition": "standard",
  "seed": 42,
  "cost_multiplier": 0.0,
  "target_kind": "loss_only_voi",
  "train_rows": 436429,
  "validation_rows": 60483,
  "best_epoch": 7,
  "metrics": {
    "total": 0.5541250050770548,
    "ranking": 0.05212469217573574,
    "mse": 0.7789169166551791,
    "action_ce": 0.6145421683294575,
    "best_action_accuracy": 0.8601755865284461,
    "stop_prediction_rate": 0.40533703685333067,
    "row_count": 60483
  },
  "checkpoint_path": "outputs/week8_ablations/loss_only_voi/policy_checkpoints/loss_only_voi_deep_sets_standard_lambda0_seed42.best.pt",
  "checkpoint_sha256": "8b755a5737d89f8062f375e25640ba2645ac240cbad680f606694f5fcc0aa3b7",
  "config_sha256": "33e88aa1bbc4dbaa47309015be7e6e188523dcdf5416cf64d1703aa4c442c9eb",
  "source_manifest_sha256": "80886682b9ebb933236ec2af1a04582b24499e8595f058813baaf9b0b8a8f286",
  "diagnostic_checkpoint_sha256": "2e680eb8ff7859b0420577f0ffb3b06810e6f863deac25b87d7fb3170bf2fb06",
  "vector_manifest_sha256": "1fac2c343e57ca8b6702c4e6a282a7b86a48042a6d133ba84612b5b1c50201ae",
  "week5_freeze_sha256": "d6323ee4dae857fbb6bdca8df392f743924f319339c4e21935d68ebda389a858",
  "limit": null,
  "report_sha256": "370e09af93c7bae161c2be0478c45593c37296aaac1c61284730ac3208019ab0"
}
	Command being timed: "timeout --signal=TERM --kill-after=5m 1782s env CUDA_VISIBLE_DEVICES=1 python scripts/train_policy.py --config configs/experiments/policy_train.yaml --manifest_path outputs/week5_data/vectorized_manifest.json --voi_manifest outputs/week6_voi/voi_manifest.json --diagnostic_checkpoint outputs/week5_checkpoints/diag_deep_sets_standard_seed42.best.pt --freeze_manifest outputs/week5_reports/week5_encoder_freeze.json --cost_multiplier 0.0 --target_kind loss_only_voi --seed 42 --device cuda:0 --output_dir outputs/week8_ablations/loss_only_voi/policy_checkpoints --resume"
	User time (seconds): 974.99
	System time (seconds): 10.59
	Percent of CPU this job got: 101%
	Elapsed (wall clock) time (h:mm:ss or m:ss): 16:10.79
	Average shared text size (kbytes): 0
	Average unshared data size (kbytes): 0
	Average stack size (kbytes): 0
	Average total size (kbytes): 0
	Maximum resident set size (kbytes): 7228224
	Average resident set size (kbytes): 0
	Major (requiring I/O) page faults: 0
	Minor (reclaiming a frame) page faults: 1810137
	Voluntary context switches: 33764
	Involuntary context switches: 255166
	Swaps: 0
	File system inputs: 40
	File system outputs: 17432
	Socket messages sent: 0
	Socket messages received: 0
	Signals delivered: 0
	Page size (bytes): 4096
	Exit status: 0
loss-only VOI policy training exit code: 0
