===== loss-only VOI validation frontier =====
Timeout 810s; worker ceiling remaining 810s
{
  "format_version": "week8_ablation_frontier_v1",
  "status": "COMPLETE",
  "ablation_id": "loss_only_voi",
  "evaluation_split": "val",
  "calibration_used": false,
  "test_used": false,
  "heldout_shift_used": false,
  "post_test_tuning_used": false,
  "seed": 42,
  "week8_config_sha256": "59748c18da7375db6140f05d6c5ec2670c6ce19eeb25b5931e94868ffe7d9cf6",
  "manifest_sha256": "1fac2c343e57ca8b6702c4e6a282a7b86a48042a6d133ba84612b5b1c50201ae",
  "diagnostic_checkpoint_sha256": "2e680eb8ff7859b0420577f0ffb3b06810e6f863deac25b87d7fb3170bf2fb06",
  "policy_checkpoint_sha256": "8b755a5737d89f8062f375e25640ba2645ac240cbad680f606694f5fcc0aa3b7",
  "aps_sha256": "af5b015ee18198370f38a40a34a907b8ab64d4d1bed2afe7e2e693c4d9e9138c",
  "freeze_manifest_sha256": "b38c53fcb5b76236c48c9defb33aaa0440910edbadb055259aeca3dc2f2c63b0",
  "budgets": [
    1,
    2,
    3,
    4,
    7
  ],
  "coverages": [
    0.9,
    0.95
  ],
  "base_model_instances": 1404,
  "teacher_files": [
    {
      "path": "outputs/teacher_core_contract_v1_recovered/teacher_gemma4_e4b_all_all_shard00-of-04.jsonl",
      "sha256": "46593391081546c310991894934b1436ecfcf1f07956104d59e9e8f4495e1948",
      "selected_rows": 175
    },
    {
      "path": "outputs/teacher_core_contract_v1_recovered/teacher_gemma4_e4b_all_all_shard01-of-04.jsonl",
      "sha256": "3c7d3ca72753bd49d8f344dd9e468877e75567132de20a81ce20467d52e096a9",
      "selected_rows": 180
    },
    {
      "path": "outputs/teacher_core_contract_v1_recovered/teacher_gemma4_e4b_all_all_shard02-of-04.jsonl",
      "sha256": "bff419cdd17e66ccd9eea1a83e248d5f58e16143d662ebd3ba33625b953018ec",
      "selected_rows": 163
    },
    {
      "path": "outputs/teacher_core_contract_v1_recovered/teacher_gemma4_e4b_all_all_shard03-of-04.jsonl",
      "sha256": "9538751d71a3f8a133be26c2de6d4a4b505b3c780a20ee10a15cd24cd0d8a84e",
      "selected_rows": 184
    },
    {
      "path": "outputs/teacher_core_contract_v1_recovered/teacher_qwen3_vl_8b_all_all_shard00-of-04.jsonl",
      "sha256": "53cc79788e76a9ddcf8df20812e5ca0ca7aa918dad85d249107f3b46003c5be4",
      "selected_rows": 162
    },
    {
      "path": "outputs/teacher_core_contract_v1_recovered/teacher_qwen3_vl_8b_all_all_shard01-of-04.jsonl",
      "sha256": "5bcb3927cfca370cce87c95df969dde3f24c26cd901c9733b63bb17180717c65",
      "selected_rows": 179
    },
    {
      "path": "outputs/teacher_core_contract_v1_recovered/teacher_qwen3_vl_8b_all_all_shard02-of-04.jsonl",
      "sha256": "0ae1afb49f1cf578282a62fafea38ffad93bc7d3220929469d31150e2f9c8711",
      "selected_rows": 174
    },
    {
      "path": "outputs/teacher_core_contract_v1_recovered/teacher_qwen3_vl_8b_all_all_shard03-of-04.jsonl",
      "sha256": "4dc9b657f4ea35d7e74e352157f25aee5bd1b2c9c99e13d33755f8f65d55031f",
      "selected_rows": 187
    }
  ],
  "global_aps_fit_split": "val",
  "global_aps_evaluation_split": "val",
  "global_aps_thresholds": {
    "0.9": 0.9999997615814209,
    "0.95": 1.0
  },
  "summaries": {
    "proactive|1|0.9": {
      "row_count": 1404,
      "mean_acquisition_cost": 1.0,
      "diagnostic": {
        "record_count": 1404,
        "source_bit_micro_f1": 0.9170305676855895,
        "source_bit_macro_f1": 0.9199017985224686,
        "source_bit_hamming_loss": 0.07668566001899335,
        "source_bit_auroc": {
          "visual": 0.9384566813659092,
          "language": 0.9962746586974982,
          "alignment": 0.987598204264871
        },
        "six_way_macro_f1": 0.5926558814386408,
        "six_way_balanced_accuracy": 0.6845236997620366,
        "six_way_confusion_matrix": [
          [
            100,
            0,
            3,
            1,
            31,
            52
          ],
          [
            3,
            371,
            0,
            16,
            1,
            1
          ],
          [
            1,
            0,
            32,
            2,
            9,
            0
          ],
          [
            20,
            52,
            88,
            427,
            8,
            0
          ],
          [
            5,
            0,
            1,
            0,
            5,
            1
          ],
          [
            28,
            0,
            1,
            0,
            12,
            133
          ]
        ],
        "six_way_labels": [
          "visual",
          "language-prior",
          "alignment",
          "mixed",
          "unclear",
          "no-failure"
        ],
        "signature_mse": 0.011406098551487852
      },
      "prediction_sets": {
        "coverage": 0.9088319088319088,
        "average_set_size": 2.780626780626781,
        "singleton_rate": 0.17165242165242164,
        "empty_set_rate": 0.07407407407407407
      },
      "action_counts": {
        "blank": 1197,
        "stop": 1404,
        "grounding": 170,
        "blur": 36,
        "relation": 1
      }
    },
    "proactive|1|0.95": {
      "row_count": 1404,
      "mean_acquisition_cost": 1.0,
      "diagnostic": {
        "record_count": 1404,
        "source_bit_micro_f1": 0.9170305676855895,
        "source_bit_macro_f1": 0.9199017985224686,
        "source_bit_hamming_loss": 0.07668566001899335,
        "source_bit_auroc": {
          "visual": 0.9384566813659092,
          "language": 0.9962746586974982,
          "alignment": 0.987598204264871
        },
        "six_way_macro_f1": 0.5926558814386408,
        "six_way_balanced_accuracy": 0.6845236997620366,
        "six_way_confusion_matrix": [
          [
            100,
            0,
            3,
            1,
            31,
            52
          ],
          [
            3,
            371,
            0,
            16,
            1,
            1
          ],
          [
            1,
            0,
            32,
            2,
            9,
            0
          ],
          [
            20,
            52,
            88,
            427,
            8,
            0
          ],
          [
            5,
            0,
            1,
            0,
            5,
            1
          ],
          [
            28,
            0,
            1,
            0,
            12,
            133
          ]
        ],
        "six_way_labels": [
          "visual",
          "language-prior",
          "alignment",
          "mixed",
          "unclear",
          "no-failure"
        ],
        "signature_mse": 0.011406098551487852
      },
      "prediction_sets": {
        "coverage": 0.9373219373219374,
        "average_set_size": 3.1666666666666665,
        "singleton_rate": 0.0754985754985755,
        "empty_set_rate": 0.06054131054131054
      },
      "action_counts": {
        "blank": 1197,
        "stop": 1404,
        "grounding": 170,
        "blur": 36,
        "relation": 1
      }
    },
    "proactive|2|0.9": {
      "row_count": 1404,
      "mean_acquisition_cost": 2.0,
      "diagnostic": {
        "record_count": 1404,
        "source_bit_micro_f1": 0.9547092125579002,
        "source_bit_macro_f1": 0.9573536197440079,
        "source_bit_hamming_loss": 0.04178537511870845,
        "source_bit_auroc": {
          "visual": 0.9730810359401575,
          "language": 0.9987772715396173,
          "alignment": 0.9973147108949578
        },
        "six_way_macro_f1": 0.7192143980891457,
        "six_way_balanced_accuracy": 0.8077674643525121,
        "six_way_confusion_matrix": [
          [
            150,
            0,
            0,
            0,
            18,
            19
          ],
          [
            1,
            386,
            0,
            2,
            0,
            3
          ],
          [
            0,
            0,
            40,
            2,
            2,
            0
          ],
          [
            11,
            33,
            45,
            500,
            3,
            3
          ],
          [
            2,
            0,
            0,
            0,
            6,
            4
          ],
          [
            4,
            1,
            2,
            0,
            26,
            141
          ]
        ],
        "six_way_labels": [
          "visual",
          "language-prior",
          "alignment",
          "mixed",
          "unclear",
          "no-failure"
        ],
        "signature_mse": 0.007483467830210667
      },
      "prediction_sets": {
        "coverage": 0.8881766381766382,
        "average_set_size": 2.2856125356125356,
        "singleton_rate": 0.202991452991453,
        "empty_set_rate": 0.099002849002849
      },
      "action_counts": {
        "blank": 1265,
        "blur": 942,
        "stop": 1404,
        "grounding": 498,
        "crop": 54,
        "brightness": 45,
        "relation": 4
      }
    },
    "proactive|2|0.95": {
      "row_count": 1404,
      "mean_acquisition_cost": 2.0,
      "diagnostic": {
        "record_count": 1404,
        "source_bit_micro_f1": 0.9547092125579002,
        "source_bit_macro_f1": 0.9573536197440079,
        "source_bit_hamming_loss": 0.04178537511870845,
        "source_bit_auroc": {
          "visual": 0.9730810359401575,
          "language": 0.9987772715396173,
          "alignment": 0.9973147108949578
        },
        "six_way_macro_f1": 0.7192143980891457,
        "six_way_balanced_accuracy": 0.8077674643525121,
        "six_way_confusion_matrix": [
          [
            150,
            0,
            0,
            0,
            18,
            19
          ],
          [
            1,
            386,
            0,
            2,
            0,
            3
          ],
          [
            0,
            0,
            40,
            2,
            2,
            0
          ],
          [
            11,
            33,
            45,
            500,
            3,
            3
          ],
          [
            2,
            0,
            0,
            0,
            6,
            4
          ],
          [
            4,
            1,
            2,
            0,
            26,
            141
          ]
        ],
        "six_way_labels": [
          "visual",
          "language-prior",
          "alignment",
          "mixed",
          "unclear",
          "no-failure"
        ],
        "signature_mse": 0.007483467830210667
      },
      "prediction_sets": {
        "coverage": 0.9145299145299145,
        "average_set_size": 2.7891737891737893,
        "singleton_rate": 0.09401709401709402,
        "empty_set_rate": 0.08547008547008547
      },
      "action_counts": {
        "blank": 1265,
        "blur": 942,
        "stop": 1404,
        "grounding": 498,
        "crop": 54,
        "brightness": 45,
        "relation": 4
      }
    },
    "proactive|3|0.9": {
      "row_count": 1404,
      "mean_acquisition_cost": 2.9074074074074074,
      "diagnostic": {
        "record_count": 1404,
        "source_bit_micro_f1": 0.9734693877551021,
        "source_bit_macro_f1": 0.9753572979982271,
        "source_bit_hamming_loss": 0.024691358024691357,
        "source_bit_auroc": {
          "visual": 0.9830391787434694,
          "language": 0.9998652753282383,
          "alignment": 0.999106289229746
        },
        "six_way_macro_f1": 0.7866491282567138,
        "six_way_balanced_accuracy": 0.8516065882988514,
        "six_way_confusion_matrix": [
          [
            164,
            0,
            0,
            0,
            7,
            16
          ],
          [
            0,
            388,
            0,
            2,
            0,
            2
          ],
          [
            0,
            0,
            43,
            1,
            0,
            0
          ],
          [
            2,
            26,
            24,
            541,
            0,
            2
          ],
          [
            0,
            0,
            0,
            0,
            6,
            6
          ],
          [
            4,
            0,
            1,
            0,
            20,
            149
          ]
        ],
        "six_way_labels": [
          "visual",
          "language-prior",
          "alignment",
          "mixed",
          "unclear",
          "no-failure"
        ],
        "signature_mse": 0.005334736096092587
      },
      "prediction_sets": {
        "coverage": 0.8561253561253561,
        "average_set_size": 2.0448717948717947,
        "singleton_rate": 0.24074074074074073,
        "empty_set_rate": 0.1339031339031339
      },
      "action_counts": {
        "blank": 1371,
        "blur": 1228,
        "brightness": 82,
        "stop": 1404,
        "grounding": 831,
        "crop": 558,
        "relation": 9,
        "noise": 3
      }
    },
    "proactive|3|0.95": {
      "row_count": 1404,
      "mean_acquisition_cost": 2.9074074074074074,
      "diagnostic": {
        "record_count": 1404,
        "source_bit_micro_f1": 0.9734693877551021,
        "source_bit_macro_f1": 0.9753572979982271,
        "source_bit_hamming_loss": 0.024691358024691357,
        "source_bit_auroc": {
          "visual": 0.9830391787434694,
          "language": 0.9998652753282383,
          "alignment": 0.999106289229746
        },
        "six_way_macro_f1": 0.7866491282567138,
        "six_way_balanced_accuracy": 0.8516065882988514,
        "six_way_confusion_matrix": [
          [
            164,
            0,
            0,
            0,
            7,
            16
          ],
          [
            0,
            388,
            0,
            2,
            0,
            2
          ],
          [
            0,
            0,
            43,
            1,
            0,
            0
          ],
          [
            2,
            26,
            24,
            541,
            0,
            2
          ],
          [
            0,
            0,
            0,
            0,
            6,
            6
          ],
          [
            4,
            0,
            1,
            0,
            20,
            149
          ]
        ],
        "six_way_labels": [
          "visual",
          "language-prior",
          "alignment",
          "mixed",
          "unclear",
          "no-failure"
        ],
        "signature_mse": 0.005334736096092587
      },
      "prediction_sets": {
        "coverage": 0.9009971509971509,
        "average_set_size": 2.786324786324786,
        "singleton_rate": 0.07834757834757834,
        "empty_set_rate": 0.099002849002849
      },
      "action_counts": {
        "blank": 1371,
        "blur": 1228,
        "brightness": 82,
        "stop": 1404,
        "grounding": 831,
        "crop": 558,
        "relation": 9,
        "noise": 3
      }
    },
    "proactive|4|0.9": {
      "row_count": 1404,
      "mean_acquisition_cost": 3.635327635327635,
      "diagnostic": {
        "record_count": 1404,
        "source_bit_micro_f1": 0.9852791878172589,
        "source_bit_macro_f1": 0.9864079114267331,
        "source_bit_hamming_loss": 0.013770180436847104,
        "source_bit_auroc": {
          "visual": 0.9914574655518328,
          "language": 0.999995917434189,
          "alignment": 0.9995531446148731
        },
        "six_way_macro_f1": 0.8151972830913645,
        "six_way_balanced_accuracy": 0.8574883349369006,
        "six_way_confusion_matrix": [
          [
            178,
            0,
            0,
            0,
            2,
            7
          ],
          [
            0,
            390,
            0,
            2,
            0,
            0
          ],
          [
            0,
            0,
            43,
            1,
            0,
            0
          ],
          [
            1,
            17,
            13,
            564,
            0,
            0
          ],
          [
            0,
            0,
            0,
            0,
            5,
            7
          ],
          [
            0,
            0,
            0,
            0,
            25,
            149
          ]
        ],
        "six_way_labels": [
          "visual",
          "language-prior",
          "alignment",
          "mixed",
          "unclear",
          "no-failure"
        ],
        "signature_mse": 0.004468606747012844
      },
      "prediction_sets": {
        "coverage": 0.8411680911680912,
        "average_set_size": 1.9223646723646723,
        "singleton_rate": 0.2670940170940171,
        "empty_set_rate": 0.14957264957264957
      },
      "action_counts": {
        "blank": 1401,
        "blur": 1282,
        "brightness": 561,
        "grounding": 920,
        "stop": 1404,
        "crop": 917,
        "relation": 8,
        "noise": 15
      }
    },
    "proactive|4|0.95": {
      "row_count": 1404,
      "mean_acquisition_cost": 3.635327635327635,
      "diagnostic": {
        "record_count": 1404,
        "source_bit_micro_f1": 0.9852791878172589,
        "source_bit_macro_f1": 0.9864079114267331,
        "source_bit_hamming_loss": 0.013770180436847104,
        "source_bit_auroc": {
          "visual": 0.9914574655518328,
          "language": 0.999995917434189,
          "alignment": 0.9995531446148731
        },
        "six_way_macro_f1": 0.8151972830913645,
        "six_way_balanced_accuracy": 0.8574883349369006,
        "six_way_confusion_matrix": [
          [
            178,
            0,
            0,
            0,
            2,
            7
          ],
          [
            0,
            390,
            0,
            2,
            0,
            0
          ],
          [
            0,
            0,
            43,
            1,
            0,
            0
          ],
          [
            1,
            17,
            13,
            564,
            0,
            0
          ],
          [
            0,
            0,
            0,
            0,
            5,
            7
          ],
          [
            0,
            0,
            0,
            0,
            25,
            149
          ]
        ],
        "six_way_labels": [
          "visual",
          "language-prior",
          "alignment",
          "mixed",
          "unclear",
          "no-failure"
        ],
        "signature_mse": 0.004468606747012844
      },
      "prediction_sets": {
        "coverage": 0.8931623931623932,
        "average_set_size": 2.8497150997150995,
        "singleton_rate": 0.09045584045584046,
        "empty_set_rate": 0.10612535612535613
      },
      "action_counts": {
        "blank": 1401,
        "blur": 1282,
        "brightness": 561,
        "grounding": 920,
        "stop": 1404,
        "crop": 917,
        "relation": 8,
        "noise": 15
      }
    },
    "proactive|7|0.9": {
      "row_count": 1404,
      "mean_acquisition_cost": 4.4408831908831905,
      "diagnostic": {
        "record_count": 1404,
        "source_bit_micro_f1": 0.9969849246231156,
        "source_bit_macro_f1": 0.9970253667755539,
        "source_bit_hamming_loss": 0.002849002849002849,
        "source_bit_auroc": {
          "visual": 0.9999470419895917,
          "language": 1.0,
          "alignment": 0.999684083634701
        },
        "six_way_macro_f1": 0.857898849718045,
        "six_way_balanced_accuracy": 0.8885972361776476,
        "six_way_confusion_matrix": [
          [
            187,
            0,
            0,
            0,
            0,
            0
          ],
          [
            0,
            390,
            0,
            2,
            0,
            0
          ],
          [
            0,
            0,
            43,
            1,
            0,
            0
          ],
          [
            1,
            1,
            3,
            590,
            0,
            0
          ],
          [
            0,
            0,
            0,
            0,
            6,
            6
          ],
          [
            0,
            0,
            0,
            0,
            23,
            151
          ]
        ],
        "six_way_labels": [
          "visual",
          "language-prior",
          "alignment",
          "mixed",
          "unclear",
          "no-failure"
        ],
        "signature_mse": 0.004493133304985669
      },
      "prediction_sets": {
        "coverage": 0.8568376068376068,
        "average_set_size": 1.9024216524216524,
        "singleton_rate": 0.2849002849002849,
        "empty_set_rate": 0.14031339031339032
      },
      "action_counts": {
        "blank": 1404,
        "crop": 984,
        "grounding": 972,
        "stop": 1404,
        "blur": 1283,
        "brightness": 986,
        "noise": 594,
        "relation": 12
      }
    },
    "proactive|7|0.95": {
      "row_count": 1404,
      "mean_acquisition_cost": 4.4408831908831905,
      "diagnostic": {
        "record_count": 1404,
        "source_bit_micro_f1": 0.9969849246231156,
        "source_bit_macro_f1": 0.9970253667755539,
        "source_bit_hamming_loss": 0.002849002849002849,
        "source_bit_auroc": {
          "visual": 0.9999470419895917,
          "language": 1.0,
          "alignment": 0.999684083634701
        },
        "six_way_macro_f1": 0.857898849718045,
        "six_way_balanced_accuracy": 0.8885972361776476,
        "six_way_confusion_matrix": [
          [
            187,
            0,
            0,
            0,
            0,
            0
          ],
          [
            0,
            390,
            0,
            2,
            0,
            0
          ],
          [
            0,
            0,
            43,
            1,
            0,
            0
          ],
          [
            1,
            1,
            3,
            590,
            0,
            0
          ],
          [
            0,
            0,
            0,
            0,
            6,
            6
          ],
          [
            0,
            0,
            0,
            0,
            23,
            151
          ]
        ],
        "six_way_labels": [
          "visual",
          "language-prior",
          "alignment",
          "mixed",
          "unclear",
          "no-failure"
        ],
        "signature_mse": 0.004493133304985669
      },
      "prediction_sets": {
        "coverage": 0.8903133903133903,
        "average_set_size": 3.7286324786324787,
        "singleton_rate": 0.0641025641025641,
        "empty_set_rate": 0.10897435897435898
      },
      "action_counts": {
        "blank": 1404,
        "crop": 984,
        "grounding": 972,
        "stop": 1404,
        "blur": 1283,
        "brightness": 986,
        "noise": 594,
        "relation": 12
      }
    },
    "proactive_no_stop|1|0.9": {
      "row_count": 1404,
      "mean_acquisition_cost": 1.0,
      "diagnostic": {
        "record_count": 1404,
        "source_bit_micro_f1": 0.9170305676855895,
        "source_bit_macro_f1": 0.9199017985224686,
        "source_bit_hamming_loss": 0.07668566001899335,
        "source_bit_auroc": {
          "visual": 0.9384566813659092,
          "language": 0.9962746586974982,
          "alignment": 0.987598204264871
        },
        "six_way_macro_f1": 0.5926558814386408,
        "six_way_balanced_accuracy": 0.6845236997620366,
        "six_way_confusion_matrix": [
          [
            100,
            0,
            3,
            1,
            31,
            52
          ],
          [
            3,
            371,
            0,
            16,
            1,
            1
          ],
          [
            1,
            0,
            32,
            2,
            9,
            0
          ],
          [
            20,
            52,
            88,
            427,
            8,
            0
          ],
          [
            5,
            0,
            1,
            0,
            5,
            1
          ],
          [
            28,
            0,
            1,
            0,
            12,
            133
          ]
        ],
        "six_way_labels": [
          "visual",
          "language-prior",
          "alignment",
          "mixed",
          "unclear",
          "no-failure"
        ],
        "signature_mse": 0.011406098551487852
      },
      "prediction_sets": {
        "coverage": 0.9088319088319088,
        "average_set_size": 2.780626780626781,
        "singleton_rate": 0.17165242165242164,
        "empty_set_rate": 0.07407407407407407
      },
      "action_counts": {
        "blank": 1197,
        "stop": 1404,
        "grounding": 170,
        "blur": 36,
        "relation": 1
      }
    },
    "proactive_no_stop|1|0.95": {
      "row_count": 1404,
      "mean_acquisition_cost": 1.0,
      "diagnostic": {
        "record_count": 1404,
        "source_bit_micro_f1": 0.9170305676855895,
        "source_bit_macro_f1": 0.9199017985224686,
        "source_bit_hamming_loss": 0.07668566001899335,
        "source_bit_auroc": {
          "visual": 0.9384566813659092,
          "language": 0.9962746586974982,
          "alignment": 0.987598204264871
        },
        "six_way_macro_f1": 0.5926558814386408,
        "six_way_balanced_accuracy": 0.6845236997620366,
        "six_way_confusion_matrix": [
          [
            100,
            0,
            3,
            1,
            31,
            52
          ],
          [
            3,
            371,
            0,
            16,
            1,
            1
          ],
          [
            1,
            0,
            32,
            2,
            9,
            0
          ],
          [
            20,
            52,
            88,
            427,
            8,
            0
          ],
          [
            5,
            0,
            1,
            0,
            5,
            1
          ],
          [
            28,
            0,
            1,
            0,
            12,
            133
          ]
        ],
        "six_way_labels": [
          "visual",
          "language-prior",
          "alignment",
          "mixed",
          "unclear",
          "no-failure"
        ],
        "signature_mse": 0.011406098551487852
      },
      "prediction_sets": {
        "coverage": 0.9373219373219374,
        "average_set_size": 3.1666666666666665,
        "singleton_rate": 0.0754985754985755,
        "empty_set_rate": 0.06054131054131054
      },
      "action_counts": {
        "blank": 1197,
        "stop": 1404,
        "grounding": 170,
        "blur": 36,
        "relation": 1
      }
    },
    "proactive_no_stop|2|0.9": {
      "row_count": 1404,
      "mean_acquisition_cost": 2.0,
      "diagnostic": {
        "record_count": 1404,
        "source_bit_micro_f1": 0.9547092125579002,
        "source_bit_macro_f1": 0.9573536197440079,
        "source_bit_hamming_loss": 0.04178537511870845,
        "source_bit_auroc": {
          "visual": 0.9730810359401575,
          "language": 0.9987772715396173,
          "alignment": 0.9973147108949578
        },
        "six_way_macro_f1": 0.7192143980891457,
        "six_way_balanced_accuracy": 0.8077674643525121,
        "six_way_confusion_matrix": [
          [
            150,
            0,
            0,
            0,
            18,
            19
          ],
          [
            1,
            386,
            0,
            2,
            0,
            3
          ],
          [
            0,
            0,
            40,
            2,
            2,
            0
          ],
          [
            11,
            33,
            45,
            500,
            3,
            3
          ],
          [
            2,
            0,
            0,
            0,
            6,
            4
          ],
          [
            4,
            1,
            2,
            0,
            26,
            141
          ]
        ],
        "six_way_labels": [
          "visual",
          "language-prior",
          "alignment",
          "mixed",
          "unclear",
          "no-failure"
        ],
        "signature_mse": 0.007483467830210667
      },
      "prediction_sets": {
        "coverage": 0.8881766381766382,
        "average_set_size": 2.2856125356125356,
        "singleton_rate": 0.202991452991453,
        "empty_set_rate": 0.099002849002849
      },
      "action_counts": {
        "blank": 1265,
        "blur": 942,
        "stop": 1404,
        "grounding": 498,
        "crop": 54,
        "brightness": 45,
        "relation": 4
      }
    },
    "proactive_no_stop|2|0.95": {
      "row_count": 1404,
      "mean_acquisition_cost": 2.0,
      "diagnostic": {
        "record_count": 1404,
        "source_bit_micro_f1": 0.9547092125579002,
        "source_bit_macro_f1": 0.9573536197440079,
        "source_bit_hamming_loss": 0.04178537511870845,
        "source_bit_auroc": {
          "visual": 0.9730810359401575,
          "language": 0.9987772715396173,
          "alignment": 0.9973147108949578
        },
        "six_way_macro_f1": 0.7192143980891457,
        "six_way_balanced_accuracy": 0.8077674643525121,
        "six_way_confusion_matrix": [
          [
            150,
            0,
            0,
            0,
            18,
            19
          ],
          [
            1,
            386,
            0,
            2,
            0,
            3
          ],
          [
            0,
            0,
            40,
            2,
            2,
            0
          ],
          [
            11,
            33,
            45,
            500,
            3,
            3
          ],
          [
            2,
            0,
            0,
            0,
            6,
            4
          ],
          [
            4,
            1,
            2,
            0,
            26,
            141
          ]
        ],
        "six_way_labels": [
          "visual",
          "language-prior",
          "alignment",
          "mixed",
          "unclear",
          "no-failure"
        ],
        "signature_mse": 0.007483467830210667
      },
      "prediction_sets": {
        "coverage": 0.9145299145299145,
        "average_set_size": 2.7891737891737893,
        "singleton_rate": 0.09401709401709402,
        "empty_set_rate": 0.08547008547008547
      },
      "action_counts": {
        "blank": 1265,
        "blur": 942,
        "stop": 1404,
        "grounding": 498,
        "crop": 54,
        "brightness": 45,
        "relation": 4
      }
    },
    "proactive_no_stop|3|0.9": {
      "row_count": 1404,
      "mean_acquisition_cost": 3.0,
      "diagnostic": {
        "record_count": 1404,
        "source_bit_micro_f1": 0.9734693877551021,
        "source_bit_macro_f1": 0.9753572979982271,
        "source_bit_hamming_loss": 0.024691358024691357,
        "source_bit_auroc": {
          "visual": 0.9830391787434694,
          "language": 0.9998652753282383,
          "alignment": 0.999106289229746
        },
        "six_way_macro_f1": 0.7866491282567138,
        "six_way_balanced_accuracy": 0.8516065882988514,
        "six_way_confusion_matrix": [
          [
            164,
            0,
            0,
            0,
            7,
            16
          ],
          [
            0,
            388,
            0,
            2,
            0,
            2
          ],
          [
            0,
            0,
            43,
            1,
            0,
            0
          ],
          [
            2,
            26,
            24,
            541,
            0,
            2
          ],
          [
            0,
            0,
            0,
            0,
            6,
            6
          ],
          [
            4,
            0,
            1,
            0,
            20,
            149
          ]
        ],
        "six_way_labels": [
          "visual",
          "language-prior",
          "alignment",
          "mixed",
          "unclear",
          "no-failure"
        ],
        "signature_mse": 0.005375356908299855
      },
      "prediction_sets": {
        "coverage": 0.8233618233618234,
        "average_set_size": 2.0064102564102564,
        "singleton_rate": 0.21367521367521367,
        "empty_set_rate": 0.16666666666666666
      },
      "action_counts": {
        "blank": 1371,
        "blur": 1296,
        "brightness": 82,
        "stop": 1404,
        "grounding": 854,
        "crop": 582,
        "noise": 18,
        "relation": 9
      }
    },
    "proactive_no_stop|3|0.95": {
      "row_count": 1404,
      "mean_acquisition_cost": 3.0,
      "diagnostic": {
        "record_count": 1404,
        "source_bit_micro_f1": 0.9734693877551021,
        "source_bit_macro_f1": 0.9753572979982271,
        "source_bit_hamming_loss": 0.024691358024691357,
        "source_bit_auroc": {
          "visual": 0.9830391787434694,
          "language": 0.9998652753282383,
          "alignment": 0.999106289229746
        },
        "six_way_macro_f1": 0.7866491282567138,
        "six_way_balanced_accuracy": 0.8516065882988514,
        "six_way_confusion_matrix": [
          [
            164,
            0,
            0,
            0,
            7,
            16
          ],
          [
            0,
            388,
            0,
            2,
            0,
            2
          ],
          [
            0,
            0,
            43,
            1,
            0,
            0
          ],
          [
            2,
            26,
            24,
            541,
            0,
            2
          ],
          [
            0,
            0,
            0,
            0,
            6,
            6
          ],
          [
            4,
            0,
            1,
            0,
            20,
            149
          ]
        ],
        "six_way_labels": [
          "visual",
          "language-prior",
          "alignment",
          "mixed",
          "unclear",
          "no-failure"
        ],
        "signature_mse": 0.005375356908299855
      },
      "prediction_sets": {
        "coverage": 0.8995726495726496,
        "average_set_size": 2.774928774928775,
        "singleton_rate": 0.0868945868945869,
        "empty_set_rate": 0.10042735042735043
      },
      "action_counts": {
        "blank": 1371,
        "blur": 1296,
        "brightness": 82,
        "stop": 1404,
        "grounding": 854,
        "crop": 582,
        "noise": 18,
        "relation": 9
      }
    },
    "proactive_no_stop|4|0.9": {
      "row_count": 1404,
      "mean_acquisition_cost": 4.0,
      "diagnostic": {
        "record_count": 1404,
        "source_bit_micro_f1": 0.9850291804110631,
        "source_bit_macro_f1": 0.9861285077270884,
        "source_bit_hamming_loss": 0.014007597340930674,
        "source_bit_auroc": {
          "visual": 0.9914554287052786,
          "language": 1.0,
          "alignment": 0.9995552230120132
        },
        "six_way_macro_f1": 0.8151972830913645,
        "six_way_balanced_accuracy": 0.8574883349369006,
        "six_way_confusion_matrix": [
          [
            178,
            0,
            0,
            0,
            2,
            7
          ],
          [
            0,
            390,
            0,
            2,
            0,
            0
          ],
          [
            0,
            0,
            43,
            1,
            0,
            0
          ],
          [
            1,
            17,
            13,
            564,
            0,
            0
          ],
          [
            0,
            0,
            0,
            0,
            5,
            7
          ],
          [
            0,
            0,
            0,
            0,
            25,
            149
          ]
        ],
        "six_way_labels": [
          "visual",
          "language-prior",
          "alignment",
          "mixed",
          "unclear",
          "no-failure"
        ],
        "signature_mse": 0.00452262676237867
      },
      "prediction_sets": {
        "coverage": 0.8333333333333334,
        "average_set_size": 1.8839031339031338,
        "singleton_rate": 0.28917378917378916,
        "empty_set_rate": 0.1574074074074074
      },
      "action_counts": {
        "blank": 1401,
        "blur": 1342,
        "brightness": 653,
        "grounding": 991,
        "stop": 1404,
        "crop": 1117,
        "noise": 104,
        "relation": 8
      }
    },
    "proactive_no_stop|4|0.95": {
      "row_count": 1404,
      "mean_acquisition_cost": 4.0,
      "diagnostic": {
        "record_count": 1404,
        "source_bit_micro_f1": 0.9850291804110631,
        "source_bit_macro_f1": 0.9861285077270884,
        "source_bit_hamming_loss": 0.014007597340930674,
        "source_bit_auroc": {
          "visual": 0.9914554287052786,
          "language": 1.0,
          "alignment": 0.9995552230120132
        },
        "six_way_macro_f1": 0.8151972830913645,
        "six_way_balanced_accuracy": 0.8574883349369006,
        "six_way_confusion_matrix": [
          [
            178,
            0,
            0,
            0,
            2,
            7
          ],
          [
            0,
            390,
            0,
            2,
            0,
            0
          ],
          [
            0,
            0,
            43,
            1,
            0,
            0
          ],
          [
            1,
            17,
            13,
            564,
            0,
            0
          ],
          [
            0,
            0,
            0,
            0,
            5,
            7
          ],
          [
            0,
            0,
            0,
            0,
            25,
            149
          ]
        ],
        "six_way_labels": [
          "visual",
          "language-prior",
          "alignment",
          "mixed",
          "unclear",
          "no-failure"
        ],
        "signature_mse": 0.00452262676237867
      },
      "prediction_sets": {
        "coverage": 0.8917378917378918,
        "average_set_size": 2.777065527065527,
        "singleton_rate": 0.16666666666666666,
        "empty_set_rate": 0.10754985754985755
      },
      "action_counts": {
        "blank": 1401,
        "blur": 1342,
        "brightness": 653,
        "grounding": 991,
        "stop": 1404,
        "crop": 1117,
        "noise": 104,
        "relation": 8
      }
    },
    "proactive_no_stop|7|0.9": {
      "row_count": 1404,
      "mean_acquisition_cost": 6.011396011396012,
      "diagnostic": {
        "record_count": 1404,
        "source_bit_micro_f1": 0.9969849246231156,
        "source_bit_macro_f1": 0.9970492589980061,
        "source_bit_hamming_loss": 0.002849002849002849,
        "source_bit_auroc": {
          "visual": 0.9999490788361459,
          "language": 0.9999918348683781,
          "alignment": 0.9997464355489047
        },
        "six_way_macro_f1": 0.8582522796095753,
        "six_way_balanced_accuracy": 0.8888773482224656,
        "six_way_confusion_matrix": [
          [
            187,
            0,
            0,
            0,
            0,
            0
          ],
          [
            0,
            390,
            0,
            2,
            0,
            0
          ],
          [
            0,
            0,
            43,
            1,
            0,
            0
          ],
          [
            1,
            0,
            3,
            591,
            0,
            0
          ],
          [
            0,
            0,
            0,
            0,
            6,
            6
          ],
          [
            0,
            0,
            0,
            0,
            23,
            151
          ]
        ],
        "six_way_labels": [
          "visual",
          "language-prior",
          "alignment",
          "mixed",
          "unclear",
          "no-failure"
        ],
        "signature_mse": 0.004559100802819239
      },
      "prediction_sets": {
        "coverage": 0.8703703703703703,
        "average_set_size": 1.814102564102564,
        "singleton_rate": 0.3789173789173789,
        "empty_set_rate": 0.1267806267806268
      },
      "action_counts": {
        "blank": 1404,
        "crop": 1404,
        "grounding": 1404,
        "blur": 1404,
        "brightness": 1404,
        "noise": 1404,
        "stop": 1404,
        "relation": 16
      }
    },
    "proactive_no_stop|7|0.95": {
      "row_count": 1404,
      "mean_acquisition_cost": 6.011396011396012,
      "diagnostic": {
        "record_count": 1404,
        "source_bit_micro_f1": 0.9969849246231156,
        "source_bit_macro_f1": 0.9970492589980061,
        "source_bit_hamming_loss": 0.002849002849002849,
        "source_bit_auroc": {
          "visual": 0.9999490788361459,
          "language": 0.9999918348683781,
          "alignment": 0.9997464355489047
        },
        "six_way_macro_f1": 0.8582522796095753,
        "six_way_balanced_accuracy": 0.8888773482224656,
        "six_way_confusion_matrix": [
          [
            187,
            0,
            0,
            0,
            0,
            0
          ],
          [
            0,
            390,
            0,
            2,
            0,
            0
          ],
          [
            0,
            0,
            43,
            1,
            0,
            0
          ],
          [
            1,
            0,
            3,
            591,
            0,
            0
          ],
          [
            0,
            0,
            0,
            0,
            6,
            6
          ],
          [
            0,
            0,
            0,
            0,
            23,
            151
          ]
        ],
        "six_way_labels": [
          "visual",
          "language-prior",
          "alignment",
          "mixed",
          "unclear",
          "no-failure"
        ],
        "signature_mse": 0.004559100802819239
      },
      "prediction_sets": {
        "coverage": 0.8974358974358975,
        "average_set_size": 3.5263532763532766,
        "singleton_rate": 0.17592592592592593,
        "empty_set_rate": 0.10113960113960115
      },
      "action_counts": {
        "blank": 1404,
        "crop": 1404,
        "grounding": 1404,
        "blur": 1404,
        "brightness": 1404,
        "noise": 1404,
        "stop": 1404,
        "relation": 16
      }
    },
    "proactive_global_aps|1|0.9": {
      "row_count": 1404,
      "mean_acquisition_cost": 1.0,
      "diagnostic": {
        "record_count": 1404,
        "source_bit_micro_f1": 0.9170305676855895,
        "source_bit_macro_f1": 0.9199017985224686,
        "source_bit_hamming_loss": 0.07668566001899335,
        "source_bit_auroc": {
          "visual": 0.9384566813659092,
          "language": 0.9962746586974982,
          "alignment": 0.987598204264871
        },
        "six_way_macro_f1": 0.5926558814386408,
        "six_way_balanced_accuracy": 0.6845236997620366,
        "six_way_confusion_matrix": [
          [
            100,
            0,
            3,
            1,
            31,
            52
          ],
          [
            3,
            371,
            0,
            16,
            1,
            1
          ],
          [
            1,
            0,
            32,
            2,
            9,
            0
          ],
          [
            20,
            52,
            88,
            427,
            8,
            0
          ],
          [
            5,
            0,
            1,
            0,
            5,
            1
          ],
          [
            28,
            0,
            1,
            0,
            12,
            133
          ]
        ],
        "six_way_labels": [
          "visual",
          "language-prior",
          "alignment",
          "mixed",
          "unclear",
          "no-failure"
        ],
        "signature_mse": 0.011406098551487852
      },
      "prediction_sets": {
        "coverage": 0.9515669515669516,
        "average_set_size": 3.5256410256410255,
        "singleton_rate": 0.051994301994301995,
        "empty_set_rate": 0.04700854700854701
      },
      "action_counts": {
        "blank": 1197,
        "stop": 1404,
        "grounding": 170,
        "blur": 36,
        "relation": 1
      }
    },
    "proactive_global_aps|1|0.95": {
      "row_count": 1404,
      "mean_acquisition_cost": 1.0,
      "diagnostic": {
        "record_count": 1404,
        "source_bit_micro_f1": 0.9170305676855895,
        "source_bit_macro_f1": 0.9199017985224686,
        "source_bit_hamming_loss": 0.07668566001899335,
        "source_bit_auroc": {
          "visual": 0.9384566813659092,
          "language": 0.9962746586974982,
          "alignment": 0.987598204264871
        },
        "six_way_macro_f1": 0.5926558814386408,
        "six_way_balanced_accuracy": 0.6845236997620366,
        "six_way_confusion_matrix": [
          [
            100,
            0,
            3,
            1,
            31,
            52
          ],
          [
            3,
            371,
            0,
            16,
            1,
            1
          ],
          [
            1,
            0,
            32,
            2,
            9,
            0
          ],
          [
            20,
            52,
            88,
            427,
            8,
            0
          ],
          [
            5,
            0,
            1,
            0,
            5,
            1
          ],
          [
            28,
            0,
            1,
            0,
            12,
            133
          ]
        ],
        "six_way_labels": [
          "visual",
          "language-prior",
          "alignment",
          "mixed",
          "unclear",
          "no-failure"
        ],
        "signature_mse": 0.011406098551487852
      },
      "prediction_sets": {
        "coverage": 1.0,
        "average_set_size": 4.907407407407407,
        "singleton_rate": 0.04772079772079772,
        "empty_set_rate": 0.0
      },
      "action_counts": {
        "blank": 1197,
        "stop": 1404,
        "grounding": 170,
        "blur": 36,
        "relation": 1
      }
    },
    "proactive_global_aps|2|0.9": {
      "row_count": 1404,
      "mean_acquisition_cost": 2.0,
      "diagnostic": {
        "record_count": 1404,
        "source_bit_micro_f1": 0.9547092125579002,
        "source_bit_macro_f1": 0.9573536197440079,
        "source_bit_hamming_loss": 0.04178537511870845,
        "source_bit_auroc": {
          "visual": 0.9730810359401575,
          "language": 0.9987772715396173,
          "alignment": 0.9973147108949578
        },
        "six_way_macro_f1": 0.7192143980891457,
        "six_way_balanced_accuracy": 0.8077674643525121,
        "six_way_confusion_matrix": [
          [
            150,
            0,
            0,
            0,
            18,
            19
          ],
          [
            1,
            386,
            0,
            2,
            0,
            3
          ],
          [
            0,
            0,
            40,
            2,
            2,
            0
          ],
          [
            11,
            33,
            45,
            500,
            3,
            3
          ],
          [
            2,
            0,
            0,
            0,
            6,
            4
          ],
          [
            4,
            1,
            2,
            0,
            26,
            141
          ]
        ],
        "six_way_labels": [
          "visual",
          "language-prior",
          "alignment",
          "mixed",
          "unclear",
          "no-failure"
        ],
        "signature_mse": 0.007483467830210667
      },
      "prediction_sets": {
        "coverage": 0.9173789173789174,
        "average_set_size": 2.8625356125356127,
        "singleton_rate": 0.07478632478632478,
        "empty_set_rate": 0.08262108262108261
      },
      "action_counts": {
        "blank": 1265,
        "blur": 942,
        "stop": 1404,
        "grounding": 498,
        "crop": 54,
        "brightness": 45,
        "relation": 4
      }
    },
    "proactive_global_aps|2|0.95": {
      "row_count": 1404,
      "mean_acquisition_cost": 2.0,
      "diagnostic": {
        "record_count": 1404,
        "source_bit_micro_f1": 0.9547092125579002,
        "source_bit_macro_f1": 0.9573536197440079,
        "source_bit_hamming_loss": 0.04178537511870845,
        "source_bit_auroc": {
          "visual": 0.9730810359401575,
          "language": 0.9987772715396173,
          "alignment": 0.9973147108949578
        },
        "six_way_macro_f1": 0.7192143980891457,
        "six_way_balanced_accuracy": 0.8077674643525121,
        "six_way_confusion_matrix": [
          [
            150,
            0,
            0,
            0,
            18,
            19
          ],
          [
            1,
            386,
            0,
            2,
            0,
            3
          ],
          [
            0,
            0,
            40,
            2,
            2,
            0
          ],
          [
            11,
            33,
            45,
            500,
            3,
            3
          ],
          [
            2,
            0,
            0,
            0,
            6,
            4
          ],
          [
            4,
            1,
            2,
            0,
            26,
            141
          ]
        ],
        "six_way_labels": [
          "visual",
          "language-prior",
          "alignment",
          "mixed",
          "unclear",
          "no-failure"
        ],
        "signature_mse": 0.007483467830210667
      },
      "prediction_sets": {
        "coverage": 1.0,
        "average_set_size": 4.510683760683761,
        "singleton_rate": 0.08831908831908832,
        "empty_set_rate": 0.0
      },
      "action_counts": {
        "blank": 1265,
        "blur": 942,
        "stop": 1404,
        "grounding": 498,
        "crop": 54,
        "brightness": 45,
        "relation": 4
      }
    },
    "proactive_global_aps|3|0.9": {
      "row_count": 1404,
      "mean_acquisition_cost": 2.9074074074074074,
      "diagnostic": {
        "record_count": 1404,
        "source_bit_micro_f1": 0.9734693877551021,
        "source_bit_macro_f1": 0.9753572979982271,
        "source_bit_hamming_loss": 0.024691358024691357,
        "source_bit_auroc": {
          "visual": 0.9830391787434694,
          "language": 0.9998652753282383,
          "alignment": 0.999106289229746
        },
        "six_way_macro_f1": 0.7866491282567138,
        "six_way_balanced_accuracy": 0.8516065882988514,
        "six_way_confusion_matrix": [
          [
            164,
            0,
            0,
            0,
            7,
            16
          ],
          [
            0,
            388,
            0,
            2,
            0,
            2
          ],
          [
            0,
            0,
            43,
            1,
            0,
            0
          ],
          [
            2,
            26,
            24,
            541,
            0,
            2
          ],
          [
            0,
            0,
            0,
            0,
            6,
            6
          ],
          [
            4,
            0,
            1,
            0,
            20,
            149
          ]
        ],
        "six_way_labels": [
          "visual",
          "language-prior",
          "alignment",
          "mixed",
          "unclear",
          "no-failure"
        ],
        "signature_mse": 0.005334736096092587
      },
      "prediction_sets": {
        "coverage": 0.8945868945868946,
        "average_set_size": 2.559116809116809,
        "singleton_rate": 0.09971509971509972,
        "empty_set_rate": 0.10541310541310542
      },
      "action_counts": {
        "blank": 1371,
        "blur": 1228,
        "brightness": 82,
        "stop": 1404,
        "grounding": 831,
        "crop": 558,
        "relation": 9,
        "noise": 3
      }
    },
    "proactive_global_aps|3|0.95": {
      "row_count": 1404,
      "mean_acquisition_cost": 2.9074074074074074,
      "diagnostic": {
        "record_count": 1404,
        "source_bit_micro_f1": 0.9734693877551021,
        "source_bit_macro_f1": 0.9753572979982271,
        "source_bit_hamming_loss": 0.024691358024691357,
        "source_bit_auroc": {
          "visual": 0.9830391787434694,
          "language": 0.9998652753282383,
          "alignment": 0.999106289229746
        },
        "six_way_macro_f1": 0.7866491282567138,
        "six_way_balanced_accuracy": 0.8516065882988514,
        "six_way_confusion_matrix": [
          [
            164,
            0,
            0,
            0,
            7,
            16
          ],
          [
            0,
            388,
            0,
            2,
            0,
            2
          ],
          [
            0,
            0,
            43,
            1,
            0,
            0
          ],
          [
            2,
            26,
            24,
            541,
            0,
            2
          ],
          [
            0,
            0,
            0,
            0,
            6,
            6
          ],
          [
            4,
            0,
            1,
            0,
            20,
            149
          ]
        ],
        "six_way_labels": [
          "visual",
          "language-prior",
          "alignment",
          "mixed",
          "unclear",
          "no-failure"
        ],
        "signature_mse": 0.005334736096092587
      },
      "prediction_sets": {
        "coverage": 1.0,
        "average_set_size": 4.3497150997151,
        "singleton_rate": 0.11324786324786325,
        "empty_set_rate": 0.0
      },
      "action_counts": {
        "blank": 1371,
        "blur": 1228,
        "brightness": 82,
        "stop": 1404,
        "grounding": 831,
        "crop": 558,
        "relation": 9,
        "noise": 3
      }
    },
    "proactive_global_aps|4|0.9": {
      "row_count": 1404,
      "mean_acquisition_cost": 3.635327635327635,
      "diagnostic": {
        "record_count": 1404,
        "source_bit_micro_f1": 0.9852791878172589,
        "source_bit_macro_f1": 0.9864079114267331,
        "source_bit_hamming_loss": 0.013770180436847104,
        "source_bit_auroc": {
          "visual": 0.9914574655518328,
          "language": 0.999995917434189,
          "alignment": 0.9995531446148731
        },
        "six_way_macro_f1": 0.8151972830913645,
        "six_way_balanced_accuracy": 0.8574883349369006,
        "six_way_confusion_matrix": [
          [
            178,
            0,
            0,
            0,
            2,
            7
          ],
          [
            0,
            390,
            0,
            2,
            0,
            0
          ],
          [
            0,
            0,
            43,
            1,
            0,
            0
          ],
          [
            1,
            17,
            13,
            564,
            0,
            0
          ],
          [
            0,
            0,
            0,
            0,
            5,
            7
          ],
          [
            0,
            0,
            0,
            0,
            25,
            149
          ]
        ],
        "six_way_labels": [
          "visual",
          "language-prior",
          "alignment",
          "mixed",
          "unclear",
          "no-failure"
        ],
        "signature_mse": 0.004468606747012844
      },
      "prediction_sets": {
        "coverage": 0.8803418803418803,
        "average_set_size": 2.344017094017094,
        "singleton_rate": 0.17022792022792022,
        "empty_set_rate": 0.11538461538461539
      },
      "action_counts": {
        "blank": 1401,
        "blur": 1282,
        "brightness": 561,
        "grounding": 920,
        "stop": 1404,
        "crop": 917,
        "relation": 8,
        "noise": 15
      }
    },
    "proactive_global_aps|4|0.95": {
      "row_count": 1404,
      "mean_acquisition_cost": 3.635327635327635,
      "diagnostic": {
        "record_count": 1404,
        "source_bit_micro_f1": 0.9852791878172589,
        "source_bit_macro_f1": 0.9864079114267331,
        "source_bit_hamming_loss": 0.013770180436847104,
        "source_bit_auroc": {
          "visual": 0.9914574655518328,
          "language": 0.999995917434189,
          "alignment": 0.9995531446148731
        },
        "six_way_macro_f1": 0.8151972830913645,
        "six_way_balanced_accuracy": 0.8574883349369006,
        "six_way_confusion_matrix": [
          [
            178,
            0,
            0,
            0,
            2,
            7
          ],
          [
            0,
            390,
            0,
            2,
            0,
            0
          ],
          [
            0,
            0,
            43,
            1,
            0,
            0
          ],
          [
            1,
            17,
            13,
            564,
            0,
            0
          ],
          [
            0,
            0,
            0,
            0,
            5,
            7
          ],
          [
            0,
            0,
            0,
            0,
            25,
            149
          ]
        ],
        "six_way_labels": [
          "visual",
          "language-prior",
          "alignment",
          "mixed",
          "unclear",
          "no-failure"
        ],
        "signature_mse": 0.004468606747012844
      },
      "prediction_sets": {
        "coverage": 0.9992877492877493,
        "average_set_size": 4.180911680911681,
        "singleton_rate": 0.13247863247863248,
        "empty_set_rate": 0.0
      },
      "action_counts": {
        "blank": 1401,
        "blur": 1282,
        "brightness": 561,
        "grounding": 920,
        "stop": 1404,
        "crop": 917,
        "relation": 8,
        "noise": 15
      }
    },
    "proactive_global_aps|7|0.9": {
      "row_count": 1404,
      "mean_acquisition_cost": 4.4408831908831905,
      "diagnostic": {
        "record_count": 1404,
        "source_bit_micro_f1": 0.9969849246231156,
        "source_bit_macro_f1": 0.9970253667755539,
        "source_bit_hamming_loss": 0.002849002849002849,
        "source_bit_auroc": {
          "visual": 0.9999470419895917,
          "language": 1.0,
          "alignment": 0.999684083634701
        },
        "six_way_macro_f1": 0.857898849718045,
        "six_way_balanced_accuracy": 0.8885972361776476,
        "six_way_confusion_matrix": [
          [
            187,
            0,
            0,
            0,
            0,
            0
          ],
          [
            0,
            390,
            0,
            2,
            0,
            0
          ],
          [
            0,
            0,
            43,
            1,
            0,
            0
          ],
          [
            1,
            1,
            3,
            590,
            0,
            0
          ],
          [
            0,
            0,
            0,
            0,
            6,
            6
          ],
          [
            0,
            0,
            0,
            0,
            23,
            151
          ]
        ],
        "six_way_labels": [
          "visual",
          "language-prior",
          "alignment",
          "mixed",
          "unclear",
          "no-failure"
        ],
        "signature_mse": 0.004493133304985669
      },
      "prediction_sets": {
        "coverage": 0.8839031339031339,
        "average_set_size": 2.2813390313390314,
        "singleton_rate": 0.21367521367521367,
        "empty_set_rate": 0.11396011396011396
      },
      "action_counts": {
        "blank": 1404,
        "crop": 984,
        "grounding": 972,
        "stop": 1404,
        "blur": 1283,
        "brightness": 986,
        "noise": 594,
        "relation": 12
      }
    },
    "proactive_global_aps|7|0.95": {
      "row_count": 1404,
      "mean_acquisition_cost": 4.4408831908831905,
      "diagnostic": {
        "record_count": 1404,
        "source_bit_micro_f1": 0.9969849246231156,
        "source_bit_macro_f1": 0.9970253667755539,
        "source_bit_hamming_loss": 0.002849002849002849,
        "source_bit_auroc": {
          "visual": 0.9999470419895917,
          "language": 1.0,
          "alignment": 0.999684083634701
        },
        "six_way_macro_f1": 0.857898849718045,
        "six_way_balanced_accuracy": 0.8885972361776476,
        "six_way_confusion_matrix": [
          [
            187,
            0,
            0,
            0,
            0,
            0
          ],
          [
            0,
            390,
            0,
            2,
            0,
            0
          ],
          [
            0,
            0,
            43,
            1,
            0,
            0
          ],
          [
            1,
            1,
            3,
            590,
            0,
            0
          ],
          [
            0,
            0,
            0,
            0,
            6,
            6
          ],
          [
            0,
            0,
            0,
            0,
            23,
            151
          ]
        ],
        "six_way_labels": [
          "visual",
          "language-prior",
          "alignment",
          "mixed",
          "unclear",
          "no-failure"
        ],
        "signature_mse": 0.004493133304985669
      },
      "prediction_sets": {
        "coverage": 0.9992877492877493,
        "average_set_size": 4.144586894586895,
        "singleton_rate": 0.15384615384615385,
        "empty_set_rate": 0.0
      },
      "action_counts": {
        "blank": 1404,
        "crop": 984,
        "grounding": 972,
        "stop": 1404,
        "blur": 1283,
        "brightness": 986,
        "noise": 594,
        "relation": 12
      }
    }
  },
  "csv_path": "outputs/week8_ablations/loss_only_voi/frontier/frontier_validation.csv",
  "csv_sha256": "d59c4640a89d0883c54efc4b11fbe6928f5162940d40fca0ff40d373b4dd7b08",
  "trajectory_path": "outputs/week8_ablations/loss_only_voi/frontier/trajectories_validation.jsonl",
  "trajectory_sha256": "4a10399a1bafdd10cf27442162eea373c9c973e1d0bcaf7f3580713a8eaf4d29",
  "report_sha256": "92508500d2e72c62b18efce232b81b56fd3d65f2b699d8b924bce9a2676d45a5"
}
	Command being timed: "timeout --signal=TERM --kill-after=5m 810s env CUDA_VISIBLE_DEVICES=1 python scripts/eval_week8_ablation.py --week8_config configs/experiments/week8_evaluation.yaml --ablation_id loss_only_voi --manifest_path outputs/week5_data/vectorized_manifest.json --diagnostic_checkpoint outputs/week5_checkpoints/diag_deep_sets_standard_seed42.best.pt --policy_checkpoint outputs/week8_ablations/loss_only_voi/policy_checkpoints/loss_only_voi_deep_sets_standard_lambda0_seed42.best.pt --aps_report outputs/week5_reports/temporary_aps_deep_sets_standard_seed42.json --freeze_manifest outputs/week8_ablations/loss_only_voi/freeze/week8_stack_freeze.json --teacher_path outputs/teacher_core_contract_v1_recovered --output_dir outputs/week8_ablations/loss_only_voi/frontier --budgets 1 2 3 4 7 --coverages 0.90 0.95 --seed 42 --device cuda:0 --resume"
	User time (seconds): 100.31
	System time (seconds): 6.36
	Percent of CPU this job got: 113%
	Elapsed (wall clock) time (h:mm:ss or m:ss): 1:34.15
	Average shared text size (kbytes): 0
	Average unshared data size (kbytes): 0
	Average stack size (kbytes): 0
	Average total size (kbytes): 0
	Maximum resident set size (kbytes): 1107212
	Average resident set size (kbytes): 0
	Major (requiring I/O) page faults: 2
	Minor (reclaiming a frame) page faults: 212015
	Voluntary context switches: 1599
	Involuntary context switches: 38649
	Swaps: 0
	File system inputs: 400
	File system outputs: 76064
	Socket messages sent: 0
	Socket messages received: 0
	Signals delivered: 0
	Page size (bytes): 4096
	Exit status: 0
loss-only VOI validation frontier exit code: 0
