2026-08-28 11:42:35,678 INFO [train_policy] epoch=0 val_loss=0.595416 oracle_agreement=0.7897
2026-08-28 11:43:41,091 INFO [train_policy] epoch=1 val_loss=0.590948 oracle_agreement=0.7895
2026-08-28 11:44:48,861 INFO [train_policy] epoch=2 val_loss=0.589153 oracle_agreement=0.7889
2026-08-28 11:45:52,716 INFO [train_policy] epoch=3 val_loss=0.588238 oracle_agreement=0.7903
2026-08-28 11:46:56,052 INFO [train_policy] epoch=4 val_loss=0.585549 oracle_agreement=0.7929
2026-08-28 11:48:03,046 INFO [train_policy] epoch=5 val_loss=0.583890 oracle_agreement=0.7922
2026-08-28 11:49:11,031 INFO [train_policy] epoch=6 val_loss=0.584574 oracle_agreement=0.7959
2026-08-28 11:50:16,823 INFO [train_policy] epoch=7 val_loss=0.583632 oracle_agreement=0.7927
2026-08-28 11:51:24,919 INFO [train_policy] epoch=8 val_loss=0.582991 oracle_agreement=0.7951
2026-08-28 11:52:28,389 INFO [train_policy] epoch=9 val_loss=0.582263 oracle_agreement=0.7921
2026-08-28 11:53:33,632 INFO [train_policy] epoch=10 val_loss=0.581229 oracle_agreement=0.7942
2026-08-28 11:54:40,680 INFO [train_policy] epoch=11 val_loss=0.582990 oracle_agreement=0.7955
2026-08-28 11:55:48,512 INFO [train_policy] epoch=12 val_loss=0.581697 oracle_agreement=0.7904
2026-08-28 11:56:56,359 INFO [train_policy] epoch=13 val_loss=0.581840 oracle_agreement=0.7941
2026-08-28 11:58:02,975 INFO [train_policy] epoch=14 val_loss=0.581179 oracle_agreement=0.7943
2026-08-28 11:59:09,257 INFO [train_policy] epoch=15 val_loss=0.581621 oracle_agreement=0.7955
2026-08-28 12:00:17,782 INFO [train_policy] epoch=16 val_loss=0.580301 oracle_agreement=0.7974
2026-08-28 12:01:24,392 INFO [train_policy] epoch=17 val_loss=0.581706 oracle_agreement=0.7896
2026-08-28 12:02:32,850 INFO [train_policy] epoch=18 val_loss=0.582186 oracle_agreement=0.7966
2026-08-28 12:03:37,223 INFO [train_policy] epoch=19 val_loss=0.581187 oracle_agreement=0.7959
2026-08-28 12:04:46,565 INFO [train_policy] epoch=20 val_loss=0.581043 oracle_agreement=0.7952
2026-08-28 12:05:52,474 INFO [train_policy] epoch=21 val_loss=0.581332 oracle_agreement=0.7911
{
  "encoder": "deep_sets",
  "gru_condition": "standard",
  "cost_multiplier": 0.1,
  "target_kind": "voi",
  "limit": null,
  "seed": 42,
  "pilot": false,
  "config_approval": "APPROVED",
  "output": "outputs/week6_checkpoints/policy_deep_sets_standard_lambda0p1_seed42.best.pt"
}
{
  "format_version": "week6_policy_validation_v1",
  "is_valid": true,
  "fit_split": "train",
  "selection_split": "val",
  "calibration_used": false,
  "test_used": false,
  "encoder_name": "deep_sets",
  "gru_condition": "standard",
  "seed": 42,
  "cost_multiplier": 0.1,
  "target_kind": "voi",
  "train_rows": 436429,
  "validation_rows": 60483,
  "best_epoch": 16,
  "metrics": {
    "total": 0.5803005244782635,
    "ranking": 0.0709622642785863,
    "mse": 0.6026249588587362,
    "action_ce": 0.7173640368366467,
    "best_action_accuracy": 0.7973645487161681,
    "stop_prediction_rate": 0.5349602367607427,
    "row_count": 60483
  },
  "checkpoint_path": "outputs/week6_checkpoints/policy_deep_sets_standard_lambda0p1_seed42.best.pt",
  "checkpoint_sha256": "58cfd493658a6c2a7dede8b5a91b6af26e576c670002abd14729b5ba873574f4",
  "config_sha256": "33e88aa1bbc4dbaa47309015be7e6e188523dcdf5416cf64d1703aa4c442c9eb",
  "source_manifest_sha256": "80886682b9ebb933236ec2af1a04582b24499e8595f058813baaf9b0b8a8f286",
  "diagnostic_checkpoint_sha256": "2e680eb8ff7859b0420577f0ffb3b06810e6f863deac25b87d7fb3170bf2fb06",
  "vector_manifest_sha256": "1fac2c343e57ca8b6702c4e6a282a7b86a48042a6d133ba84612b5b1c50201ae",
  "week5_freeze_sha256": "d6323ee4dae857fbb6bdca8df392f743924f319339c4e21935d68ebda389a858",
  "limit": null,
  "report_sha256": "a716a86a1d1d07c9f75e1c4aea898237f9e03df1c70a7de03a5ab5f9c917f116"
}
	Command being timed: "env CUDA_VISIBLE_DEVICES=1 PYTHONPATH=src python scripts/train_policy.py --config configs/experiments/policy_train.yaml --manifest_path outputs/week5_data/vectorized_manifest.json --voi_manifest outputs/week6_voi/voi_manifest.json --diagnostic_checkpoint outputs/week5_checkpoints/diag_deep_sets_standard_seed42.best.pt --freeze_manifest outputs/week5_reports/week5_encoder_freeze.json --cost_multiplier 0.1 --target_kind voi --seed 42 --device cuda:0 --output_dir outputs/week6_checkpoints --overwrite"
	User time (seconds): 1570.02
	System time (seconds): 11.42
	Percent of CPU this job got: 101%
	Elapsed (wall clock) time (h:mm:ss or m:ss): 25:59.92
	Average shared text size (kbytes): 0
	Average unshared data size (kbytes): 0
	Average stack size (kbytes): 0
	Average total size (kbytes): 0
	Maximum resident set size (kbytes): 7211924
	Average resident set size (kbytes): 0
	Major (requiring I/O) page faults: 0
	Minor (reclaiming a frame) page faults: 1781625
	Voluntary context switches: 56902
	Involuntary context switches: 105166
	Swaps: 0
	File system inputs: 0
	File system outputs: 31224
	Socket messages sent: 0
	Socket messages received: 0
	Signals delivered: 0
	Page size (bytes): 4096
	Exit status: 0
