2026-08-28 11:43:13,081 INFO [train_policy] epoch=0 val_loss=0.421708 oracle_agreement=0.8197
2026-08-28 11:44:20,371 INFO [train_policy] epoch=1 val_loss=0.420000 oracle_agreement=0.8186
2026-08-28 11:45:23,624 INFO [train_policy] epoch=2 val_loss=0.418703 oracle_agreement=0.8188
2026-08-28 11:46:29,855 INFO [train_policy] epoch=3 val_loss=0.418621 oracle_agreement=0.8180
2026-08-28 11:47:38,167 INFO [train_policy] epoch=4 val_loss=0.418703 oracle_agreement=0.8181
2026-08-28 11:48:36,015 INFO [train_policy] epoch=5 val_loss=0.417152 oracle_agreement=0.8217
2026-08-28 11:49:42,448 INFO [train_policy] epoch=6 val_loss=0.418511 oracle_agreement=0.8216
2026-08-28 11:50:51,685 INFO [train_policy] epoch=7 val_loss=0.418049 oracle_agreement=0.8187
2026-08-28 11:52:00,395 INFO [train_policy] epoch=8 val_loss=0.417683 oracle_agreement=0.8204
2026-08-28 11:53:06,292 INFO [train_policy] epoch=9 val_loss=0.416526 oracle_agreement=0.8210
2026-08-28 11:54:12,284 INFO [train_policy] epoch=10 val_loss=0.416474 oracle_agreement=0.8216
2026-08-28 11:55:17,871 INFO [train_policy] epoch=11 val_loss=0.416893 oracle_agreement=0.8204
2026-08-28 11:56:24,254 INFO [train_policy] epoch=12 val_loss=0.417818 oracle_agreement=0.8208
2026-08-28 11:57:29,286 INFO [train_policy] epoch=13 val_loss=0.416789 oracle_agreement=0.8213
2026-08-28 11:58:37,900 INFO [train_policy] epoch=14 val_loss=0.416532 oracle_agreement=0.8205
2026-08-28 11:59:40,121 INFO [train_policy] epoch=15 val_loss=0.416804 oracle_agreement=0.8208
{
  "encoder": "deep_sets",
  "gru_condition": "standard",
  "cost_multiplier": 0.0,
  "target_kind": "entropy_reduction",
  "limit": null,
  "seed": 42,
  "pilot": false,
  "config_approval": "APPROVED",
  "output": "outputs/week6_checkpoints/uncertainty_deep_sets_standard_lambda0_seed42.best.pt"
}
{
  "format_version": "week6_policy_validation_v1",
  "is_valid": true,
  "fit_split": "train",
  "selection_split": "val",
  "calibration_used": false,
  "test_used": false,
  "encoder_name": "deep_sets",
  "gru_condition": "standard",
  "seed": 42,
  "cost_multiplier": 0.0,
  "target_kind": "entropy_reduction",
  "train_rows": 436429,
  "validation_rows": 60483,
  "best_epoch": 10,
  "metrics": {
    "total": 0.4164738788681682,
    "ranking": 0.03838015779604773,
    "mse": 0.17537562498165032,
    "action_ce": 0.66849962698117,
    "best_action_accuracy": 0.8215862308417241,
    "stop_prediction_rate": 0.4063125175669196,
    "row_count": 60483
  },
  "checkpoint_path": "outputs/week6_checkpoints/uncertainty_deep_sets_standard_lambda0_seed42.best.pt",
  "checkpoint_sha256": "df3ac9b95e4ea4f7b2d79a420c994f882663a8509ed8865fd2d19644ce2eda3f",
  "config_sha256": "33e88aa1bbc4dbaa47309015be7e6e188523dcdf5416cf64d1703aa4c442c9eb",
  "source_manifest_sha256": "80886682b9ebb933236ec2af1a04582b24499e8595f058813baaf9b0b8a8f286",
  "diagnostic_checkpoint_sha256": "2e680eb8ff7859b0420577f0ffb3b06810e6f863deac25b87d7fb3170bf2fb06",
  "vector_manifest_sha256": "1fac2c343e57ca8b6702c4e6a282a7b86a48042a6d133ba84612b5b1c50201ae",
  "week5_freeze_sha256": "d6323ee4dae857fbb6bdca8df392f743924f319339c4e21935d68ebda389a858",
  "limit": null,
  "report_sha256": "52795aa86c3c284f31a25e977cdd8a3cba212b66bca9a7dc5dab4d524201459e"
}
	Command being timed: "env CUDA_VISIBLE_DEVICES=2 PYTHONPATH=src python scripts/train_policy.py --config configs/experiments/policy_train.yaml --manifest_path outputs/week5_data/vectorized_manifest.json --voi_manifest outputs/week6_voi/voi_manifest.json --diagnostic_checkpoint outputs/week5_checkpoints/diag_deep_sets_standard_seed42.best.pt --freeze_manifest outputs/week5_reports/week5_encoder_freeze.json --cost_multiplier 0 --target_kind entropy_reduction --seed 42 --device cuda:0 --output_dir outputs/week6_checkpoints --overwrite"
	User time (seconds): 1173.08
	System time (seconds): 11.27
	Percent of CPU this job got: 101%
	Elapsed (wall clock) time (h:mm:ss or m:ss): 19:26.90
	Average shared text size (kbytes): 0
	Average unshared data size (kbytes): 0
	Average stack size (kbytes): 0
	Average total size (kbytes): 0
	Maximum resident set size (kbytes): 7239992
	Average resident set size (kbytes): 0
	Major (requiring I/O) page faults: 7
	Minor (reclaiming a frame) page faults: 1818807
	Voluntary context switches: 41502
	Involuntary context switches: 43535
	Swaps: 0
	File system inputs: 3080
	File system outputs: 21120
	Socket messages sent: 0
	Socket messages received: 0
	Signals delivered: 0
	Page size (bytes): 4096
	Exit status: 0
