2026-08-27 20:28:41,858 INFO [build_voi_targets] Processed 62636 target rows from outputs/states_v1/states_gemma4_e4b_all_all_shard00-of-04.jsonl
2026-08-27 20:29:57,589 INFO [build_voi_targets] Processed 60031 target rows from outputs/states_v1/states_gemma4_e4b_all_all_shard01-of-04.jsonl
2026-08-27 20:31:18,312 INFO [build_voi_targets] Processed 61965 target rows from outputs/states_v1/states_gemma4_e4b_all_all_shard02-of-04.jsonl
2026-08-27 20:32:40,515 INFO [build_voi_targets] Processed 63783 target rows from outputs/states_v1/states_gemma4_e4b_all_all_shard03-of-04.jsonl
2026-08-27 20:34:00,241 INFO [build_voi_targets] Processed 63161 target rows from outputs/states_v1/states_qwen3_vl_8b_all_all_shard00-of-04.jsonl
2026-08-27 20:35:22,004 INFO [build_voi_targets] Processed 62611 target rows from outputs/states_v1/states_qwen3_vl_8b_all_all_shard01-of-04.jsonl
2026-08-27 20:36:40,916 INFO [build_voi_targets] Processed 61319 target rows from outputs/states_v1/states_qwen3_vl_8b_all_all_shard02-of-04.jsonl
2026-08-27 20:38:00,211 INFO [build_voi_targets] Processed 61406 target rows from outputs/states_v1/states_qwen3_vl_8b_all_all_shard03-of-04.jsonl
{
  "format_version": "week6_voi_manifest_v1",
  "config_sha256": "33e88aa1bbc4dbaa47309015be7e6e188523dcdf5416cf64d1703aa4c442c9eb",
  "vector_manifest_sha256": "1fac2c343e57ca8b6702c4e6a282a7b86a48042a6d133ba84612b5b1c50201ae",
  "state_manifest_sha256": "cf0172e7377ff41df4d5d18bbed8bb713aaef5482a3e24a0fd28ec85a542f1a4",
  "freeze_manifest_sha256": "d6323ee4dae857fbb6bdca8df392f743924f319339c4e21935d68ebda389a858",
  "checkpoint_sha256": "73752aa96aef6a6777087cd908a80c06ccd29133e0ea191d3877e3fe871950e8",
  "temporary_aps_sha256": "a6bfd397ab66fd029fbfcd0a015970ab9dd0e6ddfbd5dfd9cb96975e7020ce37",
  "limit": null,
  "status": "COMPLETE",
  "fit_splits": [
    "train",
    "val"
  ],
  "calibration_used": false,
  "test_used": false,
  "budgets": [
    1,
    2,
    4
  ],
  "eta_loss": 0.25,
  "cost_multipliers": [
    0.0,
    0.05,
    0.1,
    0.2,
    0.4
  ],
  "target_coverage": 0.9,
  "row_count": 496912,
  "split_counts": {
    "train": 436429,
    "val": 60483
  },
  "sign_counts": {
    "0": {
      "zero": 496912,
      "positive": 995922,
      "negative": 357057
    },
    "0.05": {
      "zero": 496912,
      "positive": 499402,
      "negative": 853577
    },
    "0.1": {
      "zero": 496912,
      "positive": 434545,
      "negative": 918434
    },
    "0.2": {
      "zero": 496912,
      "positive": 393383,
      "negative": 959596
    },
    "0.4": {
      "zero": 496912,
      "positive": 379275,
      "negative": 973704
    }
  },
  "best_action_counts": {
    "0": {
      "grounding": 52727,
      "stop": 202320,
      "blank": 134372,
      "brightness": 17379,
      "blur": 61020,
      "crop": 21670,
      "noise": 7201,
      "relation": 223
    },
    "0.05": {
      "grounding": 42679,
      "stop": 254840,
      "blank": 125505,
      "brightness": 11318,
      "blur": 43729,
      "crop": 13969,
      "noise": 4667,
      "relation": 205
    },
    "0.1": {
      "grounding": 40061,
      "stop": 265987,
      "blank": 120330,
      "brightness": 10761,
      "blur": 41630,
      "crop": 13518,
      "noise": 4439,
      "relation": 186
    },
    "0.2": {
      "grounding": 37275,
      "stop": 281752,
      "blank": 110896,
      "brightness": 10355,
      "blur": 39101,
      "crop": 13119,
      "noise": 4270,
      "relation": 144
    },
    "0.4": {
      "grounding": 36233,
      "stop": 285072,
      "blank": 110028,
      "blur": 38529,
      "brightness": 10045,
      "crop": 12707,
      "noise": 4164,
      "relation": 134
    }
  },
  "files": [
    {
      "path": "states_gemma4_e4b_all_all_shard00-of-04__train.jsonl",
      "split": "train",
      "row_count": 55084,
      "sha256": "220c32e07bd7fb40fb9b0ee52909d74fd5c1b468871d430c08123b33c3fea82a",
      "source_state_path": "outputs/states_v1/states_gemma4_e4b_all_all_shard00-of-04.jsonl",
      "source_state_sha256": "850469e36436d128523c2fa3d876cbea336ea1ce33408808946ccbc726a458fa",
      "source_teacher_path": "outputs/teacher_core_contract_v1_recovered/teacher_gemma4_e4b_all_all_shard00-of-04.jsonl",
      "source_teacher_sha256": "46593391081546c310991894934b1436ecfcf1f07956104d59e9e8f4495e1948"
    },
    {
      "path": "states_gemma4_e4b_all_all_shard00-of-04__val.jsonl",
      "split": "val",
      "row_count": 7552,
      "sha256": "505a75e70444034a34314715ab62eacba4f00ad312981b11070c34d39a4f8051",
      "source_state_path": "outputs/states_v1/states_gemma4_e4b_all_all_shard00-of-04.jsonl",
      "source_state_sha256": "850469e36436d128523c2fa3d876cbea336ea1ce33408808946ccbc726a458fa",
      "source_teacher_path": "outputs/teacher_core_contract_v1_recovered/teacher_gemma4_e4b_all_all_shard00-of-04.jsonl",
      "source_teacher_sha256": "46593391081546c310991894934b1436ecfcf1f07956104d59e9e8f4495e1948"
    },
    {
      "path": "states_gemma4_e4b_all_all_shard01-of-04__train.jsonl",
      "split": "train",
      "row_count": 52258,
      "sha256": "737c2fe53e9f0a1d6ada7ba4ee54cb08721e54e0ab8fd9b16dcc2074ac705f8e",
      "source_state_path": "outputs/states_v1/states_gemma4_e4b_all_all_shard01-of-04.jsonl",
      "source_state_sha256": "6756594128f0dc3b056852c3b904aecff933a3ac3f85276227b97625d12cc7fb",
      "source_teacher_path": "outputs/teacher_core_contract_v1_recovered/teacher_gemma4_e4b_all_all_shard01-of-04.jsonl",
      "source_teacher_sha256": "3c7d3ca72753bd49d8f344dd9e468877e75567132de20a81ce20467d52e096a9"
    },
    {
      "path": "states_gemma4_e4b_all_all_shard01-of-04__val.jsonl",
      "split": "val",
      "row_count": 7773,
      "sha256": "dc0ec594cc503fc7ba9e06977f03c1d01ebc3d76ebe43aa71f0fd51189141a93",
      "source_state_path": "outputs/states_v1/states_gemma4_e4b_all_all_shard01-of-04.jsonl",
      "source_state_sha256": "6756594128f0dc3b056852c3b904aecff933a3ac3f85276227b97625d12cc7fb",
      "source_teacher_path": "outputs/teacher_core_contract_v1_recovered/teacher_gemma4_e4b_all_all_shard01-of-04.jsonl",
      "source_teacher_sha256": "3c7d3ca72753bd49d8f344dd9e468877e75567132de20a81ce20467d52e096a9"
    },
    {
      "path": "states_gemma4_e4b_all_all_shard02-of-04__train.jsonl",
      "split": "train",
      "row_count": 54938,
      "sha256": "0bff6245d2af4bb713e7365603d066fa5a1144907d87e6d97d33438431693b8c",
      "source_state_path": "outputs/states_v1/states_gemma4_e4b_all_all_shard02-of-04.jsonl",
      "source_state_sha256": "1b4cfc03de358f299d1356fe5731a4146ff389d453cf6d726c8c084a9568d90d",
      "source_teacher_path": "outputs/teacher_core_contract_v1_recovered/teacher_gemma4_e4b_all_all_shard02-of-04.jsonl",
      "source_teacher_sha256": "bff419cdd17e66ccd9eea1a83e248d5f58e16143d662ebd3ba33625b953018ec"
    },
    {
      "path": "states_gemma4_e4b_all_all_shard02-of-04__val.jsonl",
      "split": "val",
      "row_count": 7027,
      "sha256": "711a938ad4f38c7d6e1ea3e9987244afd1583e2daad8240014324cb3f789c857",
      "source_state_path": "outputs/states_v1/states_gemma4_e4b_all_all_shard02-of-04.jsonl",
      "source_state_sha256": "1b4cfc03de358f299d1356fe5731a4146ff389d453cf6d726c8c084a9568d90d",
      "source_teacher_path": "outputs/teacher_core_contract_v1_recovered/teacher_gemma4_e4b_all_all_shard02-of-04.jsonl",
      "source_teacher_sha256": "bff419cdd17e66ccd9eea1a83e248d5f58e16143d662ebd3ba33625b953018ec"
    },
    {
      "path": "states_gemma4_e4b_all_all_shard03-of-04__train.jsonl",
      "split": "train",
      "row_count": 55894,
      "sha256": "17806f1ec21c4fb95cddcbae5d0d89d589c388cd38b8f74838dcfdc6bf6b9dca",
      "source_state_path": "outputs/states_v1/states_gemma4_e4b_all_all_shard03-of-04.jsonl",
      "source_state_sha256": "fdfe59204e8bb5797b03713d7ebe69fdd436471b87c697565035953d4d8e0edf",
      "source_teacher_path": "outputs/teacher_core_contract_v1_recovered/teacher_gemma4_e4b_all_all_shard03-of-04.jsonl",
      "source_teacher_sha256": "9538751d71a3f8a133be26c2de6d4a4b505b3c780a20ee10a15cd24cd0d8a84e"
    },
    {
      "path": "states_gemma4_e4b_all_all_shard03-of-04__val.jsonl",
      "split": "val",
      "row_count": 7889,
      "sha256": "80300bba541d321d597caa4b556bc2f1629a29cdff23470e0b2fe2158f45b0e3",
      "source_state_path": "outputs/states_v1/states_gemma4_e4b_all_all_shard03-of-04.jsonl",
      "source_state_sha256": "fdfe59204e8bb5797b03713d7ebe69fdd436471b87c697565035953d4d8e0edf",
      "source_teacher_path": "outputs/teacher_core_contract_v1_recovered/teacher_gemma4_e4b_all_all_shard03-of-04.jsonl",
      "source_teacher_sha256": "9538751d71a3f8a133be26c2de6d4a4b505b3c780a20ee10a15cd24cd0d8a84e"
    },
    {
      "path": "states_qwen3_vl_8b_all_all_shard00-of-04__train.jsonl",
      "split": "train",
      "row_count": 56194,
      "sha256": "57e13ecc9b2135a161208893ec308dedd98f2184702c0031995c05497292139b",
      "source_state_path": "outputs/states_v1/states_qwen3_vl_8b_all_all_shard00-of-04.jsonl",
      "source_state_sha256": "c24221c1c55402e59d736456dc46a215921c095aab5fb7b54d39d116254cefed",
      "source_teacher_path": "outputs/teacher_core_contract_v1_recovered/teacher_qwen3_vl_8b_all_all_shard00-of-04.jsonl",
      "source_teacher_sha256": "53cc79788e76a9ddcf8df20812e5ca0ca7aa918dad85d249107f3b46003c5be4"
    },
    {
      "path": "states_qwen3_vl_8b_all_all_shard00-of-04__val.jsonl",
      "split": "val",
      "row_count": 6967,
      "sha256": "aa763447f4af40789da65bba91ae1b6a1aa9da76328a42a2d49dedeb07775ae9",
      "source_state_path": "outputs/states_v1/states_qwen3_vl_8b_all_all_shard00-of-04.jsonl",
      "source_state_sha256": "c24221c1c55402e59d736456dc46a215921c095aab5fb7b54d39d116254cefed",
      "source_teacher_path": "outputs/teacher_core_contract_v1_recovered/teacher_qwen3_vl_8b_all_all_shard00-of-04.jsonl",
      "source_teacher_sha256": "53cc79788e76a9ddcf8df20812e5ca0ca7aa918dad85d249107f3b46003c5be4"
    },
    {
      "path": "states_qwen3_vl_8b_all_all_shard01-of-04__train.jsonl",
      "split": "train",
      "row_count": 54923,
      "sha256": "36924ffceb387a8924d7e7b0bc2bca50d1e9b14688f16887676ca10eddbf52bd",
      "source_state_path": "outputs/states_v1/states_qwen3_vl_8b_all_all_shard01-of-04.jsonl",
      "source_state_sha256": "fa112c4a9dfb642454d2d1f9f210f914ae375ff4e1d2cd68ce14286fc7e8d35a",
      "source_teacher_path": "outputs/teacher_core_contract_v1_recovered/teacher_qwen3_vl_8b_all_all_shard01-of-04.jsonl",
      "source_teacher_sha256": "5bcb3927cfca370cce87c95df969dde3f24c26cd901c9733b63bb17180717c65"
    },
    {
      "path": "states_qwen3_vl_8b_all_all_shard01-of-04__val.jsonl",
      "split": "val",
      "row_count": 7688,
      "sha256": "da285f44483df8269f879e2396f57eede010aadd59d91e4990dfca845a841453",
      "source_state_path": "outputs/states_v1/states_qwen3_vl_8b_all_all_shard01-of-04.jsonl",
      "source_state_sha256": "fa112c4a9dfb642454d2d1f9f210f914ae375ff4e1d2cd68ce14286fc7e8d35a",
      "source_teacher_path": "outputs/teacher_core_contract_v1_recovered/teacher_qwen3_vl_8b_all_all_shard01-of-04.jsonl",
      "source_teacher_sha256": "5bcb3927cfca370cce87c95df969dde3f24c26cd901c9733b63bb17180717c65"
    },
    {
      "path": "states_qwen3_vl_8b_all_all_shard02-of-04__train.jsonl",
      "split": "train",
      "row_count": 53815,
      "sha256": "9dd86e21adad779f907928b96e16972d6021bcdfed9d48a4e8c6823cf228fca3",
      "source_state_path": "outputs/states_v1/states_qwen3_vl_8b_all_all_shard02-of-04.jsonl",
      "source_state_sha256": "a282447d4b679ad0a4a3d3b95065ad9265e1922a77e78c3c9b9b00f418e78de6",
      "source_teacher_path": "outputs/teacher_core_contract_v1_recovered/teacher_qwen3_vl_8b_all_all_shard02-of-04.jsonl",
      "source_teacher_sha256": "0ae1afb49f1cf578282a62fafea38ffad93bc7d3220929469d31150e2f9c8711"
    },
    {
      "path": "states_qwen3_vl_8b_all_all_shard02-of-04__val.jsonl",
      "split": "val",
      "row_count": 7504,
      "sha256": "04d7af1c86d41219f900f53224caf070d266d85fc0976462fd02b5819f921693",
      "source_state_path": "outputs/states_v1/states_qwen3_vl_8b_all_all_shard02-of-04.jsonl",
      "source_state_sha256": "a282447d4b679ad0a4a3d3b95065ad9265e1922a77e78c3c9b9b00f418e78de6",
      "source_teacher_path": "outputs/teacher_core_contract_v1_recovered/teacher_qwen3_vl_8b_all_all_shard02-of-04.jsonl",
      "source_teacher_sha256": "0ae1afb49f1cf578282a62fafea38ffad93bc7d3220929469d31150e2f9c8711"
    },
    {
      "path": "states_qwen3_vl_8b_all_all_shard03-of-04__train.jsonl",
      "split": "train",
      "row_count": 53323,
      "sha256": "97857f3b7d82ef2ba3b132307ab89905ed9ae4fbd1a2cbf1fcc120b7784ecdde",
      "source_state_path": "outputs/states_v1/states_qwen3_vl_8b_all_all_shard03-of-04.jsonl",
      "source_state_sha256": "fb3947cceb2cbb9a3276546d3ec70b28c9e510d7f50df9eff09bc1f6dd6b0b8f",
      "source_teacher_path": "outputs/teacher_core_contract_v1_recovered/teacher_qwen3_vl_8b_all_all_shard03-of-04.jsonl",
      "source_teacher_sha256": "4dc9b657f4ea35d7e74e352157f25aee5bd1b2c9c99e13d33755f8f65d55031f"
    },
    {
      "path": "states_qwen3_vl_8b_all_all_shard03-of-04__val.jsonl",
      "split": "val",
      "row_count": 8083,
      "sha256": "1d8fb335a2886627a5ab94f1904d58f58fa4e85b6515ebfbb45946f73db9d0a4",
      "source_state_path": "outputs/states_v1/states_qwen3_vl_8b_all_all_shard03-of-04.jsonl",
      "source_state_sha256": "fb3947cceb2cbb9a3276546d3ec70b28c9e510d7f50df9eff09bc1f6dd6b0b8f",
      "source_teacher_path": "outputs/teacher_core_contract_v1_recovered/teacher_qwen3_vl_8b_all_all_shard03-of-04.jsonl",
      "source_teacher_sha256": "4dc9b657f4ea35d7e74e352157f25aee5bd1b2c9c99e13d33755f8f65d55031f"
    }
  ],
  "manifest_sha256": "abff393bf55091a77d7bbf67c16e954c4f98d94197553646518e78f9b24f8a96"
}
	Command being timed: "env CUDA_VISIBLE_DEVICES=2 python scripts/build_voi_targets.py --config configs/experiments/policy_train.yaml --manifest_path outputs/week5_data/vectorized_manifest.json --state_manifest outputs/week4_reports/final/state_manifest.json --checkpoint outputs/week5_checkpoints/diag_masked_slot_mlp_standard_seed42.best.pt --freeze_manifest outputs/week5_reports/week5_encoder_freeze.json --temporary_aps outputs/week5_reports/temporary_aps_masked_slot_mlp_standard_seed42.json --teacher_path outputs/teacher_core_contract_v1_recovered --output_dir outputs/week6_voi_masked --inference_batch_size 2048 --device cuda:0 --resume"
	User time (seconds): 635.10
	System time (seconds): 14.16
	Percent of CPU this job got: 100%
	Elapsed (wall clock) time (h:mm:ss or m:ss): 10:43.50
	Average shared text size (kbytes): 0
	Average unshared data size (kbytes): 0
	Average stack size (kbytes): 0
	Average total size (kbytes): 0
	Maximum resident set size (kbytes): 3880296
	Average resident set size (kbytes): 0
	Major (requiring I/O) page faults: 0
	Minor (reclaiming a frame) page faults: 1518629
	Voluntary context switches: 7031
	Involuntary context switches: 6229
	Swaps: 0
	File system inputs: 0
	File system outputs: 2412272
	Socket messages sent: 0
	Socket messages received: 0
	Signals delivered: 0
	Page size (bytes): 4096
	Exit status: 0
