{
  "format_version": "week6_voi_manifest_v1",
  "config_sha256": "33e88aa1bbc4dbaa47309015be7e6e188523dcdf5416cf64d1703aa4c442c9eb",
  "vector_manifest_sha256": "1fac2c343e57ca8b6702c4e6a282a7b86a48042a6d133ba84612b5b1c50201ae",
  "state_manifest_sha256": "cf0172e7377ff41df4d5d18bbed8bb713aaef5482a3e24a0fd28ec85a542f1a4",
  "freeze_manifest_sha256": "d6323ee4dae857fbb6bdca8df392f743924f319339c4e21935d68ebda389a858",
  "checkpoint_sha256": "2e680eb8ff7859b0420577f0ffb3b06810e6f863deac25b87d7fb3170bf2fb06",
  "temporary_aps_sha256": "af5b015ee18198370f38a40a34a907b8ab64d4d1bed2afe7e2e693c4d9e9138c",
  "limit": null,
  "source_files": 8,
  "budgets": [
    1,
    2,
    4
  ],
  "cost_multipliers": [
    0.0,
    0.05,
    0.1,
    0.2,
    0.4
  ],
  "output": "outputs/week6_staging/voi_preflight/voi_manifest.json"
}
