2026-08-20 13:23:27,701 INFO Found 4 dataset configs
2026-08-20 13:23:27,701 INFO --- Loading: hallusionbench ---
2026-08-20 13:23:27,741 INFO   Loaded 951 records
2026-08-20 13:23:27,744 INFO   Split stats: {"train": {"records": 677, "groups": 677}, "val": {"records": 91, "groups": 91}, "cal": {"records": 92, "groups": 92}, "test": {"records": 91, "groups": 91}}
2026-08-20 13:23:27,744 INFO --- Loading: pope ---
2026-08-20 13:23:27,903 INFO   Loaded 3000 records
2026-08-20 13:23:27,910 INFO   Split stats: {"train": {"records": 2084, "groups": 2084}, "val": {"records": 269, "groups": 269}, "cal": {"records": 312, "groups": 312}, "test": {"records": 335, "groups": 335}}
2026-08-20 13:23:27,910 INFO --- Loading: vizwiz ---
2026-08-20 13:23:28,029 INFO   Loaded 3000 records
2026-08-20 13:23:28,035 INFO   Split stats: {"train": {"records": 2054, "groups": 2054}, "val": {"records": 313, "groups": 313}, "cal": {"records": 310, "groups": 310}, "test": {"records": 323, "groups": 323}}
2026-08-20 13:23:28,035 INFO --- Loading: vsr ---
2026-08-20 13:23:28,125 INFO   Loaded 340 records
2026-08-20 13:23:28,126 INFO   Split stats: {"train": {"records": 244, "groups": 244}, "val": {"records": 29, "groups": 29}, "cal": {"records": 36, "groups": 36}, "test": {"records": 31, "groups": 31}}
2026-08-20 13:23:28,126 INFO 
=== Total: 7291 records across 4 datasets ===
2026-08-20 13:23:28,142 INFO   Wrote outputs/manifests/manifest_hallusionbench.jsonl (951 records, hash=e66d0702e08e)
2026-08-20 13:23:28,167 INFO   Wrote outputs/manifests/manifest_pope.jsonl (3000 records, hash=99868f9ed5e3)
2026-08-20 13:23:28,206 INFO   Wrote outputs/manifests/manifest_vizwiz.jsonl (3000 records, hash=51bbb056907c)
2026-08-20 13:23:28,209 INFO   Wrote outputs/manifests/manifest_vsr.jsonl (340 records, hash=f8bbc6913771)
2026-08-20 13:23:28,287 INFO   Wrote outputs/manifests/manifest_combined.jsonl (7291 records, hash=8cb1b85004b3)
2026-08-20 13:23:28,287 INFO   Wrote outputs/manifests/manifest_stats.json
2026-08-20 13:23:28,287 INFO Manifest building complete.
