{
  "device": "cpu",
  "input_inventory": [
    {
      "bytes": 15205575,
      "path": "outputs/teacher_core_contract_v1_recovered/teacher_gemma4_e4b_all_all_shard00-of-04.jsonl",
      "rows": 1836,
      "sha256": "46593391081546c310991894934b1436ecfcf1f07956104d59e9e8f4495e1948"
    },
    {
      "bytes": 14770984,
      "path": "outputs/teacher_core_contract_v1_recovered/teacher_gemma4_e4b_all_all_shard01-of-04.jsonl",
      "rows": 1787,
      "sha256": "3c7d3ca72753bd49d8f344dd9e468877e75567132de20a81ce20467d52e096a9"
    },
    {
      "bytes": 15156691,
      "path": "outputs/teacher_core_contract_v1_recovered/teacher_gemma4_e4b_all_all_shard02-of-04.jsonl",
      "rows": 1826,
      "sha256": "bff419cdd17e66ccd9eea1a83e248d5f58e16143d662ebd3ba33625b953018ec"
    },
    {
      "bytes": 15271608,
      "path": "outputs/teacher_core_contract_v1_recovered/teacher_gemma4_e4b_all_all_shard03-of-04.jsonl",
      "rows": 1842,
      "sha256": "9538751d71a3f8a133be26c2de6d4a4b505b3c780a20ee10a15cd24cd0d8a84e"
    },
    {
      "bytes": 14426686,
      "path": "outputs/teacher_core_contract_v1_recovered/teacher_qwen3_vl_8b_all_all_shard00-of-04.jsonl",
      "rows": 1822,
      "sha256": "53cc79788e76a9ddcf8df20812e5ca0ca7aa918dad85d249107f3b46003c5be4"
    },
    {
      "bytes": 14398770,
      "path": "outputs/teacher_core_contract_v1_recovered/teacher_qwen3_vl_8b_all_all_shard01-of-04.jsonl",
      "rows": 1821,
      "sha256": "5bcb3927cfca370cce87c95df969dde3f24c26cd901c9733b63bb17180717c65"
    },
    {
      "bytes": 14265783,
      "path": "outputs/teacher_core_contract_v1_recovered/teacher_qwen3_vl_8b_all_all_shard02-of-04.jsonl",
      "rows": 1801,
      "sha256": "0ae1afb49f1cf578282a62fafea38ffad93bc7d3220929469d31150e2f9c8711"
    },
    {
      "bytes": 14597023,
      "path": "outputs/teacher_core_contract_v1_recovered/teacher_qwen3_vl_8b_all_all_shard03-of-04.jsonl",
      "rows": 1847,
      "sha256": "4dc9b657f4ea35d7e74e352157f25aee5bd1b2c9c99e13d33755f8f65d55031f"
    },
    {
      "bytes": 8645469,
      "path": "outputs/week8_teacher_recovered/teacher_qwen3_vl_8b_all_shift_shard00-of-01.jsonl",
      "rows": 1200,
      "sha256": "38d34e4bc84869126b5dc13355a7697ed0be5a45899ce4049a1bc2ddd0d8601b"
    },
    {
      "bytes": 8813840,
      "path": "outputs/week8_teacher_recovered/teacher_gemma4_e4b_all_shift_shard00-of-01.jsonl",
      "rows": 1200,
      "sha256": "6896756ffe399c99d5702747e54545c49209c5dfe76eaff8052c5f8ed991ea21"
    }
  ],
  "is_valid": true,
  "loaded_records": 16982,
  "mode": "preflight",
  "new_mllm_calls": 0,
  "scientific_run": true
}
