/home/aman/miniconda3/envs/proactive-internvl/lib/python3.11/site-packages/sklearn/utils/validation.py:2827: UserWarning: X does not have valid feature names, but LGBMClassifier was fitted with feature names
  warnings.warn(
/home/aman/miniconda3/envs/proactive-internvl/lib/python3.11/site-packages/sklearn/utils/validation.py:2827: UserWarning: X does not have valid feature names, but LGBMClassifier was fitted with feature names
  warnings.warn(
/home/aman/miniconda3/envs/proactive-internvl/lib/python3.11/site-packages/sklearn/utils/validation.py:2827: UserWarning: X does not have valid feature names, but LGBMClassifier was fitted with feature names
  warnings.warn(
/home/aman/miniconda3/envs/proactive-internvl/lib/python3.11/site-packages/sklearn/utils/validation.py:2827: UserWarning: X does not have valid feature names, but LGBMClassifier was fitted with feature names
  warnings.warn(
/home/aman/miniconda3/envs/proactive-internvl/lib/python3.11/site-packages/sklearn/utils/validation.py:2827: UserWarning: X does not have valid feature names, but LGBMClassifier was fitted with feature names
  warnings.warn(
/home/aman/miniconda3/envs/proactive-internvl/lib/python3.11/site-packages/sklearn/utils/validation.py:2827: UserWarning: X does not have valid feature names, but LGBMClassifier was fitted with feature names
  warnings.warn(
/home/aman/miniconda3/envs/proactive-internvl/lib/python3.11/site-packages/sklearn/utils/validation.py:2827: UserWarning: X does not have valid feature names, but LGBMClassifier was fitted with feature names
  warnings.warn(
/home/aman/miniconda3/envs/proactive-internvl/lib/python3.11/site-packages/sklearn/utils/validation.py:2827: UserWarning: X does not have valid feature names, but LGBMClassifier was fitted with feature names
  warnings.warn(
/home/aman/miniconda3/envs/proactive-internvl/lib/python3.11/site-packages/sklearn/utils/validation.py:2827: UserWarning: X does not have valid feature names, but LGBMClassifier was fitted with feature names
  warnings.warn(
/home/aman/miniconda3/envs/proactive-internvl/lib/python3.11/site-packages/sklearn/utils/validation.py:2827: UserWarning: X does not have valid feature names, but LGBMClassifier was fitted with feature names
  warnings.warn(
/home/aman/miniconda3/envs/proactive-internvl/lib/python3.11/site-packages/sklearn/utils/validation.py:2827: UserWarning: X does not have valid feature names, but LGBMClassifier was fitted with feature names
  warnings.warn(
/home/aman/miniconda3/envs/proactive-internvl/lib/python3.11/site-packages/sklearn/utils/validation.py:2827: UserWarning: X does not have valid feature names, but LGBMClassifier was fitted with feature names
  warnings.warn(
/home/aman/miniconda3/envs/proactive-internvl/lib/python3.11/site-packages/sklearn/utils/validation.py:2827: UserWarning: X does not have valid feature names, but LGBMClassifier was fitted with feature names
  warnings.warn(
/home/aman/miniconda3/envs/proactive-internvl/lib/python3.11/site-packages/sklearn/utils/validation.py:2827: UserWarning: X does not have valid feature names, but LGBMClassifier was fitted with feature names
  warnings.warn(
/home/aman/miniconda3/envs/proactive-internvl/lib/python3.11/site-packages/sklearn/utils/validation.py:2827: UserWarning: X does not have valid feature names, but LGBMClassifier was fitted with feature names
  warnings.warn(
/home/aman/miniconda3/envs/proactive-internvl/lib/python3.11/site-packages/sklearn/utils/validation.py:2827: UserWarning: X does not have valid feature names, but LGBMClassifier was fitted with feature names
  warnings.warn(
/home/aman/miniconda3/envs/proactive-internvl/lib/python3.11/site-packages/sklearn/utils/validation.py:2827: UserWarning: X does not have valid feature names, but LGBMClassifier was fitted with feature names
  warnings.warn(
/home/aman/miniconda3/envs/proactive-internvl/lib/python3.11/site-packages/sklearn/utils/validation.py:2827: UserWarning: X does not have valid feature names, but LGBMClassifier was fitted with feature names
  warnings.warn(
/home/aman/miniconda3/envs/proactive-internvl/lib/python3.11/site-packages/sklearn/utils/validation.py:2827: UserWarning: X does not have valid feature names, but LGBMClassifier was fitted with feature names
  warnings.warn(
/home/aman/miniconda3/envs/proactive-internvl/lib/python3.11/site-packages/sklearn/utils/validation.py:2827: UserWarning: X does not have valid feature names, but LGBMClassifier was fitted with feature names
  warnings.warn(
/home/aman/miniconda3/envs/proactive-internvl/lib/python3.11/site-packages/sklearn/utils/validation.py:2827: UserWarning: X does not have valid feature names, but LGBMClassifier was fitted with feature names
  warnings.warn(
/home/aman/miniconda3/envs/proactive-internvl/lib/python3.11/site-packages/sklearn/utils/validation.py:2827: UserWarning: X does not have valid feature names, but LGBMClassifier was fitted with feature names
  warnings.warn(
{
  "cached_confidence_warning": "Probe confidence values are reconstructed from cached shifts and are an unverified proxy.",
  "calibration_split_accessed": false,
  "config_sha256": "443d0d957dc99bf5d150bd3c6ae32bfc252e8f191bd7346d480a33a1962c5ade",
  "confirmation": {
    "accessed": false,
    "gate_passed": false,
    "reason": "validation_gate_failed"
  },
  "dependencies": {
    "missing": [],
    "required": [
      "joblib",
      "lightgbm",
      "numpy",
      "sklearn",
      "xgboost"
    ],
    "versions": {
      "joblib": "1.5.3",
      "lightgbm": "4.6.0",
      "numpy": "1.26.4",
      "sklearn": "1.9.0",
      "xgboost": "3.0.5"
    }
  },
  "ensemble_models": {
    "lightgbm_default": {
      "damage": {
        "path": "training/models/lightgbm_default.damage.joblib",
        "sha256": "a530dbf24d4119095590a4c9159f74966ff373bc038b0d6b166236e1b7116064"
      },
      "family": "lightgbm",
      "parameters": {},
      "repair": {
        "path": "training/models/lightgbm_default.repair.joblib",
        "sha256": "af2ae0922cd2fa4696c31cdff47b5aff62def8846363d93e58fecb595db11015"
      }
    },
    "mlp_64_32_regularized": {
      "damage": {
        "path": "training/models/mlp_64_32_regularized.damage.joblib",
        "sha256": "0977d4cc653738ce9b21175f8313ca1fd5dbd0b0b6a51cd6d5be2bf06bd9846e"
      },
      "family": "mlp",
      "parameters": {
        "alpha": 0.01,
        "early_stopping": true,
        "hidden_layer_sizes": [
          64,
          32
        ],
        "learning_rate_init": 0.0005,
        "max_iter": 400,
        "n_iter_no_change": 20,
        "validation_fraction": 0.1
      },
      "repair": {
        "path": "training/models/mlp_64_32_regularized.repair.joblib",
        "sha256": "c7686950fb8460fe64888ff3d2efdb18188f614b24da116ceb10ae68306314bc"
      }
    },
    "xgboost_default": {
      "damage": {
        "path": "training/models/xgboost_default.damage.joblib",
        "sha256": "abbd2a38ed95ac1b8c462f46072602a20f79d2a8bfddea6eb7a58fc7b1cee093"
      },
      "family": "xgboost",
      "parameters": {},
      "repair": {
        "path": "training/models/xgboost_default.repair.joblib",
        "sha256": "b34fd0b454c23bb3d0e3ede40d71d87ab19505fb3a9b05508d873961ffd56138"
      }
    }
  },
  "experiment_status": "POST_HOC_EXPLORATORY_FROZEN_BEFORE_V3_RUN",
  "implementation_inventory": [
    {
      "bytes": 3846,
      "path": "Backup-Plan/v3_backup_aman/config/plan_b_v3_config.json",
      "sha256": "54f9a73d460a4dee154ae89647d0c95c9ccd237390aa146f9834148c81295e7f"
    },
    {
      "bytes": 55859,
      "path": "Backup-Plan/v3_backup_aman/plan_b_v3/pipeline.py",
      "sha256": "3ca8d10df2bdc172bde6457069eb55909ef34acdaa87ca749c68b1be51977888"
    },
    {
      "bytes": 4086,
      "path": "Backup-Plan/v3_backup_aman/run_plan_b_v3.py",
      "sha256": "376152520a82e4f3173586406e92f687e39955ca5111dbcae99da2bd458cbd9a"
    },
    {
      "bytes": 3157,
      "path": "Backup-Plan/v3_backup_aman/PLAN_B_V3_PROTOCOL.md",
      "sha256": "ce9e72dd4c39503eedb5a1068ab8aba8af4f8281022cf4d7902fb093b9dc87c2"
    }
  ],
  "input_inventory": [
    {
      "bytes": 15205575,
      "path": "outputs/teacher_core_contract_v1_recovered/teacher_gemma4_e4b_all_all_shard00-of-04.jsonl",
      "rows": 1836,
      "sha256": "46593391081546c310991894934b1436ecfcf1f07956104d59e9e8f4495e1948"
    },
    {
      "bytes": 14770984,
      "path": "outputs/teacher_core_contract_v1_recovered/teacher_gemma4_e4b_all_all_shard01-of-04.jsonl",
      "rows": 1787,
      "sha256": "3c7d3ca72753bd49d8f344dd9e468877e75567132de20a81ce20467d52e096a9"
    },
    {
      "bytes": 15156691,
      "path": "outputs/teacher_core_contract_v1_recovered/teacher_gemma4_e4b_all_all_shard02-of-04.jsonl",
      "rows": 1826,
      "sha256": "bff419cdd17e66ccd9eea1a83e248d5f58e16143d662ebd3ba33625b953018ec"
    },
    {
      "bytes": 15271608,
      "path": "outputs/teacher_core_contract_v1_recovered/teacher_gemma4_e4b_all_all_shard03-of-04.jsonl",
      "rows": 1842,
      "sha256": "9538751d71a3f8a133be26c2de6d4a4b505b3c780a20ee10a15cd24cd0d8a84e"
    },
    {
      "bytes": 14426686,
      "path": "outputs/teacher_core_contract_v1_recovered/teacher_qwen3_vl_8b_all_all_shard00-of-04.jsonl",
      "rows": 1822,
      "sha256": "53cc79788e76a9ddcf8df20812e5ca0ca7aa918dad85d249107f3b46003c5be4"
    },
    {
      "bytes": 14398770,
      "path": "outputs/teacher_core_contract_v1_recovered/teacher_qwen3_vl_8b_all_all_shard01-of-04.jsonl",
      "rows": 1821,
      "sha256": "5bcb3927cfca370cce87c95df969dde3f24c26cd901c9733b63bb17180717c65"
    },
    {
      "bytes": 14265783,
      "path": "outputs/teacher_core_contract_v1_recovered/teacher_qwen3_vl_8b_all_all_shard02-of-04.jsonl",
      "rows": 1801,
      "sha256": "0ae1afb49f1cf578282a62fafea38ffad93bc7d3220929469d31150e2f9c8711"
    },
    {
      "bytes": 14597023,
      "path": "outputs/teacher_core_contract_v1_recovered/teacher_qwen3_vl_8b_all_all_shard03-of-04.jsonl",
      "rows": 1847,
      "sha256": "4dc9b657f4ea35d7e74e352157f25aee5bd1b2c9c99e13d33755f8f65d55031f"
    },
    {
      "bytes": 8645469,
      "path": "outputs/week8_teacher_recovered/teacher_qwen3_vl_8b_all_shift_shard00-of-01.jsonl",
      "rows": 1200,
      "sha256": "38d34e4bc84869126b5dc13355a7697ed0be5a45899ce4049a1bc2ddd0d8601b"
    },
    {
      "bytes": 8813840,
      "path": "outputs/week8_teacher_recovered/teacher_gemma4_e4b_all_shift_shard00-of-01.jsonl",
      "rows": 1200,
      "sha256": "6896756ffe399c99d5702747e54545c49209c5dfe76eaff8052c5f8ed991ea21"
    }
  ],
  "new_mllm_calls": 0,
  "no_retuning_after_validation": true,
  "post_hoc_exploratory": true,
  "report_sha256": "9ae2344bbc25989e3678e1f1da0f1ca26dc300de51f4bbae569147fa68433bd8",
  "schema_version": "plan_b_v3_freeze_v1",
  "selected_operating_point": {
    "break_rate": 0.0,
    "damage": 0,
    "damage_probability_maximum": 0.05,
    "eligible_under_break_constraint": true,
    "ensemble_proposals": 0,
    "fix_rate": 0.0,
    "gate_passed": false,
    "pooled_final_accuracy": 0.767515923566879,
    "pooled_original_accuracy": 0.767515923566879,
    "repair_probability_minimum": 0.95,
    "repairs": 0,
    "safe_score_minimum": 0.75,
    "six_cell_macro_accuracy": 0.7511494252873563,
    "six_cell_macro_gain": 0.0,
    "switches": 0,
    "verifier_acquisitions": 0
  },
  "selected_verifier": "crop",
  "shift_split_accessed": false,
  "status": "FROZEN_VALIDATION_GATE_FAILED",
  "test_split_accessed": false,
  "training": {
    "candidate_examples": 587,
    "damage_example_weight": 10.0,
    "eligible_records": 1898,
    "hard_negative_additional_multiplier": 3.0,
    "hard_negative_count": 16,
    "image_groups": 390,
    "oof_folds": 5,
    "oof_passes": [
      "preliminary_hard_negative_mining",
      "hard_negative_weighted_selection"
    ]
  },
  "training_artifacts": [
    {
      "bytes": 10279,
      "path": "training/oof_fold_assignments.csv",
      "sha256": "76ce2c072db82c806fb1b334f13b7c3129e6b3a270fe07c77e66cb08fc46cd73"
    },
    {
      "bytes": 125891,
      "path": "training/oof_candidate_predictions.csv",
      "sha256": "99cb901572951a264ae7cede4f906fbeecaacae52c99ef6cb5631a9629a4a2f0"
    },
    {
      "bytes": 125913,
      "path": "training/hardened_oof_candidate_predictions.csv",
      "sha256": "e233c660ca7c1eeb1f69393705ddba523941d26f2c345ce499935c4f145b8841"
    },
    {
      "bytes": 205,
      "path": "training/verifier_selection.csv",
      "sha256": "85acad6d561209b506da5014b5f3c6d46067c6b4a78faaf6f48c76be5aba7cb8"
    },
    {
      "bytes": 1042,
      "path": "training/verifier_selection.json",
      "sha256": "3931478c6704523546b3e9c4edfaa5b4f09395b1248c269d2e7070d5426e84c7"
    },
    {
      "bytes": 387,
      "path": "training/environment_preflight.json",
      "sha256": "d98de7c13ee030fd4cc120b59488270bba17cd925e208006d79f118a10f4cc31"
    },
    {
      "bytes": 140556,
      "path": "training/models/xgboost_default.repair.joblib",
      "sha256": "b34fd0b454c23bb3d0e3ede40d71d87ab19505fb3a9b05508d873961ffd56138"
    },
    {
      "bytes": 140558,
      "path": "training/models/xgboost_default.damage.joblib",
      "sha256": "abbd2a38ed95ac1b8c462f46072602a20f79d2a8bfddea6eb7a58fc7b1cee093"
    },
    {
      "bytes": 306500,
      "path": "training/models/lightgbm_default.repair.joblib",
      "sha256": "af2ae0922cd2fa4696c31cdff47b5aff62def8846363d93e58fecb595db11015"
    },
    {
      "bytes": 305412,
      "path": "training/models/lightgbm_default.damage.joblib",
      "sha256": "a530dbf24d4119095590a4c9159f74966ff373bc038b0d6b166236e1b7116064"
    },
    {
      "bytes": 116350,
      "path": "training/models/mlp_64_32_regularized.repair.joblib",
      "sha256": "c7686950fb8460fe64888ff3d2efdb18188f614b24da116ceb10ae68306314bc"
    },
    {
      "bytes": 116398,
      "path": "training/models/mlp_64_32_regularized.damage.joblib",
      "sha256": "0977d4cc653738ce9b21175f8313ca1fd5dbd0b0b6a51cd6d5be2bf06bd9846e"
    },
    {
      "bytes": 7042,
      "path": "training/validation_leaderboard.csv",
      "sha256": "ab3558ad78d3167bf390ecf45a65127a5575a1631084dca7f5fcc83da262ea35"
    },
    {
      "bytes": 106323,
      "path": "training/validation_predictions.csv",
      "sha256": "286f109362bdf396cbfbb34cc41d2a5703b7bf34e88a01603c378437d5c64156"
    },
    {
      "bytes": 2997,
      "path": "training/validation_metrics.csv",
      "sha256": "092f6bf47d6fd1166af3424661f294814ca08f503a0e8341f2db9aa0f189103c"
    }
  ],
  "v1_audit_report_sha256": "2fc2513c436c49b6f840110c8ddc9eba9c3ca7f4b80ae30a315fcc4a744e4c0c",
  "v1_backbone_config_sha256": "e62da44a8d2327d3e346a0e1d8a237e85ecef9149fd2ef85b10947ffd07d16f1",
  "v2_feature_module_sha256": "9c7a3039cf8cb2ef021b11db17d3fa334b65a97e04a14af4165509e60143cc48",
  "v2_model_module_sha256": "23b30e82f380e0dc14803ad585fd1905584a2353f8096dca72ae50be21a5f7cb",
  "validation": {
    "candidate_operating_points": 64,
    "eligible_records": 314,
    "gate_passed": false,
    "keep_original_six_cell_macro_accuracy": 0.7511494252873563,
    "v3_selector_six_cell_macro_accuracy": 0.7511494252873563
  },
  "verifier_selection_data": "grouped_out_of_fold_train_predictions_only"
}
Command exited with non-zero status 2
	Command being timed: "python Backup-Plan/v3_backup_aman/run_plan_b_v3.py prepare --config Backup-Plan/v3_backup_aman/config/plan_b_v3_config.json --repo-root . --output-dir Backup-Plan/v3_backup_aman/outputs --device cpu --resume"
	User time (seconds): 37476.78
	System time (seconds): 38.12
	Percent of CPU this job got: 6170%
	Elapsed (wall clock) time (h:mm:ss or m:ss): 10:07.93
	Average shared text size (kbytes): 0
	Average unshared data size (kbytes): 0
	Average stack size (kbytes): 0
	Average total size (kbytes): 0
	Maximum resident set size (kbytes): 664016
	Average resident set size (kbytes): 0
	Major (requiring I/O) page faults: 0
	Minor (reclaiming a frame) page faults: 236054
	Voluntary context switches: 59300
	Involuntary context switches: 631627
	Swaps: 0
	File system inputs: 0
	File system outputs: 7544
	Socket messages sent: 0
	Socket messages received: 0
	Signals delivered: 0
	Page size (bytes): 4096
	Exit status: 2
