===== no_answer_flip stack freeze =====
Timeout 600s; worker ceiling remaining 7962s
{
  "artifacts": {
    "diagnostic_checkpoint": {
      "path": "outputs/week8_ablations/no_answer_flip/diagnostic_checkpoints/diag_deep_sets_standard_seed42.best.pt",
      "sha256": "af6fd7439470582cfa191f5e6ccc4448620945bcd5127f207544b54a05c5d415"
    },
    "diagnostic_config": {
      "path": "outputs/week8_data/ablation_configs/no_answer_flip_diag.yaml",
      "sha256": "fbdbea18d6f76e344772a5d68ba6d67dca78397a1eec7b153ad2b9c1783357d5"
    },
    "policy_checkpoint": {
      "path": "outputs/week8_ablations/no_answer_flip/policy_checkpoints/policy_deep_sets_standard_lambda0_seed42.best.pt",
      "sha256": "36dbd8c8aef518f176824804b49ce6b2ddcb7f0ab50dd1055fb106a5ef282ea3"
    },
    "policy_config": {
      "path": "outputs/week8_data/ablation_configs/no_answer_flip_policy.yaml",
      "sha256": "0bbb0d0629d34962ccc8450e8797674af2950efb8add1211aef133b2975cb9cb"
    },
    "selection_report": {
      "path": "outputs/week8_ablations/no_answer_flip/freeze/predeclared_stack_selection.json",
      "sha256": "91cb84dc7701fd336a0bc9678583c603ed483d209e6a13eb5688a8f203cc0cad"
    },
    "vector_manifest": {
      "path": "outputs/week8_ablations/no_answer_flip/vectorized/vectorized_manifest.json",
      "sha256": "11f806e532c333d081a085b5158c6f143bd353fd5fac88da9ac3be404628e26c"
    },
    "week8_config": {
      "path": "configs/experiments/week8_evaluation.yaml",
      "sha256": "59748c18da7375db6140f05d6c5ec2670c6ce19eeb25b5931e94868ffe7d9cf6"
    }
  },
  "format_version": "proactive_stack_freeze_v1",
  "freeze_sha256": "b9b89cf898913f4aebfbacf917b593042372184be082c0bbc1cf763882a91cd0",
  "owner_approved": true,
  "status": "FROZEN"
}

	Command being timed: "timeout --signal=TERM --kill-after=5m 600s python scripts/freeze_week8_ablation_stack.py --week8_config configs/experiments/week8_evaluation.yaml --ablation_id no_answer_flip --diag_config outputs/week8_data/ablation_configs/no_answer_flip_diag.yaml --policy_config outputs/week8_data/ablation_configs/no_answer_flip_policy.yaml --vector_manifest outputs/week8_ablations/no_answer_flip/vectorized/vectorized_manifest.json --diagnostic_checkpoint outputs/week8_ablations/no_answer_flip/diagnostic_checkpoints/diag_deep_sets_standard_seed42.best.pt --policy_checkpoint outputs/week8_ablations/no_answer_flip/policy_checkpoints/policy_deep_sets_standard_lambda0_seed42.best.pt --output_dir outputs/week8_ablations/no_answer_flip/freeze --approve_freeze --overwrite"
	User time (seconds): 1.83
	System time (seconds): 5.38
	Percent of CPU this job got: 530%
	Elapsed (wall clock) time (h:mm:ss or m:ss): 0:01.35
	Average shared text size (kbytes): 0
	Average unshared data size (kbytes): 0
	Average stack size (kbytes): 0
	Average total size (kbytes): 0
	Maximum resident set size (kbytes): 429504
	Average resident set size (kbytes): 0
	Major (requiring I/O) page faults: 0
	Minor (reclaiming a frame) page faults: 62333
	Voluntary context switches: 186
	Involuntary context switches: 96358
	Swaps: 0
	File system inputs: 0
	File system outputs: 16
	Socket messages sent: 0
	Socket messages received: 0
	Signals delivered: 0
	Page size (bytes): 4096
	Exit status: 0
no_answer_flip stack freeze exit code: 0
