2026-08-30 16:38:21,917 INFO [train_one_pass_baselines] epoch=0 train_loss=1.393910 val_macro_f1=0.2963
2026-08-30 16:38:21,976 INFO [train_one_pass_baselines] epoch=1 train_loss=1.244319 val_macro_f1=0.2963
2026-08-30 16:38:22,034 INFO [train_one_pass_baselines] epoch=2 train_loss=1.041577 val_macro_f1=0.2963
2026-08-30 16:38:22,091 INFO [train_one_pass_baselines] epoch=3 train_loss=0.972469 val_macro_f1=0.2963
2026-08-30 16:38:22,145 INFO [train_one_pass_baselines] epoch=4 train_loss=0.937860 val_macro_f1=0.2963
2026-08-30 16:38:22,208 INFO [train_one_pass_baselines] epoch=5 train_loss=0.891127 val_macro_f1=0.5185
2026-08-30 16:38:22,266 INFO [train_one_pass_baselines] epoch=6 train_loss=0.797410 val_macro_f1=0.5185
2026-08-30 16:38:22,323 INFO [train_one_pass_baselines] epoch=7 train_loss=0.799386 val_macro_f1=0.5185
2026-08-30 16:38:22,379 INFO [train_one_pass_baselines] epoch=8 train_loss=0.758273 val_macro_f1=0.5185
2026-08-30 16:38:22,434 INFO [train_one_pass_baselines] epoch=9 train_loss=0.749358 val_macro_f1=0.5185
2026-08-30 16:38:22,490 INFO [train_one_pass_baselines] epoch=10 train_loss=0.666217 val_macro_f1=0.5185
{
  "baseline": "distilled",
  "pilot": true,
  "output": "outputs/week6_staging/baseline_limit10/baseline_distilled_seed42.best.pt"
}
{
  "format_version": "week6_one_pass_baseline_validation_v1",
  "is_valid": false,
  "fit_split": "train",
  "selection_split": "val",
  "calibration_used": false,
  "test_used": false,
  "baseline_type": "distilled",
  "metrics": {
    "record_count": 10,
    "source_bit_micro_f1": 0.72,
    "source_bit_macro_f1": 0.5185185185185185,
    "source_bit_hamming_loss": 0.23333333333333334,
    "source_bit_auroc": {
      "visual": 0.75,
      "language": 0.875,
      "alignment": 0.5416666666666666
    },
    "six_way_macro_f1": 0.25384615384615383,
    "six_way_balanced_accuracy": 0.3125,
    "six_way_confusion_matrix": [
      [
        0,
        1,
        0,
        0,
        0,
        0
      ],
      [
        0,
        4,
        0,
        0,
        0,
        0
      ],
      [
        0,
        0,
        0,
        0,
        0,
        0
      ],
      [
        0,
        3,
        0,
        1,
        0,
        0
      ],
      [
        0,
        0,
        0,
        0,
        0,
        0
      ],
      [
        0,
        1,
        0,
        0,
        0,
        0
      ]
    ],
    "six_way_labels": [
      "visual",
      "language-prior",
      "alignment",
      "mixed",
      "unclear",
      "no-failure"
    ],
    "signature_mse": 0.1007189959164623
  },
  "checkpoint_path": "outputs/week6_staging/baseline_limit10/baseline_distilled_seed42.best.pt",
  "checkpoint_sha256": "867d99a0055290c3d0bf8bcf6e131e28eb96e46dd5828814be28effe79d1c4db",
  "config_sha256": "33e88aa1bbc4dbaa47309015be7e6e188523dcdf5416cf64d1703aa4c442c9eb",
  "source_manifest_sha256": "1fac2c343e57ca8b6702c4e6a282a7b86a48042a6d133ba84612b5b1c50201ae",
  "diagnostic_checkpoint_sha256": "2e680eb8ff7859b0420577f0ffb3b06810e6f863deac25b87d7fb3170bf2fb06",
  "week5_freeze_sha256": "d6323ee4dae857fbb6bdca8df392f743924f319339c4e21935d68ebda389a858",
  "seed": 42,
  "limit": 10,
  "report_sha256": "6fc13f9faafe2fbb5b3db7b4b9bd774c15281e58591f25c7e0ce01a474c67e7d"
}
	Command being timed: "env CUDA_VISIBLE_DEVICES=2 PYTHONPATH=src python scripts/train_one_pass_baselines.py --config configs/experiments/policy_train.yaml --manifest_path outputs/week5_data/vectorized_manifest.json --diagnostic_checkpoint outputs/week5_checkpoints/diag_deep_sets_standard_seed42.best.pt --freeze_manifest outputs/week5_reports/week5_encoder_freeze.json --baseline distilled --seed 42 --device cuda:0 --limit 10 --output_dir outputs/week6_staging/baseline_limit10 --overwrite"
	User time (seconds): 12.14
	System time (seconds): 6.61
	Percent of CPU this job got: 288%
	Elapsed (wall clock) time (h:mm:ss or m:ss): 0:06.51
	Average shared text size (kbytes): 0
	Average unshared data size (kbytes): 0
	Average stack size (kbytes): 0
	Average total size (kbytes): 0
	Maximum resident set size (kbytes): 1653060
	Average resident set size (kbytes): 0
	Major (requiring I/O) page faults: 0
	Minor (reclaiming a frame) page faults: 363566
	Voluntary context switches: 667
	Involuntary context switches: 101127
	Swaps: 0
	File system inputs: 0
	File system outputs: 25640
	Socket messages sent: 0
	Socket messages received: 0
	Signals delivered: 0
	Page size (bytes): 4096
	Exit status: 0
