2026-08-23 23:44:51,775 INFO [run_teacher] Model: internvl3_9b (OpenGVLab/InternVL3-9B)
2026-08-23 23:44:51,775 INFO [run_teacher] Shard: 0/1
2026-08-23 23:44:51,775 INFO [run_teacher] Selected rows: 340; completed: 0; pending: 340
2026-08-23 23:44:51,775 INFO [run_teacher] Expected remaining forward passes (clean + legal probes): 2490
2026-08-23 23:44:51,775 INFO [run_teacher] Output: outputs/week4_staging/internvl_vsr_complete_native_v1/teacher_internvl3_9b_vsr_all_shard00-of-01.jsonl
2026-08-23 23:44:51,775 INFO [run_teacher] Current-failure ledger: outputs/week4_staging/internvl_vsr_complete_native_v1/teacher_internvl3_9b_vsr_all_shard00-of-01.failures.jsonl
2026-08-23 23:44:53,484 INFO [run_teacher] Loading model on cuda:0
Special tokens have been added in the vocabulary, make sure the associated word embeddings are fine-tuned or trained.
2026-08-23 23:44:53,966 INFO [transformers_modules.InternVL3-9B.configuration_internvl_chat] vision_select_layer: -1
2026-08-23 23:44:53,966 INFO [transformers_modules.InternVL3-9B.configuration_internvl_chat] ps_version: v2
2026-08-23 23:44:53,966 INFO [transformers_modules.InternVL3-9B.configuration_internvl_chat] min_dynamic_patch: 1
2026-08-23 23:44:53,966 INFO [transformers_modules.InternVL3-9B.configuration_internvl_chat] max_dynamic_patch: 12
2026-08-23 23:44:54,174 INFO [transformers_modules.InternVL3-9B.modeling_internvl_chat] num_image_token: 256
2026-08-23 23:44:54,174 INFO [transformers_modules.InternVL3-9B.modeling_internvl_chat] ps_version: v2
FlashAttention2 is not installed.
Warning: Flash attention is not available, using eager attention instead.
Loading checkpoint shards:   0%|          | 0/4 [00:00<?, ?it/s]Loading checkpoint shards:  50%|█████     | 2/4 [00:00<00:00, 11.58it/s]Loading checkpoint shards: 100%|██████████| 4/4 [00:00<00:00, 12.64it/s]Loading checkpoint shards: 100%|██████████| 4/4 [00:00<00:00, 12.46it/s]
2026-08-23 23:44:58,065 INFO [run_teacher] [1/340] vsr_0_0
2026-08-23 23:45:06,278 INFO [run_teacher] [2/340] vsr_1_1
2026-08-23 23:45:28,887 INFO [run_teacher] [3/340] vsr_2_2
2026-08-23 23:45:50,697 INFO [run_teacher] [4/340] vsr_3_3
2026-08-23 23:46:08,766 INFO [run_teacher] [5/340] vsr_4_4
2026-08-23 23:46:27,018 INFO [run_teacher] [6/340] vsr_5_5
2026-08-23 23:46:36,566 INFO [run_teacher] [7/340] vsr_6_6
2026-08-23 23:46:46,096 INFO [run_teacher] [8/340] vsr_7_7
2026-08-23 23:46:56,501 INFO [run_teacher] [9/340] vsr_8_8
2026-08-23 23:47:17,286 INFO [run_teacher] [10/340] vsr_9_9
2026-08-23 23:47:28,592 INFO [run_teacher] [11/340] vsr_10_10
2026-08-23 23:47:39,488 INFO [run_teacher] [12/340] vsr_11_11
2026-08-23 23:47:45,262 INFO [run_teacher] [13/340] vsr_12_12
2026-08-23 23:48:08,104 INFO [run_teacher] [14/340] vsr_13_13
2026-08-23 23:48:27,023 INFO [run_teacher] [15/340] vsr_14_14
2026-08-23 23:48:47,867 INFO [run_teacher] [16/340] vsr_15_15
2026-08-23 23:49:08,044 INFO [run_teacher] [17/340] vsr_16_16
2026-08-23 23:49:19,890 INFO [run_teacher] [18/340] vsr_17_17
2026-08-23 23:49:38,618 INFO [run_teacher] [19/340] vsr_18_18
2026-08-23 23:49:57,112 INFO [run_teacher] [20/340] vsr_19_19
2026-08-23 23:50:18,705 INFO [run_teacher] [21/340] vsr_20_20
2026-08-23 23:50:39,032 INFO [run_teacher] [22/340] vsr_21_21
2026-08-23 23:50:59,192 INFO [run_teacher] [23/340] vsr_22_22
2026-08-23 23:51:22,119 INFO [run_teacher] [24/340] vsr_23_23
2026-08-23 23:51:44,162 INFO [run_teacher] [25/340] vsr_24_24
2026-08-23 23:52:02,364 INFO [run_teacher] [26/340] vsr_25_25
2026-08-23 23:52:23,799 INFO [run_teacher] [27/340] vsr_26_26
2026-08-23 23:52:33,038 INFO [run_teacher] [28/340] vsr_27_27
2026-08-23 23:52:51,932 INFO [run_teacher] [29/340] vsr_28_28
2026-08-23 23:53:10,585 INFO [run_teacher] [30/340] vsr_29_29
2026-08-23 23:53:28,571 INFO [run_teacher] [31/340] vsr_30_30
2026-08-23 23:53:42,100 INFO [run_teacher] [32/340] vsr_31_31
2026-08-23 23:54:02,518 INFO [run_teacher] [33/340] vsr_32_32
2026-08-23 23:54:23,803 INFO [run_teacher] [34/340] vsr_33_33
2026-08-23 23:54:33,992 INFO [run_teacher] [35/340] vsr_34_34
2026-08-23 23:54:52,744 INFO [run_teacher] [36/340] vsr_35_35
2026-08-23 23:55:02,950 INFO [run_teacher] [37/340] vsr_36_36
2026-08-23 23:55:13,455 INFO [run_teacher] [38/340] vsr_37_37
2026-08-23 23:55:33,998 INFO [run_teacher] [39/340] vsr_38_38
2026-08-23 23:55:39,297 INFO [run_teacher] [40/340] vsr_39_39
2026-08-23 23:55:49,577 INFO [run_teacher] [41/340] vsr_40_40
2026-08-23 23:56:01,940 INFO [run_teacher] [42/340] vsr_41_41
2026-08-23 23:56:16,093 INFO [run_teacher] [43/340] vsr_42_42
2026-08-23 23:56:35,029 INFO [run_teacher] [44/340] vsr_43_43
2026-08-23 23:56:58,480 INFO [run_teacher] [45/340] vsr_44_44
2026-08-23 23:57:10,243 INFO [run_teacher] [46/340] vsr_45_45
2026-08-23 23:57:31,470 INFO [run_teacher] [47/340] vsr_46_46
2026-08-23 23:57:50,422 INFO [run_teacher] [48/340] vsr_47_47
2026-08-23 23:58:09,983 INFO [run_teacher] [49/340] vsr_48_48
2026-08-23 23:58:29,077 INFO [run_teacher] [50/340] vsr_49_49
2026-08-23 23:58:50,554 INFO [run_teacher] [51/340] vsr_50_50
2026-08-23 23:59:17,104 INFO [run_teacher] [52/340] vsr_51_51
2026-08-23 23:59:36,706 INFO [run_teacher] [53/340] vsr_52_52
2026-08-23 23:59:56,866 INFO [run_teacher] [54/340] vsr_53_53
2026-08-24 00:00:17,936 INFO [run_teacher] [55/340] vsr_54_54
2026-08-24 00:00:37,646 INFO [run_teacher] [56/340] vsr_55_55
2026-08-24 00:00:55,249 INFO [run_teacher] [57/340] vsr_56_56
2026-08-24 00:01:12,860 INFO [run_teacher] [58/340] vsr_57_57
2026-08-24 00:01:36,868 INFO [run_teacher] [59/340] vsr_58_58
2026-08-24 00:01:47,973 INFO [run_teacher] [60/340] vsr_59_59
2026-08-24 00:02:00,819 INFO [run_teacher] [61/340] vsr_60_60
2026-08-24 00:02:21,012 INFO [run_teacher] [62/340] vsr_61_61
2026-08-24 00:02:40,457 INFO [run_teacher] [63/340] vsr_62_62
2026-08-24 00:03:01,408 INFO [run_teacher] [64/340] vsr_63_63
2026-08-24 00:03:22,118 INFO [run_teacher] [65/340] vsr_64_64
2026-08-24 00:03:46,402 INFO [run_teacher] [66/340] vsr_65_65
2026-08-24 00:04:09,370 INFO [run_teacher] [67/340] vsr_66_66
2026-08-24 00:04:22,207 INFO [run_teacher] [68/340] vsr_67_67
2026-08-24 00:04:44,600 INFO [run_teacher] [69/340] vsr_68_68
2026-08-24 00:05:04,344 INFO [run_teacher] [70/340] vsr_69_69
2026-08-24 00:05:21,255 INFO [run_teacher] [71/340] vsr_70_70
2026-08-24 00:05:32,843 INFO [run_teacher] [72/340] vsr_71_71
2026-08-24 00:05:38,033 INFO [run_teacher] [73/340] vsr_72_72
2026-08-24 00:06:00,501 INFO [run_teacher] [74/340] vsr_73_73
2026-08-24 00:06:20,827 INFO [run_teacher] [75/340] vsr_74_74
2026-08-24 00:06:31,041 INFO [run_teacher] [76/340] vsr_75_75
2026-08-24 00:06:52,575 INFO [run_teacher] [77/340] vsr_76_76
2026-08-24 00:07:12,003 INFO [run_teacher] [78/340] vsr_77_77
2026-08-24 00:07:33,354 INFO [run_teacher] [79/340] vsr_78_78
2026-08-24 00:07:44,584 INFO [run_teacher] [80/340] vsr_79_79
2026-08-24 00:07:56,888 INFO [run_teacher] [81/340] vsr_80_80
2026-08-24 00:08:04,003 INFO [run_teacher] [82/340] vsr_81_81
2026-08-24 00:08:24,346 INFO [run_teacher] [83/340] vsr_82_82
2026-08-24 00:08:34,485 INFO [run_teacher] [84/340] vsr_83_83
2026-08-24 00:08:57,652 INFO [run_teacher] [85/340] vsr_84_84
2026-08-24 00:09:17,954 INFO [run_teacher] [86/340] vsr_85_85
2026-08-24 00:09:30,875 INFO [run_teacher] [87/340] vsr_86_86
2026-08-24 00:09:41,413 INFO [run_teacher] [88/340] vsr_87_87
2026-08-24 00:10:02,948 INFO [run_teacher] [89/340] vsr_88_88
2026-08-24 00:10:14,436 INFO [run_teacher] [90/340] vsr_89_89
2026-08-24 00:10:33,713 INFO [run_teacher] [91/340] vsr_90_90
2026-08-24 00:10:52,182 INFO [run_teacher] [92/340] vsr_91_91
2026-08-24 00:11:15,416 INFO [run_teacher] [93/340] vsr_92_92
2026-08-24 00:11:36,084 INFO [run_teacher] [94/340] vsr_93_93
2026-08-24 00:11:58,569 INFO [run_teacher] [95/340] vsr_94_94
2026-08-24 00:12:18,512 INFO [run_teacher] [96/340] vsr_95_95
2026-08-24 00:12:39,722 INFO [run_teacher] [97/340] vsr_96_96
2026-08-24 00:13:02,015 INFO [run_teacher] [98/340] vsr_97_97
2026-08-24 00:13:24,233 INFO [run_teacher] [99/340] vsr_98_98
2026-08-24 00:13:45,776 INFO [run_teacher] [100/340] vsr_99_99
2026-08-24 00:13:55,390 INFO [run_teacher] [101/340] vsr_100_100
2026-08-24 00:14:06,428 INFO [run_teacher] [102/340] vsr_101_101
2026-08-24 00:14:24,572 INFO [run_teacher] [103/340] vsr_102_102
2026-08-24 00:14:46,565 INFO [run_teacher] [104/340] vsr_103_103
2026-08-24 00:15:10,124 INFO [run_teacher] [105/340] vsr_104_104
2026-08-24 00:15:20,179 INFO [run_teacher] [106/340] vsr_105_105
2026-08-24 00:15:45,121 INFO [run_teacher] [107/340] vsr_106_106
2026-08-24 00:16:05,364 INFO [run_teacher] [108/340] vsr_107_107
2026-08-24 00:16:27,399 INFO [run_teacher] [109/340] vsr_108_108
2026-08-24 00:16:47,992 INFO [run_teacher] [110/340] vsr_109_109
2026-08-24 00:17:10,094 INFO [run_teacher] [111/340] vsr_110_110
2026-08-24 00:17:30,720 INFO [run_teacher] [112/340] vsr_111_111
2026-08-24 00:17:47,473 INFO [run_teacher] [113/340] vsr_112_112
2026-08-24 00:18:05,442 INFO [run_teacher] [114/340] vsr_113_113
2026-08-24 00:18:27,035 INFO [run_teacher] [115/340] vsr_114_114
2026-08-24 00:18:36,857 INFO [run_teacher] [116/340] vsr_115_115
2026-08-24 00:18:59,658 INFO [run_teacher] [117/340] vsr_116_116
2026-08-24 00:19:22,342 INFO [run_teacher] [118/340] vsr_117_117
2026-08-24 00:19:39,378 INFO [run_teacher] [119/340] vsr_118_118
2026-08-24 00:19:58,005 INFO [run_teacher] [120/340] vsr_119_119
2026-08-24 00:20:18,182 INFO [run_teacher] [121/340] vsr_120_120
2026-08-24 00:20:36,484 INFO [run_teacher] [122/340] vsr_121_121
2026-08-24 00:20:49,030 INFO [run_teacher] [123/340] vsr_122_122
2026-08-24 00:20:59,468 INFO [run_teacher] [124/340] vsr_123_123
2026-08-24 00:21:10,490 INFO [run_teacher] [125/340] vsr_124_124
2026-08-24 00:21:22,952 INFO [run_teacher] [126/340] vsr_125_125
2026-08-24 00:21:32,932 INFO [run_teacher] [127/340] vsr_126_126
2026-08-24 00:21:42,196 INFO [run_teacher] [128/340] vsr_127_127
2026-08-24 00:22:02,631 INFO [run_teacher] [129/340] vsr_128_128
2026-08-24 00:22:22,674 INFO [run_teacher] [130/340] vsr_129_129
2026-08-24 00:22:45,900 INFO [run_teacher] [131/340] vsr_130_130
2026-08-24 00:23:04,536 INFO [run_teacher] [132/340] vsr_131_131
2026-08-24 00:23:16,507 INFO [run_teacher] [133/340] vsr_132_132
2026-08-24 00:23:25,954 INFO [run_teacher] [134/340] vsr_133_133
2026-08-24 00:23:43,731 INFO [run_teacher] [135/340] vsr_134_134
2026-08-24 00:23:48,013 INFO [run_teacher] [136/340] vsr_135_135
2026-08-24 00:24:11,239 INFO [run_teacher] [137/340] vsr_136_136
2026-08-24 00:24:21,577 INFO [run_teacher] [138/340] vsr_137_137
2026-08-24 00:24:40,754 INFO [run_teacher] [139/340] vsr_138_138
2026-08-24 00:25:01,672 INFO [run_teacher] [140/340] vsr_139_139
2026-08-24 00:25:14,060 INFO [run_teacher] [141/340] vsr_140_140
2026-08-24 00:25:23,874 INFO [run_teacher] [142/340] vsr_141_141
2026-08-24 00:25:45,242 INFO [run_teacher] [143/340] vsr_142_142
2026-08-24 00:26:07,084 INFO [run_teacher] [144/340] vsr_143_143
2026-08-24 00:26:30,993 INFO [run_teacher] [145/340] vsr_144_144
2026-08-24 00:26:51,036 INFO [run_teacher] [146/340] vsr_145_145
2026-08-24 00:27:12,554 INFO [run_teacher] [147/340] vsr_146_146
2026-08-24 00:27:24,092 INFO [run_teacher] [148/340] vsr_147_147
2026-08-24 00:27:42,511 INFO [run_teacher] [149/340] vsr_148_148
2026-08-24 00:28:05,662 INFO [run_teacher] [150/340] vsr_149_149
2026-08-24 00:28:09,644 INFO [run_teacher] [151/340] vsr_150_150
2026-08-24 00:28:30,862 INFO [run_teacher] [152/340] vsr_151_151
2026-08-24 00:28:50,081 INFO [run_teacher] [153/340] vsr_152_152
2026-08-24 00:29:08,241 INFO [run_teacher] [154/340] vsr_153_153
2026-08-24 00:29:12,248 INFO [run_teacher] [155/340] vsr_154_154
2026-08-24 00:29:33,325 INFO [run_teacher] [156/340] vsr_155_155
2026-08-24 00:29:41,031 INFO [run_teacher] [157/340] vsr_156_156
2026-08-24 00:30:01,199 INFO [run_teacher] [158/340] vsr_157_157
2026-08-24 00:30:18,552 INFO [run_teacher] [159/340] vsr_158_158
2026-08-24 00:30:40,353 INFO [run_teacher] [160/340] vsr_159_159
2026-08-24 00:31:04,120 INFO [run_teacher] [161/340] vsr_160_160
2026-08-24 00:31:20,881 INFO [run_teacher] [162/340] vsr_161_161
2026-08-24 00:31:31,686 INFO [run_teacher] [163/340] vsr_162_162
2026-08-24 00:31:51,538 INFO [run_teacher] [164/340] vsr_163_163
2026-08-24 00:32:12,023 INFO [run_teacher] [165/340] vsr_164_164
2026-08-24 00:32:32,116 INFO [run_teacher] [166/340] vsr_165_165
2026-08-24 00:32:43,387 INFO [run_teacher] [167/340] vsr_166_166
2026-08-24 00:32:53,609 INFO [run_teacher] [168/340] vsr_167_167
2026-08-24 00:33:13,777 INFO [run_teacher] [169/340] vsr_168_168
2026-08-24 00:33:36,986 INFO [run_teacher] [170/340] vsr_169_169
2026-08-24 00:33:58,621 INFO [run_teacher] [171/340] vsr_170_170
2026-08-24 00:34:20,364 INFO [run_teacher] [172/340] vsr_171_171
2026-08-24 00:34:31,193 INFO [run_teacher] [173/340] vsr_172_172
2026-08-24 00:34:49,821 INFO [run_teacher] [174/340] vsr_173_173
2026-08-24 00:35:00,509 INFO [run_teacher] [175/340] vsr_174_174
2026-08-24 00:35:24,201 INFO [run_teacher] [176/340] vsr_175_175
2026-08-24 00:35:45,002 INFO [run_teacher] [177/340] vsr_176_176
2026-08-24 00:35:54,666 INFO [run_teacher] [178/340] vsr_177_177
2026-08-24 00:36:17,101 INFO [run_teacher] [179/340] vsr_178_178
2026-08-24 00:36:28,122 INFO [run_teacher] [180/340] vsr_179_179
2026-08-24 00:36:49,915 INFO [run_teacher] [181/340] vsr_180_180
2026-08-24 00:36:54,005 INFO [run_teacher] [182/340] vsr_181_181
2026-08-24 00:36:58,429 INFO [run_teacher] [183/340] vsr_182_182
2026-08-24 00:37:03,252 INFO [run_teacher] [184/340] vsr_183_183
2026-08-24 00:37:26,003 INFO [run_teacher] [185/340] vsr_184_184
2026-08-24 00:37:44,139 INFO [run_teacher] [186/340] vsr_185_185
2026-08-24 00:38:04,190 INFO [run_teacher] [187/340] vsr_186_186
2026-08-24 00:38:14,903 INFO [run_teacher] [188/340] vsr_187_187
2026-08-24 00:38:27,982 INFO [run_teacher] [189/340] vsr_188_188
2026-08-24 00:38:46,901 INFO [run_teacher] [190/340] vsr_189_189
2026-08-24 00:39:05,628 INFO [run_teacher] [191/340] vsr_190_190
2026-08-24 00:39:29,379 INFO [run_teacher] [192/340] vsr_191_191
2026-08-24 00:39:40,292 INFO [run_teacher] [193/340] vsr_192_192
2026-08-24 00:39:52,696 INFO [run_teacher] [194/340] vsr_193_193
2026-08-24 00:39:58,486 INFO [run_teacher] [195/340] vsr_194_194
2026-08-24 00:40:10,290 INFO [run_teacher] [196/340] vsr_195_195
2026-08-24 00:40:29,626 INFO [run_teacher] [197/340] vsr_196_196
2026-08-24 00:40:49,561 INFO [run_teacher] [198/340] vsr_197_197
2026-08-24 00:40:54,626 INFO [run_teacher] [199/340] vsr_198_198
2026-08-24 00:41:05,781 INFO [run_teacher] [200/340] vsr_199_199
2026-08-24 00:41:28,165 INFO [run_teacher] [201/340] vsr_200_200
2026-08-24 00:41:41,011 INFO [run_teacher] [202/340] vsr_201_201
2026-08-24 00:42:04,578 INFO [run_teacher] [203/340] vsr_202_202
2026-08-24 00:42:22,441 INFO [run_teacher] [204/340] vsr_203_203
2026-08-24 00:42:42,734 INFO [run_teacher] [205/340] vsr_204_204
2026-08-24 00:43:07,359 INFO [run_teacher] [206/340] vsr_205_205
2026-08-24 00:43:26,903 INFO [run_teacher] [207/340] vsr_206_206
2026-08-24 00:43:45,288 INFO [run_teacher] [208/340] vsr_207_207
2026-08-24 00:44:05,407 INFO [run_teacher] [209/340] vsr_208_208
2026-08-24 00:44:25,442 INFO [run_teacher] [210/340] vsr_209_209
2026-08-24 00:44:37,071 INFO [run_teacher] [211/340] vsr_210_210
2026-08-24 00:44:55,624 INFO [run_teacher] [212/340] vsr_211_211
2026-08-24 00:45:01,538 INFO [run_teacher] [213/340] vsr_212_212
2026-08-24 00:45:20,932 INFO [run_teacher] [214/340] vsr_213_213
2026-08-24 00:45:31,962 INFO [run_teacher] [215/340] vsr_214_214
2026-08-24 00:45:51,480 INFO [run_teacher] [216/340] vsr_215_215
2026-08-24 00:46:12,764 INFO [run_teacher] [217/340] vsr_216_216
2026-08-24 00:46:32,016 INFO [run_teacher] [218/340] vsr_217_217
2026-08-24 00:46:51,277 INFO [run_teacher] [219/340] vsr_218_218
2026-08-24 00:47:01,956 INFO [run_teacher] [220/340] vsr_219_219
2026-08-24 00:47:20,158 INFO [run_teacher] [221/340] vsr_220_220
2026-08-24 00:47:32,779 INFO [run_teacher] [222/340] vsr_221_221
2026-08-24 00:47:45,808 INFO [run_teacher] [223/340] vsr_222_222
2026-08-24 00:48:03,584 INFO [run_teacher] [224/340] vsr_223_223
2026-08-24 00:48:14,157 INFO [run_teacher] [225/340] vsr_224_224
2026-08-24 00:48:33,484 INFO [run_teacher] [226/340] vsr_225_225
2026-08-24 00:48:57,193 INFO [run_teacher] [227/340] vsr_226_226
2026-08-24 00:49:03,183 INFO [run_teacher] [228/340] vsr_227_227
2026-08-24 00:49:26,425 INFO [run_teacher] [229/340] vsr_228_228
2026-08-24 00:49:47,435 INFO [run_teacher] [230/340] vsr_229_229
2026-08-24 00:49:58,864 INFO [run_teacher] [231/340] vsr_230_230
2026-08-24 00:50:10,585 INFO [run_teacher] [232/340] vsr_231_231
2026-08-24 00:50:31,812 INFO [run_teacher] [233/340] vsr_232_232
2026-08-24 00:50:36,385 INFO [run_teacher] [234/340] vsr_233_233
2026-08-24 00:50:56,637 INFO [run_teacher] [235/340] vsr_234_234
2026-08-24 00:51:07,341 INFO [run_teacher] [236/340] vsr_235_235
2026-08-24 00:51:12,015 INFO [run_teacher] [237/340] vsr_236_236
2026-08-24 00:51:30,984 INFO [run_teacher] [238/340] vsr_237_237
2026-08-24 00:51:50,852 INFO [run_teacher] [239/340] vsr_238_238
2026-08-24 00:52:02,107 INFO [run_teacher] [240/340] vsr_239_239
2026-08-24 00:52:22,916 INFO [run_teacher] [241/340] vsr_240_240
2026-08-24 00:52:32,988 INFO [run_teacher] [242/340] vsr_241_241
2026-08-24 00:52:43,310 INFO [run_teacher] [243/340] vsr_242_242
2026-08-24 00:53:03,086 INFO [run_teacher] [244/340] vsr_243_243
2026-08-24 00:53:22,438 INFO [run_teacher] [245/340] vsr_244_244
2026-08-24 00:53:40,582 INFO [run_teacher] [246/340] vsr_245_245
2026-08-24 00:54:00,142 INFO [run_teacher] [247/340] vsr_246_246
2026-08-24 00:54:18,961 INFO [run_teacher] [248/340] vsr_247_247
2026-08-24 00:54:30,199 INFO [run_teacher] [249/340] vsr_248_248
2026-08-24 00:54:50,450 INFO [run_teacher] [250/340] vsr_249_249
2026-08-24 00:55:01,739 INFO [run_teacher] [251/340] vsr_250_250
2026-08-24 00:55:11,685 INFO [run_teacher] [252/340] vsr_251_251
2026-08-24 00:55:22,932 INFO [run_teacher] [253/340] vsr_252_252
2026-08-24 00:55:33,512 INFO [run_teacher] [254/340] vsr_253_253
2026-08-24 00:55:54,055 INFO [run_teacher] [255/340] vsr_254_254
2026-08-24 00:56:05,309 INFO [run_teacher] [256/340] vsr_255_255
2026-08-24 00:56:25,078 INFO [run_teacher] [257/340] vsr_256_256
2026-08-24 00:56:36,457 INFO [run_teacher] [258/340] vsr_257_257
2026-08-24 00:56:47,795 INFO [run_teacher] [259/340] vsr_258_258
2026-08-24 00:57:08,305 INFO [run_teacher] [260/340] vsr_259_259
2026-08-24 00:57:26,099 INFO [run_teacher] [261/340] vsr_260_260
2026-08-24 00:57:38,587 INFO [run_teacher] [262/340] vsr_261_261
2026-08-24 00:58:00,396 INFO [run_teacher] [263/340] vsr_262_262
2026-08-24 00:58:20,265 INFO [run_teacher] [264/340] vsr_263_263
2026-08-24 00:58:31,936 INFO [run_teacher] [265/340] vsr_264_264
2026-08-24 00:58:43,299 INFO [run_teacher] [266/340] vsr_265_265
2026-08-24 00:58:54,287 INFO [run_teacher] [267/340] vsr_266_266
2026-08-24 00:59:15,779 INFO [run_teacher] [268/340] vsr_267_267
2026-08-24 00:59:35,681 INFO [run_teacher] [269/340] vsr_268_268
2026-08-24 00:59:56,824 INFO [run_teacher] [270/340] vsr_269_269
2026-08-24 01:00:16,085 INFO [run_teacher] [271/340] vsr_270_270
2026-08-24 01:00:35,386 INFO [run_teacher] [272/340] vsr_271_271
2026-08-24 01:00:47,624 INFO [run_teacher] [273/340] vsr_272_272
2026-08-24 01:01:07,001 INFO [run_teacher] [274/340] vsr_273_273
2026-08-24 01:01:18,614 INFO [run_teacher] [275/340] vsr_274_274
2026-08-24 01:01:28,736 INFO [run_teacher] [276/340] vsr_275_275
2026-08-24 01:01:41,640 INFO [run_teacher] [277/340] vsr_276_276
2026-08-24 01:01:45,805 INFO [run_teacher] [278/340] vsr_277_277
2026-08-24 01:02:04,299 INFO [run_teacher] [279/340] vsr_278_278
2026-08-24 01:02:16,228 INFO [run_teacher] [280/340] vsr_279_279
2026-08-24 01:02:33,181 INFO [run_teacher] [281/340] vsr_280_280
2026-08-24 01:02:37,996 INFO [run_teacher] [282/340] vsr_281_281
2026-08-24 01:02:50,592 INFO [run_teacher] [283/340] vsr_282_282
2026-08-24 01:03:01,988 INFO [run_teacher] [284/340] vsr_283_283
2026-08-24 01:03:24,464 INFO [run_teacher] [285/340] vsr_284_284
2026-08-24 01:03:42,483 INFO [run_teacher] [286/340] vsr_285_285
2026-08-24 01:04:02,027 INFO [run_teacher] [287/340] vsr_286_286
2026-08-24 01:04:23,570 INFO [run_teacher] [288/340] vsr_287_287
2026-08-24 01:04:40,981 INFO [run_teacher] [289/340] vsr_288_288
2026-08-24 01:05:03,148 INFO [run_teacher] [290/340] vsr_289_289
2026-08-24 01:05:23,808 INFO [run_teacher] [291/340] vsr_290_290
2026-08-24 01:05:45,292 INFO [run_teacher] [292/340] vsr_291_291
2026-08-24 01:06:07,877 INFO [run_teacher] [293/340] vsr_292_292
2026-08-24 01:06:27,862 INFO [run_teacher] [294/340] vsr_293_293
2026-08-24 01:06:37,983 INFO [run_teacher] [295/340] vsr_294_294
2026-08-24 01:06:57,793 INFO [run_teacher] [296/340] vsr_295_295
2026-08-24 01:07:16,720 INFO [run_teacher] [297/340] vsr_296_296
2026-08-24 01:07:39,038 INFO [run_teacher] [298/340] vsr_297_297
2026-08-24 01:07:43,428 INFO [run_teacher] [299/340] vsr_298_298
2026-08-24 01:08:03,797 INFO [run_teacher] [300/340] vsr_299_299
2026-08-24 01:08:23,191 INFO [run_teacher] [301/340] vsr_300_300
2026-08-24 01:08:43,317 INFO [run_teacher] [302/340] vsr_301_301
2026-08-24 01:08:48,265 INFO [run_teacher] [303/340] vsr_302_302
2026-08-24 01:08:58,954 INFO [run_teacher] [304/340] vsr_303_303
2026-08-24 01:09:10,042 INFO [run_teacher] [305/340] vsr_304_304
2026-08-24 01:09:31,984 INFO [run_teacher] [306/340] vsr_305_305
2026-08-24 01:09:42,697 INFO [run_teacher] [307/340] vsr_306_306
2026-08-24 01:09:54,702 INFO [run_teacher] [308/340] vsr_307_307
2026-08-24 01:10:17,111 INFO [run_teacher] [309/340] vsr_308_308
2026-08-24 01:10:37,929 INFO [run_teacher] [310/340] vsr_309_309
2026-08-24 01:11:00,430 INFO [run_teacher] [311/340] vsr_310_310
2026-08-24 01:11:20,373 INFO [run_teacher] [312/340] vsr_311_311
2026-08-24 01:11:42,241 INFO [run_teacher] [313/340] vsr_312_312
2026-08-24 01:12:01,659 INFO [run_teacher] [314/340] vsr_313_313
2026-08-24 01:12:21,778 INFO [run_teacher] [315/340] vsr_314_314
2026-08-24 01:12:42,363 INFO [run_teacher] [316/340] vsr_315_315
2026-08-24 01:13:04,405 INFO [run_teacher] [317/340] vsr_316_316
2026-08-24 01:13:16,943 INFO [run_teacher] [318/340] vsr_317_317
2026-08-24 01:13:37,744 INFO [run_teacher] [319/340] vsr_318_318
2026-08-24 01:13:48,266 INFO [run_teacher] [320/340] vsr_319_319
2026-08-24 01:14:07,259 INFO [run_teacher] [321/340] vsr_320_320
2026-08-24 01:14:32,518 INFO [run_teacher] [322/340] vsr_321_321
2026-08-24 01:14:53,661 INFO [run_teacher] [323/340] vsr_322_322
2026-08-24 01:15:04,666 INFO [run_teacher] [324/340] vsr_323_323
2026-08-24 01:15:09,831 INFO [run_teacher] [325/340] vsr_324_324
2026-08-24 01:15:22,069 INFO [run_teacher] [326/340] vsr_325_325
2026-08-24 01:15:26,784 INFO [run_teacher] [327/340] vsr_326_326
2026-08-24 01:15:49,518 INFO [run_teacher] [328/340] vsr_327_327
2026-08-24 01:16:13,985 INFO [run_teacher] [329/340] vsr_328_328
2026-08-24 01:16:24,564 INFO [run_teacher] [330/340] vsr_329_329
2026-08-24 01:16:43,933 INFO [run_teacher] [331/340] vsr_330_330
2026-08-24 01:17:01,735 INFO [run_teacher] [332/340] vsr_331_331
2026-08-24 01:17:12,740 INFO [run_teacher] [333/340] vsr_332_332
2026-08-24 01:17:23,870 INFO [run_teacher] [334/340] vsr_333_333
2026-08-24 01:17:34,183 INFO [run_teacher] [335/340] vsr_334_334
2026-08-24 01:17:45,754 INFO [run_teacher] [336/340] vsr_335_335
2026-08-24 01:18:04,940 INFO [run_teacher] [337/340] vsr_336_336
2026-08-24 01:18:27,224 INFO [run_teacher] [338/340] vsr_337_337
2026-08-24 01:18:46,567 INFO [run_teacher] [339/340] vsr_338_338
2026-08-24 01:19:09,318 INFO [run_teacher] [340/340] vsr_339_339
2026-08-24 01:19:34,226 INFO [run_teacher] Shard finished in 5682.5s with 0 failed rows
2026-08-24 01:19:34,227 INFO [run_teacher] Unresolved failure-ledger rows: 0
