Collecting transformers==4.37.2 (from -r requirements-internvl.txt (line 4))
  Downloading transformers-4.37.2-py3-none-any.whl.metadata (129 kB)
Collecting accelerate==0.30.1 (from -r requirements-internvl.txt (line 5))
  Downloading accelerate-0.30.1-py3-none-any.whl.metadata (18 kB)
Collecting tokenizers==0.15.1 (from -r requirements-internvl.txt (line 6))
  Downloading tokenizers-0.15.1-cp311-cp311-manylinux_2_17_x86_64.manylinux2014_x86_64.whl.metadata (6.7 kB)
Collecting einops==0.6.1 (from -r requirements-internvl.txt (line 7))
  Downloading einops-0.6.1-py3-none-any.whl.metadata (12 kB)
Collecting einops-exts==0.0.4 (from -r requirements-internvl.txt (line 8))
  Downloading einops_exts-0.0.4-py3-none-any.whl.metadata (621 bytes)
Collecting timm==0.9.12 (from -r requirements-internvl.txt (line 9))
  Downloading timm-0.9.12-py3-none-any.whl.metadata (60 kB)
Collecting sentencepiece==0.1.99 (from -r requirements-internvl.txt (line 10))
  Downloading sentencepiece-0.1.99-cp311-cp311-manylinux_2_17_x86_64.manylinux2014_x86_64.whl.metadata (7.7 kB)
Collecting sentence-transformers==2.7.0 (from -r requirements-internvl.txt (line 11))
  Downloading sentence_transformers-2.7.0-py3-none-any.whl.metadata (11 kB)
Collecting numpy==1.26.4 (from -r requirements-internvl.txt (line 12))
  Downloading numpy-1.26.4-cp311-cp311-manylinux_2_17_x86_64.manylinux2014_x86_64.whl.metadata (61 kB)
Requirement already satisfied: pillow in /home/aman/miniconda3/envs/proactive-internvl/lib/python3.11/site-packages (from -r requirements-internvl.txt (line 13)) (12.3.0)
Collecting pandas (from -r requirements-internvl.txt (line 14))
  Using cached pandas-3.0.5-cp311-cp311-manylinux_2_24_x86_64.manylinux_2_28_x86_64.whl.metadata (79 kB)
Collecting pyyaml (from -r requirements-internvl.txt (line 15))
  Using cached pyyaml-6.0.3-cp311-cp311-manylinux2014_x86_64.manylinux_2_17_x86_64.manylinux_2_28_x86_64.whl.metadata (2.4 kB)
Collecting python-dotenv (from -r requirements-internvl.txt (line 16))
  Downloading python_dotenv-1.2.3-py3-none-any.whl.metadata (29 kB)
Collecting scipy (from -r requirements-internvl.txt (line 17))
  Using cached scipy-1.17.1-cp311-cp311-manylinux_2_27_x86_64.manylinux_2_28_x86_64.whl.metadata (62 kB)
Collecting scikit-learn>=1.2.2 (from -r requirements-internvl.txt (line 18))
  Using cached scikit_learn-1.9.0-cp311-cp311-manylinux_2_27_x86_64.manylinux_2_28_x86_64.whl.metadata (11 kB)
Collecting tqdm (from -r requirements-internvl.txt (line 19))
  Using cached tqdm-4.70.0-py3-none-any.whl.metadata (57 kB)
Collecting pytest<10,>=8 (from -r requirements-internvl.txt (line 20))
  Downloading pytest-9.1.1-py3-none-any.whl.metadata (7.6 kB)
Requirement already satisfied: filelock in /home/aman/miniconda3/envs/proactive-internvl/lib/python3.11/site-packages (from transformers==4.37.2->-r requirements-internvl.txt (line 4)) (3.32.3)
Collecting huggingface-hub<1.0,>=0.19.3 (from transformers==4.37.2->-r requirements-internvl.txt (line 4))
  Using cached huggingface_hub-0.36.2-py3-none-any.whl.metadata (15 kB)
Requirement already satisfied: packaging>=20.0 in /home/aman/miniconda3/envs/proactive-internvl/lib/python3.11/site-packages (from transformers==4.37.2->-r requirements-internvl.txt (line 4)) (26.3)
Collecting regex!=2019.12.17 (from transformers==4.37.2->-r requirements-internvl.txt (line 4))
  Using cached regex-2026.7.19-cp311-cp311-manylinux2014_x86_64.manylinux_2_17_x86_64.manylinux_2_28_x86_64.whl.metadata (40 kB)
Collecting requests (from transformers==4.37.2->-r requirements-internvl.txt (line 4))
  Using cached requests-2.34.2-py3-none-any.whl.metadata (4.8 kB)
Collecting safetensors>=0.4.1 (from transformers==4.37.2->-r requirements-internvl.txt (line 4))
  Using cached safetensors-0.8.0-cp310-abi3-manylinux_2_17_x86_64.manylinux2014_x86_64.whl.metadata (4.2 kB)
Collecting psutil (from accelerate==0.30.1->-r requirements-internvl.txt (line 5))
  Using cached psutil-7.2.2-cp36-abi3-manylinux2010_x86_64.manylinux_2_12_x86_64.manylinux_2_28_x86_64.whl.metadata (22 kB)
Requirement already satisfied: torch>=1.10.0 in /home/aman/miniconda3/envs/proactive-internvl/lib/python3.11/site-packages (from accelerate==0.30.1->-r requirements-internvl.txt (line 5)) (2.6.0+cu124)
Requirement already satisfied: torchvision in /home/aman/miniconda3/envs/proactive-internvl/lib/python3.11/site-packages (from timm==0.9.12->-r requirements-internvl.txt (line 9)) (0.21.0+cu124)
Collecting iniconfig>=1.0.1 (from pytest<10,>=8->-r requirements-internvl.txt (line 20))
  Downloading iniconfig-2.3.0-py3-none-any.whl.metadata (2.5 kB)
Collecting pluggy<2,>=1.5 (from pytest<10,>=8->-r requirements-internvl.txt (line 20))
  Downloading pluggy-1.6.0-py3-none-any.whl.metadata (4.8 kB)
Collecting pygments>=2.7.2 (from pytest<10,>=8->-r requirements-internvl.txt (line 20))
  Downloading pygments-2.21.0-py3-none-any.whl.metadata (2.5 kB)
Requirement already satisfied: fsspec>=2023.5.0 in /home/aman/miniconda3/envs/proactive-internvl/lib/python3.11/site-packages (from huggingface-hub<1.0,>=0.19.3->transformers==4.37.2->-r requirements-internvl.txt (line 4)) (2026.7.0)
Collecting hf-xet<2.0.0,>=1.1.3 (from huggingface-hub<1.0,>=0.19.3->transformers==4.37.2->-r requirements-internvl.txt (line 4))
  Downloading hf_xet-1.6.0-cp38-abi3-manylinux2014_x86_64.manylinux_2_17_x86_64.whl.metadata (4.9 kB)
Requirement already satisfied: typing-extensions>=3.7.4.3 in /home/aman/miniconda3/envs/proactive-internvl/lib/python3.11/site-packages (from huggingface-hub<1.0,>=0.19.3->transformers==4.37.2->-r requirements-internvl.txt (line 4)) (4.16.0)
Collecting python-dateutil>=2.8.2 (from pandas->-r requirements-internvl.txt (line 14))
  Using cached python_dateutil-2.9.0.post0-py2.py3-none-any.whl.metadata (8.4 kB)
Collecting joblib>=1.4.0 (from scikit-learn>=1.2.2->-r requirements-internvl.txt (line 18))
  Using cached joblib-1.5.3-py3-none-any.whl.metadata (5.5 kB)
Collecting narwhals>=2.0.1 (from scikit-learn>=1.2.2->-r requirements-internvl.txt (line 18))
  Downloading narwhals-2.25.0-py3-none-any.whl.metadata (15 kB)
Collecting threadpoolctl>=3.5.0 (from scikit-learn>=1.2.2->-r requirements-internvl.txt (line 18))
  Using cached threadpoolctl-3.6.0-py3-none-any.whl.metadata (13 kB)
Collecting six>=1.5 (from python-dateutil>=2.8.2->pandas->-r requirements-internvl.txt (line 14))
  Using cached six-1.17.0-py2.py3-none-any.whl.metadata (1.7 kB)
Requirement already satisfied: networkx in /home/aman/miniconda3/envs/proactive-internvl/lib/python3.11/site-packages (from torch>=1.10.0->accelerate==0.30.1->-r requirements-internvl.txt (line 5)) (3.6.1)
Requirement already satisfied: jinja2 in /home/aman/miniconda3/envs/proactive-internvl/lib/python3.11/site-packages (from torch>=1.10.0->accelerate==0.30.1->-r requirements-internvl.txt (line 5)) (3.1.6)
Requirement already satisfied: nvidia-cuda-nvrtc-cu12==12.4.127 in /home/aman/miniconda3/envs/proactive-internvl/lib/python3.11/site-packages (from torch>=1.10.0->accelerate==0.30.1->-r requirements-internvl.txt (line 5)) (12.4.127)
Requirement already satisfied: nvidia-cuda-runtime-cu12==12.4.127 in /home/aman/miniconda3/envs/proactive-internvl/lib/python3.11/site-packages (from torch>=1.10.0->accelerate==0.30.1->-r requirements-internvl.txt (line 5)) (12.4.127)
Requirement already satisfied: nvidia-cuda-cupti-cu12==12.4.127 in /home/aman/miniconda3/envs/proactive-internvl/lib/python3.11/site-packages (from torch>=1.10.0->accelerate==0.30.1->-r requirements-internvl.txt (line 5)) (12.4.127)
Requirement already satisfied: nvidia-cudnn-cu12==9.1.0.70 in /home/aman/miniconda3/envs/proactive-internvl/lib/python3.11/site-packages (from torch>=1.10.0->accelerate==0.30.1->-r requirements-internvl.txt (line 5)) (9.1.0.70)
Requirement already satisfied: nvidia-cublas-cu12==12.4.5.8 in /home/aman/miniconda3/envs/proactive-internvl/lib/python3.11/site-packages (from torch>=1.10.0->accelerate==0.30.1->-r requirements-internvl.txt (line 5)) (12.4.5.8)
Requirement already satisfied: nvidia-cufft-cu12==11.2.1.3 in /home/aman/miniconda3/envs/proactive-internvl/lib/python3.11/site-packages (from torch>=1.10.0->accelerate==0.30.1->-r requirements-internvl.txt (line 5)) (11.2.1.3)
Requirement already satisfied: nvidia-curand-cu12==10.3.5.147 in /home/aman/miniconda3/envs/proactive-internvl/lib/python3.11/site-packages (from torch>=1.10.0->accelerate==0.30.1->-r requirements-internvl.txt (line 5)) (10.3.5.147)
Requirement already satisfied: nvidia-cusolver-cu12==11.6.1.9 in /home/aman/miniconda3/envs/proactive-internvl/lib/python3.11/site-packages (from torch>=1.10.0->accelerate==0.30.1->-r requirements-internvl.txt (line 5)) (11.6.1.9)
Requirement already satisfied: nvidia-cusparse-cu12==12.3.1.170 in /home/aman/miniconda3/envs/proactive-internvl/lib/python3.11/site-packages (from torch>=1.10.0->accelerate==0.30.1->-r requirements-internvl.txt (line 5)) (12.3.1.170)
Requirement already satisfied: nvidia-cusparselt-cu12==0.6.2 in /home/aman/miniconda3/envs/proactive-internvl/lib/python3.11/site-packages (from torch>=1.10.0->accelerate==0.30.1->-r requirements-internvl.txt (line 5)) (0.6.2)
Requirement already satisfied: nvidia-nccl-cu12==2.21.5 in /home/aman/miniconda3/envs/proactive-internvl/lib/python3.11/site-packages (from torch>=1.10.0->accelerate==0.30.1->-r requirements-internvl.txt (line 5)) (2.21.5)
Requirement already satisfied: nvidia-nvtx-cu12==12.4.127 in /home/aman/miniconda3/envs/proactive-internvl/lib/python3.11/site-packages (from torch>=1.10.0->accelerate==0.30.1->-r requirements-internvl.txt (line 5)) (12.4.127)
Requirement already satisfied: nvidia-nvjitlink-cu12==12.4.127 in /home/aman/miniconda3/envs/proactive-internvl/lib/python3.11/site-packages (from torch>=1.10.0->accelerate==0.30.1->-r requirements-internvl.txt (line 5)) (12.4.127)
Requirement already satisfied: triton==3.2.0 in /home/aman/miniconda3/envs/proactive-internvl/lib/python3.11/site-packages (from torch>=1.10.0->accelerate==0.30.1->-r requirements-internvl.txt (line 5)) (3.2.0)
Requirement already satisfied: sympy==1.13.1 in /home/aman/miniconda3/envs/proactive-internvl/lib/python3.11/site-packages (from torch>=1.10.0->accelerate==0.30.1->-r requirements-internvl.txt (line 5)) (1.13.1)
Requirement already satisfied: mpmath<1.4,>=1.1.0 in /home/aman/miniconda3/envs/proactive-internvl/lib/python3.11/site-packages (from sympy==1.13.1->torch>=1.10.0->accelerate==0.30.1->-r requirements-internvl.txt (line 5)) (1.3.0)
Requirement already satisfied: MarkupSafe>=2.0 in /home/aman/miniconda3/envs/proactive-internvl/lib/python3.11/site-packages (from jinja2->torch>=1.10.0->accelerate==0.30.1->-r requirements-internvl.txt (line 5)) (3.0.3)
Collecting charset_normalizer<4,>=2 (from requests->transformers==4.37.2->-r requirements-internvl.txt (line 4))
  Downloading charset_normalizer-3.5.1-cp311-cp311-manylinux2014_x86_64.manylinux_2_17_x86_64.manylinux_2_28_x86_64.whl.metadata (45 kB)
Collecting idna<4,>=2.5 (from requests->transformers==4.37.2->-r requirements-internvl.txt (line 4))
  Downloading idna-3.19-py3-none-any.whl.metadata (9.2 kB)
Collecting urllib3<3,>=1.26 (from requests->transformers==4.37.2->-r requirements-internvl.txt (line 4))
  Using cached urllib3-2.7.0-py3-none-any.whl.metadata (6.9 kB)
Requirement already satisfied: certifi>=2023.5.7 in /home/aman/miniconda3/envs/proactive-internvl/lib/python3.11/site-packages (from requests->transformers==4.37.2->-r requirements-internvl.txt (line 4)) (2026.7.22)
Downloading transformers-4.37.2-py3-none-any.whl (8.4 MB)
   ━━━━━━━━━━━━━━━━━━━━━━━━━━━━━━━━━━━━━━━━ 8.4/8.4 MB 35.6 MB/s  0:00:00
Downloading tokenizers-0.15.1-cp311-cp311-manylinux_2_17_x86_64.manylinux2014_x86_64.whl (3.6 MB)
   ━━━━━━━━━━━━━━━━━━━━━━━━━━━━━━━━━━━━━━━━ 3.6/3.6 MB 8.1 MB/s  0:00:00
Downloading accelerate-0.30.1-py3-none-any.whl (302 kB)
Downloading einops-0.6.1-py3-none-any.whl (42 kB)
Downloading einops_exts-0.0.4-py3-none-any.whl (3.9 kB)
Downloading timm-0.9.12-py3-none-any.whl (2.2 MB)
   ━━━━━━━━━━━━━━━━━━━━━━━━━━━━━━━━━━━━━━━━ 2.2/2.2 MB 19.8 MB/s  0:00:00
Downloading sentencepiece-0.1.99-cp311-cp311-manylinux_2_17_x86_64.manylinux2014_x86_64.whl (1.3 MB)
   ━━━━━━━━━━━━━━━━━━━━━━━━━━━━━━━━━━━━━━━━ 1.3/1.3 MB 3.1 MB/s  0:00:00
Downloading sentence_transformers-2.7.0-py3-none-any.whl (171 kB)
Downloading numpy-1.26.4-cp311-cp311-manylinux_2_17_x86_64.manylinux2014_x86_64.whl (18.3 MB)
   ━━━━━━━━━━━━━━━━━━━━━━━━━━━━━━━━━━━━━━━━ 18.3/18.3 MB 48.0 MB/s  0:00:00
Downloading pytest-9.1.1-py3-none-any.whl (386 kB)
Using cached huggingface_hub-0.36.2-py3-none-any.whl (566 kB)
Downloading hf_xet-1.6.0-cp38-abi3-manylinux2014_x86_64.manylinux_2_17_x86_64.whl (4.5 MB)
   ━━━━━━━━━━━━━━━━━━━━━━━━━━━━━━━━━━━━━━━━ 4.5/4.5 MB 28.1 MB/s  0:00:00
Downloading pluggy-1.6.0-py3-none-any.whl (20 kB)
Using cached pandas-3.0.5-cp311-cp311-manylinux_2_24_x86_64.manylinux_2_28_x86_64.whl (11.3 MB)
Using cached pyyaml-6.0.3-cp311-cp311-manylinux2014_x86_64.manylinux_2_17_x86_64.manylinux_2_28_x86_64.whl (806 kB)
Downloading python_dotenv-1.2.3-py3-none-any.whl (22 kB)
Using cached scipy-1.17.1-cp311-cp311-manylinux_2_27_x86_64.manylinux_2_28_x86_64.whl (35.3 MB)
Using cached scikit_learn-1.9.0-cp311-cp311-manylinux_2_27_x86_64.manylinux_2_28_x86_64.whl (9.3 MB)
Using cached tqdm-4.70.0-py3-none-any.whl (80 kB)
Downloading iniconfig-2.3.0-py3-none-any.whl (7.5 kB)
Using cached joblib-1.5.3-py3-none-any.whl (309 kB)
Downloading narwhals-2.25.0-py3-none-any.whl (467 kB)
Downloading pygments-2.21.0-py3-none-any.whl (1.3 MB)
   ━━━━━━━━━━━━━━━━━━━━━━━━━━━━━━━━━━━━━━━━ 1.3/1.3 MB 10.0 MB/s  0:00:00
Using cached python_dateutil-2.9.0.post0-py2.py3-none-any.whl (229 kB)
Using cached regex-2026.7.19-cp311-cp311-manylinux2014_x86_64.manylinux_2_17_x86_64.manylinux_2_28_x86_64.whl (801 kB)
Using cached safetensors-0.8.0-cp310-abi3-manylinux_2_17_x86_64.manylinux2014_x86_64.whl (516 kB)
Using cached six-1.17.0-py2.py3-none-any.whl (11 kB)
Using cached threadpoolctl-3.6.0-py3-none-any.whl (18 kB)
Using cached psutil-7.2.2-cp36-abi3-manylinux2010_x86_64.manylinux_2_12_x86_64.manylinux_2_28_x86_64.whl (155 kB)
Using cached requests-2.34.2-py3-none-any.whl (73 kB)
Downloading charset_normalizer-3.5.1-cp311-cp311-manylinux2014_x86_64.manylinux_2_17_x86_64.manylinux_2_28_x86_64.whl (262 kB)
Downloading idna-3.19-py3-none-any.whl (68 kB)
Using cached urllib3-2.7.0-py3-none-any.whl (131 kB)
Installing collected packages: sentencepiece, urllib3, tqdm, threadpoolctl, six, safetensors, regex, pyyaml, python-dotenv, pygments, psutil, pluggy, numpy, narwhals, joblib, iniconfig, idna, hf-xet, einops, charset_normalizer, scipy, requests, python-dateutil, pytest, einops-exts, scikit-learn, pandas, huggingface-hub, tokenizers, accelerate, transformers, timm, sentence-transformers
  Attempting uninstall: numpy
    Found existing installation: numpy 2.4.6
    Uninstalling numpy-2.4.6:
      Successfully uninstalled numpy-2.4.6

Successfully installed accelerate-0.30.1 charset_normalizer-3.5.1 einops-0.6.1 einops-exts-0.0.4 hf-xet-1.6.0 huggingface-hub-0.36.2 idna-3.19 iniconfig-2.3.0 joblib-1.5.3 narwhals-2.25.0 numpy-1.26.4 pandas-3.0.5 pluggy-1.6.0 psutil-7.2.2 pygments-2.21.0 pytest-9.1.1 python-dateutil-2.9.0.post0 python-dotenv-1.2.3 pyyaml-6.0.3 regex-2026.7.19 requests-2.34.2 safetensors-0.8.0 scikit-learn-1.9.0 scipy-1.17.1 sentence-transformers-2.7.0 sentencepiece-0.1.99 six-1.17.0 threadpoolctl-3.6.0 timm-0.9.12 tokenizers-0.15.1 tqdm-4.70.0 transformers-4.37.2 urllib3-2.7.0
