{
  "is_valid": true,
  "approval_status": "APPROVED",
  "compute_authorization": {
    "staged_checks_approved": true,
    "staged_max_examples": 100,
    "staged_full_dataset_allowlist": [
      "vsr"
    ],
    "full_core_approved": false
  },
  "manifest_records": 7291,
  "dataset_counts": {
    "hallusionbench": 951,
    "pope": 3000,
    "vizwiz": 3000,
    "vsr": 340
  },
  "relation_applicable_records": 110,
  "required_core_models": [
    "gemma4_e4b",
    "qwen3_vl_8b"
  ],
  "expected_teacher_rows": 14582,
  "expected_forward_passes": 102294,
  "errors": [],
  "mode": "readiness"
}
