===== reference validation frontier =====
Timeout 707s; worker ceiling remaining 707s
{
  "format_version": "week8_ablation_frontier_v1",
  "status": "COMPLETE",
  "ablation_id": "reference",
  "evaluation_split": "val",
  "calibration_used": false,
  "test_used": false,
  "heldout_shift_used": false,
  "post_test_tuning_used": false,
  "seed": 42,
  "week8_config_sha256": "59748c18da7375db6140f05d6c5ec2670c6ce19eeb25b5931e94868ffe7d9cf6",
  "manifest_sha256": "1fac2c343e57ca8b6702c4e6a282a7b86a48042a6d133ba84612b5b1c50201ae",
  "diagnostic_checkpoint_sha256": "2e680eb8ff7859b0420577f0ffb3b06810e6f863deac25b87d7fb3170bf2fb06",
  "policy_checkpoint_sha256": "fea21bc3b3d6d44ff29ca3179362550759b21bf2a910f7df8eef8177d9321789",
  "aps_sha256": "af5b015ee18198370f38a40a34a907b8ab64d4d1bed2afe7e2e693c4d9e9138c",
  "freeze_manifest_sha256": "735b6b270eb177c8f0f08250104624d9fa8060f97095fc2f9adacc27873bd2ed",
  "budgets": [
    1,
    2,
    3,
    4,
    7
  ],
  "coverages": [
    0.9,
    0.95
  ],
  "base_model_instances": 1404,
  "teacher_files": [
    {
      "path": "outputs/teacher_core_contract_v1_recovered/teacher_gemma4_e4b_all_all_shard00-of-04.jsonl",
      "sha256": "46593391081546c310991894934b1436ecfcf1f07956104d59e9e8f4495e1948",
      "selected_rows": 175
    },
    {
      "path": "outputs/teacher_core_contract_v1_recovered/teacher_gemma4_e4b_all_all_shard01-of-04.jsonl",
      "sha256": "3c7d3ca72753bd49d8f344dd9e468877e75567132de20a81ce20467d52e096a9",
      "selected_rows": 180
    },
    {
      "path": "outputs/teacher_core_contract_v1_recovered/teacher_gemma4_e4b_all_all_shard02-of-04.jsonl",
      "sha256": "bff419cdd17e66ccd9eea1a83e248d5f58e16143d662ebd3ba33625b953018ec",
      "selected_rows": 163
    },
    {
      "path": "outputs/teacher_core_contract_v1_recovered/teacher_gemma4_e4b_all_all_shard03-of-04.jsonl",
      "sha256": "9538751d71a3f8a133be26c2de6d4a4b505b3c780a20ee10a15cd24cd0d8a84e",
      "selected_rows": 184
    },
    {
      "path": "outputs/teacher_core_contract_v1_recovered/teacher_qwen3_vl_8b_all_all_shard00-of-04.jsonl",
      "sha256": "53cc79788e76a9ddcf8df20812e5ca0ca7aa918dad85d249107f3b46003c5be4",
      "selected_rows": 162
    },
    {
      "path": "outputs/teacher_core_contract_v1_recovered/teacher_qwen3_vl_8b_all_all_shard01-of-04.jsonl",
      "sha256": "5bcb3927cfca370cce87c95df969dde3f24c26cd901c9733b63bb17180717c65",
      "selected_rows": 179
    },
    {
      "path": "outputs/teacher_core_contract_v1_recovered/teacher_qwen3_vl_8b_all_all_shard02-of-04.jsonl",
      "sha256": "0ae1afb49f1cf578282a62fafea38ffad93bc7d3220929469d31150e2f9c8711",
      "selected_rows": 174
    },
    {
      "path": "outputs/teacher_core_contract_v1_recovered/teacher_qwen3_vl_8b_all_all_shard03-of-04.jsonl",
      "sha256": "4dc9b657f4ea35d7e74e352157f25aee5bd1b2c9c99e13d33755f8f65d55031f",
      "selected_rows": 187
    }
  ],
  "global_aps_fit_split": "val",
  "global_aps_evaluation_split": "val",
  "global_aps_thresholds": {
    "0.9": 0.9999997615814209,
    "0.95": 1.0
  },
  "summaries": {
    "proactive|1|0.9": {
      "row_count": 1404,
      "mean_acquisition_cost": 1.0,
      "diagnostic": {
        "record_count": 1404,
        "source_bit_micro_f1": 0.8958762886597939,
        "source_bit_macro_f1": 0.8980805284361609,
        "source_bit_hamming_loss": 0.09591642924976258,
        "source_bit_auroc": {
          "visual": 0.9427483170555346,
          "language": 0.9802383401920438,
          "alignment": 0.9847133890343767
        },
        "six_way_macro_f1": 0.5796350383562641,
        "six_way_balanced_accuracy": 0.6739622024358333,
        "six_way_confusion_matrix": [
          [
            99,
            0,
            5,
            3,
            27,
            53
          ],
          [
            6,
            371,
            2,
            8,
            5,
            0
          ],
          [
            1,
            0,
            31,
            3,
            9,
            0
          ],
          [
            45,
            53,
            83,
            406,
            8,
            0
          ],
          [
            4,
            0,
            2,
            0,
            5,
            1
          ],
          [
            27,
            0,
            2,
            0,
            12,
            133
          ]
        ],
        "six_way_labels": [
          "visual",
          "language-prior",
          "alignment",
          "mixed",
          "unclear",
          "no-failure"
        ],
        "signature_mse": 0.026441967862160222
      },
      "prediction_sets": {
        "coverage": 0.8625356125356125,
        "average_set_size": 2.5947293447293447,
        "singleton_rate": 0.2336182336182336,
        "empty_set_rate": 0.09615384615384616
      },
      "action_counts": {
        "blur": 306,
        "stop": 1404,
        "grounding": 138,
        "blank": 948,
        "crop": 10,
        "brightness": 2
      }
    },
    "proactive|1|0.95": {
      "row_count": 1404,
      "mean_acquisition_cost": 1.0,
      "diagnostic": {
        "record_count": 1404,
        "source_bit_micro_f1": 0.8958762886597939,
        "source_bit_macro_f1": 0.8980805284361609,
        "source_bit_hamming_loss": 0.09591642924976258,
        "source_bit_auroc": {
          "visual": 0.9427483170555346,
          "language": 0.9802383401920438,
          "alignment": 0.9847133890343767
        },
        "six_way_macro_f1": 0.5796350383562641,
        "six_way_balanced_accuracy": 0.6739622024358333,
        "six_way_confusion_matrix": [
          [
            99,
            0,
            5,
            3,
            27,
            53
          ],
          [
            6,
            371,
            2,
            8,
            5,
            0
          ],
          [
            1,
            0,
            31,
            3,
            9,
            0
          ],
          [
            45,
            53,
            83,
            406,
            8,
            0
          ],
          [
            4,
            0,
            2,
            0,
            5,
            1
          ],
          [
            27,
            0,
            2,
            0,
            12,
            133
          ]
        ],
        "six_way_labels": [
          "visual",
          "language-prior",
          "alignment",
          "mixed",
          "unclear",
          "no-failure"
        ],
        "signature_mse": 0.026441967862160222
      },
      "prediction_sets": {
        "coverage": 0.9131054131054132,
        "average_set_size": 3.0035612535612537,
        "singleton_rate": 0.12179487179487179,
        "empty_set_rate": 0.07193732193732194
      },
      "action_counts": {
        "blur": 306,
        "stop": 1404,
        "grounding": 138,
        "blank": 948,
        "crop": 10,
        "brightness": 2
      }
    },
    "proactive|2|0.9": {
      "row_count": 1404,
      "mean_acquisition_cost": 1.9985754985754987,
      "diagnostic": {
        "record_count": 1404,
        "source_bit_micro_f1": 0.9478036175710595,
        "source_bit_macro_f1": 0.9499154310679478,
        "source_bit_hamming_loss": 0.04795821462488129,
        "source_bit_auroc": {
          "visual": 0.9738835534824983,
          "language": 0.9948396368149455,
          "alignment": 0.9946439705698965
        },
        "six_way_macro_f1": 0.7072583008311978,
        "six_way_balanced_accuracy": 0.7994048298525261,
        "six_way_confusion_matrix": [
          [
            148,
            0,
            1,
            0,
            19,
            19
          ],
          [
            2,
            382,
            0,
            5,
            0,
            3
          ],
          [
            0,
            0,
            40,
            2,
            2,
            0
          ],
          [
            17,
            39,
            46,
            486,
            4,
            3
          ],
          [
            1,
            0,
            0,
            0,
            6,
            5
          ],
          [
            5,
            1,
            2,
            0,
            26,
            140
          ]
        ],
        "six_way_labels": [
          "visual",
          "language-prior",
          "alignment",
          "mixed",
          "unclear",
          "no-failure"
        ],
        "signature_mse": 0.012319435684964916
      },
      "prediction_sets": {
        "coverage": 0.8376068376068376,
        "average_set_size": 2.1253561253561255,
        "singleton_rate": 0.25997150997151,
        "empty_set_rate": 0.1388888888888889
      },
      "action_counts": {
        "blur": 1108,
        "blank": 1127,
        "stop": 1404,
        "grounding": 386,
        "brightness": 54,
        "crop": 104,
        "noise": 25,
        "relation": 2
      }
    },
    "proactive|2|0.95": {
      "row_count": 1404,
      "mean_acquisition_cost": 1.9985754985754987,
      "diagnostic": {
        "record_count": 1404,
        "source_bit_micro_f1": 0.9478036175710595,
        "source_bit_macro_f1": 0.9499154310679478,
        "source_bit_hamming_loss": 0.04795821462488129,
        "source_bit_auroc": {
          "visual": 0.9738835534824983,
          "language": 0.9948396368149455,
          "alignment": 0.9946439705698965
        },
        "six_way_macro_f1": 0.7072583008311978,
        "six_way_balanced_accuracy": 0.7994048298525261,
        "six_way_confusion_matrix": [
          [
            148,
            0,
            1,
            0,
            19,
            19
          ],
          [
            2,
            382,
            0,
            5,
            0,
            3
          ],
          [
            0,
            0,
            40,
            2,
            2,
            0
          ],
          [
            17,
            39,
            46,
            486,
            4,
            3
          ],
          [
            1,
            0,
            0,
            0,
            6,
            5
          ],
          [
            5,
            1,
            2,
            0,
            26,
            140
          ]
        ],
        "six_way_labels": [
          "visual",
          "language-prior",
          "alignment",
          "mixed",
          "unclear",
          "no-failure"
        ],
        "signature_mse": 0.012319435684964916
      },
      "prediction_sets": {
        "coverage": 0.9031339031339032,
        "average_set_size": 2.690883190883191,
        "singleton_rate": 0.14957264957264957,
        "empty_set_rate": 0.0933048433048433
      },
      "action_counts": {
        "blur": 1108,
        "blank": 1127,
        "stop": 1404,
        "grounding": 386,
        "brightness": 54,
        "crop": 104,
        "noise": 25,
        "relation": 2
      }
    },
    "proactive|3|0.9": {
      "row_count": 1404,
      "mean_acquisition_cost": 2.990740740740741,
      "diagnostic": {
        "record_count": 1404,
        "source_bit_micro_f1": 0.9715457574980774,
        "source_bit_macro_f1": 0.9728952816288109,
        "source_bit_hamming_loss": 0.026353276353276354,
        "source_bit_auroc": {
          "visual": 0.9869051135032743,
          "language": 0.9988283036122542,
          "alignment": 0.99652076318743
        },
        "six_way_macro_f1": 0.7828513904403923,
        "six_way_balanced_accuracy": 0.8492194683516039,
        "six_way_confusion_matrix": [
          [
            167,
            0,
            0,
            0,
            6,
            14
          ],
          [
            0,
            390,
            0,
            1,
            0,
            1
          ],
          [
            0,
            0,
            42,
            1,
            0,
            1
          ],
          [
            10,
            27,
            26,
            530,
            0,
            2
          ],
          [
            0,
            0,
            0,
            0,
            6,
            6
          ],
          [
            4,
            0,
            0,
            0,
            20,
            150
          ]
        ],
        "six_way_labels": [
          "visual",
          "language-prior",
          "alignment",
          "mixed",
          "unclear",
          "no-failure"
        ],
        "signature_mse": 0.00793287238537311
      },
      "prediction_sets": {
        "coverage": 0.8133903133903134,
        "average_set_size": 1.9024216524216524,
        "singleton_rate": 0.28561253561253563,
        "empty_set_rate": 0.16809116809116809
      },
      "action_counts": {
        "blur": 1211,
        "blank": 1279,
        "crop": 795,
        "stop": 1404,
        "grounding": 737,
        "brightness": 110,
        "noise": 62,
        "relation": 5
      }
    },
    "proactive|3|0.95": {
      "row_count": 1404,
      "mean_acquisition_cost": 2.990740740740741,
      "diagnostic": {
        "record_count": 1404,
        "source_bit_micro_f1": 0.9715457574980774,
        "source_bit_macro_f1": 0.9728952816288109,
        "source_bit_hamming_loss": 0.026353276353276354,
        "source_bit_auroc": {
          "visual": 0.9869051135032743,
          "language": 0.9988283036122542,
          "alignment": 0.99652076318743
        },
        "six_way_macro_f1": 0.7828513904403923,
        "six_way_balanced_accuracy": 0.8492194683516039,
        "six_way_confusion_matrix": [
          [
            167,
            0,
            0,
            0,
            6,
            14
          ],
          [
            0,
            390,
            0,
            1,
            0,
            1
          ],
          [
            0,
            0,
            42,
            1,
            0,
            1
          ],
          [
            10,
            27,
            26,
            530,
            0,
            2
          ],
          [
            0,
            0,
            0,
            0,
            6,
            6
          ],
          [
            4,
            0,
            0,
            0,
            20,
            150
          ]
        ],
        "six_way_labels": [
          "visual",
          "language-prior",
          "alignment",
          "mixed",
          "unclear",
          "no-failure"
        ],
        "signature_mse": 0.00793287238537311
      },
      "prediction_sets": {
        "coverage": 0.8974358974358975,
        "average_set_size": 2.7037037037037037,
        "singleton_rate": 0.13105413105413105,
        "empty_set_rate": 0.099002849002849
      },
      "action_counts": {
        "blur": 1211,
        "blank": 1279,
        "crop": 795,
        "stop": 1404,
        "grounding": 737,
        "brightness": 110,
        "noise": 62,
        "relation": 5
      }
    },
    "proactive|4|0.9": {
      "row_count": 1404,
      "mean_acquisition_cost": 3.8732193732193734,
      "diagnostic": {
        "record_count": 1404,
        "source_bit_micro_f1": 0.9834647672348003,
        "source_bit_macro_f1": 0.9844592704689524,
        "source_bit_hamming_loss": 0.015432098765432098,
        "source_bit_auroc": {
          "visual": 0.9918953875609782,
          "language": 0.999728509373571,
          "alignment": 0.9982042648709316
        },
        "six_way_macro_f1": 0.806465341614078,
        "six_way_balanced_accuracy": 0.8550848448052157,
        "six_way_confusion_matrix": [
          [
            178,
            0,
            0,
            0,
            2,
            7
          ],
          [
            0,
            390,
            0,
            1,
            0,
            1
          ],
          [
            0,
            0,
            43,
            1,
            0,
            0
          ],
          [
            5,
            21,
            17,
            552,
            0,
            0
          ],
          [
            0,
            0,
            0,
            0,
            5,
            7
          ],
          [
            0,
            0,
            0,
            0,
            24,
            150
          ]
        ],
        "six_way_labels": [
          "visual",
          "language-prior",
          "alignment",
          "mixed",
          "unclear",
          "no-failure"
        ],
        "signature_mse": 0.006083197278886923
      },
      "prediction_sets": {
        "coverage": 0.8069800569800569,
        "average_set_size": 1.8183760683760684,
        "singleton_rate": 0.30128205128205127,
        "empty_set_rate": 0.1794871794871795
      },
      "action_counts": {
        "blur": 1310,
        "blank": 1352,
        "crop": 1110,
        "grounding": 920,
        "stop": 1404,
        "brightness": 638,
        "noise": 104,
        "relation": 4
      }
    },
    "proactive|4|0.95": {
      "row_count": 1404,
      "mean_acquisition_cost": 3.8732193732193734,
      "diagnostic": {
        "record_count": 1404,
        "source_bit_micro_f1": 0.9834647672348003,
        "source_bit_macro_f1": 0.9844592704689524,
        "source_bit_hamming_loss": 0.015432098765432098,
        "source_bit_auroc": {
          "visual": 0.9918953875609782,
          "language": 0.999728509373571,
          "alignment": 0.9982042648709316
        },
        "six_way_macro_f1": 0.806465341614078,
        "six_way_balanced_accuracy": 0.8550848448052157,
        "six_way_confusion_matrix": [
          [
            178,
            0,
            0,
            0,
            2,
            7
          ],
          [
            0,
            390,
            0,
            1,
            0,
            1
          ],
          [
            0,
            0,
            43,
            1,
            0,
            0
          ],
          [
            5,
            21,
            17,
            552,
            0,
            0
          ],
          [
            0,
            0,
            0,
            0,
            5,
            7
          ],
          [
            0,
            0,
            0,
            0,
            24,
            150
          ]
        ],
        "six_way_labels": [
          "visual",
          "language-prior",
          "alignment",
          "mixed",
          "unclear",
          "no-failure"
        ],
        "signature_mse": 0.006083197278886923
      },
      "prediction_sets": {
        "coverage": 0.8881766381766382,
        "average_set_size": 2.777065527065527,
        "singleton_rate": 0.14957264957264957,
        "empty_set_rate": 0.10826210826210826
      },
      "action_counts": {
        "blur": 1310,
        "blank": 1352,
        "crop": 1110,
        "grounding": 920,
        "stop": 1404,
        "brightness": 638,
        "noise": 104,
        "relation": 4
      }
    },
    "proactive|7|0.9": {
      "row_count": 1404,
      "mean_acquisition_cost": 5.061253561253562,
      "diagnostic": {
        "record_count": 1404,
        "source_bit_micro_f1": 0.9947196379180286,
        "source_bit_macro_f1": 0.9948442755506527,
        "source_bit_hamming_loss": 0.004985754985754986,
        "source_bit_auroc": {
          "visual": 0.9988369606175719,
          "language": 0.9999244725324972,
          "alignment": 0.9997589059317454
        },
        "six_way_macro_f1": 0.8492960754465312,
        "six_way_balanced_accuracy": 0.88630541035641,
        "six_way_confusion_matrix": [
          [
            186,
            0,
            0,
            0,
            0,
            1
          ],
          [
            0,
            390,
            0,
            2,
            0,
            0
          ],
          [
            0,
            0,
            43,
            1,
            0,
            0
          ],
          [
            1,
            2,
            7,
            585,
            0,
            0
          ],
          [
            0,
            0,
            0,
            0,
            6,
            6
          ],
          [
            0,
            0,
            0,
            0,
            23,
            151
          ]
        ],
        "six_way_labels": [
          "visual",
          "language-prior",
          "alignment",
          "mixed",
          "unclear",
          "no-failure"
        ],
        "signature_mse": 0.005551941150731287
      },
      "prediction_sets": {
        "coverage": 0.8162393162393162,
        "average_set_size": 1.7542735042735043,
        "singleton_rate": 0.33618233618233617,
        "empty_set_rate": 0.17806267806267806
      },
      "action_counts": {
        "blur": 1320,
        "blank": 1383,
        "grounding": 1140,
        "brightness": 1125,
        "stop": 1404,
        "crop": 1183,
        "noise": 941,
        "relation": 14
      }
    },
    "proactive|7|0.95": {
      "row_count": 1404,
      "mean_acquisition_cost": 5.061253561253562,
      "diagnostic": {
        "record_count": 1404,
        "source_bit_micro_f1": 0.9947196379180286,
        "source_bit_macro_f1": 0.9948442755506527,
        "source_bit_hamming_loss": 0.004985754985754986,
        "source_bit_auroc": {
          "visual": 0.9988369606175719,
          "language": 0.9999244725324972,
          "alignment": 0.9997589059317454
        },
        "six_way_macro_f1": 0.8492960754465312,
        "six_way_balanced_accuracy": 0.88630541035641,
        "six_way_confusion_matrix": [
          [
            186,
            0,
            0,
            0,
            0,
            1
          ],
          [
            0,
            390,
            0,
            2,
            0,
            0
          ],
          [
            0,
            0,
            43,
            1,
            0,
            0
          ],
          [
            1,
            2,
            7,
            585,
            0,
            0
          ],
          [
            0,
            0,
            0,
            0,
            6,
            6
          ],
          [
            0,
            0,
            0,
            0,
            23,
            151
          ]
        ],
        "six_way_labels": [
          "visual",
          "language-prior",
          "alignment",
          "mixed",
          "unclear",
          "no-failure"
        ],
        "signature_mse": 0.005551941150731287
      },
      "prediction_sets": {
        "coverage": 0.8867521367521367,
        "average_set_size": 3.572649572649573,
        "singleton_rate": 0.11253561253561253,
        "empty_set_rate": 0.1111111111111111
      },
      "action_counts": {
        "blur": 1320,
        "blank": 1383,
        "grounding": 1140,
        "brightness": 1125,
        "stop": 1404,
        "crop": 1183,
        "noise": 941,
        "relation": 14
      }
    },
    "proactive_no_stop|1|0.9": {
      "row_count": 1404,
      "mean_acquisition_cost": 1.0,
      "diagnostic": {
        "record_count": 1404,
        "source_bit_micro_f1": 0.8958762886597939,
        "source_bit_macro_f1": 0.8980805284361609,
        "source_bit_hamming_loss": 0.09591642924976258,
        "source_bit_auroc": {
          "visual": 0.9427483170555346,
          "language": 0.9802383401920438,
          "alignment": 0.9847133890343767
        },
        "six_way_macro_f1": 0.5796350383562641,
        "six_way_balanced_accuracy": 0.6739622024358333,
        "six_way_confusion_matrix": [
          [
            99,
            0,
            5,
            3,
            27,
            53
          ],
          [
            6,
            371,
            2,
            8,
            5,
            0
          ],
          [
            1,
            0,
            31,
            3,
            9,
            0
          ],
          [
            45,
            53,
            83,
            406,
            8,
            0
          ],
          [
            4,
            0,
            2,
            0,
            5,
            1
          ],
          [
            27,
            0,
            2,
            0,
            12,
            133
          ]
        ],
        "six_way_labels": [
          "visual",
          "language-prior",
          "alignment",
          "mixed",
          "unclear",
          "no-failure"
        ],
        "signature_mse": 0.026441967862160222
      },
      "prediction_sets": {
        "coverage": 0.8625356125356125,
        "average_set_size": 2.5947293447293447,
        "singleton_rate": 0.2336182336182336,
        "empty_set_rate": 0.09615384615384616
      },
      "action_counts": {
        "blur": 306,
        "stop": 1404,
        "grounding": 138,
        "blank": 948,
        "crop": 10,
        "brightness": 2
      }
    },
    "proactive_no_stop|1|0.95": {
      "row_count": 1404,
      "mean_acquisition_cost": 1.0,
      "diagnostic": {
        "record_count": 1404,
        "source_bit_micro_f1": 0.8958762886597939,
        "source_bit_macro_f1": 0.8980805284361609,
        "source_bit_hamming_loss": 0.09591642924976258,
        "source_bit_auroc": {
          "visual": 0.9427483170555346,
          "language": 0.9802383401920438,
          "alignment": 0.9847133890343767
        },
        "six_way_macro_f1": 0.5796350383562641,
        "six_way_balanced_accuracy": 0.6739622024358333,
        "six_way_confusion_matrix": [
          [
            99,
            0,
            5,
            3,
            27,
            53
          ],
          [
            6,
            371,
            2,
            8,
            5,
            0
          ],
          [
            1,
            0,
            31,
            3,
            9,
            0
          ],
          [
            45,
            53,
            83,
            406,
            8,
            0
          ],
          [
            4,
            0,
            2,
            0,
            5,
            1
          ],
          [
            27,
            0,
            2,
            0,
            12,
            133
          ]
        ],
        "six_way_labels": [
          "visual",
          "language-prior",
          "alignment",
          "mixed",
          "unclear",
          "no-failure"
        ],
        "signature_mse": 0.026441967862160222
      },
      "prediction_sets": {
        "coverage": 0.9131054131054132,
        "average_set_size": 3.0035612535612537,
        "singleton_rate": 0.12179487179487179,
        "empty_set_rate": 0.07193732193732194
      },
      "action_counts": {
        "blur": 306,
        "stop": 1404,
        "grounding": 138,
        "blank": 948,
        "crop": 10,
        "brightness": 2
      }
    },
    "proactive_no_stop|2|0.9": {
      "row_count": 1404,
      "mean_acquisition_cost": 2.0,
      "diagnostic": {
        "record_count": 1404,
        "source_bit_micro_f1": 0.9478036175710595,
        "source_bit_macro_f1": 0.9499154310679478,
        "source_bit_hamming_loss": 0.04795821462488129,
        "source_bit_auroc": {
          "visual": 0.9738835534824983,
          "language": 0.9948212652687961,
          "alignment": 0.9946439705698965
        },
        "six_way_macro_f1": 0.7072583008311978,
        "six_way_balanced_accuracy": 0.7994048298525261,
        "six_way_confusion_matrix": [
          [
            148,
            0,
            1,
            0,
            19,
            19
          ],
          [
            2,
            382,
            0,
            5,
            0,
            3
          ],
          [
            0,
            0,
            40,
            2,
            2,
            0
          ],
          [
            17,
            39,
            46,
            486,
            4,
            3
          ],
          [
            1,
            0,
            0,
            0,
            6,
            5
          ],
          [
            5,
            1,
            2,
            0,
            26,
            140
          ]
        ],
        "six_way_labels": [
          "visual",
          "language-prior",
          "alignment",
          "mixed",
          "unclear",
          "no-failure"
        ],
        "signature_mse": 0.012334156190892521
      },
      "prediction_sets": {
        "coverage": 0.8376068376068376,
        "average_set_size": 2.1253561253561255,
        "singleton_rate": 0.25997150997151,
        "empty_set_rate": 0.1388888888888889
      },
      "action_counts": {
        "blur": 1108,
        "blank": 1127,
        "stop": 1404,
        "grounding": 387,
        "brightness": 54,
        "crop": 104,
        "noise": 26,
        "relation": 2
      }
    },
    "proactive_no_stop|2|0.95": {
      "row_count": 1404,
      "mean_acquisition_cost": 2.0,
      "diagnostic": {
        "record_count": 1404,
        "source_bit_micro_f1": 0.9478036175710595,
        "source_bit_macro_f1": 0.9499154310679478,
        "source_bit_hamming_loss": 0.04795821462488129,
        "source_bit_auroc": {
          "visual": 0.9738835534824983,
          "language": 0.9948212652687961,
          "alignment": 0.9946439705698965
        },
        "six_way_macro_f1": 0.7072583008311978,
        "six_way_balanced_accuracy": 0.7994048298525261,
        "six_way_confusion_matrix": [
          [
            148,
            0,
            1,
            0,
            19,
            19
          ],
          [
            2,
            382,
            0,
            5,
            0,
            3
          ],
          [
            0,
            0,
            40,
            2,
            2,
            0
          ],
          [
            17,
            39,
            46,
            486,
            4,
            3
          ],
          [
            1,
            0,
            0,
            0,
            6,
            5
          ],
          [
            5,
            1,
            2,
            0,
            26,
            140
          ]
        ],
        "six_way_labels": [
          "visual",
          "language-prior",
          "alignment",
          "mixed",
          "unclear",
          "no-failure"
        ],
        "signature_mse": 0.012334156190892521
      },
      "prediction_sets": {
        "coverage": 0.9031339031339032,
        "average_set_size": 2.690883190883191,
        "singleton_rate": 0.14957264957264957,
        "empty_set_rate": 0.0933048433048433
      },
      "action_counts": {
        "blur": 1108,
        "blank": 1127,
        "stop": 1404,
        "grounding": 387,
        "brightness": 54,
        "crop": 104,
        "noise": 26,
        "relation": 2
      }
    },
    "proactive_no_stop|3|0.9": {
      "row_count": 1404,
      "mean_acquisition_cost": 3.0,
      "diagnostic": {
        "record_count": 1404,
        "source_bit_micro_f1": 0.9715457574980774,
        "source_bit_macro_f1": 0.9728952816288109,
        "source_bit_hamming_loss": 0.026353276353276354,
        "source_bit_auroc": {
          "visual": 0.9869051135032743,
          "language": 0.9988180971977267,
          "alignment": 0.9965207631874298
        },
        "six_way_macro_f1": 0.7828513904403923,
        "six_way_balanced_accuracy": 0.8492194683516039,
        "six_way_confusion_matrix": [
          [
            167,
            0,
            0,
            0,
            6,
            14
          ],
          [
            0,
            390,
            0,
            1,
            0,
            1
          ],
          [
            0,
            0,
            42,
            1,
            0,
            1
          ],
          [
            10,
            27,
            26,
            530,
            0,
            2
          ],
          [
            0,
            0,
            0,
            0,
            6,
            6
          ],
          [
            4,
            0,
            0,
            0,
            20,
            150
          ]
        ],
        "six_way_labels": [
          "visual",
          "language-prior",
          "alignment",
          "mixed",
          "unclear",
          "no-failure"
        ],
        "signature_mse": 0.0079453869640096
      },
      "prediction_sets": {
        "coverage": 0.8133903133903134,
        "average_set_size": 1.9024216524216524,
        "singleton_rate": 0.28561253561253563,
        "empty_set_rate": 0.16809116809116809
      },
      "action_counts": {
        "blur": 1213,
        "blank": 1279,
        "crop": 797,
        "stop": 1404,
        "grounding": 738,
        "brightness": 112,
        "noise": 68,
        "relation": 5
      }
    },
    "proactive_no_stop|3|0.95": {
      "row_count": 1404,
      "mean_acquisition_cost": 3.0,
      "diagnostic": {
        "record_count": 1404,
        "source_bit_micro_f1": 0.9715457574980774,
        "source_bit_macro_f1": 0.9728952816288109,
        "source_bit_hamming_loss": 0.026353276353276354,
        "source_bit_auroc": {
          "visual": 0.9869051135032743,
          "language": 0.9988180971977267,
          "alignment": 0.9965207631874298
        },
        "six_way_macro_f1": 0.7828513904403923,
        "six_way_balanced_accuracy": 0.8492194683516039,
        "six_way_confusion_matrix": [
          [
            167,
            0,
            0,
            0,
            6,
            14
          ],
          [
            0,
            390,
            0,
            1,
            0,
            1
          ],
          [
            0,
            0,
            42,
            1,
            0,
            1
          ],
          [
            10,
            27,
            26,
            530,
            0,
            2
          ],
          [
            0,
            0,
            0,
            0,
            6,
            6
          ],
          [
            4,
            0,
            0,
            0,
            20,
            150
          ]
        ],
        "six_way_labels": [
          "visual",
          "language-prior",
          "alignment",
          "mixed",
          "unclear",
          "no-failure"
        ],
        "signature_mse": 0.0079453869640096
      },
      "prediction_sets": {
        "coverage": 0.8967236467236467,
        "average_set_size": 2.700854700854701,
        "singleton_rate": 0.1339031339031339,
        "empty_set_rate": 0.099002849002849
      },
      "action_counts": {
        "blur": 1213,
        "blank": 1279,
        "crop": 797,
        "stop": 1404,
        "grounding": 738,
        "brightness": 112,
        "noise": 68,
        "relation": 5
      }
    },
    "proactive_no_stop|4|0.9": {
      "row_count": 1404,
      "mean_acquisition_cost": 4.0,
      "diagnostic": {
        "record_count": 1404,
        "source_bit_micro_f1": 0.9837150127226463,
        "source_bit_macro_f1": 0.9847150766109296,
        "source_bit_hamming_loss": 0.015194681861348529,
        "source_bit_auroc": {
          "visual": 0.9918953875609782,
          "language": 0.9996958488470834,
          "alignment": 0.9982042648709316
        },
        "six_way_macro_f1": 0.806465341614078,
        "six_way_balanced_accuracy": 0.8550848448052157,
        "six_way_confusion_matrix": [
          [
            178,
            0,
            0,
            0,
            2,
            7
          ],
          [
            0,
            390,
            0,
            1,
            0,
            1
          ],
          [
            0,
            0,
            43,
            1,
            0,
            0
          ],
          [
            5,
            21,
            17,
            552,
            0,
            0
          ],
          [
            0,
            0,
            0,
            0,
            5,
            7
          ],
          [
            0,
            0,
            0,
            0,
            24,
            150
          ]
        ],
        "six_way_labels": [
          "visual",
          "language-prior",
          "alignment",
          "mixed",
          "unclear",
          "no-failure"
        ],
        "signature_mse": 0.0061584464990171416
      },
      "prediction_sets": {
        "coverage": 0.8247863247863247,
        "average_set_size": 1.8361823361823362,
        "singleton_rate": 0.3190883190883191,
        "empty_set_rate": 0.16168091168091167
      },
      "action_counts": {
        "blur": 1326,
        "blank": 1354,
        "crop": 1196,
        "grounding": 928,
        "stop": 1404,
        "brightness": 684,
        "noise": 124,
        "relation": 4
      }
    },
    "proactive_no_stop|4|0.95": {
      "row_count": 1404,
      "mean_acquisition_cost": 4.0,
      "diagnostic": {
        "record_count": 1404,
        "source_bit_micro_f1": 0.9837150127226463,
        "source_bit_macro_f1": 0.9847150766109296,
        "source_bit_hamming_loss": 0.015194681861348529,
        "source_bit_auroc": {
          "visual": 0.9918953875609782,
          "language": 0.9996958488470834,
          "alignment": 0.9982042648709316
        },
        "six_way_macro_f1": 0.806465341614078,
        "six_way_balanced_accuracy": 0.8550848448052157,
        "six_way_confusion_matrix": [
          [
            178,
            0,
            0,
            0,
            2,
            7
          ],
          [
            0,
            390,
            0,
            1,
            0,
            1
          ],
          [
            0,
            0,
            43,
            1,
            0,
            0
          ],
          [
            5,
            21,
            17,
            552,
            0,
            0
          ],
          [
            0,
            0,
            0,
            0,
            5,
            7
          ],
          [
            0,
            0,
            0,
            0,
            24,
            150
          ]
        ],
        "six_way_labels": [
          "visual",
          "language-prior",
          "alignment",
          "mixed",
          "unclear",
          "no-failure"
        ],
        "signature_mse": 0.0061584464990171416
      },
      "prediction_sets": {
        "coverage": 0.8881766381766382,
        "average_set_size": 2.735042735042735,
        "singleton_rate": 0.19373219373219372,
        "empty_set_rate": 0.10826210826210826
      },
      "action_counts": {
        "blur": 1326,
        "blank": 1354,
        "crop": 1196,
        "grounding": 928,
        "stop": 1404,
        "brightness": 684,
        "noise": 124,
        "relation": 4
      }
    },
    "proactive_no_stop|7|0.9": {
      "row_count": 1404,
      "mean_acquisition_cost": 6.011396011396012,
      "diagnostic": {
        "record_count": 1404,
        "source_bit_micro_f1": 0.9969849246231156,
        "source_bit_macro_f1": 0.9970492589980061,
        "source_bit_hamming_loss": 0.002849002849002849,
        "source_bit_auroc": {
          "visual": 0.9999490788361459,
          "language": 0.9999918348683781,
          "alignment": 0.9997464355489047
        },
        "six_way_macro_f1": 0.8582522796095753,
        "six_way_balanced_accuracy": 0.8888773482224656,
        "six_way_confusion_matrix": [
          [
            187,
            0,
            0,
            0,
            0,
            0
          ],
          [
            0,
            390,
            0,
            2,
            0,
            0
          ],
          [
            0,
            0,
            43,
            1,
            0,
            0
          ],
          [
            1,
            0,
            3,
            591,
            0,
            0
          ],
          [
            0,
            0,
            0,
            0,
            6,
            6
          ],
          [
            0,
            0,
            0,
            0,
            23,
            151
          ]
        ],
        "six_way_labels": [
          "visual",
          "language-prior",
          "alignment",
          "mixed",
          "unclear",
          "no-failure"
        ],
        "signature_mse": 0.004559100802819239
      },
      "prediction_sets": {
        "coverage": 0.8703703703703703,
        "average_set_size": 1.814102564102564,
        "singleton_rate": 0.3789173789173789,
        "empty_set_rate": 0.1267806267806268
      },
      "action_counts": {
        "blur": 1404,
        "blank": 1404,
        "grounding": 1404,
        "brightness": 1404,
        "crop": 1404,
        "noise": 1404,
        "stop": 1404,
        "relation": 16
      }
    },
    "proactive_no_stop|7|0.95": {
      "row_count": 1404,
      "mean_acquisition_cost": 6.011396011396012,
      "diagnostic": {
        "record_count": 1404,
        "source_bit_micro_f1": 0.9969849246231156,
        "source_bit_macro_f1": 0.9970492589980061,
        "source_bit_hamming_loss": 0.002849002849002849,
        "source_bit_auroc": {
          "visual": 0.9999490788361459,
          "language": 0.9999918348683781,
          "alignment": 0.9997464355489047
        },
        "six_way_macro_f1": 0.8582522796095753,
        "six_way_balanced_accuracy": 0.8888773482224656,
        "six_way_confusion_matrix": [
          [
            187,
            0,
            0,
            0,
            0,
            0
          ],
          [
            0,
            390,
            0,
            2,
            0,
            0
          ],
          [
            0,
            0,
            43,
            1,
            0,
            0
          ],
          [
            1,
            0,
            3,
            591,
            0,
            0
          ],
          [
            0,
            0,
            0,
            0,
            6,
            6
          ],
          [
            0,
            0,
            0,
            0,
            23,
            151
          ]
        ],
        "six_way_labels": [
          "visual",
          "language-prior",
          "alignment",
          "mixed",
          "unclear",
          "no-failure"
        ],
        "signature_mse": 0.004559100802819239
      },
      "prediction_sets": {
        "coverage": 0.8974358974358975,
        "average_set_size": 3.5263532763532766,
        "singleton_rate": 0.17592592592592593,
        "empty_set_rate": 0.10113960113960115
      },
      "action_counts": {
        "blur": 1404,
        "blank": 1404,
        "grounding": 1404,
        "brightness": 1404,
        "crop": 1404,
        "noise": 1404,
        "stop": 1404,
        "relation": 16
      }
    },
    "proactive_global_aps|1|0.9": {
      "row_count": 1404,
      "mean_acquisition_cost": 1.0,
      "diagnostic": {
        "record_count": 1404,
        "source_bit_micro_f1": 0.8958762886597939,
        "source_bit_macro_f1": 0.8980805284361609,
        "source_bit_hamming_loss": 0.09591642924976258,
        "source_bit_auroc": {
          "visual": 0.9427483170555346,
          "language": 0.9802383401920438,
          "alignment": 0.9847133890343767
        },
        "six_way_macro_f1": 0.5796350383562641,
        "six_way_balanced_accuracy": 0.6739622024358333,
        "six_way_confusion_matrix": [
          [
            99,
            0,
            5,
            3,
            27,
            53
          ],
          [
            6,
            371,
            2,
            8,
            5,
            0
          ],
          [
            1,
            0,
            31,
            3,
            9,
            0
          ],
          [
            45,
            53,
            83,
            406,
            8,
            0
          ],
          [
            4,
            0,
            2,
            0,
            5,
            1
          ],
          [
            27,
            0,
            2,
            0,
            12,
            133
          ]
        ],
        "six_way_labels": [
          "visual",
          "language-prior",
          "alignment",
          "mixed",
          "unclear",
          "no-failure"
        ],
        "signature_mse": 0.026441967862160222
      },
      "prediction_sets": {
        "coverage": 0.9615384615384616,
        "average_set_size": 3.4074074074074074,
        "singleton_rate": 0.1103988603988604,
        "empty_set_rate": 0.0292022792022792
      },
      "action_counts": {
        "blur": 306,
        "stop": 1404,
        "grounding": 138,
        "blank": 948,
        "crop": 10,
        "brightness": 2
      }
    },
    "proactive_global_aps|1|0.95": {
      "row_count": 1404,
      "mean_acquisition_cost": 1.0,
      "diagnostic": {
        "record_count": 1404,
        "source_bit_micro_f1": 0.8958762886597939,
        "source_bit_macro_f1": 0.8980805284361609,
        "source_bit_hamming_loss": 0.09591642924976258,
        "source_bit_auroc": {
          "visual": 0.9427483170555346,
          "language": 0.9802383401920438,
          "alignment": 0.9847133890343767
        },
        "six_way_macro_f1": 0.5796350383562641,
        "six_way_balanced_accuracy": 0.6739622024358333,
        "six_way_confusion_matrix": [
          [
            99,
            0,
            5,
            3,
            27,
            53
          ],
          [
            6,
            371,
            2,
            8,
            5,
            0
          ],
          [
            1,
            0,
            31,
            3,
            9,
            0
          ],
          [
            45,
            53,
            83,
            406,
            8,
            0
          ],
          [
            4,
            0,
            2,
            0,
            5,
            1
          ],
          [
            27,
            0,
            2,
            0,
            12,
            133
          ]
        ],
        "six_way_labels": [
          "visual",
          "language-prior",
          "alignment",
          "mixed",
          "unclear",
          "no-failure"
        ],
        "signature_mse": 0.026441967862160222
      },
      "prediction_sets": {
        "coverage": 0.9971509971509972,
        "average_set_size": 4.898860398860399,
        "singleton_rate": 0.04415954415954416,
        "empty_set_rate": 0.0
      },
      "action_counts": {
        "blur": 306,
        "stop": 1404,
        "grounding": 138,
        "blank": 948,
        "crop": 10,
        "brightness": 2
      }
    },
    "proactive_global_aps|2|0.9": {
      "row_count": 1404,
      "mean_acquisition_cost": 1.9985754985754987,
      "diagnostic": {
        "record_count": 1404,
        "source_bit_micro_f1": 0.9478036175710595,
        "source_bit_macro_f1": 0.9499154310679478,
        "source_bit_hamming_loss": 0.04795821462488129,
        "source_bit_auroc": {
          "visual": 0.9738835534824983,
          "language": 0.9948396368149455,
          "alignment": 0.9946439705698965
        },
        "six_way_macro_f1": 0.7072583008311978,
        "six_way_balanced_accuracy": 0.7994048298525261,
        "six_way_confusion_matrix": [
          [
            148,
            0,
            1,
            0,
            19,
            19
          ],
          [
            2,
            382,
            0,
            5,
            0,
            3
          ],
          [
            0,
            0,
            40,
            2,
            2,
            0
          ],
          [
            17,
            39,
            46,
            486,
            4,
            3
          ],
          [
            1,
            0,
            0,
            0,
            6,
            5
          ],
          [
            5,
            1,
            2,
            0,
            26,
            140
          ]
        ],
        "six_way_labels": [
          "visual",
          "language-prior",
          "alignment",
          "mixed",
          "unclear",
          "no-failure"
        ],
        "signature_mse": 0.012319435684964916
      },
      "prediction_sets": {
        "coverage": 0.9109686609686609,
        "average_set_size": 2.7784900284900287,
        "singleton_rate": 0.13176638176638178,
        "empty_set_rate": 0.08547008547008547
      },
      "action_counts": {
        "blur": 1108,
        "blank": 1127,
        "stop": 1404,
        "grounding": 386,
        "brightness": 54,
        "crop": 104,
        "noise": 25,
        "relation": 2
      }
    },
    "proactive_global_aps|2|0.95": {
      "row_count": 1404,
      "mean_acquisition_cost": 1.9985754985754987,
      "diagnostic": {
        "record_count": 1404,
        "source_bit_micro_f1": 0.9478036175710595,
        "source_bit_macro_f1": 0.9499154310679478,
        "source_bit_hamming_loss": 0.04795821462488129,
        "source_bit_auroc": {
          "visual": 0.9738835534824983,
          "language": 0.9948396368149455,
          "alignment": 0.9946439705698965
        },
        "six_way_macro_f1": 0.7072583008311978,
        "six_way_balanced_accuracy": 0.7994048298525261,
        "six_way_confusion_matrix": [
          [
            148,
            0,
            1,
            0,
            19,
            19
          ],
          [
            2,
            382,
            0,
            5,
            0,
            3
          ],
          [
            0,
            0,
            40,
            2,
            2,
            0
          ],
          [
            17,
            39,
            46,
            486,
            4,
            3
          ],
          [
            1,
            0,
            0,
            0,
            6,
            5
          ],
          [
            5,
            1,
            2,
            0,
            26,
            140
          ]
        ],
        "six_way_labels": [
          "visual",
          "language-prior",
          "alignment",
          "mixed",
          "unclear",
          "no-failure"
        ],
        "signature_mse": 0.012319435684964916
      },
      "prediction_sets": {
        "coverage": 0.9985754985754985,
        "average_set_size": 4.489316239316239,
        "singleton_rate": 0.09757834757834757,
        "empty_set_rate": 0.0
      },
      "action_counts": {
        "blur": 1108,
        "blank": 1127,
        "stop": 1404,
        "grounding": 386,
        "brightness": 54,
        "crop": 104,
        "noise": 25,
        "relation": 2
      }
    },
    "proactive_global_aps|3|0.9": {
      "row_count": 1404,
      "mean_acquisition_cost": 2.990740740740741,
      "diagnostic": {
        "record_count": 1404,
        "source_bit_micro_f1": 0.9715457574980774,
        "source_bit_macro_f1": 0.9728952816288109,
        "source_bit_hamming_loss": 0.026353276353276354,
        "source_bit_auroc": {
          "visual": 0.9869051135032743,
          "language": 0.9988283036122542,
          "alignment": 0.99652076318743
        },
        "six_way_macro_f1": 0.7828513904403923,
        "six_way_balanced_accuracy": 0.8492194683516039,
        "six_way_confusion_matrix": [
          [
            167,
            0,
            0,
            0,
            6,
            14
          ],
          [
            0,
            390,
            0,
            1,
            0,
            1
          ],
          [
            0,
            0,
            42,
            1,
            0,
            1
          ],
          [
            10,
            27,
            26,
            530,
            0,
            2
          ],
          [
            0,
            0,
            0,
            0,
            6,
            6
          ],
          [
            4,
            0,
            0,
            0,
            20,
            150
          ]
        ],
        "six_way_labels": [
          "visual",
          "language-prior",
          "alignment",
          "mixed",
          "unclear",
          "no-failure"
        ],
        "signature_mse": 0.00793287238537311
      },
      "prediction_sets": {
        "coverage": 0.8881766381766382,
        "average_set_size": 2.4608262108262107,
        "singleton_rate": 0.16381766381766383,
        "empty_set_rate": 0.10754985754985755
      },
      "action_counts": {
        "blur": 1211,
        "blank": 1279,
        "crop": 795,
        "stop": 1404,
        "grounding": 737,
        "brightness": 110,
        "noise": 62,
        "relation": 5
      }
    },
    "proactive_global_aps|3|0.95": {
      "row_count": 1404,
      "mean_acquisition_cost": 2.990740740740741,
      "diagnostic": {
        "record_count": 1404,
        "source_bit_micro_f1": 0.9715457574980774,
        "source_bit_macro_f1": 0.9728952816288109,
        "source_bit_hamming_loss": 0.026353276353276354,
        "source_bit_auroc": {
          "visual": 0.9869051135032743,
          "language": 0.9988283036122542,
          "alignment": 0.99652076318743
        },
        "six_way_macro_f1": 0.7828513904403923,
        "six_way_balanced_accuracy": 0.8492194683516039,
        "six_way_confusion_matrix": [
          [
            167,
            0,
            0,
            0,
            6,
            14
          ],
          [
            0,
            390,
            0,
            1,
            0,
            1
          ],
          [
            0,
            0,
            42,
            1,
            0,
            1
          ],
          [
            10,
            27,
            26,
            530,
            0,
            2
          ],
          [
            0,
            0,
            0,
            0,
            6,
            6
          ],
          [
            4,
            0,
            0,
            0,
            20,
            150
          ]
        ],
        "six_way_labels": [
          "visual",
          "language-prior",
          "alignment",
          "mixed",
          "unclear",
          "no-failure"
        ],
        "signature_mse": 0.00793287238537311
      },
      "prediction_sets": {
        "coverage": 0.9992877492877493,
        "average_set_size": 4.312678062678063,
        "singleton_rate": 0.12464387464387465,
        "empty_set_rate": 0.0
      },
      "action_counts": {
        "blur": 1211,
        "blank": 1279,
        "crop": 795,
        "stop": 1404,
        "grounding": 737,
        "brightness": 110,
        "noise": 62,
        "relation": 5
      }
    },
    "proactive_global_aps|4|0.9": {
      "row_count": 1404,
      "mean_acquisition_cost": 3.8732193732193734,
      "diagnostic": {
        "record_count": 1404,
        "source_bit_micro_f1": 0.9834647672348003,
        "source_bit_macro_f1": 0.9844592704689524,
        "source_bit_hamming_loss": 0.015432098765432098,
        "source_bit_auroc": {
          "visual": 0.9918953875609782,
          "language": 0.999728509373571,
          "alignment": 0.9982042648709316
        },
        "six_way_macro_f1": 0.806465341614078,
        "six_way_balanced_accuracy": 0.8550848448052157,
        "six_way_confusion_matrix": [
          [
            178,
            0,
            0,
            0,
            2,
            7
          ],
          [
            0,
            390,
            0,
            1,
            0,
            1
          ],
          [
            0,
            0,
            43,
            1,
            0,
            0
          ],
          [
            5,
            21,
            17,
            552,
            0,
            0
          ],
          [
            0,
            0,
            0,
            0,
            5,
            7
          ],
          [
            0,
            0,
            0,
            0,
            24,
            150
          ]
        ],
        "six_way_labels": [
          "visual",
          "language-prior",
          "alignment",
          "mixed",
          "unclear",
          "no-failure"
        ],
        "signature_mse": 0.006083197278886923
      },
      "prediction_sets": {
        "coverage": 0.8703703703703703,
        "average_set_size": 2.257122507122507,
        "singleton_rate": 0.2378917378917379,
        "empty_set_rate": 0.1225071225071225
      },
      "action_counts": {
        "blur": 1310,
        "blank": 1352,
        "crop": 1110,
        "grounding": 920,
        "stop": 1404,
        "brightness": 638,
        "noise": 104,
        "relation": 4
      }
    },
    "proactive_global_aps|4|0.95": {
      "row_count": 1404,
      "mean_acquisition_cost": 3.8732193732193734,
      "diagnostic": {
        "record_count": 1404,
        "source_bit_micro_f1": 0.9834647672348003,
        "source_bit_macro_f1": 0.9844592704689524,
        "source_bit_hamming_loss": 0.015432098765432098,
        "source_bit_auroc": {
          "visual": 0.9918953875609782,
          "language": 0.999728509373571,
          "alignment": 0.9982042648709316
        },
        "six_way_macro_f1": 0.806465341614078,
        "six_way_balanced_accuracy": 0.8550848448052157,
        "six_way_confusion_matrix": [
          [
            178,
            0,
            0,
            0,
            2,
            7
          ],
          [
            0,
            390,
            0,
            1,
            0,
            1
          ],
          [
            0,
            0,
            43,
            1,
            0,
            0
          ],
          [
            5,
            21,
            17,
            552,
            0,
            0
          ],
          [
            0,
            0,
            0,
            0,
            5,
            7
          ],
          [
            0,
            0,
            0,
            0,
            24,
            150
          ]
        ],
        "six_way_labels": [
          "visual",
          "language-prior",
          "alignment",
          "mixed",
          "unclear",
          "no-failure"
        ],
        "signature_mse": 0.006083197278886923
      },
      "prediction_sets": {
        "coverage": 1.0,
        "average_set_size": 4.1581196581196584,
        "singleton_rate": 0.15313390313390313,
        "empty_set_rate": 0.0
      },
      "action_counts": {
        "blur": 1310,
        "blank": 1352,
        "crop": 1110,
        "grounding": 920,
        "stop": 1404,
        "brightness": 638,
        "noise": 104,
        "relation": 4
      }
    },
    "proactive_global_aps|7|0.9": {
      "row_count": 1404,
      "mean_acquisition_cost": 5.061253561253562,
      "diagnostic": {
        "record_count": 1404,
        "source_bit_micro_f1": 0.9947196379180286,
        "source_bit_macro_f1": 0.9948442755506527,
        "source_bit_hamming_loss": 0.004985754985754986,
        "source_bit_auroc": {
          "visual": 0.9988369606175719,
          "language": 0.9999244725324972,
          "alignment": 0.9997589059317454
        },
        "six_way_macro_f1": 0.8492960754465312,
        "six_way_balanced_accuracy": 0.88630541035641,
        "six_way_confusion_matrix": [
          [
            186,
            0,
            0,
            0,
            0,
            1
          ],
          [
            0,
            390,
            0,
            2,
            0,
            0
          ],
          [
            0,
            0,
            43,
            1,
            0,
            0
          ],
          [
            1,
            2,
            7,
            585,
            0,
            0
          ],
          [
            0,
            0,
            0,
            0,
            6,
            6
          ],
          [
            0,
            0,
            0,
            0,
            23,
            151
          ]
        ],
        "six_way_labels": [
          "visual",
          "language-prior",
          "alignment",
          "mixed",
          "unclear",
          "no-failure"
        ],
        "signature_mse": 0.005551941150731287
      },
      "prediction_sets": {
        "coverage": 0.8703703703703703,
        "average_set_size": 2.0982905982905984,
        "singleton_rate": 0.3126780626780627,
        "empty_set_rate": 0.1267806267806268
      },
      "action_counts": {
        "blur": 1320,
        "blank": 1383,
        "grounding": 1140,
        "brightness": 1125,
        "stop": 1404,
        "crop": 1183,
        "noise": 941,
        "relation": 14
      }
    },
    "proactive_global_aps|7|0.95": {
      "row_count": 1404,
      "mean_acquisition_cost": 5.061253561253562,
      "diagnostic": {
        "record_count": 1404,
        "source_bit_micro_f1": 0.9947196379180286,
        "source_bit_macro_f1": 0.9948442755506527,
        "source_bit_hamming_loss": 0.004985754985754986,
        "source_bit_auroc": {
          "visual": 0.9988369606175719,
          "language": 0.9999244725324972,
          "alignment": 0.9997589059317454
        },
        "six_way_macro_f1": 0.8492960754465312,
        "six_way_balanced_accuracy": 0.88630541035641,
        "six_way_confusion_matrix": [
          [
            186,
            0,
            0,
            0,
            0,
            1
          ],
          [
            0,
            390,
            0,
            2,
            0,
            0
          ],
          [
            0,
            0,
            43,
            1,
            0,
            0
          ],
          [
            1,
            2,
            7,
            585,
            0,
            0
          ],
          [
            0,
            0,
            0,
            0,
            6,
            6
          ],
          [
            0,
            0,
            0,
            0,
            23,
            151
          ]
        ],
        "six_way_labels": [
          "visual",
          "language-prior",
          "alignment",
          "mixed",
          "unclear",
          "no-failure"
        ],
        "signature_mse": 0.005551941150731287
      },
      "prediction_sets": {
        "coverage": 0.9985754985754985,
        "average_set_size": 4.0747863247863245,
        "singleton_rate": 0.18732193732193733,
        "empty_set_rate": 0.0
      },
      "action_counts": {
        "blur": 1320,
        "blank": 1383,
        "grounding": 1140,
        "brightness": 1125,
        "stop": 1404,
        "crop": 1183,
        "noise": 941,
        "relation": 14
      }
    }
  },
  "csv_path": "outputs/week8_ablations/reference/frontier_validation.csv",
  "csv_sha256": "2a34cc3de15199d3e89b573f1a8ecb67ce203d0a6525945af0b834f1ea9ff069",
  "trajectory_path": "outputs/week8_ablations/reference/trajectories_validation.jsonl",
  "trajectory_sha256": "7872a3f4af0087e67b955511baba5f44e2565466034e92f672b80a7ec21d7d2f",
  "report_sha256": "a771b044fcb815ccba6a4450ef549d6ef60c08f57a1195b291dda4a5223e31e0"
}
	Command being timed: "timeout --signal=TERM --kill-after=5m 707s env CUDA_VISIBLE_DEVICES=1 python scripts/eval_week8_ablation.py --week8_config configs/experiments/week8_evaluation.yaml --ablation_id reference --manifest_path outputs/week5_data/vectorized_manifest.json --diagnostic_checkpoint outputs/week5_checkpoints/diag_deep_sets_standard_seed42.best.pt --policy_checkpoint outputs/week6_checkpoints/policy_deep_sets_standard_lambda0_seed42.best.pt --aps_report outputs/week5_reports/temporary_aps_deep_sets_standard_seed42.json --freeze_manifest outputs/week7_frozen/main_stack_freeze.json --teacher_path outputs/teacher_core_contract_v1_recovered --output_dir outputs/week8_ablations/reference --budgets 1 2 3 4 7 --coverages 0.90 0.95 --seed 42 --device cuda:0 --resume"
	User time (seconds): 100.34
	System time (seconds): 6.33
	Percent of CPU this job got: 113%
	Elapsed (wall clock) time (h:mm:ss or m:ss): 1:34.15
	Average shared text size (kbytes): 0
	Average unshared data size (kbytes): 0
	Average stack size (kbytes): 0
	Average total size (kbytes): 0
	Maximum resident set size (kbytes): 1127964
	Average resident set size (kbytes): 0
	Major (requiring I/O) page faults: 0
	Minor (reclaiming a frame) page faults: 216417
	Voluntary context switches: 1627
	Involuntary context switches: 46000
	Swaps: 0
	File system inputs: 0
	File system outputs: 76072
	Socket messages sent: 0
	Socket messages received: 0
	Signals delivered: 0
	Page size (bytes): 4096
	Exit status: 0
reference validation frontier exit code: 0
