{
  "format_version": "temporary_validation_aps_v1",
  "status": "TEMPORARY_NOT_FINAL_CALIBRATION",
  "fit_split": "val",
  "calibration_split_used": false,
  "test_split_used": false,
  "config_sha256": "0293d3bdbcd91299f7f4ec0e501917e2d40bfcc40b2a33d5591f0ac0330f3d74",
  "checkpoint_path": "outputs/week5_checkpoints/diag_gru_canonical_seed43.best.pt",
  "checkpoint_sha256": "8367d5b51d27e13c307f8d34a495f72acb941e34af40f992c024081274120543",
  "source_manifest_sha256": "1fac2c343e57ca8b6702c4e6a282a7b86a48042a6d133ba84612b5b1c50201ae",
  "budgets": [
    1,
    2,
    3,
    4,
    7
  ],
  "coverages": [
    0.9,
    0.95
  ],
  "limit": null,
  "thresholds": {
    "1": {
      "0.9": {
        "alpha": 0.09999999999999998,
        "target_coverage": 0.9,
        "threshold": 0.9999589920043945,
        "calibration_count": 9844,
        "validation_metrics": {
          "coverage": 0.9003453880536367,
          "average_set_size": 3.425436814303129,
          "singleton_rate": 0.24299065420560748,
          "empty_set_rate": 0.04744006501422186
        }
      },
      "0.95": {
        "alpha": 0.050000000000000044,
        "target_coverage": 0.95,
        "threshold": 0.9999927580356598,
        "calibration_count": 9844,
        "validation_metrics": {
          "coverage": 0.9501219016659894,
          "average_set_size": 3.664770418529053,
          "singleton_rate": 0.17472572125152377,
          "empty_set_rate": 0.012698090207232832
        }
      }
    },
    "2": {
      "0.9": {
        "alpha": 0.09999999999999998,
        "target_coverage": 0.9,
        "threshold": 0.9999785423278809,
        "calibration_count": 17531,
        "validation_metrics": {
          "coverage": 0.9001768296161086,
          "average_set_size": 3.177571159660031,
          "singleton_rate": 0.3008385146312247,
          "empty_set_rate": 0.04728766185614055
        }
      },
      "0.95": {
        "alpha": 0.050000000000000044,
        "target_coverage": 0.95,
        "threshold": 0.9999982267618179,
        "calibration_count": 17531,
        "validation_metrics": {
          "coverage": 0.9500884148080543,
          "average_set_size": 3.594603844618105,
          "singleton_rate": 0.11858992641606297,
          "empty_set_rate": 0.020306884946665906
        }
      }
    },
    "3": {
      "0.9": {
        "alpha": 0.09999999999999998,
        "target_coverage": 0.9,
        "threshold": 0.9999867677688599,
        "calibration_count": 25419,
        "validation_metrics": {
          "coverage": 0.900153428537708,
          "average_set_size": 2.999252527636807,
          "singleton_rate": 0.323852236515992,
          "empty_set_rate": 0.052519768676973916
        }
      },
      "0.95": {
        "alpha": 0.050000000000000044,
        "target_coverage": 0.95,
        "threshold": 0.9999993145465851,
        "calibration_count": 25419,
        "validation_metrics": {
          "coverage": 0.950076714268854,
          "average_set_size": 3.5869231677091937,
          "singleton_rate": 0.07116723710610173,
          "empty_set_rate": 0.028128565246469176
        }
      }
    },
    "4": {
      "0.9": {
        "alpha": 0.09999999999999998,
        "target_coverage": 0.9,
        "threshold": 0.9999904632568359,
        "calibration_count": 33108,
        "validation_metrics": {
          "coverage": 0.9002657967862753,
          "average_set_size": 2.8641718013773105,
          "singleton_rate": 0.3342696629213483,
          "empty_set_rate": 0.05820345535822158
        }
      },
      "0.95": {
        "alpha": 0.050000000000000044,
        "target_coverage": 0.95,
        "threshold": 0.9999996423721313,
        "calibration_count": 33108,
        "validation_metrics": {
          "coverage": 0.9501631025733962,
          "average_set_size": 3.533858886069832,
          "singleton_rate": 0.056179775280898875,
          "empty_set_rate": 0.033466231726470945
        }
      }
    },
    "7": {
      "0.9": {
        "alpha": 0.09999999999999998,
        "target_coverage": 0.9,
        "threshold": 0.9999919533729553,
        "calibration_count": 37368,
        "validation_metrics": {
          "coverage": 0.9000749304217512,
          "average_set_size": 2.7752890173410405,
          "singleton_rate": 0.3255191607792764,
          "empty_set_rate": 0.06157675016056519
        }
      },
      "0.95": {
        "alpha": 0.050000000000000044,
        "target_coverage": 0.95,
        "threshold": 0.9999998286366463,
        "calibration_count": 37368,
        "validation_metrics": {
          "coverage": 0.9500642260757868,
          "average_set_size": 3.574609291372297,
          "singleton_rate": 0.032808820381074716,
          "empty_set_rate": 0.038027189038749735
        }
      }
    }
  },
  "report_sha256": "fff38031145ff06b447675fa816c51fa5be1876c2ce10c2a4d7ed8cd2699a10f"
}
