{
  "format_version": "temporary_validation_aps_v1",
  "status": "TEMPORARY_NOT_FINAL_CALIBRATION",
  "fit_split": "val",
  "calibration_split_used": false,
  "test_split_used": false,
  "config_sha256": "0293d3bdbcd91299f7f4ec0e501917e2d40bfcc40b2a33d5591f0ac0330f3d74",
  "checkpoint_path": "outputs/week5_checkpoints/diag_masked_slot_mlp_standard_seed43.best.pt",
  "checkpoint_sha256": "5b36155729f4ec2e7053b1f8e64776658234485e5c0e51f32e1de456b3783de3",
  "source_manifest_sha256": "1fac2c343e57ca8b6702c4e6a282a7b86a48042a6d133ba84612b5b1c50201ae",
  "budgets": [
    1,
    2,
    3,
    4,
    7
  ],
  "coverages": [
    0.9,
    0.95
  ],
  "limit": null,
  "thresholds": {
    "1": {
      "0.9": {
        "alpha": 0.09999999999999998,
        "target_coverage": 0.9,
        "threshold": 0.9999886751174927,
        "calibration_count": 9844,
        "validation_metrics": {
          "coverage": 0.900142218610321,
          "average_set_size": 3.5994514425030477,
          "singleton_rate": 0.17350670459162942,
          "empty_set_rate": 0.054754164973587975
        }
      },
      "0.95": {
        "alpha": 0.050000000000000044,
        "target_coverage": 0.95,
        "threshold": 0.9999987185001373,
        "calibration_count": 9844,
        "validation_metrics": {
          "coverage": 0.9501219016659894,
          "average_set_size": 3.88165379926859,
          "singleton_rate": 0.14110117838277123,
          "empty_set_rate": 0.01645672490857375
        }
      }
    },
    "2": {
      "0.9": {
        "alpha": 0.09999999999999998,
        "target_coverage": 0.9,
        "threshold": 0.9999961853027344,
        "calibration_count": 17531,
        "validation_metrics": {
          "coverage": 0.9001768296161086,
          "average_set_size": 3.4305515943186355,
          "singleton_rate": 0.187496434886772,
          "empty_set_rate": 0.06086361302834978
        }
      },
      "0.95": {
        "alpha": 0.050000000000000044,
        "target_coverage": 0.95,
        "threshold": 0.9999996423721313,
        "calibration_count": 17531,
        "validation_metrics": {
          "coverage": 0.9504877074895899,
          "average_set_size": 3.7629342307911697,
          "singleton_rate": 0.15777765101819632,
          "empty_set_rate": 0.022189264731047858
        }
      }
    },
    "3": {
      "0.9": {
        "alpha": 0.09999999999999998,
        "target_coverage": 0.9,
        "threshold": 0.9999985694885254,
        "calibration_count": 25419,
        "validation_metrics": {
          "coverage": 0.9012156261064558,
          "average_set_size": 3.3251898186396005,
          "singleton_rate": 0.19957512097250088,
          "empty_set_rate": 0.06664306227625005
        }
      },
      "0.95": {
        "alpha": 0.050000000000000044,
        "target_coverage": 0.95,
        "threshold": 0.9999998807907104,
        "calibration_count": 25419,
        "validation_metrics": {
          "coverage": 0.9515716589952398,
          "average_set_size": 3.6917266611589756,
          "singleton_rate": 0.17010897360242339,
          "empty_set_rate": 0.025846807506196154
        }
      }
    },
    "4": {
      "0.9": {
        "alpha": 0.09999999999999998,
        "target_coverage": 0.9,
        "threshold": 0.9999992847442627,
        "calibration_count": 33108,
        "validation_metrics": {
          "coverage": 0.9011115138335145,
          "average_set_size": 3.2333574966775402,
          "singleton_rate": 0.21191252869397126,
          "empty_set_rate": 0.07064757762474326
        }
      },
      "0.95": {
        "alpha": 0.050000000000000044,
        "target_coverage": 0.95,
        "threshold": 0.9999999888241291,
        "calibration_count": 33108,
        "validation_metrics": {
          "coverage": 0.9501026942128791,
          "average_set_size": 4.509967379485321,
          "singleton_rate": 0.09547541379726954,
          "empty_set_rate": 0.03787604204421892
        }
      }
    },
    "7": {
      "0.9": {
        "alpha": 0.09999999999999998,
        "target_coverage": 0.9,
        "threshold": 0.9999995231628418,
        "calibration_count": 37368,
        "validation_metrics": {
          "coverage": 0.9011453650181974,
          "average_set_size": 3.1184435880967674,
          "singleton_rate": 0.22770819952900878,
          "empty_set_rate": 0.07305716120745022
        }
      },
      "0.95": {
        "alpha": 0.050000000000000044,
        "target_coverage": 0.95,
        "threshold": 1.0,
        "calibration_count": 37368,
        "validation_metrics": {
          "coverage": 0.9922661100406766,
          "average_set_size": 4.663883536715907,
          "singleton_rate": 0.13029865125240847,
          "empty_set_rate": 0.0
        }
      }
    }
  },
  "report_sha256": "fe90220be37c28334e0074d634fd92eebdf284b3d6f1da1717182bc61146bff8"
}
