{
  "format_version": "temporary_validation_aps_v1",
  "status": "TEMPORARY_NOT_FINAL_CALIBRATION",
  "fit_split": "val",
  "calibration_split_used": false,
  "test_split_used": false,
  "config_sha256": "0293d3bdbcd91299f7f4ec0e501917e2d40bfcc40b2a33d5591f0ac0330f3d74",
  "checkpoint_path": "outputs/week5_checkpoints/diag_gru_random_permutation_seed42.best.pt",
  "checkpoint_sha256": "883b78c4264d7336dab9aa45e5dcc8eabafc83c8ea058b63d935278fe0dd8126",
  "source_manifest_sha256": "1fac2c343e57ca8b6702c4e6a282a7b86a48042a6d133ba84612b5b1c50201ae",
  "budgets": [
    1,
    2,
    3,
    4,
    7
  ],
  "coverages": [
    0.9,
    0.95
  ],
  "limit": null,
  "thresholds": {
    "1": {
      "0.9": {
        "alpha": 0.09999999999999998,
        "target_coverage": 0.9,
        "threshold": 0.9998946189880371,
        "calibration_count": 9844,
        "validation_metrics": {
          "coverage": 0.900142218610321,
          "average_set_size": 3.3999390491670054,
          "singleton_rate": 0.27732629012596505,
          "empty_set_rate": 0.042360828931328726
        }
      },
      "0.95": {
        "alpha": 0.050000000000000044,
        "target_coverage": 0.95,
        "threshold": 0.9999819993972778,
        "calibration_count": 9844,
        "validation_metrics": {
          "coverage": 0.9501219016659894,
          "average_set_size": 3.6540024380333196,
          "singleton_rate": 0.17482730597318163,
          "empty_set_rate": 0.013206013815522145
        }
      }
    },
    "2": {
      "0.9": {
        "alpha": 0.09999999999999998,
        "target_coverage": 0.9,
        "threshold": 0.9999409914016724,
        "calibration_count": 17531,
        "validation_metrics": {
          "coverage": 0.9000627459928128,
          "average_set_size": 3.1556100621755747,
          "singleton_rate": 0.3089954936968798,
          "empty_set_rate": 0.04928412526381838
        }
      },
      "0.95": {
        "alpha": 0.050000000000000044,
        "target_coverage": 0.95,
        "threshold": 0.9999896287918091,
        "calibration_count": 17531,
        "validation_metrics": {
          "coverage": 0.9500884148080543,
          "average_set_size": 3.5017968170669103,
          "singleton_rate": 0.1482516684729907,
          "empty_set_rate": 0.022873766470823113
        }
      }
    },
    "3": {
      "0.9": {
        "alpha": 0.09999999999999998,
        "target_coverage": 0.9,
        "threshold": 0.9999575614929199,
        "calibration_count": 25419,
        "validation_metrics": {
          "coverage": 0.9000747472363193,
          "average_set_size": 2.981667256776427,
          "singleton_rate": 0.3212950942208584,
          "empty_set_rate": 0.05625713049293835
        }
      },
      "0.95": {
        "alpha": 0.050000000000000044,
        "target_coverage": 0.95,
        "threshold": 0.999994158744812,
        "calibration_count": 25419,
        "validation_metrics": {
          "coverage": 0.9501160549195483,
          "average_set_size": 3.4639442936386167,
          "singleton_rate": 0.10370195523033951,
          "empty_set_rate": 0.02993823517840985
        }
      }
    },
    "4": {
      "0.9": {
        "alpha": 0.09999999999999998,
        "target_coverage": 0.9,
        "threshold": 0.9999654293060303,
        "calibration_count": 33108,
        "validation_metrics": {
          "coverage": 0.9000845717047239,
          "average_set_size": 2.866950585961097,
          "singleton_rate": 0.30666304216503565,
          "empty_set_rate": 0.06231122387338408
        }
      },
      "0.95": {
        "alpha": 0.050000000000000044,
        "target_coverage": 0.95,
        "threshold": 0.9999970197677612,
        "calibration_count": 33108,
        "validation_metrics": {
          "coverage": 0.9503443276549475,
          "average_set_size": 3.483055454874955,
          "singleton_rate": 0.06364020780476018,
          "empty_set_rate": 0.035338890902500905
        }
      }
    },
    "7": {
      "0.9": {
        "alpha": 0.09999999999999998,
        "target_coverage": 0.9,
        "threshold": 0.9999692440032959,
        "calibration_count": 37368,
        "validation_metrics": {
          "coverage": 0.9001819738813959,
          "average_set_size": 2.8004977520873475,
          "singleton_rate": 0.27333547420252624,
          "empty_set_rate": 0.06711624919717406
        }
      },
      "0.95": {
        "alpha": 0.050000000000000044,
        "target_coverage": 0.95,
        "threshold": 0.9999983310699463,
        "calibration_count": 37368,
        "validation_metrics": {
          "coverage": 0.9501177478056091,
          "average_set_size": 3.514236780132734,
          "singleton_rate": 0.038482123742239346,
          "empty_set_rate": 0.03963284093341897
        }
      }
    }
  },
  "report_sha256": "db081711d543b029687dd5bd4f845a35a4571f47c42d195029dfda24c5091af7"
}
