{
  "format_version": "temporary_validation_aps_v1",
  "status": "TEMPORARY_NOT_FINAL_CALIBRATION",
  "fit_split": "val",
  "calibration_split_used": false,
  "test_split_used": false,
  "config_sha256": "0293d3bdbcd91299f7f4ec0e501917e2d40bfcc40b2a33d5591f0ac0330f3d74",
  "checkpoint_path": "outputs/week5_checkpoints/diag_gru_random_permutation_seed44.best.pt",
  "checkpoint_sha256": "a71ea42ea9b1dd6b2f4089bb5e3dc6d1e7556b8d6e55654a060534a841f96a96",
  "source_manifest_sha256": "1fac2c343e57ca8b6702c4e6a282a7b86a48042a6d133ba84612b5b1c50201ae",
  "budgets": [
    1,
    2,
    3,
    4,
    7
  ],
  "coverages": [
    0.9,
    0.95
  ],
  "limit": null,
  "thresholds": {
    "1": {
      "0.9": {
        "alpha": 0.09999999999999998,
        "target_coverage": 0.9,
        "threshold": 0.9999969005584717,
        "calibration_count": 9844,
        "validation_metrics": {
          "coverage": 0.9003453880536367,
          "average_set_size": 3.6712718407151566,
          "singleton_rate": 0.1311458756603007,
          "empty_set_rate": 0.07303941487200324
        }
      },
      "0.95": {
        "alpha": 0.050000000000000044,
        "target_coverage": 0.95,
        "threshold": 0.9999990463256836,
        "calibration_count": 9844,
        "validation_metrics": {
          "coverage": 0.9505282405526209,
          "average_set_size": 3.865197074360016,
          "singleton_rate": 0.1240349451442503,
          "empty_set_rate": 0.026107273466070703
        }
      }
    },
    "2": {
      "0.9": {
        "alpha": 0.09999999999999998,
        "target_coverage": 0.9,
        "threshold": 0.9999983310699463,
        "calibration_count": 17531,
        "validation_metrics": {
          "coverage": 0.9003479550510525,
          "average_set_size": 3.552506987621927,
          "singleton_rate": 0.1338200901260624,
          "empty_set_rate": 0.07877474188580229
        }
      },
      "0.95": {
        "alpha": 0.050000000000000044,
        "target_coverage": 0.95,
        "threshold": 0.9999996423721313,
        "calibration_count": 17531,
        "validation_metrics": {
          "coverage": 0.9528264217671554,
          "average_set_size": 3.816211282870344,
          "singleton_rate": 0.09041127146198163,
          "empty_set_rate": 0.030631452854942672
        }
      }
    },
    "3": {
      "0.9": {
        "alpha": 0.09999999999999998,
        "target_coverage": 0.9,
        "threshold": 0.9999987781047821,
        "calibration_count": 25419,
        "validation_metrics": {
          "coverage": 0.9001140878870136,
          "average_set_size": 3.453125614697667,
          "singleton_rate": 0.14056414493095715,
          "empty_set_rate": 0.08163185019080216
        }
      },
      "0.95": {
        "alpha": 0.050000000000000044,
        "target_coverage": 0.95,
        "threshold": 0.9999998807907104,
        "calibration_count": 25419,
        "validation_metrics": {
          "coverage": 0.9545615484480113,
          "average_set_size": 3.8123844368385855,
          "singleton_rate": 0.053778669499193514,
          "empty_set_rate": 0.033360871788819385
        }
      }
    },
    "4": {
      "0.9": {
        "alpha": 0.09999999999999998,
        "target_coverage": 0.9,
        "threshold": 0.9999990463256836,
        "calibration_count": 33108,
        "validation_metrics": {
          "coverage": 0.9014739639966172,
          "average_set_size": 3.3780053159357255,
          "singleton_rate": 0.14307720188474085,
          "empty_set_rate": 0.08257822882686963
        }
      },
      "0.95": {
        "alpha": 0.050000000000000044,
        "target_coverage": 0.95,
        "threshold": 0.9999999850988388,
        "calibration_count": 33108,
        "validation_metrics": {
          "coverage": 0.9503443276549475,
          "average_set_size": 4.512655551528331,
          "singleton_rate": 0.01389392291893198,
          "empty_set_rate": 0.04382626555515284
        }
      }
    },
    "7": {
      "0.9": {
        "alpha": 0.09999999999999998,
        "target_coverage": 0.9,
        "threshold": 0.9999994039535522,
        "calibration_count": 37368,
        "validation_metrics": {
          "coverage": 0.9041693427531577,
          "average_set_size": 3.353243416827232,
          "singleton_rate": 0.12880004281738386,
          "empty_set_rate": 0.08285163776493257
        }
      },
      "0.95": {
        "alpha": 0.050000000000000044,
        "target_coverage": 0.95,
        "threshold": 1.0,
        "calibration_count": 37368,
        "validation_metrics": {
          "coverage": 0.9963872832369942,
          "average_set_size": 4.751123956326269,
          "singleton_rate": 0.062433097837722114,
          "empty_set_rate": 0.0
        }
      }
    }
  },
  "report_sha256": "b24a9d2337127d06bf292d1692dc819897724c1c92f21a8cc47a19edf57ad7a2"
}
