{
  "format_version": "temporary_validation_aps_v1",
  "status": "TEMPORARY_NOT_FINAL_CALIBRATION",
  "fit_split": "val",
  "calibration_split_used": false,
  "test_split_used": false,
  "config_sha256": "0293d3bdbcd91299f7f4ec0e501917e2d40bfcc40b2a33d5591f0ac0330f3d74",
  "checkpoint_path": "outputs/week5_checkpoints/diag_gru_canonical_seed44.best.pt",
  "checkpoint_sha256": "301c175b2bc60f1451015c6d9c87dab78a00a7d30c1c04afaff6c0358427dbdb",
  "source_manifest_sha256": "1fac2c343e57ca8b6702c4e6a282a7b86a48042a6d133ba84612b5b1c50201ae",
  "budgets": [
    1,
    2,
    3,
    4,
    7
  ],
  "coverages": [
    0.9,
    0.95
  ],
  "limit": null,
  "thresholds": {
    "1": {
      "0.9": {
        "alpha": 0.09999999999999998,
        "target_coverage": 0.9,
        "threshold": 0.9997305274009705,
        "calibration_count": 9844,
        "validation_metrics": {
          "coverage": 0.900142218610321,
          "average_set_size": 3.375558715969118,
          "singleton_rate": 0.26523770824867937,
          "empty_set_rate": 0.044798862251117434
        }
      },
      "0.95": {
        "alpha": 0.050000000000000044,
        "target_coverage": 0.95,
        "threshold": 0.9999830275774002,
        "calibration_count": 9844,
        "validation_metrics": {
          "coverage": 0.9501219016659894,
          "average_set_size": 3.685696871190573,
          "singleton_rate": 0.17208451848841935,
          "empty_set_rate": 0.012088581877285657
        }
      }
    },
    "2": {
      "0.9": {
        "alpha": 0.09999999999999998,
        "target_coverage": 0.9,
        "threshold": 0.9998678267002106,
        "calibration_count": 17531,
        "validation_metrics": {
          "coverage": 0.9000627459928128,
          "average_set_size": 3.108379442131082,
          "singleton_rate": 0.321658775882722,
          "empty_set_rate": 0.046317951058125605
        }
      },
      "0.95": {
        "alpha": 0.050000000000000044,
        "target_coverage": 0.95,
        "threshold": 0.9999924004077911,
        "calibration_count": 17531,
        "validation_metrics": {
          "coverage": 0.9500884148080543,
          "average_set_size": 3.5020820261251497,
          "singleton_rate": 0.17009868233415093,
          "empty_set_rate": 0.020877303063145284
        }
      }
    },
    "3": {
      "0.9": {
        "alpha": 0.09999999999999998,
        "target_coverage": 0.9,
        "threshold": 0.9999239444732666,
        "calibration_count": 25419,
        "validation_metrics": {
          "coverage": 0.900035406585625,
          "average_set_size": 2.9151028758015656,
          "singleton_rate": 0.358590031079114,
          "empty_set_rate": 0.05177229631378103
        }
      },
      "0.95": {
        "alpha": 0.050000000000000044,
        "target_coverage": 0.95,
        "threshold": 0.999996542930603,
        "calibration_count": 25419,
        "validation_metrics": {
          "coverage": 0.9501160549195483,
          "average_set_size": 3.4492702309296197,
          "singleton_rate": 0.10393799913450569,
          "empty_set_rate": 0.02867933435619025
        }
      }
    },
    "4": {
      "0.9": {
        "alpha": 0.09999999999999998,
        "target_coverage": 0.9,
        "threshold": 0.9999423027038574,
        "calibration_count": 33108,
        "validation_metrics": {
          "coverage": 0.9000845717047239,
          "average_set_size": 2.7648604566872055,
          "singleton_rate": 0.38437839797027906,
          "empty_set_rate": 0.055907937658571945
        }
      },
      "0.95": {
        "alpha": 0.050000000000000044,
        "target_coverage": 0.95,
        "threshold": 0.9999985694885254,
        "calibration_count": 33108,
        "validation_metrics": {
          "coverage": 0.9502537151141718,
          "average_set_size": 3.4924187507551046,
          "singleton_rate": 0.04877975111755467,
          "empty_set_rate": 0.03458378639603721
        }
      }
    },
    "7": {
      "0.9": {
        "alpha": 0.09999999999999998,
        "target_coverage": 0.9,
        "threshold": 0.9999580383300781,
        "calibration_count": 37368,
        "validation_metrics": {
          "coverage": 0.9001284521515736,
          "average_set_size": 2.668994861913937,
          "singleton_rate": 0.3898790408906016,
          "empty_set_rate": 0.059516163562406334
        }
      },
      "0.95": {
        "alpha": 0.050000000000000044,
        "target_coverage": 0.95,
        "threshold": 0.9999994039535522,
        "calibration_count": 37368,
        "validation_metrics": {
          "coverage": 0.9502515521301649,
          "average_set_size": 3.496387283236994,
          "singleton_rate": 0.03444123314065511,
          "empty_set_rate": 0.03797366730892743
        }
      }
    }
  },
  "report_sha256": "17dc56dfb1feaf19c46d9a9ea77e3789dde2710db94b6cb3990537df9e460eb0"
}
