{
  "format_version": "temporary_validation_aps_v1",
  "status": "TEMPORARY_NOT_FINAL_CALIBRATION",
  "fit_split": "val",
  "calibration_split_used": false,
  "test_split_used": false,
  "config_sha256": "0293d3bdbcd91299f7f4ec0e501917e2d40bfcc40b2a33d5591f0ac0330f3d74",
  "checkpoint_path": "outputs/week5_checkpoints/diag_deep_sets_standard_seed43.best.pt",
  "checkpoint_sha256": "5ffa7f7b20fee4454693132de8995cd3237ff432794237bff2a1702d1370afa6",
  "source_manifest_sha256": "1fac2c343e57ca8b6702c4e6a282a7b86a48042a6d133ba84612b5b1c50201ae",
  "budgets": [
    1,
    2,
    3,
    4,
    7
  ],
  "coverages": [
    0.9,
    0.95
  ],
  "limit": null,
  "thresholds": {
    "1": {
      "0.9": {
        "alpha": 0.09999999999999998,
        "target_coverage": 0.9,
        "threshold": 0.9999912977218628,
        "calibration_count": 9844,
        "validation_metrics": {
          "coverage": 0.900142218610321,
          "average_set_size": 3.5134091832588377,
          "singleton_rate": 0.2331369362047948,
          "empty_set_rate": 0.05444941080861439
        }
      },
      "0.95": {
        "alpha": 0.050000000000000044,
        "target_coverage": 0.95,
        "threshold": 0.999998927116394,
        "calibration_count": 9844,
        "validation_metrics": {
          "coverage": 0.9511377488825681,
          "average_set_size": 3.8008939455505892,
          "singleton_rate": 0.16659894351889476,
          "empty_set_rate": 0.016659894351889477
        }
      }
    },
    "2": {
      "0.9": {
        "alpha": 0.09999999999999998,
        "target_coverage": 0.9,
        "threshold": 0.9999952912330627,
        "calibration_count": 17531,
        "validation_metrics": {
          "coverage": 0.9000627459928128,
          "average_set_size": 3.2834407620786035,
          "singleton_rate": 0.25520506531287435,
          "empty_set_rate": 0.0557868917916833
        }
      },
      "0.95": {
        "alpha": 0.050000000000000044,
        "target_coverage": 0.95,
        "threshold": 0.9999995231628418,
        "calibration_count": 17531,
        "validation_metrics": {
          "coverage": 0.9524841708972677,
          "average_set_size": 3.6272888026923735,
          "singleton_rate": 0.18669784952370086,
          "empty_set_rate": 0.018082254292396325
        }
      }
    },
    "3": {
      "0.9": {
        "alpha": 0.09999999999999998,
        "target_coverage": 0.9,
        "threshold": 0.9999973773956299,
        "calibration_count": 25419,
        "validation_metrics": {
          "coverage": 0.9004288130925685,
          "average_set_size": 3.168220622369094,
          "singleton_rate": 0.26137928321334436,
          "empty_set_rate": 0.0611353711790393
        }
      },
      "0.95": {
        "alpha": 0.050000000000000044,
        "target_coverage": 0.95,
        "threshold": 0.9999998211860657,
        "calibration_count": 25419,
        "validation_metrics": {
          "coverage": 0.950509461426492,
          "average_set_size": 3.5747275659939417,
          "singleton_rate": 0.1780557850426846,
          "empty_set_rate": 0.02549274164994689
        }
      }
    },
    "4": {
      "0.9": {
        "alpha": 0.09999999999999998,
        "target_coverage": 0.9,
        "threshold": 0.9999984502792358,
        "calibration_count": 33108,
        "validation_metrics": {
          "coverage": 0.9012927389150659,
          "average_set_size": 3.074694937779389,
          "singleton_rate": 0.2632596351335025,
          "empty_set_rate": 0.06436510813096533
        }
      },
      "0.95": {
        "alpha": 0.050000000000000044,
        "target_coverage": 0.95,
        "threshold": 0.9999999199062586,
        "calibration_count": 33108,
        "validation_metrics": {
          "coverage": 0.950042285852362,
          "average_set_size": 3.57113084450888,
          "singleton_rate": 0.17536547058112842,
          "empty_set_rate": 0.029449075752084088
        }
      }
    },
    "7": {
      "0.9": {
        "alpha": 0.09999999999999998,
        "target_coverage": 0.9,
        "threshold": 0.9999988079071045,
        "calibration_count": 37368,
        "validation_metrics": {
          "coverage": 0.9004228216655963,
          "average_set_size": 3.0036929993577393,
          "singleton_rate": 0.2704988225219439,
          "empty_set_rate": 0.06767822736030829
        }
      },
      "0.95": {
        "alpha": 0.050000000000000044,
        "target_coverage": 0.95,
        "threshold": 0.9999999809660949,
        "calibration_count": 37368,
        "validation_metrics": {
          "coverage": 0.9500374652108756,
          "average_set_size": 4.269294583600942,
          "singleton_rate": 0.10578569899379148,
          "empty_set_rate": 0.03821451509312781
        }
      }
    }
  },
  "report_sha256": "2eb817ad045f7d935cdb68d614c50e089d132199af496c71c7cc7126d14e8640"
}
