{
  "format_version": "temporary_validation_aps_v1",
  "status": "TEMPORARY_NOT_FINAL_CALIBRATION",
  "fit_split": "val",
  "calibration_split_used": false,
  "test_split_used": false,
  "config_sha256": "0293d3bdbcd91299f7f4ec0e501917e2d40bfcc40b2a33d5591f0ac0330f3d74",
  "checkpoint_path": "outputs/week5_checkpoints/diag_gru_random_permutation_seed43.best.pt",
  "checkpoint_sha256": "094695bc3a72fe2f6d8e7c9c419d50851f508e48397d70c8f290fb9406eb71dd",
  "source_manifest_sha256": "1fac2c343e57ca8b6702c4e6a282a7b86a48042a6d133ba84612b5b1c50201ae",
  "budgets": [
    1,
    2,
    3,
    4,
    7
  ],
  "coverages": [
    0.9,
    0.95
  ],
  "limit": null,
  "thresholds": {
    "1": {
      "0.9": {
        "alpha": 0.09999999999999998,
        "target_coverage": 0.9,
        "threshold": 0.9999926090240479,
        "calibration_count": 9844,
        "validation_metrics": {
          "coverage": 0.9002438033319788,
          "average_set_size": 3.716781796017879,
          "singleton_rate": 0.14313287281592849,
          "empty_set_rate": 0.06176351076798049
        }
      },
      "0.95": {
        "alpha": 0.050000000000000044,
        "target_coverage": 0.95,
        "threshold": 0.9999983310699463,
        "calibration_count": 9844,
        "validation_metrics": {
          "coverage": 0.9509345794392523,
          "average_set_size": 3.9601787891101177,
          "singleton_rate": 0.10869565217391304,
          "empty_set_rate": 0.016761479073547338
        }
      }
    },
    "2": {
      "0.9": {
        "alpha": 0.09999999999999998,
        "target_coverage": 0.9,
        "threshold": 0.9999949932098389,
        "calibration_count": 17531,
        "validation_metrics": {
          "coverage": 0.9008613313558839,
          "average_set_size": 3.550567566025897,
          "singleton_rate": 0.16188466145684788,
          "empty_set_rate": 0.06536991614853688
        }
      },
      "0.95": {
        "alpha": 0.050000000000000044,
        "target_coverage": 0.95,
        "threshold": 0.9999993145465851,
        "calibration_count": 17531,
        "validation_metrics": {
          "coverage": 0.9500884148080543,
          "average_set_size": 3.9031430038218016,
          "singleton_rate": 0.07272830985112087,
          "empty_set_rate": 0.02623923335805145
        }
      }
    },
    "3": {
      "0.9": {
        "alpha": 0.09999999999999998,
        "target_coverage": 0.9,
        "threshold": 0.9999965950846672,
        "calibration_count": 25419,
        "validation_metrics": {
          "coverage": 0.900035406585625,
          "average_set_size": 3.414060348558165,
          "singleton_rate": 0.1734529289114442,
          "empty_set_rate": 0.0699476769345765
        }
      },
      "0.95": {
        "alpha": 0.050000000000000044,
        "target_coverage": 0.95,
        "threshold": 0.9999997019767761,
        "calibration_count": 25419,
        "validation_metrics": {
          "coverage": 0.9502340768716314,
          "average_set_size": 3.8468468468468466,
          "singleton_rate": 0.05000196703253472,
          "empty_set_rate": 0.03308548723395885
        }
      }
    },
    "4": {
      "0.9": {
        "alpha": 0.09999999999999998,
        "target_coverage": 0.9,
        "threshold": 0.9999972581863403,
        "calibration_count": 33108,
        "validation_metrics": {
          "coverage": 0.9013531472755829,
          "average_set_size": 3.2941887157182554,
          "singleton_rate": 0.18614836293342998,
          "empty_set_rate": 0.07200676573637792
        }
      },
      "0.95": {
        "alpha": 0.050000000000000044,
        "target_coverage": 0.95,
        "threshold": 0.9999998807907104,
        "calibration_count": 33108,
        "validation_metrics": {
          "coverage": 0.9524888244533043,
          "average_set_size": 3.8322761870242843,
          "singleton_rate": 0.03349643590672949,
          "empty_set_rate": 0.03555032016431074
        }
      }
    },
    "7": {
      "0.9": {
        "alpha": 0.09999999999999998,
        "target_coverage": 0.9,
        "threshold": 0.9999982118606567,
        "calibration_count": 37368,
        "validation_metrics": {
          "coverage": 0.900556625990152,
          "average_set_size": 3.235067437379576,
          "singleton_rate": 0.17945836009419824,
          "empty_set_rate": 0.07723185613359024
        }
      },
      "0.95": {
        "alpha": 0.050000000000000044,
        "target_coverage": 0.95,
        "threshold": 1.0,
        "calibration_count": 37368,
        "validation_metrics": {
          "coverage": 0.9957450224791266,
          "average_set_size": 4.8250107043459645,
          "singleton_rate": 0.05156818668379362,
          "empty_set_rate": 0.0
        }
      }
    }
  },
  "report_sha256": "b33f1d0bfa0a55d081052b0451ccac856d5f3201ce46ead55c3e5f5a3eb1c5cd"
}
