{
  "encoder": "deep_sets",
  "gru_condition": "standard",
  "seed": 42,
  "budgets": [
    1,
    2,
    4
  ],
  "config_approval": "PENDING",
  "pilot": true,
  "manifest": "outputs/week5_data/vectorized_manifest.json",
  "output": "outputs/week5_staging/deep_sets_limit1/diag_deep_sets_standard_seed42.best.pt"
}
2026-08-26 13:15:01,957 INFO [train_diag] epoch=0 train_total=1.173165 score=(-inf, -inf)
2026-08-26 13:15:02,370 INFO [train_diag] epoch=1 train_total=0.809923 score=(-inf, -inf)
2026-08-26 13:15:02,783 INFO [train_diag] epoch=2 train_total=0.653906 score=(-inf, -inf)
2026-08-26 13:15:03,198 INFO [train_diag] epoch=3 train_total=0.587269 score=(-inf, -inf)
2026-08-26 13:15:03,601 INFO [train_diag] epoch=4 train_total=0.521451 score=(-inf, -inf)
2026-08-26 13:15:04,015 INFO [train_diag] epoch=5 train_total=0.359429 score=(-inf, -inf)
{
  "format_version": "week5_validation_report_v1",
  "encoder_name": "deep_sets",
  "gru_condition": "standard",
  "seed": 42,
  "pilot": true,
  "scientifically_weighted": true,
  "train_rows": 1,
  "validation_rows": 1,
  "best_epoch": 0,
  "metrics": {
    "is_valid": false,
    "pilot_only_reason": "Cannot compute AUROC: bit 'visual' has one target class"
  },
  "stratified_metrics": {
    "pooled": {
      "is_valid": false,
      "pilot_only_reason": "Cannot compute AUROC: bit 'visual' has one target class"
    },
    "status": "PILOT_STRATA_NOT_REPORTED"
  },
  "config_sha256": "b6f6e8199a8a400e170a25563c564ebda77de9ce79f0fed606d5891d5aa58f98",
  "source_manifest_sha256": "eb0d4d3fd647ef3b0d7934d6dcddc6cbf1261f8b5b3cc815c3f9d24f860ee037",
  "checkpoint_path": "outputs/week5_staging/deep_sets_limit1/diag_deep_sets_standard_seed42.best.pt",
  "checkpoint_sha256": "6641892b357f496853b16f2154cdf293d41cc93bef21b989653c3339e953c613",
  "report_sha256": "1240517a8b9d4a6f7334212617bc5c2594696a09a0c22371821c2191942efbf0"
}
	Command being timed: "env CUDA_VISIBLE_DEVICES=1 python scripts/train_diag.py --config configs/experiments/diag_bakeoff.yaml --manifest_path outputs/week5_data/vectorized_manifest.json --encoder deep_sets --seed 42 --device cuda:0 --limit 1 --output_dir outputs/week5_staging/deep_sets_limit1 --overwrite --allow_unapproved_pilot"
	User time (seconds): 12.94
	System time (seconds): 10.64
	Percent of CPU this job got: 237%
	Elapsed (wall clock) time (h:mm:ss or m:ss): 0:09.91
	Average shared text size (kbytes): 0
	Average unshared data size (kbytes): 0
	Average stack size (kbytes): 0
	Average total size (kbytes): 0
	Maximum resident set size (kbytes): 1600164
	Average resident set size (kbytes): 0
	Major (requiring I/O) page faults: 377
	Minor (reclaiming a frame) page faults: 565130
	Voluntary context switches: 3542
	Involuntary context switches: 74086
	Swaps: 0
	File system inputs: 131832
	File system outputs: 22216
	Socket messages sent: 0
	Socket messages received: 0
	Signals delivered: 0
	Page size (bytes): 4096
	Exit status: 0
