{
  "encoder": "deep_sets",
  "gru_condition": "standard",
  "seed": 42,
  "budgets": [
    1,
    2,
    4
  ],
  "config_approval": "PENDING",
  "pilot": true,
  "manifest": "outputs/week5_data/vectorized_manifest.json",
  "output": "outputs/week5_staging/deep_sets_limit100/diag_deep_sets_standard_seed42.best.pt"
}
2026-08-26 13:15:19,634 INFO [train_diag] epoch=0 train_total=3.464102 score=(-inf, -inf)
2026-08-26 13:15:20,142 INFO [train_diag] epoch=1 train_total=2.525317 score=(-inf, -inf)
2026-08-26 13:15:20,639 INFO [train_diag] epoch=2 train_total=1.945367 score=(-inf, -inf)
2026-08-26 13:15:21,108 INFO [train_diag] epoch=3 train_total=1.524793 score=(-inf, -inf)
2026-08-26 13:15:21,576 INFO [train_diag] epoch=4 train_total=1.205416 score=(-inf, -inf)
2026-08-26 13:15:22,027 INFO [train_diag] epoch=5 train_total=0.992142 score=(-inf, -inf)
{
  "format_version": "week5_validation_report_v1",
  "encoder_name": "deep_sets",
  "gru_condition": "standard",
  "seed": 42,
  "pilot": true,
  "scientifically_weighted": true,
  "train_rows": 100,
  "validation_rows": 100,
  "best_epoch": 0,
  "metrics": {
    "is_valid": false,
    "pilot_only_reason": "Cannot compute AUROC: bit 'visual' has one target class"
  },
  "stratified_metrics": {
    "pooled": {
      "is_valid": false,
      "pilot_only_reason": "Cannot compute AUROC: bit 'visual' has one target class"
    },
    "status": "PILOT_STRATA_NOT_REPORTED"
  },
  "config_sha256": "b6f6e8199a8a400e170a25563c564ebda77de9ce79f0fed606d5891d5aa58f98",
  "source_manifest_sha256": "eb0d4d3fd647ef3b0d7934d6dcddc6cbf1261f8b5b3cc815c3f9d24f860ee037",
  "checkpoint_path": "outputs/week5_staging/deep_sets_limit100/diag_deep_sets_standard_seed42.best.pt",
  "checkpoint_sha256": "3397bd0710c5f9450968580f7275a6cdec9796beddd74eb074abc9ce0f8e89fc",
  "report_sha256": "e0315108488df028202c56d75045b2488d651b96fa540ce73ff2d9cbb5bfea81"
}
	Command being timed: "env CUDA_VISIBLE_DEVICES=1 python scripts/train_diag.py --config configs/experiments/diag_bakeoff.yaml --manifest_path outputs/week5_data/vectorized_manifest.json --encoder deep_sets --seed 42 --device cuda:0 --limit 100 --output_dir outputs/week5_staging/deep_sets_limit100 --overwrite --allow_unapproved_pilot"
	User time (seconds): 12.84
	System time (seconds): 10.73
	Percent of CPU this job got: 247%
	Elapsed (wall clock) time (h:mm:ss or m:ss): 0:09.51
	Average shared text size (kbytes): 0
	Average unshared data size (kbytes): 0
	Average stack size (kbytes): 0
	Average total size (kbytes): 0
	Maximum resident set size (kbytes): 1622200
	Average resident set size (kbytes): 0
	Major (requiring I/O) page faults: 7
	Minor (reclaiming a frame) page faults: 590493
	Voluntary context switches: 3221
	Involuntary context switches: 45328
	Swaps: 0
	File system inputs: 1632
	File system outputs: 22216
	Socket messages sent: 0
	Socket messages received: 0
	Signals delivered: 0
	Page size (bytes): 4096
	Exit status: 0
