{
  "encoder": "gru",
  "gru_condition": "canonical",
  "seed": 42,
  "budgets": [
    1,
    2,
    4
  ],
  "config_approval": "PENDING",
  "pilot": true,
  "manifest": "outputs/week5_data/vectorized_manifest.json",
  "output": "outputs/week5_staging/gru_canonical_limit1/diag_gru_canonical_seed42.best.pt"
}
2026-08-26 13:16:28,110 INFO [train_diag] epoch=0 train_total=1.339376 score=(-inf, -inf)
2026-08-26 13:16:28,526 INFO [train_diag] epoch=1 train_total=0.976256 score=(-inf, -inf)
2026-08-26 13:16:28,955 INFO [train_diag] epoch=2 train_total=0.823583 score=(-inf, -inf)
2026-08-26 13:16:29,426 INFO [train_diag] epoch=3 train_total=0.789696 score=(-inf, -inf)
2026-08-26 13:16:29,874 INFO [train_diag] epoch=4 train_total=0.547274 score=(-inf, -inf)
2026-08-26 13:16:30,316 INFO [train_diag] epoch=5 train_total=0.418802 score=(-inf, -inf)
{
  "format_version": "week5_validation_report_v1",
  "encoder_name": "gru",
  "gru_condition": "canonical",
  "seed": 42,
  "pilot": true,
  "scientifically_weighted": true,
  "train_rows": 1,
  "validation_rows": 1,
  "best_epoch": 0,
  "metrics": {
    "is_valid": false,
    "pilot_only_reason": "Cannot compute AUROC: bit 'visual' has one target class"
  },
  "stratified_metrics": {
    "pooled": {
      "is_valid": false,
      "pilot_only_reason": "Cannot compute AUROC: bit 'visual' has one target class"
    },
    "status": "PILOT_STRATA_NOT_REPORTED"
  },
  "config_sha256": "b6f6e8199a8a400e170a25563c564ebda77de9ce79f0fed606d5891d5aa58f98",
  "source_manifest_sha256": "eb0d4d3fd647ef3b0d7934d6dcddc6cbf1261f8b5b3cc815c3f9d24f860ee037",
  "checkpoint_path": "outputs/week5_staging/gru_canonical_limit1/diag_gru_canonical_seed42.best.pt",
  "checkpoint_sha256": "9f56265a85b43c5e05bca568d70ce12101c57eb0893e99aa79364b7b757d7dd7",
  "report_sha256": "83681cfb2f0b13df5f3939f5e91f703f59a2271fd89d7dc639f5aea57d3ed838"
}
	Command being timed: "env CUDA_VISIBLE_DEVICES=2 python scripts/train_diag.py --config configs/experiments/diag_bakeoff.yaml --manifest_path outputs/week5_data/vectorized_manifest.json --encoder gru --gru_condition canonical --seed 42 --device cuda:0 --limit 1 --output_dir outputs/week5_staging/gru_canonical_limit1 --overwrite --allow_unapproved_pilot"
	User time (seconds): 12.61
	System time (seconds): 10.44
	Percent of CPU this job got: 276%
	Elapsed (wall clock) time (h:mm:ss or m:ss): 0:08.34
	Average shared text size (kbytes): 0
	Average unshared data size (kbytes): 0
	Average stack size (kbytes): 0
	Average total size (kbytes): 0
	Maximum resident set size (kbytes): 1625556
	Average resident set size (kbytes): 0
	Major (requiring I/O) page faults: 114
	Minor (reclaiming a frame) page faults: 571208
	Voluntary context switches: 3230
	Involuntary context switches: 97512
	Swaps: 0
	File system inputs: 29552
	File system outputs: 30336
	Socket messages sent: 0
	Socket messages received: 0
	Signals delivered: 0
	Page size (bytes): 4096
	Exit status: 0
