{
  "encoder": "gru",
  "gru_condition": "canonical",
  "seed": 42,
  "budgets": [
    1,
    2,
    4
  ],
  "config_approval": "PENDING",
  "pilot": true,
  "manifest": "outputs/week5_data/vectorized_manifest.json",
  "output": "outputs/week5_staging/gru_canonical_limit100/diag_gru_canonical_seed42.best.pt"
}
2026-08-26 13:16:44,894 INFO [train_diag] epoch=0 train_total=2.958101 score=(-inf, -inf)
2026-08-26 13:16:45,351 INFO [train_diag] epoch=1 train_total=2.088671 score=(-inf, -inf)
2026-08-26 13:16:45,826 INFO [train_diag] epoch=2 train_total=1.533112 score=(-inf, -inf)
2026-08-26 13:16:46,259 INFO [train_diag] epoch=3 train_total=1.226752 score=(-inf, -inf)
2026-08-26 13:16:46,668 INFO [train_diag] epoch=4 train_total=1.027108 score=(-inf, -inf)
2026-08-26 13:16:47,109 INFO [train_diag] epoch=5 train_total=0.837627 score=(-inf, -inf)
{
  "format_version": "week5_validation_report_v1",
  "encoder_name": "gru",
  "gru_condition": "canonical",
  "seed": 42,
  "pilot": true,
  "scientifically_weighted": true,
  "train_rows": 100,
  "validation_rows": 100,
  "best_epoch": 0,
  "metrics": {
    "is_valid": false,
    "pilot_only_reason": "Cannot compute AUROC: bit 'visual' has one target class"
  },
  "stratified_metrics": {
    "pooled": {
      "is_valid": false,
      "pilot_only_reason": "Cannot compute AUROC: bit 'visual' has one target class"
    },
    "status": "PILOT_STRATA_NOT_REPORTED"
  },
  "config_sha256": "b6f6e8199a8a400e170a25563c564ebda77de9ce79f0fed606d5891d5aa58f98",
  "source_manifest_sha256": "eb0d4d3fd647ef3b0d7934d6dcddc6cbf1261f8b5b3cc815c3f9d24f860ee037",
  "checkpoint_path": "outputs/week5_staging/gru_canonical_limit100/diag_gru_canonical_seed42.best.pt",
  "checkpoint_sha256": "a3f066a0aead5e912c245fba2be997a4c7e45a1731b88227d0fd7dafeae4cc00",
  "report_sha256": "98e8bc2f646a2f87d2b795ffc96691bb328c879349e740a980064b3f192ddeb5"
}
	Command being timed: "env CUDA_VISIBLE_DEVICES=2 python scripts/train_diag.py --config configs/experiments/diag_bakeoff.yaml --manifest_path outputs/week5_data/vectorized_manifest.json --encoder gru --gru_condition canonical --seed 42 --device cuda:0 --limit 100 --output_dir outputs/week5_staging/gru_canonical_limit100 --overwrite --allow_unapproved_pilot"
	User time (seconds): 12.76
	System time (seconds): 10.32
	Percent of CPU this job got: 283%
	Elapsed (wall clock) time (h:mm:ss or m:ss): 0:08.15
	Average shared text size (kbytes): 0
	Average unshared data size (kbytes): 0
	Average stack size (kbytes): 0
	Average total size (kbytes): 0
	Maximum resident set size (kbytes): 1652308
	Average resident set size (kbytes): 0
	Major (requiring I/O) page faults: 12
	Minor (reclaiming a frame) page faults: 599328
	Voluntary context switches: 3104
	Involuntary context switches: 45489
	Swaps: 0
	File system inputs: 2792
	File system outputs: 30336
	Socket messages sent: 0
	Socket messages received: 0
	Signals delivered: 0
	Page size (bytes): 4096
	Exit status: 0
