{
  "format_version": "permutation_evaluation_v1",
  "phase": "week5",
  "split": "val",
  "config_sha256": "0293d3bdbcd91299f7f4ec0e501917e2d40bfcc40b2a33d5591f0ac0330f3d74",
  "manifest_sha256": "1fac2c343e57ca8b6702c4e6a282a7b86a48042a6d133ba84612b5b1c50201ae",
  "checkpoint_sha256": "5ffa7f7b20fee4454693132de8995cd3237ff432794237bff2a1702d1370afa6",
  "aps_sha256": "48eb4f82505cddb8487df8ab9a96b3e81877ed5a394c038059d251e84ad0781a",
  "freeze_manifest_sha256": null,
  "limit": null,
  "is_valid": true,
  "encoder_name": "deep_sets",
  "gru_condition": "standard",
  "evaluation_budget": 4,
  "coverage": 0.9,
  "primary_frozen_stack": true,
  "prediction_set_drift_applicable": true,
  "action_drift_applicable": false,
  "subset_sizes": [
    2,
    3,
    4
  ],
  "maximum_permutations_per_state": 10,
  "floating_tolerance": 1e-06,
  "summary": {
    "state_count": 100,
    "js_drift": {
      "mean": 0.0,
      "median": 0.0,
      "max": 0.0
    },
    "bit_l1_drift": {
      "mean": 0.0,
      "median": 0.0,
      "max": 0.0
    },
    "hidden_relative_l2_drift": {
      "mean": 0.0,
      "median": 0.0,
      "max": 0.0
    },
    "set_disagreement": {
      "mean": 0.0,
      "median": 0.0,
      "max": 0.0
    }
  },
  "calibration_drift_by_subset_size": {
    "2": {
      "coverage_range": 0.0,
      "average_set_size_range": 0.0,
      "coverage_by_permutation": [
        0.9333333333333333,
        0.9333333333333333
      ],
      "average_set_size_by_permutation": [
        3.5,
        3.5
      ]
    },
    "3": {
      "coverage_range": 0.0,
      "average_set_size_range": 0.0,
      "coverage_by_permutation": [
        0.9333333333333333,
        0.9333333333333333,
        0.9333333333333333,
        0.9333333333333333,
        0.9333333333333333,
        0.9333333333333333
      ],
      "average_set_size_by_permutation": [
        3.1,
        3.1,
        3.1,
        3.1,
        3.1,
        3.1
      ]
    },
    "4": {
      "coverage_range": 0.0,
      "average_set_size_range": 0.0,
      "coverage_by_permutation": [
        0.75,
        0.75,
        0.75,
        0.75,
        0.75,
        0.75,
        0.75,
        0.75,
        0.75,
        0.75
      ],
      "average_set_size_by_permutation": [
        2.625,
        2.625,
        2.625,
        2.625,
        2.625,
        2.625,
        2.625,
        2.625,
        2.625,
        2.625
      ]
    }
  },
  "csv_path": "outputs/week5_reports/permutation_week5_deep_sets_standard_seed43.csv",
  "csv_sha256": "7b0148d96bf45f570cfc117da23ba0ebda6ba349cebcaf8df5e626a5326a73c5",
  "figure_path": "outputs/week5_reports/permutation_week5_deep_sets_standard_seed43.png",
  "figure_sha256": "a7d4e486f0205b3ce7eda1dabe0d226a3740efedfa6d0d255eaa9ee6cf4150d8",
  "report_sha256": "1ef5a2f31c1230a12446cdd71d4686901993bca41fefed8bb39babd67e6b25e9"
}
