2026-08-26 13:02:17,445 INFO [prepare_week5_data] Validated 8 state files (388623 source rows)
2026-08-26 13:03:30,210 INFO [prepare_week5_data] Wrote 388623 vectorized states to outputs/week5_data/vectorized_manifest.json
	Command being timed: "python scripts/prepare_week5_data.py --config configs/experiments/diag_bakeoff.yaml --manifest_path outputs/week4_reports/final/state_manifest.json --state_path outputs/states_v1 --output_dir outputs/week5_data --device cpu --overwrite"
	User time (seconds): 73.52
	System time (seconds): 6.86
	Percent of CPU this job got: 107%
	Elapsed (wall clock) time (h:mm:ss or m:ss): 1:15.06
	Average shared text size (kbytes): 0
	Average unshared data size (kbytes): 0
	Average stack size (kbytes): 0
	Average total size (kbytes): 0
	Maximum resident set size (kbytes): 918928
	Average resident set size (kbytes): 0
	Major (requiring I/O) page faults: 0
	Minor (reclaiming a frame) page faults: 264715
	Voluntary context switches: 209
	Involuntary context switches: 45262
	Swaps: 0
	File system inputs: 16
	File system outputs: 529072
	Socket messages sent: 0
	Socket messages received: 0
	Signals delivered: 0
	Page size (bytes): 4096
	Exit status: 0
