===== no_budget_embedding diagnostic freeze =====
Timeout 600s; worker ceiling remaining 10372s
{
  "artifacts": {
    "diagnostic_checkpoint": {
      "path": "outputs/week8_ablations/no_budget_embedding/diagnostic_checkpoints/diag_deep_sets_standard_seed42.best.pt",
      "sha256": "8bbef3101b18826e1ca2c3fec5ee157360ad006497f0c6e957f8169654a6802a"
    },
    "diagnostic_config": {
      "path": "outputs/week8_data/ablation_configs/no_budget_embedding_diag.yaml",
      "sha256": "db49257f77a2e5e6b39c2ea7ea27f06714d3cb6b6458455ca3e2d3452c9af00b"
    },
    "policy_config": {
      "path": "outputs/week8_data/ablation_configs/no_budget_embedding_policy.yaml",
      "sha256": "23ea1ace96a7c7bbcc65edb853575319f0c61a96d457fd25d666861b7f0b6ebc"
    },
    "selection_report": {
      "path": "outputs/week8_ablations/no_budget_embedding/freeze/predeclared_selection.json",
      "sha256": "c79555fe37df9443b5f76ad6365d301086df107e3ed837c23d0e887c2f170b5f"
    },
    "vector_manifest": {
      "path": "outputs/week5_data/vectorized_manifest.json",
      "sha256": "1fac2c343e57ca8b6702c4e6a282a7b86a48042a6d133ba84612b5b1c50201ae"
    },
    "week8_config": {
      "path": "configs/experiments/week8_evaluation.yaml",
      "sha256": "59748c18da7375db6140f05d6c5ec2670c6ce19eeb25b5931e94868ffe7d9cf6"
    }
  },
  "format_version": "proactive_stack_freeze_v1",
  "freeze_sha256": "87177e392a50cf71a1d46b154f9e377508d834c21df4732837b495169fc2483c",
  "owner_approved": true,
  "status": "FROZEN"
}

	Command being timed: "timeout --signal=TERM --kill-after=5m 600s python scripts/freeze_week8_diagnostic.py --week8_config configs/experiments/week8_evaluation.yaml --ablation_id no_budget_embedding --diag_config outputs/week8_data/ablation_configs/no_budget_embedding_diag.yaml --policy_config outputs/week8_data/ablation_configs/no_budget_embedding_policy.yaml --vector_manifest outputs/week5_data/vectorized_manifest.json --diagnostic_checkpoint outputs/week8_ablations/no_budget_embedding/diagnostic_checkpoints/diag_deep_sets_standard_seed42.best.pt --output_dir outputs/week8_ablations/no_budget_embedding/freeze --approve_freeze --overwrite"
	User time (seconds): 1.78
	System time (seconds): 5.40
	Percent of CPU this job got: 542%
	Elapsed (wall clock) time (h:mm:ss or m:ss): 0:01.32
	Average shared text size (kbytes): 0
	Average unshared data size (kbytes): 0
	Average stack size (kbytes): 0
	Average total size (kbytes): 0
	Maximum resident set size (kbytes): 430096
	Average resident set size (kbytes): 0
	Major (requiring I/O) page faults: 0
	Minor (reclaiming a frame) page faults: 62211
	Voluntary context switches: 173
	Involuntary context switches: 86758
	Swaps: 0
	File system inputs: 0
	File system outputs: 16
	Socket messages sent: 0
	Socket messages received: 0
	Signals delivered: 0
	Page size (bytes): 4096
	Exit status: 0
no_budget_embedding diagnostic freeze exit code: 0
