===== no_budget_embedding policy training =====
Timeout 2700s; worker ceiling remaining 9767s
2026-09-12 20:10:12,054 INFO [train_policy] epoch=0 val_loss=0.603672 oracle_agreement=0.7831
2026-09-12 20:11:15,603 INFO [train_policy] epoch=1 val_loss=0.599311 oracle_agreement=0.7832
2026-09-12 20:12:24,640 INFO [train_policy] epoch=2 val_loss=0.597992 oracle_agreement=0.7840
2026-09-12 20:13:31,776 INFO [train_policy] epoch=3 val_loss=0.596806 oracle_agreement=0.7874
2026-09-12 20:14:37,720 INFO [train_policy] epoch=4 val_loss=0.595643 oracle_agreement=0.7863
2026-09-12 20:15:45,043 INFO [train_policy] epoch=5 val_loss=0.594294 oracle_agreement=0.7856
2026-09-12 20:16:51,859 INFO [train_policy] epoch=6 val_loss=0.596325 oracle_agreement=0.7863
2026-09-12 20:18:00,690 INFO [train_policy] epoch=7 val_loss=0.594234 oracle_agreement=0.7846
2026-09-12 20:19:03,149 INFO [train_policy] epoch=8 val_loss=0.592803 oracle_agreement=0.7870
2026-09-12 20:20:12,128 INFO [train_policy] epoch=9 val_loss=0.593629 oracle_agreement=0.7882
2026-09-12 20:21:09,753 INFO [train_policy] epoch=10 val_loss=0.591612 oracle_agreement=0.7880
2026-09-12 20:22:14,050 INFO [train_policy] epoch=11 val_loss=0.592510 oracle_agreement=0.7874
2026-09-12 20:23:21,065 INFO [train_policy] epoch=12 val_loss=0.592814 oracle_agreement=0.7879
2026-09-12 20:24:23,705 INFO [train_policy] epoch=13 val_loss=0.590792 oracle_agreement=0.7879
2026-09-12 20:25:16,099 INFO [train_policy] epoch=14 val_loss=0.590534 oracle_agreement=0.7889
2026-09-12 20:26:22,495 INFO [train_policy] epoch=15 val_loss=0.591006 oracle_agreement=0.7901
2026-09-12 20:27:29,410 INFO [train_policy] epoch=16 val_loss=0.590808 oracle_agreement=0.7903
2026-09-12 20:28:34,928 INFO [train_policy] epoch=17 val_loss=0.591982 oracle_agreement=0.7896
2026-09-12 20:29:43,991 INFO [train_policy] epoch=18 val_loss=0.593529 oracle_agreement=0.7897
2026-09-12 20:30:53,843 INFO [train_policy] epoch=19 val_loss=0.591078 oracle_agreement=0.7918
{
  "encoder": "deep_sets",
  "gru_condition": "standard",
  "cost_multiplier": 0.0,
  "target_kind": "voi",
  "limit": null,
  "seed": 42,
  "pilot": false,
  "config_approval": "APPROVED",
  "output": "outputs/week8_ablations/no_budget_embedding/policy_checkpoints/policy_deep_sets_standard_lambda0_seed42.best.pt"
}
{
  "format_version": "week6_policy_validation_v1",
  "is_valid": true,
  "fit_split": "train",
  "selection_split": "val",
  "calibration_used": false,
  "test_used": false,
  "encoder_name": "deep_sets",
  "gru_condition": "standard",
  "seed": 42,
  "cost_multiplier": 0.0,
  "target_kind": "voi",
  "train_rows": 436429,
  "validation_rows": 60483,
  "best_epoch": 14,
  "metrics": {
    "total": 0.5905338247591463,
    "ranking": 0.0760822164651527,
    "mse": 0.7076388796003021,
    "action_ce": 0.6750837697261497,
    "best_action_accuracy": 0.7889158937222029,
    "stop_prediction_rate": 0.3993849511432965,
    "row_count": 60483
  },
  "checkpoint_path": "outputs/week8_ablations/no_budget_embedding/policy_checkpoints/policy_deep_sets_standard_lambda0_seed42.best.pt",
  "checkpoint_sha256": "03843526700f87990cf48cdde04dcdbe1206b8b1fe02f3120320e71411917549",
  "config_sha256": "23ea1ace96a7c7bbcc65edb853575319f0c61a96d457fd25d666861b7f0b6ebc",
  "source_manifest_sha256": "076e4ce5365721913715173ef596f5f47ecf607e38dc5c40b93b9acb646fc766",
  "diagnostic_checkpoint_sha256": "8bbef3101b18826e1ca2c3fec5ee157360ad006497f0c6e957f8169654a6802a",
  "vector_manifest_sha256": "1fac2c343e57ca8b6702c4e6a282a7b86a48042a6d133ba84612b5b1c50201ae",
  "week5_freeze_sha256": "8df2bce9af01a2a271fb9e96fcfff98ad1001c480a368ed1199db31e09475bc2",
  "limit": null,
  "report_sha256": "ddab08a863374071311507af30c77c2c195be7544940f82ffbb15ac70ed948ed"
}
	Command being timed: "timeout --signal=TERM --kill-after=5m 2700s env CUDA_VISIBLE_DEVICES=1 python scripts/train_policy.py --config outputs/week8_data/ablation_configs/no_budget_embedding_policy.yaml --manifest_path outputs/week5_data/vectorized_manifest.json --voi_manifest outputs/week8_ablations/no_budget_embedding/voi/voi_manifest.json --diagnostic_checkpoint outputs/week8_ablations/no_budget_embedding/diagnostic_checkpoints/diag_deep_sets_standard_seed42.best.pt --freeze_manifest outputs/week8_ablations/no_budget_embedding/freeze/week8_diagnostic_freeze.json --cost_multiplier 0.0 --target_kind voi --seed 42 --device cuda:0 --output_dir outputs/week8_ablations/no_budget_embedding/policy_checkpoints --resume"
	User time (seconds): 1412.05
	System time (seconds): 10.58
	Percent of CPU this job got: 101%
	Elapsed (wall clock) time (h:mm:ss or m:ss): 23:23.43
	Average shared text size (kbytes): 0
	Average unshared data size (kbytes): 0
	Average stack size (kbytes): 0
	Average total size (kbytes): 0
	Maximum resident set size (kbytes): 6043032
	Average resident set size (kbytes): 0
	Major (requiring I/O) page faults: 0
	Minor (reclaiming a frame) page faults: 1561893
	Voluntary context switches: 51595
	Involuntary context switches: 110490
	Swaps: 0
	File system inputs: 0
	File system outputs: 26848
	Socket messages sent: 0
	Socket messages received: 0
	Signals delivered: 0
	Page size (bytes): 4096
	Exit status: 0
no_budget_embedding policy training exit code: 0
