2026-08-31 15:22:55,315 INFO [train_one_pass_baselines] epoch=0 train_loss=1.120243 val_macro_f1=0.7403
2026-08-31 15:22:56,734 INFO [train_one_pass_baselines] epoch=1 train_loss=0.967559 val_macro_f1=0.7334
2026-08-31 15:22:58,230 INFO [train_one_pass_baselines] epoch=2 train_loss=0.943651 val_macro_f1=0.7415
2026-08-31 15:22:59,707 INFO [train_one_pass_baselines] epoch=3 train_loss=0.929001 val_macro_f1=0.7411
2026-08-31 15:23:01,183 INFO [train_one_pass_baselines] epoch=4 train_loss=0.920957 val_macro_f1=0.7437
2026-08-31 15:23:02,558 INFO [train_one_pass_baselines] epoch=5 train_loss=0.916964 val_macro_f1=0.7432
2026-08-31 15:23:04,034 INFO [train_one_pass_baselines] epoch=6 train_loss=0.912340 val_macro_f1=0.7388
2026-08-31 15:23:05,515 INFO [train_one_pass_baselines] epoch=7 train_loss=0.907860 val_macro_f1=0.7574
2026-08-31 15:23:06,992 INFO [train_one_pass_baselines] epoch=8 train_loss=0.903223 val_macro_f1=0.7563
2026-08-31 15:23:08,417 INFO [train_one_pass_baselines] epoch=9 train_loss=0.896648 val_macro_f1=0.7431
2026-08-31 15:23:09,926 INFO [train_one_pass_baselines] epoch=10 train_loss=0.901257 val_macro_f1=0.7467
2026-08-31 15:23:11,435 INFO [train_one_pass_baselines] epoch=11 train_loss=0.888956 val_macro_f1=0.7486
2026-08-31 15:23:12,914 INFO [train_one_pass_baselines] epoch=12 train_loss=0.886591 val_macro_f1=0.7522
{
  "baseline": "distilled",
  "pilot": false,
  "output": "outputs/week6_checkpoints/baseline_distilled_seed42.best.pt"
}
{
  "format_version": "week6_one_pass_baseline_validation_v1",
  "is_valid": true,
  "fit_split": "train",
  "selection_split": "val",
  "calibration_used": false,
  "test_used": false,
  "baseline_type": "distilled",
  "metrics": {
    "record_count": 1404,
    "source_bit_micro_f1": 0.7503149407911313,
    "source_bit_macro_f1": 0.757428820337561,
    "source_bit_hamming_loss": 0.23528015194681862,
    "source_bit_auroc": {
      "visual": 0.9016610483649214,
      "language": 0.6321567378666144,
      "alignment": 0.965812445442075
    },
    "six_way_macro_f1": 0.24683652444846474,
    "six_way_balanced_accuracy": 0.30024009603841534,
    "six_way_confusion_matrix": [
      [
        0,
        99,
        0,
        88,
        0,
        0
      ],
      [
        0,
        328,
        0,
        64,
        0,
        0
      ],
      [
        0,
        7,
        0,
        37,
        0,
        0
      ],
      [
        0,
        21,
        0,
        574,
        0,
        0
      ],
      [
        0,
        5,
        0,
        7,
        0,
        0
      ],
      [
        0,
        153,
        0,
        21,
        0,
        0
      ]
    ],
    "six_way_labels": [
      "visual",
      "language-prior",
      "alignment",
      "mixed",
      "unclear",
      "no-failure"
    ],
    "signature_mse": 0.09037825248003153
  },
  "checkpoint_path": "outputs/week6_checkpoints/baseline_distilled_seed42.best.pt",
  "checkpoint_sha256": "4d8f01d29680b6303cf62d55191045b58d42f1de8128a702b0b6adf7adfc7775",
  "config_sha256": "33e88aa1bbc4dbaa47309015be7e6e188523dcdf5416cf64d1703aa4c442c9eb",
  "source_manifest_sha256": "1fac2c343e57ca8b6702c4e6a282a7b86a48042a6d133ba84612b5b1c50201ae",
  "diagnostic_checkpoint_sha256": "2e680eb8ff7859b0420577f0ffb3b06810e6f863deac25b87d7fb3170bf2fb06",
  "week5_freeze_sha256": "d6323ee4dae857fbb6bdca8df392f743924f319339c4e21935d68ebda389a858",
  "seed": 42,
  "limit": null,
  "report_sha256": "f2d86a315b2d5ec90d376775a7a30361d7175093ba32654129b04570de08d583"
}
	Command being timed: "timeout --signal=INT 30m env CUDA_VISIBLE_DEVICES=2 PYTHONPATH=src python scripts/train_one_pass_baselines.py --config configs/experiments/policy_train.yaml --manifest_path outputs/week5_data/vectorized_manifest.json --diagnostic_checkpoint outputs/week5_checkpoints/diag_deep_sets_standard_seed42.best.pt --freeze_manifest outputs/week5_reports/week5_encoder_freeze.json --baseline distilled --seed 42 --device cuda:0 --output_dir outputs/week6_checkpoints --resume"
	User time (seconds): 30.84
	System time (seconds): 6.67
	Percent of CPU this job got: 152%
	Elapsed (wall clock) time (h:mm:ss or m:ss): 0:24.53
	Average shared text size (kbytes): 0
	Average unshared data size (kbytes): 0
	Average stack size (kbytes): 0
	Average total size (kbytes): 0
	Maximum resident set size (kbytes): 1639320
	Average resident set size (kbytes): 0
	Major (requiring I/O) page faults: 0
	Minor (reclaiming a frame) page faults: 360396
	Voluntary context switches: 1303
	Involuntary context switches: 47507
	Swaps: 0
	File system inputs: 0
	File system outputs: 33528
	Socket messages sent: 0
	Socket messages received: 0
	Signals delivered: 0
	Page size (bytes): 4096
	Exit status: 0
