===== seed=42, lambda=0.4 =====
2026-08-28 18:25:30,097 INFO [train_policy] epoch=0 val_loss=0.621142 oracle_agreement=0.7509
2026-08-28 18:26:35,158 INFO [train_policy] epoch=1 val_loss=0.614132 oracle_agreement=0.7531
2026-08-28 18:27:38,125 INFO [train_policy] epoch=2 val_loss=0.612069 oracle_agreement=0.7542
2026-08-28 18:28:42,311 INFO [train_policy] epoch=3 val_loss=0.611245 oracle_agreement=0.7538
2026-08-28 18:29:47,772 INFO [train_policy] epoch=4 val_loss=0.608393 oracle_agreement=0.7580
2026-08-28 18:30:52,507 INFO [train_policy] epoch=5 val_loss=0.608525 oracle_agreement=0.7506
2026-08-28 18:31:56,027 INFO [train_policy] epoch=6 val_loss=0.608363 oracle_agreement=0.7593
2026-08-28 18:32:57,958 INFO [train_policy] epoch=7 val_loss=0.607239 oracle_agreement=0.7567
2026-08-28 18:33:56,856 INFO [train_policy] epoch=8 val_loss=0.605477 oracle_agreement=0.7599
2026-08-28 18:35:02,301 INFO [train_policy] epoch=9 val_loss=0.606356 oracle_agreement=0.7552
2026-08-28 18:36:06,693 INFO [train_policy] epoch=10 val_loss=0.604299 oracle_agreement=0.7596
2026-08-28 18:37:11,999 INFO [train_policy] epoch=11 val_loss=0.606878 oracle_agreement=0.7583
2026-08-28 18:38:16,720 INFO [train_policy] epoch=12 val_loss=0.605363 oracle_agreement=0.7553
2026-08-28 18:39:22,037 INFO [train_policy] epoch=13 val_loss=0.606382 oracle_agreement=0.7605
2026-08-28 18:40:28,283 INFO [train_policy] epoch=14 val_loss=0.604216 oracle_agreement=0.7598
2026-08-28 18:41:29,681 INFO [train_policy] epoch=15 val_loss=0.605889 oracle_agreement=0.7592
2026-08-28 18:42:36,115 INFO [train_policy] epoch=16 val_loss=0.604385 oracle_agreement=0.7606
2026-08-28 18:43:42,448 INFO [train_policy] epoch=17 val_loss=0.605663 oracle_agreement=0.7526
2026-08-28 18:44:46,885 INFO [train_policy] epoch=18 val_loss=0.606230 oracle_agreement=0.7605
2026-08-28 18:45:47,986 INFO [train_policy] epoch=19 val_loss=0.605663 oracle_agreement=0.7616
{
  "encoder": "deep_sets",
  "gru_condition": "standard",
  "cost_multiplier": 0.4,
  "target_kind": "voi",
  "limit": null,
  "seed": 42,
  "pilot": false,
  "config_approval": "APPROVED",
  "output": "outputs/week6_checkpoints/policy_deep_sets_standard_lambda0p4_seed42.best.pt"
}
{
  "format_version": "week6_policy_validation_v1",
  "is_valid": true,
  "fit_split": "train",
  "selection_split": "val",
  "calibration_used": false,
  "test_used": false,
  "encoder_name": "deep_sets",
  "gru_condition": "standard",
  "seed": 42,
  "cost_multiplier": 0.4,
  "target_kind": "voi",
  "train_rows": 436429,
  "validation_rows": 60483,
  "best_epoch": 14,
  "metrics": {
    "total": 0.6042163317868089,
    "ranking": 0.06430993086121009,
    "mse": 0.5941724797443682,
    "action_ce": 0.7827265551989272,
    "best_action_accuracy": 0.7597837408858688,
    "stop_prediction_rate": 0.5572970917447878,
    "row_count": 60483
  },
  "checkpoint_path": "outputs/week6_checkpoints/policy_deep_sets_standard_lambda0p4_seed42.best.pt",
  "checkpoint_sha256": "0f760f5d30523e7948b8d5ad3c45927b1258efb9d2b631fdcdd44312602e3db3",
  "config_sha256": "33e88aa1bbc4dbaa47309015be7e6e188523dcdf5416cf64d1703aa4c442c9eb",
  "source_manifest_sha256": "80886682b9ebb933236ec2af1a04582b24499e8595f058813baaf9b0b8a8f286",
  "diagnostic_checkpoint_sha256": "2e680eb8ff7859b0420577f0ffb3b06810e6f863deac25b87d7fb3170bf2fb06",
  "vector_manifest_sha256": "1fac2c343e57ca8b6702c4e6a282a7b86a48042a6d133ba84612b5b1c50201ae",
  "week5_freeze_sha256": "d6323ee4dae857fbb6bdca8df392f743924f319339c4e21935d68ebda389a858",
  "limit": null,
  "report_sha256": "fe3b52e7fa11a3130bc722497aa0cdeefa16ed506d7c78597a647225b460cb76"
}
	Command being timed: "env CUDA_VISIBLE_DEVICES=0 PYTHONPATH=src python scripts/train_policy.py --config configs/experiments/policy_train.yaml --manifest_path outputs/week5_data/vectorized_manifest.json --voi_manifest outputs/week6_voi/voi_manifest.json --diagnostic_checkpoint outputs/week5_checkpoints/diag_deep_sets_standard_seed42.best.pt --freeze_manifest outputs/week5_reports/week5_encoder_freeze.json --cost_multiplier 0.4 --target_kind voi --seed 42 --device cuda:0 --output_dir outputs/week6_checkpoints --resume"
	User time (seconds): 1398.23
	System time (seconds): 11.25
	Percent of CPU this job got: 101%
	Elapsed (wall clock) time (h:mm:ss or m:ss): 23:12.95
	Average shared text size (kbytes): 0
	Average unshared data size (kbytes): 0
	Average stack size (kbytes): 0
	Average total size (kbytes): 0
	Maximum resident set size (kbytes): 7256552
	Average resident set size (kbytes): 0
	Major (requiring I/O) page faults: 7
	Minor (reclaiming a frame) page faults: 1802199
	Voluntary context switches: 51303
	Involuntary context switches: 177398
	Swaps: 0
	File system inputs: 7936
	File system outputs: 27536
	Socket messages sent: 0
	Socket messages received: 0
	Signals delivered: 0
	Page size (bytes): 4096
	Exit status: 0
seed=42, lambda=0.4, exit_code=0
