===== seed=42, lambda=0.05 =====
2026-08-28 17:39:08,333 INFO [train_policy] epoch=0 val_loss=0.588606 oracle_agreement=0.7918
2026-08-28 17:40:15,217 INFO [train_policy] epoch=1 val_loss=0.583586 oracle_agreement=0.7939
2026-08-28 17:41:17,339 INFO [train_policy] epoch=2 val_loss=0.582229 oracle_agreement=0.7948
2026-08-28 17:42:16,833 INFO [train_policy] epoch=3 val_loss=0.581114 oracle_agreement=0.7948
2026-08-28 17:43:22,003 INFO [train_policy] epoch=4 val_loss=0.579415 oracle_agreement=0.7971
2026-08-28 17:44:23,968 INFO [train_policy] epoch=5 val_loss=0.576901 oracle_agreement=0.7960
2026-08-28 17:45:25,068 INFO [train_policy] epoch=6 val_loss=0.577646 oracle_agreement=0.7986
2026-08-28 17:46:31,076 INFO [train_policy] epoch=7 val_loss=0.576391 oracle_agreement=0.7978
2026-08-28 17:47:35,773 INFO [train_policy] epoch=8 val_loss=0.575858 oracle_agreement=0.7995
2026-08-28 17:48:38,394 INFO [train_policy] epoch=9 val_loss=0.575742 oracle_agreement=0.8004
2026-08-28 17:49:44,263 INFO [train_policy] epoch=10 val_loss=0.574161 oracle_agreement=0.7987
2026-08-28 17:50:49,497 INFO [train_policy] epoch=11 val_loss=0.575606 oracle_agreement=0.7980
2026-08-28 17:51:53,681 INFO [train_policy] epoch=12 val_loss=0.575109 oracle_agreement=0.7988
2026-08-28 17:52:59,193 INFO [train_policy] epoch=13 val_loss=0.574645 oracle_agreement=0.8006
2026-08-28 17:54:00,358 INFO [train_policy] epoch=14 val_loss=0.573565 oracle_agreement=0.7992
2026-08-28 17:55:03,996 INFO [train_policy] epoch=15 val_loss=0.574944 oracle_agreement=0.7996
2026-08-28 17:56:11,068 INFO [train_policy] epoch=16 val_loss=0.573924 oracle_agreement=0.8011
2026-08-28 17:57:18,259 INFO [train_policy] epoch=17 val_loss=0.574289 oracle_agreement=0.7982
2026-08-28 17:58:22,174 INFO [train_policy] epoch=18 val_loss=0.575498 oracle_agreement=0.8017
2026-08-28 17:59:22,933 INFO [train_policy] epoch=19 val_loss=0.574431 oracle_agreement=0.8009
{
  "encoder": "deep_sets",
  "gru_condition": "standard",
  "cost_multiplier": 0.05,
  "target_kind": "voi",
  "limit": null,
  "seed": 42,
  "pilot": false,
  "config_approval": "APPROVED",
  "output": "outputs/week6_checkpoints/policy_deep_sets_standard_lambda0p05_seed42.best.pt"
}
{
  "format_version": "week6_policy_validation_v1",
  "is_valid": true,
  "fit_split": "train",
  "selection_split": "val",
  "calibration_used": false,
  "test_used": false,
  "encoder_name": "deep_sets",
  "gru_condition": "standard",
  "seed": 42,
  "cost_multiplier": 0.05,
  "target_kind": "voi",
  "train_rows": 436429,
  "validation_rows": 60483,
  "best_epoch": 14,
  "metrics": {
    "total": 0.5735652406371807,
    "ranking": 0.07516744400430501,
    "mse": 0.6066181989912338,
    "action_ce": 0.693486498278202,
    "best_action_accuracy": 0.799249375857679,
    "stop_prediction_rate": 0.4942711175040921,
    "row_count": 60483
  },
  "checkpoint_path": "outputs/week6_checkpoints/policy_deep_sets_standard_lambda0p05_seed42.best.pt",
  "checkpoint_sha256": "0177ed2a2805e4e6083379f02f7a517fe018952f0807cf2d069c358e4cd264ba",
  "config_sha256": "33e88aa1bbc4dbaa47309015be7e6e188523dcdf5416cf64d1703aa4c442c9eb",
  "source_manifest_sha256": "80886682b9ebb933236ec2af1a04582b24499e8595f058813baaf9b0b8a8f286",
  "diagnostic_checkpoint_sha256": "2e680eb8ff7859b0420577f0ffb3b06810e6f863deac25b87d7fb3170bf2fb06",
  "vector_manifest_sha256": "1fac2c343e57ca8b6702c4e6a282a7b86a48042a6d133ba84612b5b1c50201ae",
  "week5_freeze_sha256": "d6323ee4dae857fbb6bdca8df392f743924f319339c4e21935d68ebda389a858",
  "limit": null,
  "report_sha256": "e28b6f80583c0ce8b34979e913f791d9502c61bdc70a72630b6e77a7a2c86c12"
}
	Command being timed: "env CUDA_VISIBLE_DEVICES=0 PYTHONPATH=src python scripts/train_policy.py --config configs/experiments/policy_train.yaml --manifest_path outputs/week5_data/vectorized_manifest.json --voi_manifest outputs/week6_voi/voi_manifest.json --diagnostic_checkpoint outputs/week5_checkpoints/diag_deep_sets_standard_seed42.best.pt --freeze_manifest outputs/week5_reports/week5_encoder_freeze.json --cost_multiplier 0.05 --target_kind voi --seed 42 --device cuda:0 --output_dir outputs/week6_checkpoints --resume"
	User time (seconds): 1394.70
	System time (seconds): 11.17
	Percent of CPU this job got: 101%
	Elapsed (wall clock) time (h:mm:ss or m:ss): 23:09.25
	Average shared text size (kbytes): 0
	Average unshared data size (kbytes): 0
	Average stack size (kbytes): 0
	Average total size (kbytes): 0
	Maximum resident set size (kbytes): 7225848
	Average resident set size (kbytes): 0
	Major (requiring I/O) page faults: 0
	Minor (reclaiming a frame) page faults: 1791897
	Voluntary context switches: 51242
	Involuntary context switches: 160085
	Swaps: 0
	File system inputs: 0
	File system outputs: 28456
	Socket messages sent: 0
	Socket messages received: 0
	Signals delivered: 0
	Page size (bytes): 4096
	Exit status: 0
seed=42, lambda=0.05, exit_code=0
