===== seed=43, lambda=0.2 =====
2026-08-28 20:15:19,319 INFO [train_policy] epoch=0 val_loss=0.626673 oracle_agreement=0.7568
2026-08-28 20:16:26,465 INFO [train_policy] epoch=1 val_loss=0.622300 oracle_agreement=0.7603
2026-08-28 20:17:33,210 INFO [train_policy] epoch=2 val_loss=0.618893 oracle_agreement=0.7613
2026-08-28 20:18:39,061 INFO [train_policy] epoch=3 val_loss=0.617577 oracle_agreement=0.7637
2026-08-28 20:19:46,595 INFO [train_policy] epoch=4 val_loss=0.617081 oracle_agreement=0.7622
2026-08-28 20:20:49,635 INFO [train_policy] epoch=5 val_loss=0.614954 oracle_agreement=0.7633
2026-08-28 20:21:56,816 INFO [train_policy] epoch=6 val_loss=0.613134 oracle_agreement=0.7685
2026-08-28 20:22:59,934 INFO [train_policy] epoch=7 val_loss=0.614219 oracle_agreement=0.7646
2026-08-28 20:24:06,511 INFO [train_policy] epoch=8 val_loss=0.613163 oracle_agreement=0.7626
2026-08-28 20:25:14,245 INFO [train_policy] epoch=9 val_loss=0.613135 oracle_agreement=0.7654
2026-08-28 20:26:21,469 INFO [train_policy] epoch=10 val_loss=0.613744 oracle_agreement=0.7635
2026-08-28 20:27:27,728 INFO [train_policy] epoch=11 val_loss=0.612518 oracle_agreement=0.7626
2026-08-28 20:28:29,214 INFO [train_policy] epoch=12 val_loss=0.612799 oracle_agreement=0.7642
2026-08-28 20:29:36,171 INFO [train_policy] epoch=13 val_loss=0.611673 oracle_agreement=0.7658
2026-08-28 20:30:40,780 INFO [train_policy] epoch=14 val_loss=0.611320 oracle_agreement=0.7683
2026-08-28 20:31:45,146 INFO [train_policy] epoch=15 val_loss=0.610286 oracle_agreement=0.7664
2026-08-28 20:32:52,195 INFO [train_policy] epoch=16 val_loss=0.612135 oracle_agreement=0.7657
2026-08-28 20:33:57,658 INFO [train_policy] epoch=17 val_loss=0.611041 oracle_agreement=0.7651
2026-08-28 20:35:02,078 INFO [train_policy] epoch=18 val_loss=0.610162 oracle_agreement=0.7636
2026-08-28 20:36:08,008 INFO [train_policy] epoch=19 val_loss=0.611972 oracle_agreement=0.7655
2026-08-28 20:37:15,029 INFO [train_policy] epoch=20 val_loss=0.611825 oracle_agreement=0.7652
2026-08-28 20:38:17,680 INFO [train_policy] epoch=21 val_loss=0.610676 oracle_agreement=0.7647
2026-08-28 20:39:19,827 INFO [train_policy] epoch=22 val_loss=0.610983 oracle_agreement=0.7655
2026-08-28 20:40:26,674 INFO [train_policy] epoch=23 val_loss=0.609286 oracle_agreement=0.7672
2026-08-28 20:41:26,527 INFO [train_policy] epoch=24 val_loss=0.609377 oracle_agreement=0.7647
2026-08-28 20:42:33,392 INFO [train_policy] epoch=25 val_loss=0.610033 oracle_agreement=0.7681
2026-08-28 20:43:37,184 INFO [train_policy] epoch=26 val_loss=0.609709 oracle_agreement=0.7636
2026-08-28 20:44:44,508 INFO [train_policy] epoch=27 val_loss=0.610048 oracle_agreement=0.7643
2026-08-28 20:45:52,741 INFO [train_policy] epoch=28 val_loss=0.610812 oracle_agreement=0.7605
{
  "encoder": "deep_sets",
  "gru_condition": "standard",
  "cost_multiplier": 0.2,
  "target_kind": "voi",
  "limit": null,
  "seed": 43,
  "pilot": false,
  "config_approval": "APPROVED",
  "output": "outputs/week6_checkpoints/policy_deep_sets_standard_lambda0p2_seed43.best.pt"
}
{
  "format_version": "week6_policy_validation_v1",
  "is_valid": true,
  "fit_split": "train",
  "selection_split": "val",
  "calibration_used": false,
  "test_used": false,
  "encoder_name": "deep_sets",
  "gru_condition": "standard",
  "seed": 43,
  "cost_multiplier": 0.2,
  "target_kind": "voi",
  "train_rows": 436429,
  "validation_rows": 60483,
  "best_epoch": 23,
  "metrics": {
    "total": 0.6092861890743573,
    "ranking": 0.07059996059108695,
    "mse": 0.6040359249944053,
    "action_ce": 0.7753544951631143,
    "best_action_accuracy": 0.7671742473091613,
    "stop_prediction_rate": 0.5503695253211647,
    "row_count": 60483
  },
  "checkpoint_path": "outputs/week6_checkpoints/policy_deep_sets_standard_lambda0p2_seed43.best.pt",
  "checkpoint_sha256": "41872933179fdeb2e6345d1b5cdeda06a3d1b528a7d60a7b25210cc797223465",
  "config_sha256": "33e88aa1bbc4dbaa47309015be7e6e188523dcdf5416cf64d1703aa4c442c9eb",
  "source_manifest_sha256": "80886682b9ebb933236ec2af1a04582b24499e8595f058813baaf9b0b8a8f286",
  "diagnostic_checkpoint_sha256": "2e680eb8ff7859b0420577f0ffb3b06810e6f863deac25b87d7fb3170bf2fb06",
  "vector_manifest_sha256": "1fac2c343e57ca8b6702c4e6a282a7b86a48042a6d133ba84612b5b1c50201ae",
  "week5_freeze_sha256": "d6323ee4dae857fbb6bdca8df392f743924f319339c4e21935d68ebda389a858",
  "limit": null,
  "report_sha256": "dfcc9f0459d4b9ed7dc07ef362ec0706852657d424a1bfb1374fce0da75684e7"
}
	Command being timed: "env CUDA_VISIBLE_DEVICES=0 PYTHONPATH=src python scripts/train_policy.py --config configs/experiments/policy_train.yaml --manifest_path outputs/week5_data/vectorized_manifest.json --voi_manifest outputs/week6_voi/voi_manifest.json --diagnostic_checkpoint outputs/week5_checkpoints/diag_deep_sets_standard_seed42.best.pt --freeze_manifest outputs/week5_reports/week5_encoder_freeze.json --cost_multiplier 0.2 --target_kind voi --seed 43 --device cuda:0 --output_dir outputs/week6_checkpoints --resume"
	User time (seconds): 2017.78
	System time (seconds): 11.37
	Percent of CPU this job got: 101%
	Elapsed (wall clock) time (h:mm:ss or m:ss): 33:27.75
	Average shared text size (kbytes): 0
	Average unshared data size (kbytes): 0
	Average stack size (kbytes): 0
	Average total size (kbytes): 0
	Maximum resident set size (kbytes): 7227216
	Average resident set size (kbytes): 0
	Major (requiring I/O) page faults: 0
	Minor (reclaiming a frame) page faults: 1799704
	Voluntary context switches: 74540
	Involuntary context switches: 162269
	Swaps: 0
	File system inputs: 0
	File system outputs: 38616
	Socket messages sent: 0
	Socket messages received: 0
	Signals delivered: 0
	Page size (bytes): 4096
	Exit status: 0
seed=43, lambda=0.2, exit_code=0
