===== seed=44, lambda=0.1 =====
2026-08-28 22:13:49,234 INFO [train_policy] epoch=0 val_loss=0.595190 oracle_agreement=0.7835
2026-08-28 22:14:55,005 INFO [train_policy] epoch=1 val_loss=0.590379 oracle_agreement=0.7868
2026-08-28 22:16:02,514 INFO [train_policy] epoch=2 val_loss=0.587256 oracle_agreement=0.7835
2026-08-28 22:17:05,024 INFO [train_policy] epoch=3 val_loss=0.586938 oracle_agreement=0.7895
2026-08-28 22:18:11,512 INFO [train_policy] epoch=4 val_loss=0.585329 oracle_agreement=0.7943
2026-08-28 22:19:18,139 INFO [train_policy] epoch=5 val_loss=0.583393 oracle_agreement=0.7954
2026-08-28 22:20:23,966 INFO [train_policy] epoch=6 val_loss=0.584995 oracle_agreement=0.7936
2026-08-28 22:21:24,598 INFO [train_policy] epoch=7 val_loss=0.583796 oracle_agreement=0.7936
2026-08-28 22:22:31,524 INFO [train_policy] epoch=8 val_loss=0.583172 oracle_agreement=0.7933
2026-08-28 22:23:38,626 INFO [train_policy] epoch=9 val_loss=0.582024 oracle_agreement=0.7922
2026-08-28 22:24:45,984 INFO [train_policy] epoch=10 val_loss=0.582167 oracle_agreement=0.7891
2026-08-28 22:25:53,301 INFO [train_policy] epoch=11 val_loss=0.582236 oracle_agreement=0.7902
2026-08-28 22:26:56,913 INFO [train_policy] epoch=12 val_loss=0.582357 oracle_agreement=0.7943
2026-08-28 22:28:03,465 INFO [train_policy] epoch=13 val_loss=0.581013 oracle_agreement=0.7962
2026-08-28 22:29:08,252 INFO [train_policy] epoch=14 val_loss=0.581595 oracle_agreement=0.7955
2026-08-28 22:30:11,576 INFO [train_policy] epoch=15 val_loss=0.582176 oracle_agreement=0.7946
2026-08-28 22:31:04,382 INFO [train_policy] epoch=16 val_loss=0.580834 oracle_agreement=0.7959
2026-08-28 22:31:57,618 INFO [train_policy] epoch=17 val_loss=0.580011 oracle_agreement=0.7983
2026-08-28 22:32:57,932 INFO [train_policy] epoch=18 val_loss=0.580557 oracle_agreement=0.7971
2026-08-28 22:34:03,651 INFO [train_policy] epoch=19 val_loss=0.581487 oracle_agreement=0.7939
2026-08-28 22:35:08,031 INFO [train_policy] epoch=20 val_loss=0.580097 oracle_agreement=0.7961
2026-08-28 22:36:14,229 INFO [train_policy] epoch=21 val_loss=0.579622 oracle_agreement=0.7970
2026-08-28 22:37:20,209 INFO [train_policy] epoch=22 val_loss=0.581416 oracle_agreement=0.7972
2026-08-28 22:38:26,474 INFO [train_policy] epoch=23 val_loss=0.580189 oracle_agreement=0.7972
2026-08-28 22:39:28,642 INFO [train_policy] epoch=24 val_loss=0.579830 oracle_agreement=0.7963
2026-08-28 22:40:31,716 INFO [train_policy] epoch=25 val_loss=0.578638 oracle_agreement=0.7930
2026-08-28 22:41:34,673 INFO [train_policy] epoch=26 val_loss=0.578808 oracle_agreement=0.7991
2026-08-28 22:42:38,339 INFO [train_policy] epoch=27 val_loss=0.579471 oracle_agreement=0.7971
2026-08-28 22:43:43,016 INFO [train_policy] epoch=28 val_loss=0.578714 oracle_agreement=0.7976
2026-08-28 22:44:44,514 INFO [train_policy] epoch=29 val_loss=0.578602 oracle_agreement=0.7974
{
  "encoder": "deep_sets",
  "gru_condition": "standard",
  "cost_multiplier": 0.1,
  "target_kind": "voi",
  "limit": null,
  "seed": 44,
  "pilot": false,
  "config_approval": "APPROVED",
  "output": "outputs/week6_checkpoints/policy_deep_sets_standard_lambda0p1_seed44.best.pt"
}
{
  "format_version": "week6_policy_validation_v1",
  "is_valid": true,
  "fit_split": "train",
  "selection_split": "val",
  "calibration_used": false,
  "test_used": false,
  "encoder_name": "deep_sets",
  "gru_condition": "standard",
  "seed": 44,
  "cost_multiplier": 0.1,
  "target_kind": "voi",
  "train_rows": 436429,
  "validation_rows": 60483,
  "best_epoch": 29,
  "metrics": {
    "total": 0.5786016939436635,
    "ranking": 0.07343569132253874,
    "mse": 0.6101479977288007,
    "action_ce": 0.7052580035389344,
    "best_action_accuracy": 0.7973645487161681,
    "stop_prediction_rate": 0.5307607096208852,
    "row_count": 60483
  },
  "checkpoint_path": "outputs/week6_checkpoints/policy_deep_sets_standard_lambda0p1_seed44.best.pt",
  "checkpoint_sha256": "664aacdc32a5436d2846964adc10af1e7ba4cada52e2c9a2c5e7b7a3915bba91",
  "config_sha256": "33e88aa1bbc4dbaa47309015be7e6e188523dcdf5416cf64d1703aa4c442c9eb",
  "source_manifest_sha256": "80886682b9ebb933236ec2af1a04582b24499e8595f058813baaf9b0b8a8f286",
  "diagnostic_checkpoint_sha256": "2e680eb8ff7859b0420577f0ffb3b06810e6f863deac25b87d7fb3170bf2fb06",
  "vector_manifest_sha256": "1fac2c343e57ca8b6702c4e6a282a7b86a48042a6d133ba84612b5b1c50201ae",
  "week5_freeze_sha256": "d6323ee4dae857fbb6bdca8df392f743924f319339c4e21935d68ebda389a858",
  "limit": null,
  "report_sha256": "ac7a4557a4e37829bebe9e60198ff0966b749df21b5cd079fc2bd5a59daed326"
}
	Command being timed: "env CUDA_VISIBLE_DEVICES=0 PYTHONPATH=src python scripts/train_policy.py --config configs/experiments/policy_train.yaml --manifest_path outputs/week5_data/vectorized_manifest.json --voi_manifest outputs/week6_voi/voi_manifest.json --diagnostic_checkpoint outputs/week5_checkpoints/diag_deep_sets_standard_seed42.best.pt --freeze_manifest outputs/week5_reports/week5_encoder_freeze.json --cost_multiplier 0.1 --target_kind voi --seed 44 --device cuda:0 --output_dir outputs/week6_checkpoints --resume"
	User time (seconds): 2041.04
	System time (seconds): 11.51
	Percent of CPU this job got: 101%
	Elapsed (wall clock) time (h:mm:ss or m:ss): 33:49.37
	Average shared text size (kbytes): 0
	Average unshared data size (kbytes): 0
	Average stack size (kbytes): 0
	Average total size (kbytes): 0
	Maximum resident set size (kbytes): 7231992
	Average resident set size (kbytes): 0
	Major (requiring I/O) page faults: 9
	Minor (reclaiming a frame) page faults: 1808280
	Voluntary context switches: 76640
	Involuntary context switches: 159168
	Swaps: 0
	File system inputs: 7000
	File system outputs: 40480
	Socket messages sent: 0
	Socket messages received: 0
	Signals delivered: 0
	Page size (bytes): 4096
	Exit status: 0
seed=44, lambda=0.1, exit_code=0
