===== seed=44, lambda=0.4 =====
2026-08-28 23:20:48,128 INFO [train_policy] epoch=0 val_loss=0.619913 oracle_agreement=0.7521
2026-08-28 23:21:54,221 INFO [train_policy] epoch=1 val_loss=0.615024 oracle_agreement=0.7505
2026-08-28 23:23:01,621 INFO [train_policy] epoch=2 val_loss=0.611846 oracle_agreement=0.7507
2026-08-28 23:24:04,732 INFO [train_policy] epoch=3 val_loss=0.610003 oracle_agreement=0.7573
2026-08-28 23:25:05,982 INFO [train_policy] epoch=4 val_loss=0.608860 oracle_agreement=0.7573
2026-08-28 23:26:11,186 INFO [train_policy] epoch=5 val_loss=0.606925 oracle_agreement=0.7590
2026-08-28 23:27:10,052 INFO [train_policy] epoch=6 val_loss=0.608000 oracle_agreement=0.7595
2026-08-28 23:28:17,030 INFO [train_policy] epoch=7 val_loss=0.607251 oracle_agreement=0.7567
2026-08-28 23:29:22,663 INFO [train_policy] epoch=8 val_loss=0.607785 oracle_agreement=0.7580
2026-08-28 23:30:26,605 INFO [train_policy] epoch=9 val_loss=0.606205 oracle_agreement=0.7559
2026-08-28 23:31:31,927 INFO [train_policy] epoch=10 val_loss=0.606288 oracle_agreement=0.7571
2026-08-28 23:32:35,114 INFO [train_policy] epoch=11 val_loss=0.605999 oracle_agreement=0.7569
2026-08-28 23:33:41,086 INFO [train_policy] epoch=12 val_loss=0.607718 oracle_agreement=0.7592
2026-08-28 23:34:44,038 INFO [train_policy] epoch=13 val_loss=0.604159 oracle_agreement=0.7609
2026-08-28 23:35:45,785 INFO [train_policy] epoch=14 val_loss=0.603884 oracle_agreement=0.7600
2026-08-28 23:36:47,440 INFO [train_policy] epoch=15 val_loss=0.605645 oracle_agreement=0.7596
2026-08-28 23:37:51,871 INFO [train_policy] epoch=16 val_loss=0.604114 oracle_agreement=0.7588
2026-08-28 23:38:53,948 INFO [train_policy] epoch=17 val_loss=0.603367 oracle_agreement=0.7616
2026-08-28 23:39:57,923 INFO [train_policy] epoch=18 val_loss=0.603363 oracle_agreement=0.7625
2026-08-28 23:41:02,025 INFO [train_policy] epoch=19 val_loss=0.603947 oracle_agreement=0.7577
2026-08-28 23:42:07,041 INFO [train_policy] epoch=20 val_loss=0.603031 oracle_agreement=0.7614
2026-08-28 23:43:34,981 INFO [train_policy] epoch=21 val_loss=0.603063 oracle_agreement=0.7588
2026-08-28 23:44:55,973 INFO [train_policy] epoch=22 val_loss=0.602432 oracle_agreement=0.7630
2026-08-28 23:46:14,531 INFO [train_policy] epoch=23 val_loss=0.602745 oracle_agreement=0.7610
2026-08-28 23:47:58,598 INFO [train_policy] epoch=24 val_loss=0.601998 oracle_agreement=0.7599
2026-08-28 23:49:03,795 INFO [train_policy] epoch=25 val_loss=0.603102 oracle_agreement=0.7588
2026-08-28 23:50:07,878 INFO [train_policy] epoch=26 val_loss=0.602255 oracle_agreement=0.7625
2026-08-28 23:51:14,646 INFO [train_policy] epoch=27 val_loss=0.602724 oracle_agreement=0.7612
2026-08-28 23:52:21,821 INFO [train_policy] epoch=28 val_loss=0.602497 oracle_agreement=0.7606
2026-08-28 23:53:28,750 INFO [train_policy] epoch=29 val_loss=0.601881 oracle_agreement=0.7629
{
  "encoder": "deep_sets",
  "gru_condition": "standard",
  "cost_multiplier": 0.4,
  "target_kind": "voi",
  "limit": null,
  "seed": 44,
  "pilot": false,
  "config_approval": "APPROVED",
  "output": "outputs/week6_checkpoints/policy_deep_sets_standard_lambda0p4_seed44.best.pt"
}
{
  "format_version": "week6_policy_validation_v1",
  "is_valid": true,
  "fit_split": "train",
  "selection_split": "val",
  "calibration_used": false,
  "test_used": false,
  "encoder_name": "deep_sets",
  "gru_condition": "standard",
  "seed": 44,
  "cost_multiplier": 0.4,
  "target_kind": "voi",
  "train_rows": 436429,
  "validation_rows": 60483,
  "best_epoch": 29,
  "metrics": {
    "total": 0.6018806799393555,
    "ranking": 0.0685658558546327,
    "mse": 0.5900130535349507,
    "action_ce": 0.7716231184571165,
    "best_action_accuracy": 0.7629251194550535,
    "stop_prediction_rate": 0.5614800853132285,
    "row_count": 60483
  },
  "checkpoint_path": "outputs/week6_checkpoints/policy_deep_sets_standard_lambda0p4_seed44.best.pt",
  "checkpoint_sha256": "075e453c7d9bae0cb00d0ce4c71bda256b9f0bab8ff30d5e19a49bb85c88314f",
  "config_sha256": "33e88aa1bbc4dbaa47309015be7e6e188523dcdf5416cf64d1703aa4c442c9eb",
  "source_manifest_sha256": "80886682b9ebb933236ec2af1a04582b24499e8595f058813baaf9b0b8a8f286",
  "diagnostic_checkpoint_sha256": "2e680eb8ff7859b0420577f0ffb3b06810e6f863deac25b87d7fb3170bf2fb06",
  "vector_manifest_sha256": "1fac2c343e57ca8b6702c4e6a282a7b86a48042a6d133ba84612b5b1c50201ae",
  "week5_freeze_sha256": "d6323ee4dae857fbb6bdca8df392f743924f319339c4e21935d68ebda389a858",
  "limit": null,
  "report_sha256": "5bed4e1202cd51e699c4653935fd60d53d503cd61b1f26631310692e22b568c2"
}
	Command being timed: "env CUDA_VISIBLE_DEVICES=0 PYTHONPATH=src python scripts/train_policy.py --config configs/experiments/policy_train.yaml --manifest_path outputs/week5_data/vectorized_manifest.json --voi_manifest outputs/week6_voi/voi_manifest.json --diagnostic_checkpoint outputs/week5_checkpoints/diag_deep_sets_standard_seed42.best.pt --freeze_manifest outputs/week5_reports/week5_encoder_freeze.json --cost_multiplier 0.4 --target_kind voi --seed 44 --device cuda:0 --output_dir outputs/week6_checkpoints --resume"
	User time (seconds): 2143.58
	System time (seconds): 11.13
	Percent of CPU this job got: 101%
	Elapsed (wall clock) time (h:mm:ss or m:ss): 35:32.86
	Average shared text size (kbytes): 0
	Average unshared data size (kbytes): 0
	Average stack size (kbytes): 0
	Average total size (kbytes): 0
	Maximum resident set size (kbytes): 7222520
	Average resident set size (kbytes): 0
	Major (requiring I/O) page faults: 0
	Minor (reclaiming a frame) page faults: 1801928
	Voluntary context switches: 77841
	Involuntary context switches: 254559
	Swaps: 0
	File system inputs: 0
	File system outputs: 42320
	Socket messages sent: 0
	Socket messages received: 0
	Signals delivered: 0
	Page size (bytes): 4096
	Exit status: 0
seed=44, lambda=0.4, exit_code=0
