===== seed=43, lambda=0 =====
2026-08-28 18:48:42,273 INFO [train_policy] epoch=0 val_loss=0.571125 oracle_agreement=0.7990
2026-08-28 18:49:48,044 INFO [train_policy] epoch=1 val_loss=0.565892 oracle_agreement=0.8007
2026-08-28 18:50:53,607 INFO [train_policy] epoch=2 val_loss=0.562874 oracle_agreement=0.8015
2026-08-28 18:51:56,768 INFO [train_policy] epoch=3 val_loss=0.562765 oracle_agreement=0.8028
2026-08-28 18:53:02,489 INFO [train_policy] epoch=4 val_loss=0.560834 oracle_agreement=0.8029
2026-08-28 18:54:06,716 INFO [train_policy] epoch=5 val_loss=0.559339 oracle_agreement=0.8030
2026-08-28 18:55:13,126 INFO [train_policy] epoch=6 val_loss=0.557774 oracle_agreement=0.8065
2026-08-28 18:56:16,951 INFO [train_policy] epoch=7 val_loss=0.557334 oracle_agreement=0.8037
2026-08-28 18:57:23,137 INFO [train_policy] epoch=8 val_loss=0.557468 oracle_agreement=0.8042
2026-08-28 18:58:25,930 INFO [train_policy] epoch=9 val_loss=0.556714 oracle_agreement=0.8044
2026-08-28 18:59:29,167 INFO [train_policy] epoch=10 val_loss=0.556951 oracle_agreement=0.8045
2026-08-28 19:00:31,491 INFO [train_policy] epoch=11 val_loss=0.555615 oracle_agreement=0.8063
2026-08-28 19:01:37,986 INFO [train_policy] epoch=12 val_loss=0.555169 oracle_agreement=0.8059
2026-08-28 19:02:39,338 INFO [train_policy] epoch=13 val_loss=0.555213 oracle_agreement=0.8077
2026-08-28 19:03:42,292 INFO [train_policy] epoch=14 val_loss=0.555760 oracle_agreement=0.8072
2026-08-28 19:04:40,805 INFO [train_policy] epoch=15 val_loss=0.555136 oracle_agreement=0.8060
2026-08-28 19:05:44,411 INFO [train_policy] epoch=16 val_loss=0.555547 oracle_agreement=0.8066
2026-08-28 19:06:49,923 INFO [train_policy] epoch=17 val_loss=0.554548 oracle_agreement=0.8060
2026-08-28 19:07:51,306 INFO [train_policy] epoch=18 val_loss=0.554663 oracle_agreement=0.8048
2026-08-28 19:08:56,079 INFO [train_policy] epoch=19 val_loss=0.555414 oracle_agreement=0.8042
2026-08-28 19:09:56,309 INFO [train_policy] epoch=20 val_loss=0.556147 oracle_agreement=0.8033
2026-08-28 19:10:57,580 INFO [train_policy] epoch=21 val_loss=0.555032 oracle_agreement=0.8072
2026-08-28 19:12:03,517 INFO [train_policy] epoch=22 val_loss=0.555431 oracle_agreement=0.8067
{
  "encoder": "deep_sets",
  "gru_condition": "standard",
  "cost_multiplier": 0.0,
  "target_kind": "voi",
  "limit": null,
  "seed": 43,
  "pilot": false,
  "config_approval": "APPROVED",
  "output": "outputs/week6_checkpoints/policy_deep_sets_standard_lambda0_seed43.best.pt"
}
{
  "format_version": "week6_policy_validation_v1",
  "is_valid": true,
  "fit_split": "train",
  "selection_split": "val",
  "calibration_used": false,
  "test_used": false,
  "encoder_name": "deep_sets",
  "gru_condition": "standard",
  "seed": 43,
  "cost_multiplier": 0.0,
  "target_kind": "voi",
  "train_rows": 436429,
  "validation_rows": 60483,
  "best_epoch": 17,
  "metrics": {
    "total": 0.5545477027933117,
    "ranking": 0.0757146156566605,
    "mse": 0.610749040500943,
    "action_ce": 0.6522916512477257,
    "best_action_accuracy": 0.8059620058528842,
    "stop_prediction_rate": 0.3990377461435445,
    "row_count": 60483
  },
  "checkpoint_path": "outputs/week6_checkpoints/policy_deep_sets_standard_lambda0_seed43.best.pt",
  "checkpoint_sha256": "8fa3ca44e96695a2b3b7f6b0636c76990ff5a33fbdd549b32e1c3cdae0d56d8f",
  "config_sha256": "33e88aa1bbc4dbaa47309015be7e6e188523dcdf5416cf64d1703aa4c442c9eb",
  "source_manifest_sha256": "80886682b9ebb933236ec2af1a04582b24499e8595f058813baaf9b0b8a8f286",
  "diagnostic_checkpoint_sha256": "2e680eb8ff7859b0420577f0ffb3b06810e6f863deac25b87d7fb3170bf2fb06",
  "vector_manifest_sha256": "1fac2c343e57ca8b6702c4e6a282a7b86a48042a6d133ba84612b5b1c50201ae",
  "week5_freeze_sha256": "d6323ee4dae857fbb6bdca8df392f743924f319339c4e21935d68ebda389a858",
  "limit": null,
  "report_sha256": "00eadb54d491490eed401d126d43dfbad8d7a26b2f11f5c873841d3aa4b154a5"
}
	Command being timed: "env CUDA_VISIBLE_DEVICES=0 PYTHONPATH=src python scripts/train_policy.py --config configs/experiments/policy_train.yaml --manifest_path outputs/week5_data/vectorized_manifest.json --voi_manifest outputs/week6_voi/voi_manifest.json --diagnostic_checkpoint outputs/week5_checkpoints/diag_deep_sets_standard_seed42.best.pt --freeze_manifest outputs/week5_reports/week5_encoder_freeze.json --cost_multiplier 0 --target_kind voi --seed 43 --device cuda:0 --output_dir outputs/week6_checkpoints --resume"
	User time (seconds): 1582.26
	System time (seconds): 11.33
	Percent of CPU this job got: 101%
	Elapsed (wall clock) time (h:mm:ss or m:ss): 26:15.34
	Average shared text size (kbytes): 0
	Average unshared data size (kbytes): 0
	Average stack size (kbytes): 0
	Average total size (kbytes): 0
	Maximum resident set size (kbytes): 7245316
	Average resident set size (kbytes): 0
	Major (requiring I/O) page faults: 0
	Minor (reclaiming a frame) page faults: 1814259
	Voluntary context switches: 58808
	Involuntary context switches: 205365
	Swaps: 0
	File system inputs: 0
	File system outputs: 33056
	Socket messages sent: 0
	Socket messages received: 0
	Signals delivered: 0
	Page size (bytes): 4096
	Exit status: 0
seed=43, lambda=0, exit_code=0
