===== seed=43, lambda=0.4 =====
2026-08-28 20:48:42,975 INFO [train_policy] epoch=0 val_loss=0.620328 oracle_agreement=0.7494
2026-08-28 20:49:45,815 INFO [train_policy] epoch=1 val_loss=0.614907 oracle_agreement=0.7529
2026-08-28 20:50:47,321 INFO [train_policy] epoch=2 val_loss=0.612439 oracle_agreement=0.7541
2026-08-28 20:51:50,317 INFO [train_policy] epoch=3 val_loss=0.611192 oracle_agreement=0.7557
2026-08-28 20:52:54,144 INFO [train_policy] epoch=4 val_loss=0.610237 oracle_agreement=0.7564
2026-08-28 20:53:59,681 INFO [train_policy] epoch=5 val_loss=0.608548 oracle_agreement=0.7560
2026-08-28 20:55:05,519 INFO [train_policy] epoch=6 val_loss=0.606693 oracle_agreement=0.7620
2026-08-28 20:56:10,132 INFO [train_policy] epoch=7 val_loss=0.608532 oracle_agreement=0.7588
2026-08-28 20:57:12,642 INFO [train_policy] epoch=8 val_loss=0.606979 oracle_agreement=0.7555
2026-08-28 20:58:14,811 INFO [train_policy] epoch=9 val_loss=0.605156 oracle_agreement=0.7571
2026-08-28 20:59:11,456 INFO [train_policy] epoch=10 val_loss=0.606774 oracle_agreement=0.7584
2026-08-28 21:00:15,422 INFO [train_policy] epoch=11 val_loss=0.605855 oracle_agreement=0.7557
2026-08-28 21:01:20,083 INFO [train_policy] epoch=12 val_loss=0.604696 oracle_agreement=0.7607
2026-08-28 21:02:25,463 INFO [train_policy] epoch=13 val_loss=0.605142 oracle_agreement=0.7599
2026-08-28 21:03:31,938 INFO [train_policy] epoch=14 val_loss=0.604398 oracle_agreement=0.7609
2026-08-28 21:04:34,788 INFO [train_policy] epoch=15 val_loss=0.603655 oracle_agreement=0.7599
2026-08-28 21:05:39,511 INFO [train_policy] epoch=16 val_loss=0.604949 oracle_agreement=0.7607
2026-08-28 21:06:45,429 INFO [train_policy] epoch=17 val_loss=0.604481 oracle_agreement=0.7585
2026-08-28 21:07:49,548 INFO [train_policy] epoch=18 val_loss=0.603949 oracle_agreement=0.7572
2026-08-28 21:08:56,061 INFO [train_policy] epoch=19 val_loss=0.603692 oracle_agreement=0.7611
2026-08-28 21:09:57,679 INFO [train_policy] epoch=20 val_loss=0.604397 oracle_agreement=0.7593
{
  "encoder": "deep_sets",
  "gru_condition": "standard",
  "cost_multiplier": 0.4,
  "target_kind": "voi",
  "limit": null,
  "seed": 43,
  "pilot": false,
  "config_approval": "APPROVED",
  "output": "outputs/week6_checkpoints/policy_deep_sets_standard_lambda0p4_seed43.best.pt"
}
{
  "format_version": "week6_policy_validation_v1",
  "is_valid": true,
  "fit_split": "train",
  "selection_split": "val",
  "calibration_used": false,
  "test_used": false,
  "encoder_name": "deep_sets",
  "gru_condition": "standard",
  "seed": 43,
  "cost_multiplier": 0.4,
  "target_kind": "voi",
  "train_rows": 436429,
  "validation_rows": 60483,
  "best_epoch": 15,
  "metrics": {
    "total": 0.6036554515325323,
    "ranking": 0.06597954913912955,
    "mse": 0.5803043234926378,
    "action_ce": 0.7851996462721142,
    "best_action_accuracy": 0.7599160094572028,
    "stop_prediction_rate": 0.558950448886464,
    "row_count": 60483
  },
  "checkpoint_path": "outputs/week6_checkpoints/policy_deep_sets_standard_lambda0p4_seed43.best.pt",
  "checkpoint_sha256": "dc4f90714dac2439d122e0584e4e7e1c2bd0f7fca0d53a8a1dbfd1c27375cd33",
  "config_sha256": "33e88aa1bbc4dbaa47309015be7e6e188523dcdf5416cf64d1703aa4c442c9eb",
  "source_manifest_sha256": "80886682b9ebb933236ec2af1a04582b24499e8595f058813baaf9b0b8a8f286",
  "diagnostic_checkpoint_sha256": "2e680eb8ff7859b0420577f0ffb3b06810e6f863deac25b87d7fb3170bf2fb06",
  "vector_manifest_sha256": "1fac2c343e57ca8b6702c4e6a282a7b86a48042a6d133ba84612b5b1c50201ae",
  "week5_freeze_sha256": "d6323ee4dae857fbb6bdca8df392f743924f319339c4e21935d68ebda389a858",
  "limit": null,
  "report_sha256": "bc5f6ecf43f29a6d63af37e879d34c2a01cf7f9efebc63a40e055f8f512e70ac"
}
	Command being timed: "env CUDA_VISIBLE_DEVICES=0 PYTHONPATH=src python scripts/train_policy.py --config configs/experiments/policy_train.yaml --manifest_path outputs/week5_data/vectorized_manifest.json --voi_manifest outputs/week6_voi/voi_manifest.json --diagnostic_checkpoint outputs/week5_checkpoints/diag_deep_sets_standard_seed42.best.pt --freeze_manifest outputs/week5_reports/week5_encoder_freeze.json --cost_multiplier 0.4 --target_kind voi --seed 43 --device cuda:0 --output_dir outputs/week6_checkpoints --resume"
	User time (seconds): 1451.02
	System time (seconds): 11.22
	Percent of CPU this job got: 101%
	Elapsed (wall clock) time (h:mm:ss or m:ss): 24:04.92
	Average shared text size (kbytes): 0
	Average unshared data size (kbytes): 0
	Average stack size (kbytes): 0
	Average total size (kbytes): 0
	Maximum resident set size (kbytes): 7248736
	Average resident set size (kbytes): 0
	Major (requiring I/O) page faults: 0
	Minor (reclaiming a frame) page faults: 1795064
	Voluntary context switches: 53626
	Involuntary context switches: 244581
	Swaps: 0
	File system inputs: 184
	File system outputs: 29384
	Socket messages sent: 0
	Socket messages received: 0
	Signals delivered: 0
	Page size (bytes): 4096
	Exit status: 0
seed=43, lambda=0.4, exit_code=0
