===== seed=43, lambda=0.1 =====
2026-08-28 19:49:34,160 INFO [train_policy] epoch=0 val_loss=0.595351 oracle_agreement=0.7802
2026-08-28 19:50:38,836 INFO [train_policy] epoch=1 val_loss=0.590584 oracle_agreement=0.7892
2026-08-28 19:51:44,805 INFO [train_policy] epoch=2 val_loss=0.587348 oracle_agreement=0.7899
2026-08-28 19:52:45,690 INFO [train_policy] epoch=3 val_loss=0.588466 oracle_agreement=0.7927
2026-08-28 19:53:49,665 INFO [train_policy] epoch=4 val_loss=0.585913 oracle_agreement=0.7901
2026-08-28 19:54:56,088 INFO [train_policy] epoch=5 val_loss=0.585149 oracle_agreement=0.7936
2026-08-28 19:56:00,201 INFO [train_policy] epoch=6 val_loss=0.583241 oracle_agreement=0.7965
2026-08-28 19:57:07,621 INFO [train_policy] epoch=7 val_loss=0.583368 oracle_agreement=0.7942
2026-08-28 19:58:12,388 INFO [train_policy] epoch=8 val_loss=0.582950 oracle_agreement=0.7927
2026-08-28 19:59:18,437 INFO [train_policy] epoch=9 val_loss=0.582903 oracle_agreement=0.7932
2026-08-28 20:00:23,761 INFO [train_policy] epoch=10 val_loss=0.582195 oracle_agreement=0.7940
2026-08-28 20:01:31,814 INFO [train_policy] epoch=11 val_loss=0.581468 oracle_agreement=0.7927
2026-08-28 20:02:36,925 INFO [train_policy] epoch=12 val_loss=0.581877 oracle_agreement=0.7946
2026-08-28 20:03:38,208 INFO [train_policy] epoch=13 val_loss=0.580655 oracle_agreement=0.7949
2026-08-28 20:04:44,373 INFO [train_policy] epoch=14 val_loss=0.580464 oracle_agreement=0.7984
2026-08-28 20:05:49,780 INFO [train_policy] epoch=15 val_loss=0.580428 oracle_agreement=0.7967
2026-08-28 20:06:54,939 INFO [train_policy] epoch=16 val_loss=0.580295 oracle_agreement=0.7991
2026-08-28 20:07:59,208 INFO [train_policy] epoch=17 val_loss=0.581317 oracle_agreement=0.7951
2026-08-28 20:09:06,008 INFO [train_policy] epoch=18 val_loss=0.581665 oracle_agreement=0.7920
2026-08-28 20:10:13,127 INFO [train_policy] epoch=19 val_loss=0.580644 oracle_agreement=0.7964
2026-08-28 20:11:18,638 INFO [train_policy] epoch=20 val_loss=0.581481 oracle_agreement=0.7956
2026-08-28 20:12:24,725 INFO [train_policy] epoch=21 val_loss=0.580446 oracle_agreement=0.7943
{
  "encoder": "deep_sets",
  "gru_condition": "standard",
  "cost_multiplier": 0.1,
  "target_kind": "voi",
  "limit": null,
  "seed": 43,
  "pilot": false,
  "config_approval": "APPROVED",
  "output": "outputs/week6_checkpoints/policy_deep_sets_standard_lambda0p1_seed43.best.pt"
}
{
  "format_version": "week6_policy_validation_v1",
  "is_valid": true,
  "fit_split": "train",
  "selection_split": "val",
  "calibration_used": false,
  "test_used": false,
  "encoder_name": "deep_sets",
  "gru_condition": "standard",
  "seed": 43,
  "cost_multiplier": 0.1,
  "target_kind": "voi",
  "train_rows": 436429,
  "validation_rows": 60483,
  "best_epoch": 16,
  "metrics": {
    "total": 0.5802950476576384,
    "ranking": 0.07107218134562975,
    "mse": 0.6188171621908904,
    "action_ce": 0.7090371431409254,
    "best_action_accuracy": 0.7991171072863449,
    "stop_prediction_rate": 0.5361506539027495,
    "row_count": 60483
  },
  "checkpoint_path": "outputs/week6_checkpoints/policy_deep_sets_standard_lambda0p1_seed43.best.pt",
  "checkpoint_sha256": "a4ce04bbac6236c41fa551cd128635367d2c6b9658a35b0aaec004834004f75f",
  "config_sha256": "33e88aa1bbc4dbaa47309015be7e6e188523dcdf5416cf64d1703aa4c442c9eb",
  "source_manifest_sha256": "80886682b9ebb933236ec2af1a04582b24499e8595f058813baaf9b0b8a8f286",
  "diagnostic_checkpoint_sha256": "2e680eb8ff7859b0420577f0ffb3b06810e6f863deac25b87d7fb3170bf2fb06",
  "vector_manifest_sha256": "1fac2c343e57ca8b6702c4e6a282a7b86a48042a6d133ba84612b5b1c50201ae",
  "week5_freeze_sha256": "d6323ee4dae857fbb6bdca8df392f743924f319339c4e21935d68ebda389a858",
  "limit": null,
  "report_sha256": "424da7266226e7a9c08df38a1a984fd14c064f9b46eb6ba09c74a90c9b87507f"
}
	Command being timed: "env CUDA_VISIBLE_DEVICES=0 PYTHONPATH=src python scripts/train_policy.py --config configs/experiments/policy_train.yaml --manifest_path outputs/week5_data/vectorized_manifest.json --voi_manifest outputs/week6_voi/voi_manifest.json --diagnostic_checkpoint outputs/week5_checkpoints/diag_deep_sets_standard_seed42.best.pt --freeze_manifest outputs/week5_reports/week5_encoder_freeze.json --cost_multiplier 0.1 --target_kind voi --seed 43 --device cuda:0 --output_dir outputs/week6_checkpoints --resume"
	User time (seconds): 1551.35
	System time (seconds): 11.77
	Percent of CPU this job got: 101%
	Elapsed (wall clock) time (h:mm:ss or m:ss): 25:45.25
	Average shared text size (kbytes): 0
	Average unshared data size (kbytes): 0
	Average stack size (kbytes): 0
	Average total size (kbytes): 0
	Maximum resident set size (kbytes): 7213576
	Average resident set size (kbytes): 0
	Major (requiring I/O) page faults: 0
	Minor (reclaiming a frame) page faults: 1802036
	Voluntary context switches: 56632
	Involuntary context switches: 157323
	Swaps: 0
	File system inputs: 0
	File system outputs: 33072
	Socket messages sent: 0
	Socket messages received: 0
	Signals delivered: 0
	Page size (bytes): 4096
	Exit status: 0
seed=43, lambda=0.1, exit_code=0
