===== seed=44, lambda=0.05 =====
2026-08-28 21:46:48,660 INFO [train_policy] epoch=0 val_loss=0.589558 oracle_agreement=0.7896
2026-08-28 21:47:54,852 INFO [train_policy] epoch=1 val_loss=0.583429 oracle_agreement=0.7916
2026-08-28 21:49:02,754 INFO [train_policy] epoch=2 val_loss=0.581551 oracle_agreement=0.7907
2026-08-28 21:50:05,692 INFO [train_policy] epoch=3 val_loss=0.580811 oracle_agreement=0.7965
2026-08-28 21:51:12,849 INFO [train_policy] epoch=4 val_loss=0.579016 oracle_agreement=0.7958
2026-08-28 21:52:18,278 INFO [train_policy] epoch=5 val_loss=0.576882 oracle_agreement=0.7983
2026-08-28 21:53:26,222 INFO [train_policy] epoch=6 val_loss=0.577939 oracle_agreement=0.7973
2026-08-28 21:54:27,985 INFO [train_policy] epoch=7 val_loss=0.576810 oracle_agreement=0.7971
2026-08-28 21:55:33,639 INFO [train_policy] epoch=8 val_loss=0.576212 oracle_agreement=0.7963
2026-08-28 21:56:35,314 INFO [train_policy] epoch=9 val_loss=0.575705 oracle_agreement=0.7990
2026-08-28 21:57:36,249 INFO [train_policy] epoch=10 val_loss=0.575013 oracle_agreement=0.7945
2026-08-28 21:58:42,278 INFO [train_policy] epoch=11 val_loss=0.575637 oracle_agreement=0.7963
2026-08-28 21:59:56,803 INFO [train_policy] epoch=12 val_loss=0.574670 oracle_agreement=0.8002
2026-08-28 22:01:04,063 INFO [train_policy] epoch=13 val_loss=0.574196 oracle_agreement=0.7993
2026-08-28 22:02:17,588 INFO [train_policy] epoch=14 val_loss=0.575381 oracle_agreement=0.7997
2026-08-28 22:03:20,611 INFO [train_policy] epoch=15 val_loss=0.574807 oracle_agreement=0.7988
2026-08-28 22:04:27,693 INFO [train_policy] epoch=16 val_loss=0.574075 oracle_agreement=0.7997
2026-08-28 22:05:28,257 INFO [train_policy] epoch=17 val_loss=0.572828 oracle_agreement=0.8029
2026-08-28 22:06:30,021 INFO [train_policy] epoch=18 val_loss=0.573118 oracle_agreement=0.8002
2026-08-28 22:07:37,466 INFO [train_policy] epoch=19 val_loss=0.573986 oracle_agreement=0.8004
2026-08-28 22:08:43,337 INFO [train_policy] epoch=20 val_loss=0.573164 oracle_agreement=0.8003
2026-08-28 22:09:50,615 INFO [train_policy] epoch=21 val_loss=0.573255 oracle_agreement=0.8005
2026-08-28 22:10:55,021 INFO [train_policy] epoch=22 val_loss=0.573676 oracle_agreement=0.8021
{
  "encoder": "deep_sets",
  "gru_condition": "standard",
  "cost_multiplier": 0.05,
  "target_kind": "voi",
  "limit": null,
  "seed": 44,
  "pilot": false,
  "config_approval": "APPROVED",
  "output": "outputs/week6_checkpoints/policy_deep_sets_standard_lambda0p05_seed44.best.pt"
}
{
  "format_version": "week6_policy_validation_v1",
  "is_valid": true,
  "fit_split": "train",
  "selection_split": "val",
  "calibration_used": false,
  "test_used": false,
  "encoder_name": "deep_sets",
  "gru_condition": "standard",
  "seed": 44,
  "cost_multiplier": 0.05,
  "target_kind": "voi",
  "train_rows": 436429,
  "validation_rows": 60483,
  "best_epoch": 17,
  "metrics": {
    "total": 0.5728279550958952,
    "ranking": 0.07503209228976473,
    "mse": 0.6128058747505895,
    "action_ce": 0.6891887890268267,
    "best_action_accuracy": 0.8029198287122001,
    "stop_prediction_rate": 0.5007522774994626,
    "row_count": 60483
  },
  "checkpoint_path": "outputs/week6_checkpoints/policy_deep_sets_standard_lambda0p05_seed44.best.pt",
  "checkpoint_sha256": "5df30ba3040854a987ade7be24d3b69d62cb6b98f70f701109092b0c73bf8df9",
  "config_sha256": "33e88aa1bbc4dbaa47309015be7e6e188523dcdf5416cf64d1703aa4c442c9eb",
  "source_manifest_sha256": "80886682b9ebb933236ec2af1a04582b24499e8595f058813baaf9b0b8a8f286",
  "diagnostic_checkpoint_sha256": "2e680eb8ff7859b0420577f0ffb3b06810e6f863deac25b87d7fb3170bf2fb06",
  "vector_manifest_sha256": "1fac2c343e57ca8b6702c4e6a282a7b86a48042a6d133ba84612b5b1c50201ae",
  "week5_freeze_sha256": "d6323ee4dae857fbb6bdca8df392f743924f319339c4e21935d68ebda389a858",
  "limit": null,
  "report_sha256": "1d2e86ad6c50e6cce2b18977bc9b108e2a9f37ed107364af16d6aeb88d9a4c45"
}
	Command being timed: "env CUDA_VISIBLE_DEVICES=0 PYTHONPATH=src python scripts/train_policy.py --config configs/experiments/policy_train.yaml --manifest_path outputs/week5_data/vectorized_manifest.json --voi_manifest outputs/week6_voi/voi_manifest.json --diagnostic_checkpoint outputs/week5_checkpoints/diag_deep_sets_standard_seed42.best.pt --freeze_manifest outputs/week5_reports/week5_encoder_freeze.json --cost_multiplier 0.05 --target_kind voi --seed 44 --device cuda:0 --output_dir outputs/week6_checkpoints --resume"
	User time (seconds): 1627.22
	System time (seconds): 11.65
	Percent of CPU this job got: 101%
	Elapsed (wall clock) time (h:mm:ss or m:ss): 26:59.35
	Average shared text size (kbytes): 0
	Average unshared data size (kbytes): 0
	Average stack size (kbytes): 0
	Average total size (kbytes): 0
	Maximum resident set size (kbytes): 7226292
	Average resident set size (kbytes): 0
	Major (requiring I/O) page faults: 0
	Minor (reclaiming a frame) page faults: 1793380
	Voluntary context switches: 59299
	Involuntary context switches: 209561
	Swaps: 0
	File system inputs: 0
	File system outputs: 33984
	Socket messages sent: 0
	Socket messages received: 0
	Signals delivered: 0
	Page size (bytes): 4096
	Exit status: 0
seed=44, lambda=0.05, exit_code=0
