===== seed=42, lambda=0.2 =====
2026-08-28 18:02:15,123 INFO [train_policy] epoch=0 val_loss=0.627405 oracle_agreement=0.7590
2026-08-28 18:03:19,204 INFO [train_policy] epoch=1 val_loss=0.621964 oracle_agreement=0.7574
2026-08-28 18:04:22,384 INFO [train_policy] epoch=2 val_loss=0.619859 oracle_agreement=0.7599
2026-08-28 18:05:26,187 INFO [train_policy] epoch=3 val_loss=0.620463 oracle_agreement=0.7596
2026-08-28 18:06:32,629 INFO [train_policy] epoch=4 val_loss=0.615726 oracle_agreement=0.7631
2026-08-28 18:07:36,547 INFO [train_policy] epoch=5 val_loss=0.615167 oracle_agreement=0.7561
2026-08-28 18:08:41,137 INFO [train_policy] epoch=6 val_loss=0.614034 oracle_agreement=0.7651
2026-08-28 18:09:44,957 INFO [train_policy] epoch=7 val_loss=0.614663 oracle_agreement=0.7609
2026-08-28 18:10:49,315 INFO [train_policy] epoch=8 val_loss=0.613829 oracle_agreement=0.7633
2026-08-28 18:11:52,911 INFO [train_policy] epoch=9 val_loss=0.612105 oracle_agreement=0.7606
2026-08-28 18:12:58,802 INFO [train_policy] epoch=10 val_loss=0.610512 oracle_agreement=0.7645
2026-08-28 18:14:04,210 INFO [train_policy] epoch=11 val_loss=0.613889 oracle_agreement=0.7661
2026-08-28 18:15:07,334 INFO [train_policy] epoch=12 val_loss=0.611379 oracle_agreement=0.7578
2026-08-28 18:16:13,568 INFO [train_policy] epoch=13 val_loss=0.612406 oracle_agreement=0.7650
2026-08-28 18:17:17,454 INFO [train_policy] epoch=14 val_loss=0.610061 oracle_agreement=0.7646
2026-08-28 18:18:16,439 INFO [train_policy] epoch=15 val_loss=0.611421 oracle_agreement=0.7660
2026-08-28 18:19:22,158 INFO [train_policy] epoch=16 val_loss=0.610812 oracle_agreement=0.7672
2026-08-28 18:20:27,717 INFO [train_policy] epoch=17 val_loss=0.612051 oracle_agreement=0.7579
2026-08-28 18:21:33,904 INFO [train_policy] epoch=18 val_loss=0.611083 oracle_agreement=0.7649
2026-08-28 18:22:35,219 INFO [train_policy] epoch=19 val_loss=0.612007 oracle_agreement=0.7665
{
  "encoder": "deep_sets",
  "gru_condition": "standard",
  "cost_multiplier": 0.2,
  "target_kind": "voi",
  "limit": null,
  "seed": 42,
  "pilot": false,
  "config_approval": "APPROVED",
  "output": "outputs/week6_checkpoints/policy_deep_sets_standard_lambda0p2_seed42.best.pt"
}
{
  "format_version": "week6_policy_validation_v1",
  "is_valid": true,
  "fit_split": "train",
  "selection_split": "val",
  "calibration_used": false,
  "test_used": false,
  "encoder_name": "deep_sets",
  "gru_condition": "standard",
  "seed": 42,
  "cost_multiplier": 0.2,
  "target_kind": "voi",
  "train_rows": 436429,
  "validation_rows": 60483,
  "best_epoch": 14,
  "metrics": {
    "total": 0.6100610226130116,
    "ranking": 0.07017262461573912,
    "mse": 0.6017786720143841,
    "action_ce": 0.7788874632490377,
    "best_action_accuracy": 0.7645950101681465,
    "stop_prediction_rate": 0.5426979481837871,
    "row_count": 60483
  },
  "checkpoint_path": "outputs/week6_checkpoints/policy_deep_sets_standard_lambda0p2_seed42.best.pt",
  "checkpoint_sha256": "bd6b0d3c9e7563a3ef383570b13fe46da85c20e828c85a5fed3f93b830871772",
  "config_sha256": "33e88aa1bbc4dbaa47309015be7e6e188523dcdf5416cf64d1703aa4c442c9eb",
  "source_manifest_sha256": "80886682b9ebb933236ec2af1a04582b24499e8595f058813baaf9b0b8a8f286",
  "diagnostic_checkpoint_sha256": "2e680eb8ff7859b0420577f0ffb3b06810e6f863deac25b87d7fb3170bf2fb06",
  "vector_manifest_sha256": "1fac2c343e57ca8b6702c4e6a282a7b86a48042a6d133ba84612b5b1c50201ae",
  "week5_freeze_sha256": "d6323ee4dae857fbb6bdca8df392f743924f319339c4e21935d68ebda389a858",
  "limit": null,
  "report_sha256": "cea39ec51f998a127e42a37159f262a0e1afe805eb2aeaded9e71ce1955319a8"
}
	Command being timed: "env CUDA_VISIBLE_DEVICES=0 PYTHONPATH=src python scripts/train_policy.py --config configs/experiments/policy_train.yaml --manifest_path outputs/week5_data/vectorized_manifest.json --voi_manifest outputs/week6_voi/voi_manifest.json --diagnostic_checkpoint outputs/week5_checkpoints/diag_deep_sets_standard_seed42.best.pt --freeze_manifest outputs/week5_reports/week5_encoder_freeze.json --cost_multiplier 0.2 --target_kind voi --seed 42 --device cuda:0 --output_dir outputs/week6_checkpoints --resume"
	User time (seconds): 1398.07
	System time (seconds): 11.24
	Percent of CPU this job got: 101%
	Elapsed (wall clock) time (h:mm:ss or m:ss): 23:12.31
	Average shared text size (kbytes): 0
	Average unshared data size (kbytes): 0
	Average stack size (kbytes): 0
	Average total size (kbytes): 0
	Maximum resident set size (kbytes): 7228596
	Average resident set size (kbytes): 0
	Major (requiring I/O) page faults: 4
	Minor (reclaiming a frame) page faults: 1814540
	Voluntary context switches: 51246
	Involuntary context switches: 161552
	Swaps: 0
	File system inputs: 776
	File system outputs: 27544
	Socket messages sent: 0
	Socket messages received: 0
	Signals delivered: 0
	Page size (bytes): 4096
	Exit status: 0
seed=42, lambda=0.2, exit_code=0
