===== seed=43, lambda=0.05 =====
2026-08-28 19:14:59,807 INFO [train_policy] epoch=0 val_loss=0.589098 oracle_agreement=0.7867
2026-08-28 19:16:04,674 INFO [train_policy] epoch=1 val_loss=0.583761 oracle_agreement=0.7948
2026-08-28 19:17:11,104 INFO [train_policy] epoch=2 val_loss=0.581042 oracle_agreement=0.7962
2026-08-28 19:18:10,198 INFO [train_policy] epoch=3 val_loss=0.581023 oracle_agreement=0.7979
2026-08-28 19:19:16,607 INFO [train_policy] epoch=4 val_loss=0.579314 oracle_agreement=0.7965
2026-08-28 19:20:24,002 INFO [train_policy] epoch=5 val_loss=0.576361 oracle_agreement=0.7985
2026-08-28 19:21:30,573 INFO [train_policy] epoch=6 val_loss=0.576226 oracle_agreement=0.8006
2026-08-28 19:22:33,258 INFO [train_policy] epoch=7 val_loss=0.576409 oracle_agreement=0.7963
2026-08-28 19:23:39,195 INFO [train_policy] epoch=8 val_loss=0.575531 oracle_agreement=0.7965
2026-08-28 19:24:44,143 INFO [train_policy] epoch=9 val_loss=0.575124 oracle_agreement=0.7982
2026-08-28 19:25:48,907 INFO [train_policy] epoch=10 val_loss=0.574730 oracle_agreement=0.7985
2026-08-28 19:26:54,402 INFO [train_policy] epoch=11 val_loss=0.575073 oracle_agreement=0.7974
2026-08-28 19:28:01,148 INFO [train_policy] epoch=12 val_loss=0.574481 oracle_agreement=0.7985
2026-08-28 19:29:05,953 INFO [train_policy] epoch=13 val_loss=0.573924 oracle_agreement=0.7985
2026-08-28 19:30:12,163 INFO [train_policy] epoch=14 val_loss=0.573944 oracle_agreement=0.8013
2026-08-28 19:31:16,946 INFO [train_policy] epoch=15 val_loss=0.573497 oracle_agreement=0.7997
2026-08-28 19:32:22,031 INFO [train_policy] epoch=16 val_loss=0.573722 oracle_agreement=0.8023
2026-08-28 19:33:29,032 INFO [train_policy] epoch=17 val_loss=0.573333 oracle_agreement=0.7982
2026-08-28 19:34:33,815 INFO [train_policy] epoch=18 val_loss=0.573299 oracle_agreement=0.7988
2026-08-28 19:35:40,085 INFO [train_policy] epoch=19 val_loss=0.572871 oracle_agreement=0.7996
2026-08-28 19:36:46,874 INFO [train_policy] epoch=20 val_loss=0.574017 oracle_agreement=0.8013
2026-08-28 19:37:52,886 INFO [train_policy] epoch=21 val_loss=0.572748 oracle_agreement=0.7999
2026-08-28 19:38:59,570 INFO [train_policy] epoch=22 val_loss=0.572871 oracle_agreement=0.7999
2026-08-28 19:40:05,200 INFO [train_policy] epoch=23 val_loss=0.572305 oracle_agreement=0.8010
2026-08-28 19:41:10,490 INFO [train_policy] epoch=24 val_loss=0.572746 oracle_agreement=0.8006
2026-08-28 19:42:17,032 INFO [train_policy] epoch=25 val_loss=0.572601 oracle_agreement=0.7995
2026-08-28 19:43:21,339 INFO [train_policy] epoch=26 val_loss=0.572402 oracle_agreement=0.7985
2026-08-28 19:44:26,741 INFO [train_policy] epoch=27 val_loss=0.572262 oracle_agreement=0.8021
2026-08-28 19:45:33,764 INFO [train_policy] epoch=28 val_loss=0.573371 oracle_agreement=0.7983
2026-08-28 19:46:39,687 INFO [train_policy] epoch=29 val_loss=0.572408 oracle_agreement=0.7995
{
  "encoder": "deep_sets",
  "gru_condition": "standard",
  "cost_multiplier": 0.05,
  "target_kind": "voi",
  "limit": null,
  "seed": 43,
  "pilot": false,
  "config_approval": "APPROVED",
  "output": "outputs/week6_checkpoints/policy_deep_sets_standard_lambda0p05_seed43.best.pt"
}
{
  "format_version": "week6_policy_validation_v1",
  "is_valid": true,
  "fit_split": "train",
  "selection_split": "val",
  "calibration_used": false,
  "test_used": false,
  "encoder_name": "deep_sets",
  "gru_condition": "standard",
  "seed": 43,
  "cost_multiplier": 0.05,
  "target_kind": "voi",
  "train_rows": 436429,
  "validation_rows": 60483,
  "best_epoch": 27,
  "metrics": {
    "total": 0.5722621398937638,
    "ranking": 0.0774614204021178,
    "mse": 0.6094000915500034,
    "action_ce": 0.6849013964384397,
    "best_action_accuracy": 0.8020931501413621,
    "stop_prediction_rate": 0.4971479589306086,
    "row_count": 60483
  },
  "checkpoint_path": "outputs/week6_checkpoints/policy_deep_sets_standard_lambda0p05_seed43.best.pt",
  "checkpoint_sha256": "3fbfb220d6af7c872380504a42ad414e264283ef12c87f90821ce8ebf670dcac",
  "config_sha256": "33e88aa1bbc4dbaa47309015be7e6e188523dcdf5416cf64d1703aa4c442c9eb",
  "source_manifest_sha256": "80886682b9ebb933236ec2af1a04582b24499e8595f058813baaf9b0b8a8f286",
  "diagnostic_checkpoint_sha256": "2e680eb8ff7859b0420577f0ffb3b06810e6f863deac25b87d7fb3170bf2fb06",
  "vector_manifest_sha256": "1fac2c343e57ca8b6702c4e6a282a7b86a48042a6d133ba84612b5b1c50201ae",
  "week5_freeze_sha256": "d6323ee4dae857fbb6bdca8df392f743924f319339c4e21935d68ebda389a858",
  "limit": null,
  "report_sha256": "3c4e1933ea4138e204e045e8f47edebaea9a5a92ca478811f65de0f8e840f208"
}
	Command being timed: "env CUDA_VISIBLE_DEVICES=0 PYTHONPATH=src python scripts/train_policy.py --config configs/experiments/policy_train.yaml --manifest_path outputs/week5_data/vectorized_manifest.json --voi_manifest outputs/week6_voi/voi_manifest.json --diagnostic_checkpoint outputs/week5_checkpoints/diag_deep_sets_standard_seed42.best.pt --freeze_manifest outputs/week5_reports/week5_encoder_freeze.json --cost_multiplier 0.05 --target_kind voi --seed 43 --device cuda:0 --output_dir outputs/week6_checkpoints --resume"
	User time (seconds): 2086.23
	System time (seconds): 11.83
	Percent of CPU this job got: 101%
	Elapsed (wall clock) time (h:mm:ss or m:ss): 34:36.14
	Average shared text size (kbytes): 0
	Average unshared data size (kbytes): 0
	Average stack size (kbytes): 0
	Average total size (kbytes): 0
	Maximum resident set size (kbytes): 7240136
	Average resident set size (kbytes): 0
	Major (requiring I/O) page faults: 0
	Minor (reclaiming a frame) page faults: 1792325
	Voluntary context switches: 77192
	Involuntary context switches: 160377
	Swaps: 0
	File system inputs: 176
	File system outputs: 45072
	Socket messages sent: 0
	Socket messages received: 0
	Signals delivered: 0
	Page size (bytes): 4096
	Exit status: 0
seed=43, lambda=0.05, exit_code=0
