===== seed=42, lambda=0 =====
2026-08-28 16:22:47,846 INFO [train_policy] epoch=0 val_loss=0.570376 oracle_agreement=0.7998
2026-08-28 16:25:42,180 INFO [train_policy] epoch=1 val_loss=0.565371 oracle_agreement=0.8029
2026-08-28 16:31:02,978 INFO [train_policy] epoch=2 val_loss=0.563884 oracle_agreement=0.8032
2026-08-28 16:32:05,937 INFO [train_policy] epoch=3 val_loss=0.562524 oracle_agreement=0.8050
2026-08-28 16:38:15,877 INFO [train_policy] epoch=4 val_loss=0.560270 oracle_agreement=0.8047
2026-08-28 16:46:25,010 INFO [train_policy] epoch=5 val_loss=0.558331 oracle_agreement=0.8041
2026-08-28 16:54:23,952 INFO [train_policy] epoch=6 val_loss=0.559390 oracle_agreement=0.8049
2026-08-28 16:59:44,376 INFO [train_policy] epoch=7 val_loss=0.558202 oracle_agreement=0.8060
2026-08-28 17:01:40,468 INFO [train_policy] epoch=8 val_loss=0.557783 oracle_agreement=0.8051
2026-08-28 17:08:51,321 INFO [train_policy] epoch=9 val_loss=0.557304 oracle_agreement=0.8049
2026-08-28 17:16:11,259 INFO [train_policy] epoch=10 val_loss=0.555940 oracle_agreement=0.8070
2026-08-28 17:21:47,981 INFO [train_policy] epoch=11 val_loss=0.557656 oracle_agreement=0.8061
2026-08-28 17:22:53,662 INFO [train_policy] epoch=12 val_loss=0.556448 oracle_agreement=0.8065
2026-08-28 17:23:52,686 INFO [train_policy] epoch=13 val_loss=0.556480 oracle_agreement=0.8061
2026-08-28 17:24:48,143 INFO [train_policy] epoch=14 val_loss=0.555448 oracle_agreement=0.8058
2026-08-28 17:25:50,126 INFO [train_policy] epoch=15 val_loss=0.556979 oracle_agreement=0.8038
2026-08-28 17:26:54,477 INFO [train_policy] epoch=16 val_loss=0.556085 oracle_agreement=0.8069
2026-08-28 17:27:55,780 INFO [train_policy] epoch=17 val_loss=0.554813 oracle_agreement=0.8032
2026-08-28 17:28:59,134 INFO [train_policy] epoch=18 val_loss=0.557119 oracle_agreement=0.8065
2026-08-28 17:29:55,803 INFO [train_policy] epoch=19 val_loss=0.556037 oracle_agreement=0.8072
2026-08-28 17:31:01,702 INFO [train_policy] epoch=20 val_loss=0.553635 oracle_agreement=0.8064
2026-08-28 17:32:01,150 INFO [train_policy] epoch=21 val_loss=0.554530 oracle_agreement=0.8058
2026-08-28 17:32:59,363 INFO [train_policy] epoch=22 val_loss=0.556658 oracle_agreement=0.8044
2026-08-28 17:34:01,863 INFO [train_policy] epoch=23 val_loss=0.554019 oracle_agreement=0.8059
2026-08-28 17:35:07,965 INFO [train_policy] epoch=24 val_loss=0.554964 oracle_agreement=0.8056
2026-08-28 17:36:13,601 INFO [train_policy] epoch=25 val_loss=0.554013 oracle_agreement=0.8083
{
  "encoder": "deep_sets",
  "gru_condition": "standard",
  "cost_multiplier": 0.0,
  "target_kind": "voi",
  "limit": null,
  "seed": 42,
  "pilot": false,
  "config_approval": "APPROVED",
  "output": "outputs/week6_checkpoints/policy_deep_sets_standard_lambda0_seed42.best.pt"
}
{
  "format_version": "week6_policy_validation_v1",
  "is_valid": true,
  "fit_split": "train",
  "selection_split": "val",
  "calibration_used": false,
  "test_used": false,
  "encoder_name": "deep_sets",
  "gru_condition": "standard",
  "seed": 42,
  "cost_multiplier": 0.0,
  "target_kind": "voi",
  "train_rows": 436429,
  "validation_rows": 60483,
  "best_epoch": 20,
  "metrics": {
    "total": 0.5536348454632906,
    "ranking": 0.07645426843019534,
    "mse": 0.6042679816766791,
    "action_ce": 0.6522271592034066,
    "best_action_accuracy": 0.8063918787097201,
    "stop_prediction_rate": 0.3983268025726237,
    "row_count": 60483
  },
  "checkpoint_path": "outputs/week6_checkpoints/policy_deep_sets_standard_lambda0_seed42.best.pt",
  "checkpoint_sha256": "fea21bc3b3d6d44ff29ca3179362550759b21bf2a910f7df8eef8177d9321789",
  "config_sha256": "33e88aa1bbc4dbaa47309015be7e6e188523dcdf5416cf64d1703aa4c442c9eb",
  "source_manifest_sha256": "80886682b9ebb933236ec2af1a04582b24499e8595f058813baaf9b0b8a8f286",
  "diagnostic_checkpoint_sha256": "2e680eb8ff7859b0420577f0ffb3b06810e6f863deac25b87d7fb3170bf2fb06",
  "vector_manifest_sha256": "1fac2c343e57ca8b6702c4e6a282a7b86a48042a6d133ba84612b5b1c50201ae",
  "week5_freeze_sha256": "d6323ee4dae857fbb6bdca8df392f743924f319339c4e21935d68ebda389a858",
  "limit": null,
  "report_sha256": "40fdb7b3ab61bc0c038d099f4bf47cb15edec485463ca510c11a5963a91df705"
}
	Command being timed: "env CUDA_VISIBLE_DEVICES=0 PYTHONPATH=src python scripts/train_policy.py --config configs/experiments/policy_train.yaml --manifest_path outputs/week5_data/vectorized_manifest.json --voi_manifest outputs/week6_voi/voi_manifest.json --diagnostic_checkpoint outputs/week5_checkpoints/diag_deep_sets_standard_seed42.best.pt --freeze_manifest outputs/week5_reports/week5_encoder_freeze.json --cost_multiplier 0 --target_kind voi --seed 42 --device cuda:0 --output_dir outputs/week6_checkpoints --resume"
	User time (seconds): 4585.31
	System time (seconds): 11.95
	Percent of CPU this job got: 100%
	Elapsed (wall clock) time (h:mm:ss or m:ss): 1:16:16
	Average shared text size (kbytes): 0
	Average unshared data size (kbytes): 0
	Average stack size (kbytes): 0
	Average total size (kbytes): 0
	Maximum resident set size (kbytes): 7228480
	Average resident set size (kbytes): 0
	Major (requiring I/O) page faults: 0
	Minor (reclaiming a frame) page faults: 1810275
	Voluntary context switches: 100050
	Involuntary context switches: 156873
	Swaps: 0
	File system inputs: 40
	File system outputs: 35824
	Socket messages sent: 0
	Socket messages received: 0
	Signals delivered: 0
	Page size (bytes): 4096
	Exit status: 0
seed=42, lambda=0, exit_code=0
