===== seed=44, lambda=0 =====
2026-08-28 21:12:51,344 INFO [train_policy] epoch=0 val_loss=0.570400 oracle_agreement=0.8006
2026-08-28 21:13:58,317 INFO [train_policy] epoch=1 val_loss=0.565259 oracle_agreement=0.8014
2026-08-28 21:15:04,549 INFO [train_policy] epoch=2 val_loss=0.563156 oracle_agreement=0.7998
2026-08-28 21:16:09,809 INFO [train_policy] epoch=3 val_loss=0.561134 oracle_agreement=0.8044
2026-08-28 21:17:16,025 INFO [train_policy] epoch=4 val_loss=0.560381 oracle_agreement=0.8052
2026-08-28 21:18:23,544 INFO [train_policy] epoch=5 val_loss=0.558434 oracle_agreement=0.8055
2026-08-28 21:19:30,107 INFO [train_policy] epoch=6 val_loss=0.558616 oracle_agreement=0.8045
2026-08-28 21:20:37,339 INFO [train_policy] epoch=7 val_loss=0.558689 oracle_agreement=0.8034
2026-08-28 21:21:44,573 INFO [train_policy] epoch=8 val_loss=0.557405 oracle_agreement=0.8050
2026-08-28 21:22:50,127 INFO [train_policy] epoch=9 val_loss=0.557611 oracle_agreement=0.8043
2026-08-28 21:23:56,175 INFO [train_policy] epoch=10 val_loss=0.556576 oracle_agreement=0.8017
2026-08-28 21:25:02,742 INFO [train_policy] epoch=11 val_loss=0.557007 oracle_agreement=0.8040
2026-08-28 21:26:07,030 INFO [train_policy] epoch=12 val_loss=0.556210 oracle_agreement=0.8042
2026-08-28 21:27:11,604 INFO [train_policy] epoch=13 val_loss=0.555283 oracle_agreement=0.8048
2026-08-28 21:28:18,475 INFO [train_policy] epoch=14 val_loss=0.555975 oracle_agreement=0.8035
2026-08-28 21:29:23,591 INFO [train_policy] epoch=15 val_loss=0.556387 oracle_agreement=0.8026
2026-08-28 21:30:29,195 INFO [train_policy] epoch=16 val_loss=0.555621 oracle_agreement=0.8061
2026-08-28 21:31:36,472 INFO [train_policy] epoch=17 val_loss=0.555297 oracle_agreement=0.8068
2026-08-28 21:32:43,566 INFO [train_policy] epoch=18 val_loss=0.554617 oracle_agreement=0.8041
2026-08-28 21:33:48,799 INFO [train_policy] epoch=19 val_loss=0.555485 oracle_agreement=0.8049
2026-08-28 21:34:55,411 INFO [train_policy] epoch=20 val_loss=0.554722 oracle_agreement=0.8046
2026-08-28 21:35:55,660 INFO [train_policy] epoch=21 val_loss=0.555426 oracle_agreement=0.8047
2026-08-28 21:37:03,379 INFO [train_policy] epoch=22 val_loss=0.555238 oracle_agreement=0.8059
2026-08-28 21:38:10,059 INFO [train_policy] epoch=23 val_loss=0.554206 oracle_agreement=0.8043
2026-08-28 21:39:07,041 INFO [train_policy] epoch=24 val_loss=0.553513 oracle_agreement=0.8039
2026-08-28 21:40:02,635 INFO [train_policy] epoch=25 val_loss=0.554529 oracle_agreement=0.8049
2026-08-28 21:40:53,337 INFO [train_policy] epoch=26 val_loss=0.553901 oracle_agreement=0.8048
2026-08-28 21:41:46,060 INFO [train_policy] epoch=27 val_loss=0.553927 oracle_agreement=0.8061
2026-08-28 21:42:49,280 INFO [train_policy] epoch=28 val_loss=0.553086 oracle_agreement=0.8040
2026-08-28 21:43:55,685 INFO [train_policy] epoch=29 val_loss=0.553625 oracle_agreement=0.8066
{
  "encoder": "deep_sets",
  "gru_condition": "standard",
  "cost_multiplier": 0.0,
  "target_kind": "voi",
  "limit": null,
  "seed": 44,
  "pilot": false,
  "config_approval": "APPROVED",
  "output": "outputs/week6_checkpoints/policy_deep_sets_standard_lambda0_seed44.best.pt"
}
{
  "format_version": "week6_policy_validation_v1",
  "is_valid": true,
  "fit_split": "train",
  "selection_split": "val",
  "calibration_used": false,
  "test_used": false,
  "encoder_name": "deep_sets",
  "gru_condition": "standard",
  "seed": 44,
  "cost_multiplier": 0.0,
  "target_kind": "voi",
  "train_rows": 436429,
  "validation_rows": 60483,
  "best_epoch": 28,
  "metrics": {
    "total": 0.5530855611619315,
    "ranking": 0.07579028489044407,
    "mse": 0.6044463487244838,
    "action_ce": 0.6523673785621128,
    "best_action_accuracy": 0.8039945108542896,
    "stop_prediction_rate": 0.4001950961427178,
    "row_count": 60483
  },
  "checkpoint_path": "outputs/week6_checkpoints/policy_deep_sets_standard_lambda0_seed44.best.pt",
  "checkpoint_sha256": "afda5e3e70fad66d500382f8a59a1f07c3b99f5c7ba95a076bf2609412d7ae16",
  "config_sha256": "33e88aa1bbc4dbaa47309015be7e6e188523dcdf5416cf64d1703aa4c442c9eb",
  "source_manifest_sha256": "80886682b9ebb933236ec2af1a04582b24499e8595f058813baaf9b0b8a8f286",
  "diagnostic_checkpoint_sha256": "2e680eb8ff7859b0420577f0ffb3b06810e6f863deac25b87d7fb3170bf2fb06",
  "vector_manifest_sha256": "1fac2c343e57ca8b6702c4e6a282a7b86a48042a6d133ba84612b5b1c50201ae",
  "week5_freeze_sha256": "d6323ee4dae857fbb6bdca8df392f743924f319339c4e21935d68ebda389a858",
  "limit": null,
  "report_sha256": "d0c48d923b7dfbad7ecde4b8c99736073f0cb16d276d343b151d5a258417bedd"
}
	Command being timed: "env CUDA_VISIBLE_DEVICES=0 PYTHONPATH=src python scripts/train_policy.py --config configs/experiments/policy_train.yaml --manifest_path outputs/week5_data/vectorized_manifest.json --voi_manifest outputs/week6_voi/voi_manifest.json --diagnostic_checkpoint outputs/week5_checkpoints/diag_deep_sets_standard_seed42.best.pt --freeze_manifest outputs/week5_reports/week5_encoder_freeze.json --cost_multiplier 0 --target_kind voi --seed 44 --device cuda:0 --output_dir outputs/week6_checkpoints --resume"
	User time (seconds): 2049.76
	System time (seconds): 11.53
	Percent of CPU this job got: 101%
	Elapsed (wall clock) time (h:mm:ss or m:ss): 33:58.09
	Average shared text size (kbytes): 0
	Average unshared data size (kbytes): 0
	Average stack size (kbytes): 0
	Average total size (kbytes): 0
	Maximum resident set size (kbytes): 7225496
	Average resident set size (kbytes): 0
	Major (requiring I/O) page faults: 0
	Minor (reclaiming a frame) page faults: 1808151
	Voluntary context switches: 76694
	Involuntary context switches: 161574
	Swaps: 0
	File system inputs: 0
	File system outputs: 40472
	Socket messages sent: 0
	Socket messages received: 0
	Signals delivered: 0
	Page size (bytes): 4096
	Exit status: 0
seed=44, lambda=0, exit_code=0
