===== seed=44, lambda=0.2 =====
2026-08-28 22:47:37,288 INFO [train_policy] epoch=0 val_loss=0.626201 oracle_agreement=0.7565
2026-08-28 22:48:42,630 INFO [train_policy] epoch=1 val_loss=0.622167 oracle_agreement=0.7564
2026-08-28 22:49:49,890 INFO [train_policy] epoch=2 val_loss=0.618457 oracle_agreement=0.7556
2026-08-28 22:50:52,387 INFO [train_policy] epoch=3 val_loss=0.616692 oracle_agreement=0.7610
2026-08-28 22:51:59,344 INFO [train_policy] epoch=4 val_loss=0.615216 oracle_agreement=0.7645
2026-08-28 22:53:06,174 INFO [train_policy] epoch=5 val_loss=0.613306 oracle_agreement=0.7669
2026-08-28 22:54:12,783 INFO [train_policy] epoch=6 val_loss=0.614126 oracle_agreement=0.7641
2026-08-28 22:55:20,077 INFO [train_policy] epoch=7 val_loss=0.613717 oracle_agreement=0.7637
2026-08-28 22:56:23,829 INFO [train_policy] epoch=8 val_loss=0.614095 oracle_agreement=0.7672
2026-08-28 22:57:28,517 INFO [train_policy] epoch=9 val_loss=0.612809 oracle_agreement=0.7628
2026-08-28 22:58:35,332 INFO [train_policy] epoch=10 val_loss=0.612165 oracle_agreement=0.7636
2026-08-28 22:59:42,636 INFO [train_policy] epoch=11 val_loss=0.611828 oracle_agreement=0.7671
2026-08-28 23:00:49,356 INFO [train_policy] epoch=12 val_loss=0.612155 oracle_agreement=0.7638
2026-08-28 23:01:56,156 INFO [train_policy] epoch=13 val_loss=0.610433 oracle_agreement=0.7696
2026-08-28 23:03:02,171 INFO [train_policy] epoch=14 val_loss=0.611305 oracle_agreement=0.7669
2026-08-28 23:04:06,464 INFO [train_policy] epoch=15 val_loss=0.611534 oracle_agreement=0.7671
2026-08-28 23:05:12,785 INFO [train_policy] epoch=16 val_loss=0.611369 oracle_agreement=0.7658
2026-08-28 23:06:18,997 INFO [train_policy] epoch=17 val_loss=0.609787 oracle_agreement=0.7695
2026-08-28 23:07:24,353 INFO [train_policy] epoch=18 val_loss=0.610226 oracle_agreement=0.7673
2026-08-28 23:08:25,545 INFO [train_policy] epoch=19 val_loss=0.610840 oracle_agreement=0.7662
2026-08-28 23:09:27,750 INFO [train_policy] epoch=20 val_loss=0.609772 oracle_agreement=0.7678
2026-08-28 23:10:34,771 INFO [train_policy] epoch=21 val_loss=0.609100 oracle_agreement=0.7672
2026-08-28 23:11:41,552 INFO [train_policy] epoch=22 val_loss=0.609288 oracle_agreement=0.7700
2026-08-28 23:12:46,910 INFO [train_policy] epoch=23 val_loss=0.608681 oracle_agreement=0.7697
2026-08-28 23:13:53,040 INFO [train_policy] epoch=24 val_loss=0.608685 oracle_agreement=0.7685
2026-08-28 23:14:53,025 INFO [train_policy] epoch=25 val_loss=0.610224 oracle_agreement=0.7660
2026-08-28 23:15:53,636 INFO [train_policy] epoch=26 val_loss=0.609236 oracle_agreement=0.7693
2026-08-28 23:16:55,800 INFO [train_policy] epoch=27 val_loss=0.609042 oracle_agreement=0.7662
2026-08-28 23:17:55,856 INFO [train_policy] epoch=28 val_loss=0.608918 oracle_agreement=0.7681
{
  "encoder": "deep_sets",
  "gru_condition": "standard",
  "cost_multiplier": 0.2,
  "target_kind": "voi",
  "limit": null,
  "seed": 44,
  "pilot": false,
  "config_approval": "APPROVED",
  "output": "outputs/week6_checkpoints/policy_deep_sets_standard_lambda0p2_seed44.best.pt"
}
{
  "format_version": "week6_policy_validation_v1",
  "is_valid": true,
  "fit_split": "train",
  "selection_split": "val",
  "calibration_used": false,
  "test_used": false,
  "encoder_name": "deep_sets",
  "gru_condition": "standard",
  "seed": 44,
  "cost_multiplier": 0.2,
  "target_kind": "voi",
  "train_rows": 436429,
  "validation_rows": 60483,
  "best_epoch": 23,
  "metrics": {
    "total": 0.6086813984942449,
    "ranking": 0.07011948137122358,
    "mse": 0.5978333730655689,
    "action_ce": 0.7782071500963894,
    "best_action_accuracy": 0.7697369508787594,
    "stop_prediction_rate": 0.5441363688970454,
    "row_count": 60483
  },
  "checkpoint_path": "outputs/week6_checkpoints/policy_deep_sets_standard_lambda0p2_seed44.best.pt",
  "checkpoint_sha256": "3eeb79b7815e675d3114dcf0b89633d7cf214e7497ba32334e85a84d66cb2346",
  "config_sha256": "33e88aa1bbc4dbaa47309015be7e6e188523dcdf5416cf64d1703aa4c442c9eb",
  "source_manifest_sha256": "80886682b9ebb933236ec2af1a04582b24499e8595f058813baaf9b0b8a8f286",
  "diagnostic_checkpoint_sha256": "2e680eb8ff7859b0420577f0ffb3b06810e6f863deac25b87d7fb3170bf2fb06",
  "vector_manifest_sha256": "1fac2c343e57ca8b6702c4e6a282a7b86a48042a6d133ba84612b5b1c50201ae",
  "week5_freeze_sha256": "d6323ee4dae857fbb6bdca8df392f743924f319339c4e21935d68ebda389a858",
  "limit": null,
  "report_sha256": "e3a320b9e8a8d3c8b6fda9611bd5a65acc2951f2a583a7baeb3aa2bdbf539121"
}
	Command being timed: "env CUDA_VISIBLE_DEVICES=0 PYTHONPATH=src python scripts/train_policy.py --config configs/experiments/policy_train.yaml --manifest_path outputs/week5_data/vectorized_manifest.json --voi_manifest outputs/week6_voi/voi_manifest.json --diagnostic_checkpoint outputs/week5_checkpoints/diag_deep_sets_standard_seed42.best.pt --freeze_manifest outputs/week5_reports/week5_encoder_freeze.json --cost_multiplier 0.2 --target_kind voi --seed 44 --device cuda:0 --output_dir outputs/week6_checkpoints --resume"
	User time (seconds): 2001.88
	System time (seconds): 11.86
	Percent of CPU this job got: 101%
	Elapsed (wall clock) time (h:mm:ss or m:ss): 33:11.36
	Average shared text size (kbytes): 0
	Average unshared data size (kbytes): 0
	Average stack size (kbytes): 0
	Average total size (kbytes): 0
	Maximum resident set size (kbytes): 7226504
	Average resident set size (kbytes): 0
	Major (requiring I/O) page faults: 0
	Minor (reclaiming a frame) page faults: 1792232
	Voluntary context switches: 74380
	Involuntary context switches: 158119
	Swaps: 0
	File system inputs: 0
	File system outputs: 39544
	Socket messages sent: 0
	Socket messages received: 0
	Signals delivered: 0
	Page size (bytes): 4096
	Exit status: 0
seed=44, lambda=0.2, exit_code=0
