2026-09-04 11:23:38,137 INFO [train_policy] epoch=0 val_loss=1.093697 oracle_agreement=0.7500
2026-09-04 11:23:38,189 INFO [train_policy] epoch=1 val_loss=1.054041 oracle_agreement=0.7600
2026-09-04 11:23:38,242 INFO [train_policy] epoch=2 val_loss=1.023610 oracle_agreement=0.7600
2026-09-04 11:23:38,294 INFO [train_policy] epoch=3 val_loss=0.996419 oracle_agreement=0.7600
2026-09-04 11:23:38,353 INFO [train_policy] epoch=4 val_loss=0.971023 oracle_agreement=0.6900
2026-09-04 11:23:38,412 INFO [train_policy] epoch=5 val_loss=0.946015 oracle_agreement=0.6900
2026-09-04 11:23:38,470 INFO [train_policy] epoch=6 val_loss=0.920079 oracle_agreement=0.6500
2026-09-04 11:23:38,523 INFO [train_policy] epoch=7 val_loss=0.893723 oracle_agreement=0.6500
2026-09-04 11:23:38,585 INFO [train_policy] epoch=8 val_loss=0.868945 oracle_agreement=0.6500
2026-09-04 11:23:38,652 INFO [train_policy] epoch=9 val_loss=0.846888 oracle_agreement=0.6500
2026-09-04 11:23:38,718 INFO [train_policy] epoch=10 val_loss=0.827020 oracle_agreement=0.6500
2026-09-04 11:23:38,784 INFO [train_policy] epoch=11 val_loss=0.808219 oracle_agreement=0.6600
2026-09-04 11:23:38,849 INFO [train_policy] epoch=12 val_loss=0.790366 oracle_agreement=0.6700
2026-09-04 11:23:38,913 INFO [train_policy] epoch=13 val_loss=0.772377 oracle_agreement=0.6700
2026-09-04 11:23:38,979 INFO [train_policy] epoch=14 val_loss=0.752650 oracle_agreement=0.6700
2026-09-04 11:23:39,050 INFO [train_policy] epoch=15 val_loss=0.731771 oracle_agreement=0.6900
2026-09-04 11:23:39,115 INFO [train_policy] epoch=16 val_loss=0.709323 oracle_agreement=0.6900
2026-09-04 11:23:39,178 INFO [train_policy] epoch=17 val_loss=0.686334 oracle_agreement=0.6500
2026-09-04 11:23:39,244 INFO [train_policy] epoch=18 val_loss=0.663817 oracle_agreement=0.6400
2026-09-04 11:23:39,310 INFO [train_policy] epoch=19 val_loss=0.645218 oracle_agreement=0.6400
2026-09-04 11:23:39,376 INFO [train_policy] epoch=20 val_loss=0.630571 oracle_agreement=0.6500
2026-09-04 11:23:39,442 INFO [train_policy] epoch=21 val_loss=0.619505 oracle_agreement=0.6600
2026-09-04 11:23:39,509 INFO [train_policy] epoch=22 val_loss=0.613681 oracle_agreement=0.6800
2026-09-04 11:23:39,571 INFO [train_policy] epoch=23 val_loss=0.601984 oracle_agreement=0.6700
2026-09-04 11:23:39,624 INFO [train_policy] epoch=24 val_loss=0.583804 oracle_agreement=0.6700
2026-09-04 11:23:39,690 INFO [train_policy] epoch=25 val_loss=0.568890 oracle_agreement=0.6900
2026-09-04 11:23:39,756 INFO [train_policy] epoch=26 val_loss=0.559724 oracle_agreement=0.6900
2026-09-04 11:23:39,822 INFO [train_policy] epoch=27 val_loss=0.555167 oracle_agreement=0.6900
2026-09-04 11:23:39,889 INFO [train_policy] epoch=28 val_loss=0.554045 oracle_agreement=0.6800
2026-09-04 11:23:39,956 INFO [train_policy] epoch=29 val_loss=0.548091 oracle_agreement=0.6800
{
  "encoder": "masked_slot_mlp",
  "gru_condition": "standard",
  "cost_multiplier": 0.0,
  "target_kind": "voi",
  "limit": 100,
  "seed": 42,
  "pilot": true,
  "config_approval": "APPROVED",
  "output": "outputs/week6_staging/comparison_limit100/policy_masked_slot_mlp_standard_lambda0_seed42.best.pt"
}
{
  "format_version": "week6_policy_validation_v1",
  "is_valid": false,
  "fit_split": "train",
  "selection_split": "val",
  "calibration_used": false,
  "test_used": false,
  "encoder_name": "masked_slot_mlp",
  "gru_condition": "standard",
  "seed": 42,
  "cost_multiplier": 0.0,
  "target_kind": "voi",
  "train_rows": 100,
  "validation_rows": 100,
  "best_epoch": 29,
  "metrics": {
    "total": 0.5480908155441284,
    "ranking": 0.08933117985725403,
    "mse": 0.4167807400226593,
    "action_ce": 0.7091288566589355,
    "best_action_accuracy": 0.68,
    "stop_prediction_rate": 0.47,
    "row_count": 100
  },
  "checkpoint_path": "outputs/week6_staging/comparison_limit100/policy_masked_slot_mlp_standard_lambda0_seed42.best.pt",
  "checkpoint_sha256": "1b66291fda2c28ac6bdb1149e5e4a03a8480853ba4a0b8394c0cc3bf2a7ce5a8",
  "config_sha256": "33e88aa1bbc4dbaa47309015be7e6e188523dcdf5416cf64d1703aa4c442c9eb",
  "source_manifest_sha256": "b76ad3062c6b4f3d17998fb1c52c2eb639291e7c660d5b3e13236fb29d8c543d",
  "diagnostic_checkpoint_sha256": "73752aa96aef6a6777087cd908a80c06ccd29133e0ea191d3877e3fe871950e8",
  "vector_manifest_sha256": "1fac2c343e57ca8b6702c4e6a282a7b86a48042a6d133ba84612b5b1c50201ae",
  "week5_freeze_sha256": "d6323ee4dae857fbb6bdca8df392f743924f319339c4e21935d68ebda389a858",
  "limit": 100,
  "report_sha256": "88b18305092ba82cbb3f248816f3118160e9aa4cfb8628193fde6660afe63996"
}
	Command being timed: "timeout --signal=INT 10m env CUDA_VISIBLE_DEVICES=3 PYTHONPATH=src python scripts/train_policy.py --config configs/experiments/policy_train.yaml --manifest_path outputs/week5_data/vectorized_manifest.json --voi_manifest outputs/week6_voi_masked/voi_manifest.json --diagnostic_checkpoint outputs/week5_checkpoints/diag_masked_slot_mlp_standard_seed42.best.pt --freeze_manifest outputs/week5_reports/week5_encoder_freeze.json --cost_multiplier 0.0 --target_kind voi --seed 42 --device cuda:0 --limit 100 --output_dir outputs/week6_staging/comparison_limit100 --overwrite"
	User time (seconds): 28.65
	System time (seconds): 9.76
	Percent of CPU this job got: 121%
	Elapsed (wall clock) time (h:mm:ss or m:ss): 0:31.60
	Average shared text size (kbytes): 0
	Average unshared data size (kbytes): 0
	Average stack size (kbytes): 0
	Average total size (kbytes): 0
	Maximum resident set size (kbytes): 6567324
	Average resident set size (kbytes): 0
	Major (requiring I/O) page faults: 0
	Minor (reclaiming a frame) page faults: 1585484
	Voluntary context switches: 489
	Involuntary context switches: 155729
	Swaps: 0
	File system inputs: 24
	File system outputs: 55224
	Socket messages sent: 0
	Socket messages received: 0
	Signals delivered: 0
	Page size (bytes): 4096
	Exit status: 0
