===== no_signature_regression diagnostic freeze =====
Timeout 600s; worker ceiling remaining 5030s
{
  "artifacts": {
    "diagnostic_checkpoint": {
      "path": "outputs/week8_ablations/no_signature_regression/diagnostic_checkpoints/diag_deep_sets_standard_seed42.best.pt",
      "sha256": "4b7988e218fe75bdbdee321819cb694e10eb2158a26ae9b09bba184284bcc49a"
    },
    "diagnostic_config": {
      "path": "outputs/week8_data/ablation_configs/no_signature_regression_diag.yaml",
      "sha256": "58262427a826d57bc490099d38663e68309e9a6d3bba9d13b4c2f75f1e181ac6"
    },
    "policy_config": {
      "path": "outputs/week8_data/ablation_configs/no_signature_regression_policy.yaml",
      "sha256": "727feb86a929eda47a5f6009c3872b659bacd931cab2e8ec5e81e33e76a6a78f"
    },
    "selection_report": {
      "path": "outputs/week8_ablations/no_signature_regression/freeze/predeclared_selection.json",
      "sha256": "6ca97b8a0bb3c2993b7df43e676923ae970d97c632d088a552962d42dc93a66a"
    },
    "vector_manifest": {
      "path": "outputs/week5_data/vectorized_manifest.json",
      "sha256": "1fac2c343e57ca8b6702c4e6a282a7b86a48042a6d133ba84612b5b1c50201ae"
    },
    "week8_config": {
      "path": "configs/experiments/week8_evaluation.yaml",
      "sha256": "59748c18da7375db6140f05d6c5ec2670c6ce19eeb25b5931e94868ffe7d9cf6"
    }
  },
  "format_version": "proactive_stack_freeze_v1",
  "freeze_sha256": "96bb56ddea38dabe879b71b955f41f9f6930a0243b4af38dd322188b7aaeda3e",
  "owner_approved": true,
  "status": "FROZEN"
}

	Command being timed: "timeout --signal=TERM --kill-after=5m 600s python scripts/freeze_week8_diagnostic.py --week8_config configs/experiments/week8_evaluation.yaml --ablation_id no_signature_regression --diag_config outputs/week8_data/ablation_configs/no_signature_regression_diag.yaml --policy_config outputs/week8_data/ablation_configs/no_signature_regression_policy.yaml --vector_manifest outputs/week5_data/vectorized_manifest.json --diagnostic_checkpoint outputs/week8_ablations/no_signature_regression/diagnostic_checkpoints/diag_deep_sets_standard_seed42.best.pt --output_dir outputs/week8_ablations/no_signature_regression/freeze --approve_freeze --overwrite"
	User time (seconds): 1.81
	System time (seconds): 5.29
	Percent of CPU this job got: 530%
	Elapsed (wall clock) time (h:mm:ss or m:ss): 0:01.33
	Average shared text size (kbytes): 0
	Average unshared data size (kbytes): 0
	Average stack size (kbytes): 0
	Average total size (kbytes): 0
	Maximum resident set size (kbytes): 429728
	Average resident set size (kbytes): 0
	Major (requiring I/O) page faults: 0
	Minor (reclaiming a frame) page faults: 62213
	Voluntary context switches: 169
	Involuntary context switches: 137799
	Swaps: 0
	File system inputs: 0
	File system outputs: 16
	Socket messages sent: 0
	Socket messages received: 0
	Signals delivered: 0
	Page size (bytes): 4096
	Exit status: 0
no_signature_regression diagnostic freeze exit code: 0
