===== no_signature_regression VOI targets =====
Timeout 2700s; worker ceiling remaining 5015s
2026-09-12 21:28:08,469 INFO [build_voi_targets] Processed 62636 target rows from outputs/states_v1/states_gemma4_e4b_all_all_shard00-of-04.jsonl
2026-09-12 21:29:20,806 INFO [build_voi_targets] Processed 60031 target rows from outputs/states_v1/states_gemma4_e4b_all_all_shard01-of-04.jsonl
2026-09-12 21:30:36,795 INFO [build_voi_targets] Processed 61965 target rows from outputs/states_v1/states_gemma4_e4b_all_all_shard02-of-04.jsonl
2026-09-12 21:31:52,801 INFO [build_voi_targets] Processed 63783 target rows from outputs/states_v1/states_gemma4_e4b_all_all_shard03-of-04.jsonl
2026-09-12 21:33:10,785 INFO [build_voi_targets] Processed 63161 target rows from outputs/states_v1/states_qwen3_vl_8b_all_all_shard00-of-04.jsonl
2026-09-12 21:34:25,045 INFO [build_voi_targets] Processed 62611 target rows from outputs/states_v1/states_qwen3_vl_8b_all_all_shard01-of-04.jsonl
2026-09-12 21:35:39,423 INFO [build_voi_targets] Processed 61319 target rows from outputs/states_v1/states_qwen3_vl_8b_all_all_shard02-of-04.jsonl
2026-09-12 21:36:53,734 INFO [build_voi_targets] Processed 61406 target rows from outputs/states_v1/states_qwen3_vl_8b_all_all_shard03-of-04.jsonl
{
  "format_version": "week6_voi_manifest_v1",
  "config_sha256": "727feb86a929eda47a5f6009c3872b659bacd931cab2e8ec5e81e33e76a6a78f",
  "vector_manifest_sha256": "1fac2c343e57ca8b6702c4e6a282a7b86a48042a6d133ba84612b5b1c50201ae",
  "state_manifest_sha256": "cf0172e7377ff41df4d5d18bbed8bb713aaef5482a3e24a0fd28ec85a542f1a4",
  "freeze_manifest_sha256": "a697c1ab4d34001087186216d7ca3e464b0ca9865055a7d043d2f3b797783b10",
  "checkpoint_sha256": "4b7988e218fe75bdbdee321819cb694e10eb2158a26ae9b09bba184284bcc49a",
  "temporary_aps_sha256": "d19c2e9b5094f2264ae5ae59201c77a7b979b74d27558857ff11e23bfbc310cb",
  "ablation_id": null,
  "limit": null,
  "status": "COMPLETE",
  "fit_splits": [
    "train",
    "val"
  ],
  "calibration_used": false,
  "test_used": false,
  "budgets": [
    1,
    2,
    4
  ],
  "eta_loss": 0.25,
  "cost_multipliers": [
    0.0
  ],
  "target_coverage": 0.9,
  "row_count": 496912,
  "split_counts": {
    "train": 436429,
    "val": 60483
  },
  "sign_counts": {
    "0": {
      "zero": 496912,
      "positive": 1023060,
      "negative": 329919
    }
  },
  "best_action_counts": {
    "0": {
      "blank": 133107,
      "stop": 201173,
      "grounding": 41819,
      "blur": 55303,
      "crop": 34408,
      "brightness": 18567,
      "noise": 11713,
      "relation": 822
    }
  },
  "files": [
    {
      "path": "states_gemma4_e4b_all_all_shard00-of-04__train.jsonl",
      "split": "train",
      "row_count": 55084,
      "sha256": "d636b24a40970c957e1f0b21025fa11db8d7c50417051b31519caa4dbefd05ce",
      "source_state_path": "outputs/states_v1/states_gemma4_e4b_all_all_shard00-of-04.jsonl",
      "source_state_sha256": "850469e36436d128523c2fa3d876cbea336ea1ce33408808946ccbc726a458fa",
      "source_teacher_path": "outputs/teacher_core_contract_v1_recovered/teacher_gemma4_e4b_all_all_shard00-of-04.jsonl",
      "source_teacher_sha256": "46593391081546c310991894934b1436ecfcf1f07956104d59e9e8f4495e1948"
    },
    {
      "path": "states_gemma4_e4b_all_all_shard00-of-04__val.jsonl",
      "split": "val",
      "row_count": 7552,
      "sha256": "ed01601f3e8e7a104a903ab1b846f2a7cb62b1b205ccfcde6f004171e06e741e",
      "source_state_path": "outputs/states_v1/states_gemma4_e4b_all_all_shard00-of-04.jsonl",
      "source_state_sha256": "850469e36436d128523c2fa3d876cbea336ea1ce33408808946ccbc726a458fa",
      "source_teacher_path": "outputs/teacher_core_contract_v1_recovered/teacher_gemma4_e4b_all_all_shard00-of-04.jsonl",
      "source_teacher_sha256": "46593391081546c310991894934b1436ecfcf1f07956104d59e9e8f4495e1948"
    },
    {
      "path": "states_gemma4_e4b_all_all_shard01-of-04__train.jsonl",
      "split": "train",
      "row_count": 52258,
      "sha256": "fdb9075a0c62111b6e26e462c83198f656d14daa9d60b3b6e828930efa91c338",
      "source_state_path": "outputs/states_v1/states_gemma4_e4b_all_all_shard01-of-04.jsonl",
      "source_state_sha256": "6756594128f0dc3b056852c3b904aecff933a3ac3f85276227b97625d12cc7fb",
      "source_teacher_path": "outputs/teacher_core_contract_v1_recovered/teacher_gemma4_e4b_all_all_shard01-of-04.jsonl",
      "source_teacher_sha256": "3c7d3ca72753bd49d8f344dd9e468877e75567132de20a81ce20467d52e096a9"
    },
    {
      "path": "states_gemma4_e4b_all_all_shard01-of-04__val.jsonl",
      "split": "val",
      "row_count": 7773,
      "sha256": "7bbb857ee1fc353d614eac24cbc5674a7554ace79fe65dd208ee1bdc0c6c362d",
      "source_state_path": "outputs/states_v1/states_gemma4_e4b_all_all_shard01-of-04.jsonl",
      "source_state_sha256": "6756594128f0dc3b056852c3b904aecff933a3ac3f85276227b97625d12cc7fb",
      "source_teacher_path": "outputs/teacher_core_contract_v1_recovered/teacher_gemma4_e4b_all_all_shard01-of-04.jsonl",
      "source_teacher_sha256": "3c7d3ca72753bd49d8f344dd9e468877e75567132de20a81ce20467d52e096a9"
    },
    {
      "path": "states_gemma4_e4b_all_all_shard02-of-04__train.jsonl",
      "split": "train",
      "row_count": 54938,
      "sha256": "f2e8104090f0d76148852eb1b15d13c0ef8a0b2f79a5e87ff5ca83339eaed104",
      "source_state_path": "outputs/states_v1/states_gemma4_e4b_all_all_shard02-of-04.jsonl",
      "source_state_sha256": "1b4cfc03de358f299d1356fe5731a4146ff389d453cf6d726c8c084a9568d90d",
      "source_teacher_path": "outputs/teacher_core_contract_v1_recovered/teacher_gemma4_e4b_all_all_shard02-of-04.jsonl",
      "source_teacher_sha256": "bff419cdd17e66ccd9eea1a83e248d5f58e16143d662ebd3ba33625b953018ec"
    },
    {
      "path": "states_gemma4_e4b_all_all_shard02-of-04__val.jsonl",
      "split": "val",
      "row_count": 7027,
      "sha256": "09b4e6cedc27812ac03b7c05326d42272545475dec4715733eb3e188474f3bc6",
      "source_state_path": "outputs/states_v1/states_gemma4_e4b_all_all_shard02-of-04.jsonl",
      "source_state_sha256": "1b4cfc03de358f299d1356fe5731a4146ff389d453cf6d726c8c084a9568d90d",
      "source_teacher_path": "outputs/teacher_core_contract_v1_recovered/teacher_gemma4_e4b_all_all_shard02-of-04.jsonl",
      "source_teacher_sha256": "bff419cdd17e66ccd9eea1a83e248d5f58e16143d662ebd3ba33625b953018ec"
    },
    {
      "path": "states_gemma4_e4b_all_all_shard03-of-04__train.jsonl",
      "split": "train",
      "row_count": 55894,
      "sha256": "8be77a165150b7c54dde5268083ce0d999b69f612b7788c2acb2fb651f482a48",
      "source_state_path": "outputs/states_v1/states_gemma4_e4b_all_all_shard03-of-04.jsonl",
      "source_state_sha256": "fdfe59204e8bb5797b03713d7ebe69fdd436471b87c697565035953d4d8e0edf",
      "source_teacher_path": "outputs/teacher_core_contract_v1_recovered/teacher_gemma4_e4b_all_all_shard03-of-04.jsonl",
      "source_teacher_sha256": "9538751d71a3f8a133be26c2de6d4a4b505b3c780a20ee10a15cd24cd0d8a84e"
    },
    {
      "path": "states_gemma4_e4b_all_all_shard03-of-04__val.jsonl",
      "split": "val",
      "row_count": 7889,
      "sha256": "d8f6717060006b1f45a9b9f83bc9191b839bedc413080be49064d2d58a21f9db",
      "source_state_path": "outputs/states_v1/states_gemma4_e4b_all_all_shard03-of-04.jsonl",
      "source_state_sha256": "fdfe59204e8bb5797b03713d7ebe69fdd436471b87c697565035953d4d8e0edf",
      "source_teacher_path": "outputs/teacher_core_contract_v1_recovered/teacher_gemma4_e4b_all_all_shard03-of-04.jsonl",
      "source_teacher_sha256": "9538751d71a3f8a133be26c2de6d4a4b505b3c780a20ee10a15cd24cd0d8a84e"
    },
    {
      "path": "states_qwen3_vl_8b_all_all_shard00-of-04__train.jsonl",
      "split": "train",
      "row_count": 56194,
      "sha256": "251699e7a48ed832a27635941c87f0bd0499b1f79460a75ce95c5d28bb294343",
      "source_state_path": "outputs/states_v1/states_qwen3_vl_8b_all_all_shard00-of-04.jsonl",
      "source_state_sha256": "c24221c1c55402e59d736456dc46a215921c095aab5fb7b54d39d116254cefed",
      "source_teacher_path": "outputs/teacher_core_contract_v1_recovered/teacher_qwen3_vl_8b_all_all_shard00-of-04.jsonl",
      "source_teacher_sha256": "53cc79788e76a9ddcf8df20812e5ca0ca7aa918dad85d249107f3b46003c5be4"
    },
    {
      "path": "states_qwen3_vl_8b_all_all_shard00-of-04__val.jsonl",
      "split": "val",
      "row_count": 6967,
      "sha256": "1a908a585a30d6da72c68428a892a409bbf28498423aed7cc5827eebc37a3b33",
      "source_state_path": "outputs/states_v1/states_qwen3_vl_8b_all_all_shard00-of-04.jsonl",
      "source_state_sha256": "c24221c1c55402e59d736456dc46a215921c095aab5fb7b54d39d116254cefed",
      "source_teacher_path": "outputs/teacher_core_contract_v1_recovered/teacher_qwen3_vl_8b_all_all_shard00-of-04.jsonl",
      "source_teacher_sha256": "53cc79788e76a9ddcf8df20812e5ca0ca7aa918dad85d249107f3b46003c5be4"
    },
    {
      "path": "states_qwen3_vl_8b_all_all_shard01-of-04__train.jsonl",
      "split": "train",
      "row_count": 54923,
      "sha256": "a7444c60991a9386486e818f18fc3a05df25ec405ddf550da557ddec5279444e",
      "source_state_path": "outputs/states_v1/states_qwen3_vl_8b_all_all_shard01-of-04.jsonl",
      "source_state_sha256": "fa112c4a9dfb642454d2d1f9f210f914ae375ff4e1d2cd68ce14286fc7e8d35a",
      "source_teacher_path": "outputs/teacher_core_contract_v1_recovered/teacher_qwen3_vl_8b_all_all_shard01-of-04.jsonl",
      "source_teacher_sha256": "5bcb3927cfca370cce87c95df969dde3f24c26cd901c9733b63bb17180717c65"
    },
    {
      "path": "states_qwen3_vl_8b_all_all_shard01-of-04__val.jsonl",
      "split": "val",
      "row_count": 7688,
      "sha256": "ade025671a5a110354624282c0d245730718a52ed1d0275227a9d3b42ca86e5b",
      "source_state_path": "outputs/states_v1/states_qwen3_vl_8b_all_all_shard01-of-04.jsonl",
      "source_state_sha256": "fa112c4a9dfb642454d2d1f9f210f914ae375ff4e1d2cd68ce14286fc7e8d35a",
      "source_teacher_path": "outputs/teacher_core_contract_v1_recovered/teacher_qwen3_vl_8b_all_all_shard01-of-04.jsonl",
      "source_teacher_sha256": "5bcb3927cfca370cce87c95df969dde3f24c26cd901c9733b63bb17180717c65"
    },
    {
      "path": "states_qwen3_vl_8b_all_all_shard02-of-04__train.jsonl",
      "split": "train",
      "row_count": 53815,
      "sha256": "42316c47eab27016dc45e12f4861626601f9cb3602903e3aa3eee00b449ea0b4",
      "source_state_path": "outputs/states_v1/states_qwen3_vl_8b_all_all_shard02-of-04.jsonl",
      "source_state_sha256": "a282447d4b679ad0a4a3d3b95065ad9265e1922a77e78c3c9b9b00f418e78de6",
      "source_teacher_path": "outputs/teacher_core_contract_v1_recovered/teacher_qwen3_vl_8b_all_all_shard02-of-04.jsonl",
      "source_teacher_sha256": "0ae1afb49f1cf578282a62fafea38ffad93bc7d3220929469d31150e2f9c8711"
    },
    {
      "path": "states_qwen3_vl_8b_all_all_shard02-of-04__val.jsonl",
      "split": "val",
      "row_count": 7504,
      "sha256": "19733f6f78b084211852f7cada829b66178accf09619bcac5522f70d96da7326",
      "source_state_path": "outputs/states_v1/states_qwen3_vl_8b_all_all_shard02-of-04.jsonl",
      "source_state_sha256": "a282447d4b679ad0a4a3d3b95065ad9265e1922a77e78c3c9b9b00f418e78de6",
      "source_teacher_path": "outputs/teacher_core_contract_v1_recovered/teacher_qwen3_vl_8b_all_all_shard02-of-04.jsonl",
      "source_teacher_sha256": "0ae1afb49f1cf578282a62fafea38ffad93bc7d3220929469d31150e2f9c8711"
    },
    {
      "path": "states_qwen3_vl_8b_all_all_shard03-of-04__train.jsonl",
      "split": "train",
      "row_count": 53323,
      "sha256": "4239f7351596c7954e8b5a3634a29ed5bd00250a352f767aacc2e57428ba937f",
      "source_state_path": "outputs/states_v1/states_qwen3_vl_8b_all_all_shard03-of-04.jsonl",
      "source_state_sha256": "fb3947cceb2cbb9a3276546d3ec70b28c9e510d7f50df9eff09bc1f6dd6b0b8f",
      "source_teacher_path": "outputs/teacher_core_contract_v1_recovered/teacher_qwen3_vl_8b_all_all_shard03-of-04.jsonl",
      "source_teacher_sha256": "4dc9b657f4ea35d7e74e352157f25aee5bd1b2c9c99e13d33755f8f65d55031f"
    },
    {
      "path": "states_qwen3_vl_8b_all_all_shard03-of-04__val.jsonl",
      "split": "val",
      "row_count": 8083,
      "sha256": "e2bbd04a5e13c88e2cd8cd0460f4a4b58f27e31e2a0cf499dcc7a30e355f39eb",
      "source_state_path": "outputs/states_v1/states_qwen3_vl_8b_all_all_shard03-of-04.jsonl",
      "source_state_sha256": "fb3947cceb2cbb9a3276546d3ec70b28c9e510d7f50df9eff09bc1f6dd6b0b8f",
      "source_teacher_path": "outputs/teacher_core_contract_v1_recovered/teacher_qwen3_vl_8b_all_all_shard03-of-04.jsonl",
      "source_teacher_sha256": "4dc9b657f4ea35d7e74e352157f25aee5bd1b2c9c99e13d33755f8f65d55031f"
    }
  ],
  "manifest_sha256": "a7783fce1be1127a5cbde3e8875d2211beb1493ab6d6c3681a2ea71ccd808ad2"
}
	Command being timed: "timeout --signal=TERM --kill-after=5m 2700s env CUDA_VISIBLE_DEVICES=1 python scripts/build_voi_targets.py --config outputs/week8_data/ablation_configs/no_signature_regression_policy.yaml --manifest_path outputs/week5_data/vectorized_manifest.json --state_manifest outputs/week4_reports/final/state_manifest.json --checkpoint outputs/week8_ablations/no_signature_regression/diagnostic_checkpoints/diag_deep_sets_standard_seed42.best.pt --freeze_manifest outputs/week8_ablations/no_signature_regression/freeze/week8_diagnostic_freeze.json --temporary_aps outputs/week8_ablations/no_signature_regression/temporary_aps/temporary_aps_deep_sets_standard_seed42.json --teacher_path outputs/teacher_core_contract_v1_recovered --output_dir outputs/week8_ablations/no_signature_regression/voi --seed 42 --inference_batch_size 512 --device cuda:0 --resume"
	User time (seconds): 598.67
	System time (seconds): 13.19
	Percent of CPU this job got: 100%
	Elapsed (wall clock) time (h:mm:ss or m:ss): 10:06.21
	Average shared text size (kbytes): 0
	Average unshared data size (kbytes): 0
	Average stack size (kbytes): 0
	Average total size (kbytes): 0
	Maximum resident set size (kbytes): 3640444
	Average resident set size (kbytes): 0
	Major (requiring I/O) page faults: 0
	Minor (reclaiming a frame) page faults: 1446805
	Voluntary context switches: 6580
	Involuntary context switches: 99697
	Swaps: 0
	File system inputs: 0
	File system outputs: 1857984
	Socket messages sent: 0
	Socket messages received: 0
	Signals delivered: 0
	Page size (bytes): 4096
	Exit status: 0
no_signature_regression VOI targets exit code: 0
