===== no_signature_regression policy training =====
Timeout 2700s; worker ceiling remaining 4409s
2026-09-12 21:39:34,573 INFO [train_policy] epoch=0 val_loss=0.569423 oracle_agreement=0.7880
2026-09-12 21:40:42,628 INFO [train_policy] epoch=1 val_loss=0.564921 oracle_agreement=0.7866
2026-09-12 21:41:51,302 INFO [train_policy] epoch=2 val_loss=0.563625 oracle_agreement=0.7877
2026-09-12 21:42:59,935 INFO [train_policy] epoch=3 val_loss=0.561740 oracle_agreement=0.7889
2026-09-12 21:44:08,394 INFO [train_policy] epoch=4 val_loss=0.560974 oracle_agreement=0.7889
2026-09-12 21:45:14,569 INFO [train_policy] epoch=5 val_loss=0.558209 oracle_agreement=0.7898
2026-09-12 21:46:23,615 INFO [train_policy] epoch=6 val_loss=0.558168 oracle_agreement=0.7914
2026-09-12 21:47:30,478 INFO [train_policy] epoch=7 val_loss=0.558087 oracle_agreement=0.7895
2026-09-12 21:48:38,182 INFO [train_policy] epoch=8 val_loss=0.559076 oracle_agreement=0.7907
2026-09-12 21:49:38,941 INFO [train_policy] epoch=9 val_loss=0.556212 oracle_agreement=0.7924
2026-09-12 21:50:46,106 INFO [train_policy] epoch=10 val_loss=0.556137 oracle_agreement=0.7905
2026-09-12 21:51:53,901 INFO [train_policy] epoch=11 val_loss=0.556004 oracle_agreement=0.7932
2026-09-12 21:53:00,297 INFO [train_policy] epoch=12 val_loss=0.555148 oracle_agreement=0.7917
2026-09-12 21:54:09,091 INFO [train_policy] epoch=13 val_loss=0.555905 oracle_agreement=0.7917
2026-09-12 21:55:13,555 INFO [train_policy] epoch=14 val_loss=0.555601 oracle_agreement=0.7911
2026-09-12 21:56:20,901 INFO [train_policy] epoch=15 val_loss=0.555878 oracle_agreement=0.7895
2026-09-12 21:57:30,062 INFO [train_policy] epoch=16 val_loss=0.554485 oracle_agreement=0.7930
2026-09-12 21:58:37,650 INFO [train_policy] epoch=17 val_loss=0.556253 oracle_agreement=0.7910
2026-09-12 21:59:46,285 INFO [train_policy] epoch=18 val_loss=0.555475 oracle_agreement=0.7941
2026-09-12 22:00:56,074 INFO [train_policy] epoch=19 val_loss=0.555661 oracle_agreement=0.7933
2026-09-12 22:02:02,891 INFO [train_policy] epoch=20 val_loss=0.555763 oracle_agreement=0.7931
2026-09-12 22:03:04,094 INFO [train_policy] epoch=21 val_loss=0.554880 oracle_agreement=0.7925
{
  "encoder": "deep_sets",
  "gru_condition": "standard",
  "cost_multiplier": 0.0,
  "target_kind": "voi",
  "limit": null,
  "seed": 42,
  "pilot": false,
  "config_approval": "APPROVED",
  "output": "outputs/week8_ablations/no_signature_regression/policy_checkpoints/policy_deep_sets_standard_lambda0_seed42.best.pt"
}
{
  "format_version": "week6_policy_validation_v1",
  "is_valid": true,
  "fit_split": "train",
  "selection_split": "val",
  "calibration_used": false,
  "test_used": false,
  "encoder_name": "deep_sets",
  "gru_condition": "standard",
  "seed": 42,
  "cost_multiplier": 0.0,
  "target_kind": "voi",
  "train_rows": 436429,
  "validation_rows": 60483,
  "best_epoch": 16,
  "metrics": {
    "total": 0.5544853210587186,
    "ranking": 0.07069483648643109,
    "mse": 0.5452901944033973,
    "action_ce": 0.6949358742794438,
    "best_action_accuracy": 0.7930327530049766,
    "stop_prediction_rate": 0.4001950961427178,
    "row_count": 60483
  },
  "checkpoint_path": "outputs/week8_ablations/no_signature_regression/policy_checkpoints/policy_deep_sets_standard_lambda0_seed42.best.pt",
  "checkpoint_sha256": "2b6b03153f2d6d159bbaadd13d95555523f958bf34fba1cbb339e1cf309bd22b",
  "config_sha256": "727feb86a929eda47a5f6009c3872b659bacd931cab2e8ec5e81e33e76a6a78f",
  "source_manifest_sha256": "4af14b8f898f548a7ba21e68f1d1d39dcd7b2323b8c8f509d6cfa858230fd545",
  "diagnostic_checkpoint_sha256": "4b7988e218fe75bdbdee321819cb694e10eb2158a26ae9b09bba184284bcc49a",
  "vector_manifest_sha256": "1fac2c343e57ca8b6702c4e6a282a7b86a48042a6d133ba84612b5b1c50201ae",
  "week5_freeze_sha256": "a697c1ab4d34001087186216d7ca3e464b0ca9865055a7d043d2f3b797783b10",
  "limit": null,
  "report_sha256": "ef378e70b037222096032b624f835acd42a7dc9a1d3bd704c5f259eb715552b9"
}
	Command being timed: "timeout --signal=TERM --kill-after=5m 2700s env CUDA_VISIBLE_DEVICES=1 python scripts/train_policy.py --config outputs/week8_data/ablation_configs/no_signature_regression_policy.yaml --manifest_path outputs/week5_data/vectorized_manifest.json --voi_manifest outputs/week8_ablations/no_signature_regression/voi/voi_manifest.json --diagnostic_checkpoint outputs/week8_ablations/no_signature_regression/diagnostic_checkpoints/diag_deep_sets_standard_seed42.best.pt --freeze_manifest outputs/week8_ablations/no_signature_regression/freeze/week8_diagnostic_freeze.json --cost_multiplier 0.0 --target_kind voi --seed 42 --device cuda:0 --output_dir outputs/week8_ablations/no_signature_regression/policy_checkpoints --resume"
	User time (seconds): 1585.67
	System time (seconds): 10.82
	Percent of CPU this job got: 101%
	Elapsed (wall clock) time (h:mm:ss or m:ss): 26:16.29
	Average shared text size (kbytes): 0
	Average unshared data size (kbytes): 0
	Average stack size (kbytes): 0
	Average total size (kbytes): 0
	Maximum resident set size (kbytes): 6044472
	Average resident set size (kbytes): 0
	Major (requiring I/O) page faults: 0
	Minor (reclaiming a frame) page faults: 1541121
	Voluntary context switches: 57132
	Involuntary context switches: 105376
	Swaps: 0
	File system inputs: 0
	File system outputs: 32136
	Socket messages sent: 0
	Socket messages received: 0
	Signals delivered: 0
	Page size (bytes): 4096
	Exit status: 0
no_signature_regression policy training exit code: 0
