===== no_relation_probe temporary validation APS =====
Timeout 900s; worker ceiling remaining 5432s
{
  "budgets": [
    1,
    2,
    3,
    4,
    7
  ],
  "calibration_split_used": false,
  "checkpoint_path": "outputs/week8_ablations/no_relation_probe/diagnostic_checkpoints/diag_deep_sets_standard_seed42.best.pt",
  "checkpoint_sha256": "ad6849f34d87158dcfb1691af60ec3065cd4c5f1bb8aebcc015f4438ab578de3",
  "config_sha256": "40a0b8bbfe15091afadd165a90bf19eabeee6d40092120cf7568335fe4971e21",
  "coverages": [
    0.9,
    0.95
  ],
  "fit_split": "val",
  "format_version": "temporary_validation_aps_v1",
  "limit": null,
  "report_sha256": "3f09abd4230fed657324f014f70068149eca96ca3008cf022ee5be1859402a5f",
  "source_manifest_sha256": "51761a83249824422cbb826666b4926f32838d5fac45f2cd196eb667b64d7f8f",
  "status": "TEMPORARY_NOT_FINAL_CALIBRATION",
  "test_split_used": false,
  "thresholds": {
    "1": {
      "0.9": {
        "alpha": 0.09999999999999998,
        "calibration_count": 9828,
        "target_coverage": 0.9,
        "threshold": 0.9999972581863403,
        "validation_metrics": {
          "average_set_size": 3.5285917785917786,
          "coverage": 0.9003866503866503,
          "empty_set_rate": 0.06532356532356533,
          "singleton_rate": 0.20187220187220187
        }
      },
      "0.95": {
        "alpha": 0.050000000000000044,
        "calibration_count": 9828,
        "target_coverage": 0.95,
        "threshold": 0.9999996423721313,
        "validation_metrics": {
          "average_set_size": 3.8133903133903133,
          "coverage": 0.9529914529914529,
          "empty_set_rate": 0.021774521774521775,
          "singleton_rate": 0.16442816442816444
        }
      }
    },
    "2": {
      "0.9": {
        "alpha": 0.09999999999999998,
        "calibration_count": 17481,
        "target_coverage": 0.9,
        "threshold": 0.9999988079071045,
        "validation_metrics": {
          "average_set_size": 3.3884789199702534,
          "coverage": 0.9006921800812311,
          "empty_set_rate": 0.06858875350380413,
          "singleton_rate": 0.2042217264458555
        }
      },
      "0.95": {
        "alpha": 0.050000000000000044,
        "calibration_count": 17481,
        "target_coverage": 0.95,
        "threshold": 0.9999998807907104,
        "validation_metrics": {
          "average_set_size": 3.756020822607402,
          "coverage": 0.9635604370459356,
          "empty_set_rate": 0.01493049596704994,
          "singleton_rate": 0.16801098335335507
        }
      }
    },
    "3": {
      "0.9": {
        "alpha": 0.09999999999999998,
        "calibration_count": 25329,
        "target_coverage": 0.9,
        "threshold": 0.9999992847442627,
        "validation_metrics": {
          "average_set_size": 3.2863910932133127,
          "coverage": 0.9029570847644992,
          "empty_set_rate": 0.06913024596312527,
          "singleton_rate": 0.21331280350586285
        }
      },
      "0.95": {
        "alpha": 0.050000000000000044,
        "calibration_count": 25329,
        "target_coverage": 0.95,
        "threshold": 0.9999999292194843,
        "validation_metrics": {
          "average_set_size": 3.710332030478898,
          "coverage": 0.9500572466342927,
          "empty_set_rate": 0.03138694776738126,
          "singleton_rate": 0.15492123652730072
        }
      }
    },
    "4": {
      "0.9": {
        "alpha": 0.09999999999999998,
        "calibration_count": 32966,
        "target_coverage": 0.9,
        "threshold": 0.9999995231628418,
        "validation_metrics": {
          "average_set_size": 3.200570284535582,
          "coverage": 0.9014135776254323,
          "empty_set_rate": 0.07295395255718012,
          "singleton_rate": 0.22046957471334103
        }
      },
      "0.95": {
        "alpha": 0.050000000000000044,
        "calibration_count": 32966,
        "target_coverage": 0.95,
        "threshold": 1.0,
        "validation_metrics": {
          "average_set_size": 4.699963598859431,
          "coverage": 0.9925377661833404,
          "empty_set_rate": 0.0,
          "singleton_rate": 0.10923375599102106
        }
      }
    },
    "7": {
      "0.9": {
        "alpha": 0.09999999999999998,
        "calibration_count": 37178,
        "target_coverage": 0.9,
        "threshold": 0.9999997317790985,
        "validation_metrics": {
          "average_set_size": 3.18123621496584,
          "coverage": 0.9002904943783958,
          "empty_set_rate": 0.07638926246705041,
          "singleton_rate": 0.21507343052342784
        }
      },
      "0.95": {
        "alpha": 0.050000000000000044,
        "calibration_count": 37178,
        "target_coverage": 0.95,
        "threshold": 1.0,
        "validation_metrics": {
          "average_set_size": 4.6167088062832855,
          "coverage": 0.9926569476572167,
          "empty_set_rate": 0.0,
          "singleton_rate": 0.12679541664425198
        }
      }
    }
  }
}
	Command being timed: "timeout --signal=TERM --kill-after=5m 900s env CUDA_VISIBLE_DEVICES=1 python scripts/fit_temporary_aps.py --config outputs/week8_data/ablation_configs/no_relation_probe_diag.yaml --manifest_path outputs/week8_ablations/no_relation_probe/vectorized/vectorized_manifest.json --checkpoint outputs/week8_ablations/no_relation_probe/diagnostic_checkpoints/diag_deep_sets_standard_seed42.best.pt --output_dir outputs/week8_ablations/no_relation_probe/temporary_aps --seed 42 --device cuda:0 --resume"
	User time (seconds): 8.35
	System time (seconds): 5.58
	Percent of CPU this job got: 612%
	Elapsed (wall clock) time (h:mm:ss or m:ss): 0:02.27
	Average shared text size (kbytes): 0
	Average unshared data size (kbytes): 0
	Average stack size (kbytes): 0
	Average total size (kbytes): 0
	Maximum resident set size (kbytes): 527688
	Average resident set size (kbytes): 0
	Major (requiring I/O) page faults: 0
	Minor (reclaiming a frame) page faults: 86642
	Voluntary context switches: 285
	Involuntary context switches: 89701
	Swaps: 0
	File system inputs: 0
	File system outputs: 0
	Socket messages sent: 0
	Socket messages received: 0
	Signals delivered: 0
	Page size (bytes): 4096
	Exit status: 0
no_relation_probe temporary validation APS exit code: 0
