===== no_relation_probe VOI targets =====
Timeout 2700s; worker ceiling remaining 5430s
2026-09-12 21:20:03,038 INFO [build_voi_targets] Validated complete VOI output; skipping
	Command being timed: "timeout --signal=TERM --kill-after=5m 2700s env CUDA_VISIBLE_DEVICES=1 python scripts/build_voi_targets.py --config outputs/week8_data/ablation_configs/no_relation_probe_policy.yaml --manifest_path outputs/week8_ablations/no_relation_probe/vectorized/vectorized_manifest.json --state_manifest outputs/week4_reports/final/state_manifest.json --checkpoint outputs/week8_ablations/no_relation_probe/diagnostic_checkpoints/diag_deep_sets_standard_seed42.best.pt --freeze_manifest outputs/week8_ablations/no_relation_probe/freeze/week8_diagnostic_freeze.json --temporary_aps outputs/week8_ablations/no_relation_probe/temporary_aps/temporary_aps_deep_sets_standard_seed42.json --teacher_path outputs/teacher_core_contract_v1_recovered --output_dir outputs/week8_ablations/no_relation_probe/voi --seed 42 --inference_batch_size 512 --device cuda:0 --resume"
	User time (seconds): 9.17
	System time (seconds): 5.79
	Percent of CPU this job got: 161%
	Elapsed (wall clock) time (h:mm:ss or m:ss): 0:09.25
	Average shared text size (kbytes): 0
	Average unshared data size (kbytes): 0
	Average stack size (kbytes): 0
	Average total size (kbytes): 0
	Maximum resident set size (kbytes): 431644
	Average resident set size (kbytes): 0
	Major (requiring I/O) page faults: 0
	Minor (reclaiming a frame) page faults: 60797
	Voluntary context switches: 157
	Involuntary context switches: 47713
	Swaps: 0
	File system inputs: 0
	File system outputs: 0
	Socket messages sent: 0
	Socket messages received: 0
	Signals delivered: 0
	Page size (bytes): 4096
	Exit status: 0
no_relation_probe VOI targets exit code: 0
