LOMO filtering produced no rows for states_lomo.jsonl
Command exited with non-zero status 1
	Command being timed: "python scripts/build_lomo_fold.py --model_config configs/models/qwen3_vl_8b.yaml --vector_manifest outputs/week5_data/vectorized_manifest.json --teacher_dir outputs/teacher_core_contract_v1_recovered --labels_dir outputs/labels_core --states_dir outputs/states_v1 --output_dir outputs/week8_lomo/qwen3_vl_8b --overwrite"
	User time (seconds): 23.09
	System time (seconds): 6.36
	Percent of CPU this job got: 246%
	Elapsed (wall clock) time (h:mm:ss or m:ss): 0:11.96
	Average shared text size (kbytes): 0
	Average unshared data size (kbytes): 0
	Average stack size (kbytes): 0
	Average total size (kbytes): 0
	Maximum resident set size (kbytes): 587956
	Average resident set size (kbytes): 0
	Major (requiring I/O) page faults: 0
	Minor (reclaiming a frame) page faults: 203836
	Voluntary context switches: 723
	Involuntary context switches: 99200
	Swaps: 0
	File system inputs: 24
	File system outputs: 392696
	Socket messages sent: 0
	Socket messages received: 0
	Signals delivered: 0
	Page size (bytes): 4096
	Exit status: 1
