2026-08-16 19:50:13,023 INFO [run_teacher] Model: gemma4_e4b (google/gemma-4-E4B-it)
2026-08-16 19:50:13,023 INFO [run_teacher] Shard: 0/4
2026-08-16 19:50:13,023 INFO [run_teacher] Selected rows: 1836; completed: 798; pending: 1038
2026-08-16 19:50:13,023 INFO [run_teacher] Expected remaining forward passes (clean + legal probes): 7292
2026-08-16 19:50:13,023 INFO [run_teacher] Output: outputs/teacher_core/teacher_gemma4_e4b_all_all_shard00-of-04.jsonl
2026-08-16 19:50:13,024 INFO [run_teacher] Current-failure ledger: outputs/teacher_core/teacher_gemma4_e4b_all_all_shard00-of-04.failures.jsonl
Traceback (most recent call last):
  File "/home/aman/ProActive/scripts/run_teacher.py", line 107, in _acquire_output_lock
    fcntl.flock(handle.fileno(), fcntl.LOCK_EX | fcntl.LOCK_NB)
    ~~~~~~~~~~~^^^^^^^^^^^^^^^^^^^^^^^^^^^^^^^^^^^^^^^^^^^^^^^^
BlockingIOError: [Errno 11] Resource temporarily unavailable

The above exception was the direct cause of the following exception:

Traceback (most recent call last):
  File "/home/aman/ProActive/scripts/run_teacher.py", line 592, in <module>
    main()
    ~~~~^^
  File "/home/aman/ProActive/scripts/run_teacher.py", line 492, in main
    lock_handle = _acquire_output_lock(output_path)
  File "/home/aman/ProActive/scripts/run_teacher.py", line 118, in _acquire_output_lock
    raise RuntimeError(f"Another process is writing shard {output_path}") from exc
RuntimeError: Another process is writing shard outputs/teacher_core/teacher_gemma4_e4b_all_all_shard00-of-04.jsonl
2026-08-16 19:50:14,558 INFO [run_teacher] [822/1836] pope_random_2314_random_2314
2026-08-16 19:50:19,756 INFO [run_teacher] [823/1836] pope_random_2317_random_2317
2026-08-16 19:50:24,804 INFO [run_teacher] [824/1836] pope_random_2318_random_2318
2026-08-16 19:50:29,570 INFO [run_teacher] [825/1836] pope_random_2320_random_2320
2026-08-16 19:50:35,118 INFO [run_teacher] [826/1836] pope_random_2325_random_2325
2026-08-16 19:50:40,866 INFO [run_teacher] [827/1836] pope_random_2334_random_2334
2026-08-16 19:50:45,748 INFO [run_teacher] [828/1836] pope_random_2337_random_2337
2026-08-16 19:50:49,939 INFO [run_teacher] [829/1836] pope_random_2341_random_2341
2026-08-16 19:50:55,129 INFO [run_teacher] [830/1836] pope_random_2342_random_2342
2026-08-16 19:51:00,085 INFO [run_teacher] [831/1836] pope_random_2344_random_2344
2026-08-16 19:51:05,176 INFO [run_teacher] [832/1836] pope_random_2349_random_2349
2026-08-16 19:51:10,157 INFO [run_teacher] [833/1836] pope_random_2353_random_2353
2026-08-16 19:51:14,939 INFO [run_teacher] [834/1836] pope_random_2354_random_2354
2026-08-16 19:51:20,954 INFO [run_teacher] [835/1836] pope_random_2366_random_2366
2026-08-16 19:51:25,787 INFO [run_teacher] [836/1836] pope_random_2372_random_2372
2026-08-16 19:51:31,693 INFO [run_teacher] [837/1836] pope_random_2375_random_2375
2026-08-16 19:51:36,750 INFO [run_teacher] [838/1836] pope_random_2382_random_2382
2026-08-16 19:51:41,990 INFO [run_teacher] [839/1836] pope_random_2384_random_2384
2026-08-16 19:51:48,271 INFO [run_teacher] [840/1836] pope_random_2387_random_2387
2026-08-16 19:51:53,636 INFO [run_teacher] [841/1836] pope_random_2392_random_2392
2026-08-16 19:51:58,885 INFO [run_teacher] [842/1836] pope_random_2397_random_2397
2026-08-16 19:52:03,633 INFO [run_teacher] [843/1836] pope_random_2400_random_2400
2026-08-16 19:52:08,823 INFO [run_teacher] [844/1836] pope_random_2402_random_2402
2026-08-16 19:52:13,314 INFO [run_teacher] [845/1836] pope_random_2403_random_2403
2026-08-16 19:52:18,154 INFO [run_teacher] [846/1836] pope_random_2404_random_2404
2026-08-16 19:52:22,661 INFO [run_teacher] [847/1836] pope_random_2405_random_2405
2026-08-16 19:52:27,418 INFO [run_teacher] [848/1836] pope_random_2426_random_2426
2026-08-16 19:52:32,000 INFO [run_teacher] [849/1836] pope_random_2431_random_2431
2026-08-16 19:52:36,815 INFO [run_teacher] [850/1836] pope_random_2433_random_2433
2026-08-16 19:52:41,780 INFO [run_teacher] [851/1836] pope_random_2436_random_2436
2026-08-16 19:52:47,304 INFO [run_teacher] [852/1836] pope_random_2440_random_2440
2026-08-16 19:52:52,727 INFO [run_teacher] [853/1836] pope_random_2443_random_2443
2026-08-16 19:52:57,992 INFO [run_teacher] [854/1836] pope_random_2446_random_2446
2026-08-16 19:53:02,432 INFO [run_teacher] [855/1836] pope_random_2447_random_2447
2026-08-16 19:53:08,131 INFO [run_teacher] [856/1836] pope_random_2449_random_2449
2026-08-16 19:53:13,446 INFO [run_teacher] [857/1836] pope_random_2451_random_2451
2026-08-16 19:53:19,886 INFO [run_teacher] [858/1836] pope_random_2452_random_2452
2026-08-16 19:53:25,392 INFO [run_teacher] [859/1836] pope_random_2453_random_2453
2026-08-16 19:53:30,674 INFO [run_teacher] [860/1836] pope_random_2470_random_2470
2026-08-16 19:53:36,181 INFO [run_teacher] [861/1836] pope_random_2473_random_2473
2026-08-16 19:53:40,971 INFO [run_teacher] [862/1836] pope_random_2474_random_2474
2026-08-16 19:53:45,336 INFO [run_teacher] [863/1836] pope_random_2476_random_2476
2026-08-16 19:53:50,693 INFO [run_teacher] [864/1836] pope_random_2485_random_2485
2026-08-16 19:53:56,250 INFO [run_teacher] [865/1836] pope_random_2486_random_2486
2026-08-16 19:54:01,149 INFO [run_teacher] [866/1836] pope_random_2496_random_2496
2026-08-16 19:54:06,039 INFO [run_teacher] [867/1836] pope_random_2509_random_2509
2026-08-16 19:54:11,512 INFO [run_teacher] [868/1836] pope_random_2517_random_2517
2026-08-16 19:54:17,402 INFO [run_teacher] [869/1836] pope_random_2537_random_2537
2026-08-16 19:54:22,342 INFO [run_teacher] [870/1836] pope_random_2542_random_2542
2026-08-16 19:54:27,341 INFO [run_teacher] [871/1836] pope_random_2543_random_2543
2026-08-16 19:54:31,623 INFO [run_teacher] [872/1836] pope_random_2544_random_2544
2026-08-16 19:54:36,105 INFO [run_teacher] [873/1836] pope_random_2545_random_2545
2026-08-16 19:54:41,686 INFO [run_teacher] [874/1836] pope_random_2550_random_2550
2026-08-16 19:54:47,135 INFO [run_teacher] [875/1836] pope_random_2553_random_2553
2026-08-16 19:54:52,325 INFO [run_teacher] [876/1836] pope_random_2555_random_2555
2026-08-16 19:54:57,657 INFO [run_teacher] [877/1836] pope_random_2557_random_2557
2026-08-16 19:55:02,880 INFO [run_teacher] [878/1836] pope_random_2558_random_2558
2026-08-16 19:55:07,837 INFO [run_teacher] [879/1836] pope_random_2563_random_2563
2026-08-16 19:55:13,085 INFO [run_teacher] [880/1836] pope_random_2566_random_2566
2026-08-16 19:55:19,242 INFO [run_teacher] [881/1836] pope_random_2574_random_2574
2026-08-16 19:55:24,632 INFO [run_teacher] [882/1836] pope_random_2575_random_2575
2026-08-16 19:55:29,272 INFO [run_teacher] [883/1836] pope_random_2576_random_2576
2026-08-16 19:55:33,588 INFO [run_teacher] [884/1836] pope_random_2577_random_2577
2026-08-16 19:55:38,394 INFO [run_teacher] [885/1836] pope_random_2581_random_2581
2026-08-16 19:55:43,060 INFO [run_teacher] [886/1836] pope_random_2582_random_2582
2026-08-16 19:55:49,241 INFO [run_teacher] [887/1836] pope_random_2589_random_2589
2026-08-16 19:55:53,915 INFO [run_teacher] [888/1836] pope_random_2591_random_2591
2026-08-16 19:55:58,405 INFO [run_teacher] [889/1836] pope_random_2594_random_2594
2026-08-16 19:56:02,862 INFO [run_teacher] [890/1836] pope_random_2597_random_2597
2026-08-16 19:56:07,861 INFO [run_teacher] [891/1836] pope_random_2600_random_2600
2026-08-16 19:56:13,659 INFO [run_teacher] [892/1836] pope_random_2602_random_2602
2026-08-16 19:56:20,148 INFO [run_teacher] [893/1836] pope_random_2605_random_2605
2026-08-16 19:56:25,272 INFO [run_teacher] [894/1836] pope_random_2608_random_2608
2026-08-16 19:56:31,254 INFO [run_teacher] [895/1836] pope_random_2610_random_2610
2026-08-16 19:56:36,394 INFO [run_teacher] [896/1836] pope_random_2611_random_2611
2026-08-16 19:56:41,228 INFO [run_teacher] [897/1836] pope_random_2614_random_2614
2026-08-16 19:56:47,099 INFO [run_teacher] [898/1836] pope_random_2616_random_2616
2026-08-16 19:56:51,398 INFO [run_teacher] [899/1836] pope_random_2617_random_2617
2026-08-16 19:56:56,654 INFO [run_teacher] [900/1836] pope_random_2627_random_2627
2026-08-16 19:57:01,253 INFO [run_teacher] [901/1836] pope_random_2635_random_2635
2026-08-16 19:57:06,602 INFO [run_teacher] [902/1836] pope_random_2636_random_2636
2026-08-16 19:57:12,108 INFO [run_teacher] [903/1836] pope_random_2641_random_2641
2026-08-16 19:57:17,881 INFO [run_teacher] [904/1836] pope_random_2643_random_2643
2026-08-16 19:57:23,263 INFO [run_teacher] [905/1836] pope_random_2645_random_2645
2026-08-16 19:57:29,220 INFO [run_teacher] [906/1836] pope_random_2651_random_2651
2026-08-16 19:57:34,143 INFO [run_teacher] [907/1836] pope_random_2659_random_2659
2026-08-16 19:57:38,875 INFO [run_teacher] [908/1836] pope_random_2661_random_2661
2026-08-16 19:57:43,549 INFO [run_teacher] [909/1836] pope_random_2662_random_2662
2026-08-16 19:57:48,439 INFO [run_teacher] [910/1836] pope_random_2664_random_2664
2026-08-16 19:57:52,846 INFO [run_teacher] [911/1836] pope_random_2668_random_2668
2026-08-16 19:57:57,245 INFO [run_teacher] [912/1836] pope_random_2675_random_2675
2026-08-16 19:58:02,685 INFO [run_teacher] [913/1836] pope_random_2677_random_2677
2026-08-16 19:58:07,225 INFO [run_teacher] [914/1836] pope_random_2679_random_2679
2026-08-16 19:58:11,507 INFO [run_teacher] [915/1836] pope_random_2684_random_2684
2026-08-16 19:58:16,123 INFO [run_teacher] [916/1836] pope_random_2685_random_2685
2026-08-16 19:58:20,971 INFO [run_teacher] [917/1836] pope_random_2686_random_2686
2026-08-16 19:58:25,953 INFO [run_teacher] [918/1836] pope_random_2687_random_2687
2026-08-16 19:58:30,977 INFO [run_teacher] [919/1836] pope_random_2690_random_2690
2026-08-16 19:58:37,008 INFO [run_teacher] [920/1836] pope_random_2696_random_2696
2026-08-16 19:58:42,431 INFO [run_teacher] [921/1836] pope_random_2698_random_2698
2026-08-16 19:58:47,688 INFO [run_teacher] [922/1836] pope_random_2700_random_2700
2026-08-16 19:58:51,796 INFO [run_teacher] [923/1836] pope_random_2704_random_2704
2026-08-16 19:58:56,753 INFO [run_teacher] [924/1836] pope_random_2709_random_2709
2026-08-16 19:59:02,051 INFO [run_teacher] [925/1836] pope_random_2710_random_2710
2026-08-16 19:59:07,017 INFO [run_teacher] [926/1836] pope_random_2718_random_2718
2026-08-16 19:59:13,148 INFO [run_teacher] [927/1836] pope_random_2725_random_2725
2026-08-16 19:59:17,663 INFO [run_teacher] [928/1836] pope_random_2731_random_2731
2026-08-16 19:59:22,795 INFO [run_teacher] [929/1836] pope_random_2740_random_2740
2026-08-16 19:59:28,294 INFO [run_teacher] [930/1836] pope_random_2741_random_2741
2026-08-16 19:59:32,726 INFO [run_teacher] [931/1836] pope_random_2745_random_2745
2026-08-16 19:59:37,957 INFO [run_teacher] [932/1836] pope_random_2747_random_2747
2026-08-16 19:59:43,148 INFO [run_teacher] [933/1836] pope_random_2749_random_2749
2026-08-16 19:59:48,105 INFO [run_teacher] [934/1836] pope_random_2751_random_2751
2026-08-16 19:59:52,561 INFO [run_teacher] [935/1836] pope_random_2752_random_2752
2026-08-16 19:59:57,910 INFO [run_teacher] [936/1836] pope_random_2756_random_2756
2026-08-16 20:00:01,592 INFO [run_teacher] [937/1836] pope_random_2764_random_2764
2026-08-16 20:00:06,366 INFO [run_teacher] [938/1836] pope_random_2767_random_2767
2026-08-16 20:00:11,573 INFO [run_teacher] [939/1836] pope_random_2772_random_2772
2026-08-16 20:00:17,113 INFO [run_teacher] [940/1836] pope_random_2774_random_2774
2026-08-16 20:00:22,511 INFO [run_teacher] [941/1836] pope_random_2775_random_2775
2026-08-16 20:00:27,560 INFO [run_teacher] [942/1836] pope_random_2778_random_2778
2026-08-16 20:00:32,850 INFO [run_teacher] [943/1836] pope_random_2783_random_2783
2026-08-16 20:00:37,673 INFO [run_teacher] [944/1836] pope_random_2803_random_2803
2026-08-16 20:00:42,547 INFO [run_teacher] [945/1836] pope_random_2804_random_2804
2026-08-16 20:00:46,554 INFO [run_teacher] [946/1836] pope_random_2816_random_2816
2026-08-16 20:00:51,794 INFO [run_teacher] [947/1836] pope_random_2817_random_2817
2026-08-16 20:00:57,109 INFO [run_teacher] [948/1836] pope_random_2821_random_2821
2026-08-16 20:01:02,441 INFO [run_teacher] [949/1836] pope_random_2822_random_2822
2026-08-16 20:01:07,157 INFO [run_teacher] [950/1836] pope_random_2826_random_2826
2026-08-16 20:01:12,072 INFO [run_teacher] [951/1836] pope_random_2830_random_2830
2026-08-16 20:01:17,079 INFO [run_teacher] [952/1836] pope_random_2831_random_2831
2026-08-16 20:01:21,636 INFO [run_teacher] [953/1836] pope_random_2832_random_2832
2026-08-16 20:01:26,701 INFO [run_teacher] [954/1836] pope_random_2834_random_2834
2026-08-16 20:01:31,808 INFO [run_teacher] [955/1836] pope_random_2842_random_2842
2026-08-16 20:01:37,706 INFO [run_teacher] [956/1836] pope_random_2843_random_2843
2026-08-16 20:01:42,954 INFO [run_teacher] [957/1836] pope_random_2844_random_2844
2026-08-16 20:01:47,703 INFO [run_teacher] [958/1836] pope_random_2845_random_2845
2026-08-16 20:01:52,227 INFO [run_teacher] [959/1836] pope_random_2846_random_2846
2026-08-16 20:01:57,017 INFO [run_teacher] [960/1836] pope_random_2847_random_2847
2026-08-16 20:02:01,866 INFO [run_teacher] [961/1836] pope_random_2855_random_2855
2026-08-16 20:02:06,947 INFO [run_teacher] [962/1836] pope_random_2859_random_2859
2026-08-16 20:02:11,613 INFO [run_teacher] [963/1836] pope_random_2864_random_2864
2026-08-16 20:02:15,478 INFO [run_teacher] [964/1836] pope_random_2865_random_2865
2026-08-16 20:02:20,352 INFO [run_teacher] [965/1836] pope_random_2867_random_2867
2026-08-16 20:02:25,717 INFO [run_teacher] [966/1836] pope_random_2875_random_2875
2026-08-16 20:02:31,332 INFO [run_teacher] [967/1836] pope_random_2877_random_2877
2026-08-16 20:02:36,272 INFO [run_teacher] [968/1836] pope_random_2880_random_2880
2026-08-16 20:02:42,604 INFO [run_teacher] [969/1836] pope_random_2881_random_2881
2026-08-16 20:02:47,669 INFO [run_teacher] [970/1836] pope_random_2883_random_2883
2026-08-16 20:02:53,317 INFO [run_teacher] [971/1836] pope_random_2884_random_2884
2026-08-16 20:02:59,449 INFO [run_teacher] [972/1836] pope_random_2886_random_2886
2026-08-16 20:03:04,922 INFO [run_teacher] [973/1836] pope_random_2890_random_2890
2026-08-16 20:03:10,162 INFO [run_teacher] [974/1836] pope_random_2895_random_2895
2026-08-16 20:03:14,928 INFO [run_teacher] [975/1836] pope_random_2902_random_2902
2026-08-16 20:03:20,776 INFO [run_teacher] [976/1836] pope_random_2908_random_2908
2026-08-16 20:03:25,700 INFO [run_teacher] [977/1836] pope_random_2909_random_2909
2026-08-16 20:03:30,723 INFO [run_teacher] [978/1836] pope_random_2911_random_2911
2026-08-16 20:03:36,122 INFO [run_teacher] [979/1836] pope_random_2912_random_2912
2026-08-16 20:03:40,404 INFO [run_teacher] [980/1836] pope_random_2917_random_2917
2026-08-16 20:03:44,811 INFO [run_teacher] [981/1836] pope_random_2928_random_2928
2026-08-16 20:03:49,501 INFO [run_teacher] [982/1836] pope_random_2929_random_2929
2026-08-16 20:03:54,425 INFO [run_teacher] [983/1836] pope_random_2937_random_2937
2026-08-16 20:04:02,256 INFO [run_teacher] [984/1836] pope_random_2938_random_2938
2026-08-16 20:04:07,138 INFO [run_teacher] [985/1836] pope_random_2939_random_2939
2026-08-16 20:04:11,953 INFO [run_teacher] [986/1836] pope_random_2949_random_2949
2026-08-16 20:04:17,185 INFO [run_teacher] [987/1836] pope_random_2950_random_2950
2026-08-16 20:04:22,958 INFO [run_teacher] [988/1836] pope_random_2971_random_2971
2026-08-16 20:04:27,357 INFO [run_teacher] [989/1836] pope_random_2972_random_2972
2026-08-16 20:04:32,789 INFO [run_teacher] [990/1836] pope_random_2973_random_2973
2026-08-16 20:04:36,629 INFO [run_teacher] [991/1836] pope_random_2975_random_2975
2026-08-16 20:04:41,261 INFO [run_teacher] [992/1836] pope_random_2977_random_2977
2026-08-16 20:04:46,984 INFO [run_teacher] [993/1836] pope_random_2990_random_2990
2026-08-16 20:04:52,325 INFO [run_teacher] [994/1836] pope_random_2992_random_2992
2026-08-16 20:04:58,298 INFO [run_teacher] [995/1836] pope_random_2994_random_2994
2026-08-16 20:05:04,013 INFO [run_teacher] [996/1836] vizwiz_VizWiz_val_00000006_6
2026-08-16 20:05:19,666 INFO [run_teacher] [997/1836] vizwiz_VizWiz_val_00000015_15
2026-08-16 20:05:28,639 INFO [run_teacher] [998/1836] vizwiz_VizWiz_val_00000016_16
2026-08-16 20:05:43,135 INFO [run_teacher] [999/1836] vizwiz_VizWiz_val_00000017_17
2026-08-16 20:05:58,580 INFO [run_teacher] [1000/1836] vizwiz_VizWiz_val_00000021_21
2026-08-16 20:06:28,145 INFO [run_teacher] [1001/1836] vizwiz_VizWiz_val_00000027_27
2026-08-16 20:06:39,167 INFO [run_teacher] [1002/1836] vizwiz_VizWiz_val_00000031_31
2026-08-16 20:06:52,121 INFO [run_teacher] [1003/1836] vizwiz_VizWiz_val_00000034_34
2026-08-16 20:07:02,568 INFO [run_teacher] [1004/1836] vizwiz_VizWiz_val_00000035_35
2026-08-16 20:07:14,822 INFO [run_teacher] [1005/1836] vizwiz_VizWiz_val_00000038_38
2026-08-16 20:07:24,561 INFO [run_teacher] [1006/1836] vizwiz_VizWiz_val_00000043_43
2026-08-16 20:07:42,522 INFO [run_teacher] [1007/1836] vizwiz_VizWiz_val_00000045_45
2026-08-16 20:07:52,394 INFO [run_teacher] [1008/1836] vizwiz_VizWiz_val_00000049_49
2026-08-16 20:08:03,416 INFO [run_teacher] [1009/1836] vizwiz_VizWiz_val_00000051_51
2026-08-16 20:08:19,835 INFO [run_teacher] [1010/1836] vizwiz_VizWiz_val_00000052_52
2026-08-16 20:08:33,181 INFO [run_teacher] [1011/1836] vizwiz_VizWiz_val_00000059_59
2026-08-16 20:09:03,471 INFO [run_teacher] [1012/1836] vizwiz_VizWiz_val_00000062_62
2026-08-16 20:09:17,450 INFO [run_teacher] [1013/1836] vizwiz_VizWiz_val_00000068_68
2026-08-16 20:09:26,939 INFO [run_teacher] [1014/1836] vizwiz_VizWiz_val_00000074_74
2026-08-16 20:09:38,394 INFO [run_teacher] [1015/1836] vizwiz_VizWiz_val_00000077_77
2026-08-16 20:09:51,590 INFO [run_teacher] [1016/1836] vizwiz_VizWiz_val_00000083_83
2026-08-16 20:10:00,653 INFO [run_teacher] [1017/1836] vizwiz_VizWiz_val_00000084_84
2026-08-16 20:10:06,235 INFO [run_teacher] [1018/1836] vizwiz_VizWiz_val_00000087_87
2026-08-16 20:10:19,839 INFO [run_teacher] [1019/1836] vizwiz_VizWiz_val_00000091_91
2026-08-16 20:10:30,594 INFO [run_teacher] [1020/1836] vizwiz_VizWiz_val_00000101_101
2026-08-16 20:10:35,534 INFO [run_teacher] [1021/1836] vizwiz_VizWiz_val_00000116_116
2026-08-16 20:10:48,288 INFO [run_teacher] [1022/1836] vizwiz_VizWiz_val_00000128_128
2026-08-16 20:11:00,385 INFO [run_teacher] [1023/1836] vizwiz_VizWiz_val_00000141_141
2026-08-16 20:11:10,440 INFO [run_teacher] [1024/1836] vizwiz_VizWiz_val_00000153_153
2026-08-16 20:11:21,062 INFO [run_teacher] [1025/1836] vizwiz_VizWiz_val_00000156_156
2026-08-16 20:11:34,057 INFO [run_teacher] [1026/1836] vizwiz_VizWiz_val_00000158_158
2026-08-16 20:11:44,779 INFO [run_teacher] [1027/1836] vizwiz_VizWiz_val_00000161_161
2026-08-16 20:11:57,625 INFO [run_teacher] [1028/1836] vizwiz_VizWiz_val_00000167_167
2026-08-16 20:12:11,538 INFO [run_teacher] [1029/1836] vizwiz_VizWiz_val_00000169_169
2026-08-16 20:12:31,365 INFO [run_teacher] [1030/1836] vizwiz_VizWiz_val_00000176_176
2026-08-16 20:12:47,660 INFO [run_teacher] [1031/1836] vizwiz_VizWiz_val_00000180_180
2026-08-16 20:12:59,124 INFO [run_teacher] [1032/1836] vizwiz_VizWiz_val_00000183_183
2026-08-16 20:13:04,064 INFO [run_teacher] [1033/1836] vizwiz_VizWiz_val_00000184_184
2026-08-16 20:13:11,828 INFO [run_teacher] [1034/1836] vizwiz_VizWiz_val_00000187_187
2026-08-16 20:13:27,115 INFO [run_teacher] [1035/1836] vizwiz_VizWiz_val_00000188_188
2026-08-16 20:13:46,500 INFO [run_teacher] [1036/1836] vizwiz_VizWiz_val_00000199_199
2026-08-16 20:14:24,880 INFO [run_teacher] [1037/1836] vizwiz_VizWiz_val_00000205_205
2026-08-16 20:14:34,193 INFO [run_teacher] [1038/1836] vizwiz_VizWiz_val_00000214_214
2026-08-16 20:14:55,828 INFO [run_teacher] [1039/1836] vizwiz_VizWiz_val_00000223_223
2026-08-16 20:15:08,233 INFO [run_teacher] [1040/1836] vizwiz_VizWiz_val_00000227_227
2026-08-16 20:15:18,313 INFO [run_teacher] [1041/1836] vizwiz_VizWiz_val_00000231_231
2026-08-16 20:15:32,558 INFO [run_teacher] [1042/1836] vizwiz_VizWiz_val_00000233_233
2026-08-16 20:15:47,237 INFO [run_teacher] [1043/1836] vizwiz_VizWiz_val_00000235_235
2026-08-16 20:16:10,446 INFO [run_teacher] [1044/1836] vizwiz_VizWiz_val_00000237_237
2026-08-16 20:16:44,043 INFO [run_teacher] [1045/1836] vizwiz_VizWiz_val_00000239_239
2026-08-16 20:16:50,907 INFO [run_teacher] [1046/1836] vizwiz_VizWiz_val_00000245_245
2026-08-16 20:17:02,404 INFO [run_teacher] [1047/1836] vizwiz_VizWiz_val_00000246_246
2026-08-16 20:17:14,333 INFO [run_teacher] [1048/1836] vizwiz_VizWiz_val_00000255_255
2026-08-16 20:17:30,678 INFO [run_teacher] [1049/1836] vizwiz_VizWiz_val_00000256_256
2026-08-16 20:17:38,351 INFO [run_teacher] [1050/1836] vizwiz_VizWiz_val_00000257_257
2026-08-16 20:17:53,238 INFO [run_teacher] [1051/1836] vizwiz_VizWiz_val_00000262_262
2026-08-16 20:18:13,089 INFO [run_teacher] [1052/1836] vizwiz_VizWiz_val_00000266_266
2026-08-16 20:18:19,012 INFO [run_teacher] [1053/1836] vizwiz_VizWiz_val_00000276_276
2026-08-16 20:18:41,314 INFO [run_teacher] [1054/1836] vizwiz_VizWiz_val_00000277_277
2026-08-16 20:19:05,581 INFO [run_teacher] [1055/1836] vizwiz_VizWiz_val_00000278_278
2026-08-16 20:19:31,906 INFO [run_teacher] [1056/1836] vizwiz_VizWiz_val_00000280_280
2026-08-16 20:19:40,878 INFO [run_teacher] [1057/1836] vizwiz_VizWiz_val_00000281_281
2026-08-16 20:19:51,208 INFO [run_teacher] [1058/1836] vizwiz_VizWiz_val_00000295_295
2026-08-16 20:20:02,504 INFO [run_teacher] [1059/1836] vizwiz_VizWiz_val_00000298_298
2026-08-16 20:20:12,509 INFO [run_teacher] [1060/1836] vizwiz_VizWiz_val_00000300_300
2026-08-16 20:21:15,397 INFO [run_teacher] [1061/1836] vizwiz_VizWiz_val_00000307_307
2026-08-16 20:21:24,903 INFO [run_teacher] [1062/1836] vizwiz_VizWiz_val_00000310_310
2026-08-16 20:21:41,406 INFO [run_teacher] [1063/1836] vizwiz_VizWiz_val_00000311_311
2026-08-16 20:22:00,275 INFO [run_teacher] [1064/1836] vizwiz_VizWiz_val_00000315_315
2026-08-16 20:22:09,522 INFO [run_teacher] [1065/1836] vizwiz_VizWiz_val_00000317_317
2026-08-16 20:22:30,265 INFO [run_teacher] [1066/1836] vizwiz_VizWiz_val_00000320_320
2026-08-16 20:22:40,504 INFO [run_teacher] [1067/1836] vizwiz_VizWiz_val_00000324_324
2026-08-16 20:22:49,476 INFO [run_teacher] [1068/1836] vizwiz_VizWiz_val_00000327_327
2026-08-16 20:22:57,856 INFO [run_teacher] [1069/1836] vizwiz_VizWiz_val_00000328_328
2026-08-16 20:23:14,984 INFO [run_teacher] [1070/1836] vizwiz_VizWiz_val_00000332_332
2026-08-16 20:23:28,505 INFO [run_teacher] [1071/1836] vizwiz_VizWiz_val_00000334_334
2026-08-16 20:23:42,525 INFO [run_teacher] [1072/1836] vizwiz_VizWiz_val_00000337_337
2026-08-16 20:23:56,988 INFO [run_teacher] [1073/1836] vizwiz_VizWiz_val_00000339_339
2026-08-16 20:24:16,015 INFO [run_teacher] [1074/1836] vizwiz_VizWiz_val_00000342_342
2026-08-16 20:24:39,657 INFO [run_teacher] [1075/1836] vizwiz_VizWiz_val_00000343_343
2026-08-16 20:24:59,484 INFO [run_teacher] [1076/1836] vizwiz_VizWiz_val_00000344_344
2026-08-16 20:25:12,155 INFO [run_teacher] [1077/1836] vizwiz_VizWiz_val_00000349_349
2026-08-16 20:25:37,089 INFO [run_teacher] [1078/1836] vizwiz_VizWiz_val_00000350_350
2026-08-16 20:26:08,429 INFO [run_teacher] [1079/1836] vizwiz_VizWiz_val_00000352_352
2026-08-16 20:26:48,299 INFO [run_teacher] [1080/1836] vizwiz_VizWiz_val_00000355_355
2026-08-16 20:27:10,184 INFO [run_teacher] [1081/1836] vizwiz_VizWiz_val_00000366_366
2026-08-16 20:27:23,647 INFO [run_teacher] [1082/1836] vizwiz_VizWiz_val_00000372_372
2026-08-16 20:27:33,285 INFO [run_teacher] [1083/1836] vizwiz_VizWiz_val_00000373_373
2026-08-16 20:27:48,688 INFO [run_teacher] [1084/1836] vizwiz_VizWiz_val_00000375_375
2026-08-16 20:28:02,367 INFO [run_teacher] [1085/1836] vizwiz_VizWiz_val_00000376_376
2026-08-16 20:28:13,589 INFO [run_teacher] [1086/1836] vizwiz_VizWiz_val_00000385_385
2026-08-16 20:28:25,976 INFO [run_teacher] [1087/1836] vizwiz_VizWiz_val_00000386_386
2026-08-16 20:29:32,094 ERROR [run_teacher] Teacher generation failed for vizwiz_VizWiz_val_00000386_386: Mandatory probe observation 'grounding' is invalid (Missing FINAL_ANSWER tag and unable to resolve valid final answer)
Traceback (most recent call last):
  File "/home/aman/ProActive/scripts/run_teacher.py", line 392, in main
    if manifest_errors:
                    ^^^
ValueError: Mandatory probe observation 'grounding' is invalid (Missing FINAL_ANSWER tag and unable to resolve valid final answer)
2026-08-16 20:29:32,094 INFO [run_teacher] [1088/1836] vizwiz_VizWiz_val_00000392_392
2026-08-16 20:29:53,723 INFO [run_teacher] [1089/1836] vizwiz_VizWiz_val_00000396_396
2026-08-16 20:30:05,453 INFO [run_teacher] [1090/1836] vizwiz_VizWiz_val_00000397_397
2026-08-16 20:30:19,073 INFO [run_teacher] [1091/1836] vizwiz_VizWiz_val_00000403_403
2026-08-16 20:31:27,218 INFO [run_teacher] [1092/1836] vizwiz_VizWiz_val_00000410_410
2026-08-16 20:31:47,786 INFO [run_teacher] [1093/1836] vizwiz_VizWiz_val_00000417_417
2026-08-16 20:31:58,841 INFO [run_teacher] [1094/1836] vizwiz_VizWiz_val_00000418_418
2026-08-16 20:32:14,469 INFO [run_teacher] [1095/1836] vizwiz_VizWiz_val_00000419_419
2026-08-16 20:32:27,582 INFO [run_teacher] [1096/1836] vizwiz_VizWiz_val_00000433_433
2026-08-16 20:32:39,145 INFO [run_teacher] [1097/1836] vizwiz_VizWiz_val_00000434_434
2026-08-16 20:32:55,139 INFO [run_teacher] [1098/1836] vizwiz_VizWiz_val_00000435_435
2026-08-16 20:33:25,230 INFO [run_teacher] [1099/1836] vizwiz_VizWiz_val_00000437_437
2026-08-16 20:33:35,402 INFO [run_teacher] [1100/1836] vizwiz_VizWiz_val_00000455_455
2026-08-16 20:33:48,114 INFO [run_teacher] [1101/1836] vizwiz_VizWiz_val_00000456_456
2026-08-16 20:33:58,702 INFO [run_teacher] [1102/1836] vizwiz_VizWiz_val_00000457_457
2026-08-16 20:34:09,049 INFO [run_teacher] [1103/1836] vizwiz_VizWiz_val_00000464_464
2026-08-16 20:34:21,137 INFO [run_teacher] [1104/1836] vizwiz_VizWiz_val_00000466_466
2026-08-16 20:34:38,240 INFO [run_teacher] [1105/1836] vizwiz_VizWiz_val_00000468_468
2026-08-16 20:34:50,678 INFO [run_teacher] [1106/1836] vizwiz_VizWiz_val_00000470_470
2026-08-16 20:35:03,266 INFO [run_teacher] [1107/1836] vizwiz_VizWiz_val_00000474_474
2026-08-16 20:35:13,487 INFO [run_teacher] [1108/1836] vizwiz_VizWiz_val_00000476_476
2026-08-16 20:35:30,624 INFO [run_teacher] [1109/1836] vizwiz_VizWiz_val_00000479_479
2026-08-16 20:36:01,880 INFO [run_teacher] [1110/1836] vizwiz_VizWiz_val_00000482_482
2026-08-16 20:36:16,734 INFO [run_teacher] [1111/1836] vizwiz_VizWiz_val_00000488_488
2026-08-16 20:36:33,062 INFO [run_teacher] [1112/1836] vizwiz_VizWiz_val_00000494_494
2026-08-16 20:36:47,082 INFO [run_teacher] [1113/1836] vizwiz_VizWiz_val_00000495_495
2026-08-16 20:37:11,116 INFO [run_teacher] [1114/1836] vizwiz_VizWiz_val_00000498_498
2026-08-16 20:37:30,935 INFO [run_teacher] [1115/1836] vizwiz_VizWiz_val_00000501_501
2026-08-16 20:37:40,532 INFO [run_teacher] [1116/1836] vizwiz_VizWiz_val_00000502_502
2026-08-16 20:37:48,354 INFO [run_teacher] [1117/1836] vizwiz_VizWiz_val_00000506_506
2026-08-16 20:38:02,591 INFO [run_teacher] [1118/1836] vizwiz_VizWiz_val_00000508_508
2026-08-16 20:38:18,195 INFO [run_teacher] [1119/1836] vizwiz_VizWiz_val_00000512_512
2026-08-16 20:38:40,921 INFO [run_teacher] [1120/1836] vizwiz_VizWiz_val_00000513_513
2026-08-16 20:38:48,994 INFO [run_teacher] [1121/1836] vizwiz_VizWiz_val_00000517_517
2026-08-16 20:39:12,619 INFO [run_teacher] [1122/1836] vizwiz_VizWiz_val_00000521_521
2026-08-16 20:39:27,023 INFO [run_teacher] [1123/1836] vizwiz_VizWiz_val_00000527_527
2026-08-16 20:39:40,835 INFO [run_teacher] [1124/1836] vizwiz_VizWiz_val_00000529_529
2026-08-16 20:39:47,683 INFO [run_teacher] [1125/1836] vizwiz_VizWiz_val_00000532_532
2026-08-16 20:39:59,313 INFO [run_teacher] [1126/1836] vizwiz_VizWiz_val_00000534_534
2026-08-16 20:40:11,717 INFO [run_teacher] [1127/1836] vizwiz_VizWiz_val_00000537_537
2026-08-16 20:40:26,779 INFO [run_teacher] [1128/1836] vizwiz_VizWiz_val_00000540_540
2026-08-16 20:40:35,010 INFO [run_teacher] [1129/1836] vizwiz_VizWiz_val_00000541_541
2026-08-16 20:40:38,850 INFO [run_teacher] [1130/1836] vizwiz_VizWiz_val_00000546_546
2026-08-16 20:40:56,145 INFO [run_teacher] [1131/1836] vizwiz_VizWiz_val_00000555_555
2026-08-16 20:41:19,495 INFO [run_teacher] [1132/1836] vizwiz_VizWiz_val_00000558_558
2026-08-16 20:41:33,033 INFO [run_teacher] [1133/1836] vizwiz_VizWiz_val_00000560_560
2026-08-16 20:41:57,800 INFO [run_teacher] [1134/1836] vizwiz_VizWiz_val_00000563_563
2026-08-16 20:42:08,896 INFO [run_teacher] [1135/1836] vizwiz_VizWiz_val_00000564_564
2026-08-16 20:42:18,477 INFO [run_teacher] [1136/1836] vizwiz_VizWiz_val_00000574_574
2026-08-16 20:42:45,118 INFO [run_teacher] [1137/1836] vizwiz_VizWiz_val_00000576_576
2026-08-16 20:43:00,405 INFO [run_teacher] [1138/1836] vizwiz_VizWiz_val_00000583_583
2026-08-16 20:43:11,152 INFO [run_teacher] [1139/1836] vizwiz_VizWiz_val_00000590_590
2026-08-16 20:43:20,257 INFO [run_teacher] [1140/1836] vizwiz_VizWiz_val_00000593_593
2026-08-16 20:43:30,737 INFO [run_teacher] [1141/1836] vizwiz_VizWiz_val_00000594_594
2026-08-16 20:43:41,309 INFO [run_teacher] [1142/1836] vizwiz_VizWiz_val_00000595_595
2026-08-16 20:43:50,723 INFO [run_teacher] [1143/1836] vizwiz_VizWiz_val_00000596_596
2026-08-16 20:43:56,171 INFO [run_teacher] [1144/1836] vizwiz_VizWiz_val_00000612_612
2026-08-16 20:44:12,432 INFO [run_teacher] [1145/1836] vizwiz_VizWiz_val_00000614_614
2026-08-16 20:44:20,430 INFO [run_teacher] [1146/1836] vizwiz_VizWiz_val_00000617_617
2026-08-16 20:44:30,810 INFO [run_teacher] [1147/1836] vizwiz_VizWiz_val_00000618_618
2026-08-16 20:44:38,266 INFO [run_teacher] [1148/1836] vizwiz_VizWiz_val_00000620_620
2026-08-16 20:44:57,626 INFO [run_teacher] [1149/1836] vizwiz_VizWiz_val_00000624_624
2026-08-16 20:45:09,906 INFO [run_teacher] [1150/1836] vizwiz_VizWiz_val_00000632_632
2026-08-16 20:45:19,136 INFO [run_teacher] [1151/1836] vizwiz_VizWiz_val_00000640_640
2026-08-16 20:45:28,833 INFO [run_teacher] [1152/1836] vizwiz_VizWiz_val_00000646_646
2026-08-16 20:45:37,314 INFO [run_teacher] [1153/1836] vizwiz_VizWiz_val_00000650_650
2026-08-16 20:45:49,751 INFO [run_teacher] [1154/1836] vizwiz_VizWiz_val_00000651_651
2026-08-16 20:45:56,808 INFO [run_teacher] [1155/1836] vizwiz_VizWiz_val_00000655_655
2026-08-16 20:46:09,295 INFO [run_teacher] [1156/1836] vizwiz_VizWiz_val_00000660_660
2026-08-16 20:46:18,343 INFO [run_teacher] [1157/1836] vizwiz_VizWiz_val_00000664_664
2026-08-16 20:46:34,846 INFO [run_teacher] [1158/1836] vizwiz_VizWiz_val_00000665_665
2026-08-16 20:46:51,882 INFO [run_teacher] [1159/1836] vizwiz_VizWiz_val_00000669_669
2026-08-16 20:47:07,385 INFO [run_teacher] [1160/1836] vizwiz_VizWiz_val_00000674_674
2026-08-16 20:47:16,549 INFO [run_teacher] [1161/1836] vizwiz_VizWiz_val_00000679_679
2026-08-16 20:47:34,435 INFO [run_teacher] [1162/1836] vizwiz_VizWiz_val_00000683_683
2026-08-16 20:47:39,075 INFO [run_teacher] [1163/1836] vizwiz_VizWiz_val_00000684_684
2026-08-16 20:47:51,130 INFO [run_teacher] [1164/1836] vizwiz_VizWiz_val_00000689_689
2026-08-16 20:48:10,940 INFO [run_teacher] [1165/1836] vizwiz_VizWiz_val_00000691_691
2026-08-16 20:48:35,607 INFO [run_teacher] [1166/1836] vizwiz_VizWiz_val_00000696_696
2026-08-16 20:48:44,480 INFO [run_teacher] [1167/1836] vizwiz_VizWiz_val_00000697_697
2026-08-16 20:49:05,898 INFO [run_teacher] [1168/1836] vizwiz_VizWiz_val_00000699_699
2026-08-16 20:49:12,904 INFO [run_teacher] [1169/1836] vizwiz_VizWiz_val_00000701_701
2026-08-16 20:49:25,900 INFO [run_teacher] [1170/1836] vizwiz_VizWiz_val_00000703_703
2026-08-16 20:49:38,912 INFO [run_teacher] [1171/1836] vizwiz_VizWiz_val_00000704_704
2026-08-16 20:49:47,093 INFO [run_teacher] [1172/1836] vizwiz_VizWiz_val_00000707_707
2026-08-16 20:50:01,180 INFO [run_teacher] [1173/1836] vizwiz_VizWiz_val_00000709_709
2026-08-16 20:50:15,459 INFO [run_teacher] [1174/1836] vizwiz_VizWiz_val_00000714_714
2026-08-16 20:50:30,263 INFO [run_teacher] [1175/1836] vizwiz_VizWiz_val_00000722_722
2026-08-16 20:50:51,023 INFO [run_teacher] [1176/1836] vizwiz_VizWiz_val_00000723_723
2026-08-16 20:51:02,719 INFO [run_teacher] [1177/1836] vizwiz_VizWiz_val_00000727_727
2026-08-16 20:51:16,456 INFO [run_teacher] [1178/1836] vizwiz_VizWiz_val_00000728_728
2026-08-16 20:51:26,270 INFO [run_teacher] [1179/1836] vizwiz_VizWiz_val_00000729_729
2026-08-16 20:51:37,042 INFO [run_teacher] [1180/1836] vizwiz_VizWiz_val_00000733_733
2026-08-16 20:51:49,646 INFO [run_teacher] [1181/1836] vizwiz_VizWiz_val_00000737_737
2026-08-16 20:52:13,313 INFO [run_teacher] [1182/1836] vizwiz_VizWiz_val_00000745_745
2026-08-16 20:52:33,274 INFO [run_teacher] [1183/1836] vizwiz_VizWiz_val_00000746_746
2026-08-16 20:52:49,143 INFO [run_teacher] [1184/1836] vizwiz_VizWiz_val_00000752_752
2026-08-16 20:53:00,898 INFO [run_teacher] [1185/1836] vizwiz_VizWiz_val_00000756_756
2026-08-16 20:53:07,554 INFO [run_teacher] [1186/1836] vizwiz_VizWiz_val_00000762_762
2026-08-16 20:53:18,493 INFO [run_teacher] [1187/1836] vizwiz_VizWiz_val_00000763_763
2026-08-16 20:53:29,797 INFO [run_teacher] [1188/1836] vizwiz_VizWiz_val_00000765_765
2026-08-16 20:53:41,460 INFO [run_teacher] [1189/1836] vizwiz_VizWiz_val_00000767_767
2026-08-16 20:53:52,082 INFO [run_teacher] [1190/1836] vizwiz_VizWiz_val_00000772_772
2026-08-16 20:54:00,321 INFO [run_teacher] [1191/1836] vizwiz_VizWiz_val_00000773_773
2026-08-16 20:54:09,843 INFO [run_teacher] [1192/1836] vizwiz_VizWiz_val_00000774_774
2026-08-16 20:54:21,873 INFO [run_teacher] [1193/1836] vizwiz_VizWiz_val_00000776_776
2026-08-16 20:54:33,278 INFO [run_teacher] [1194/1836] vizwiz_VizWiz_val_00000777_777
2026-08-16 20:54:57,112 INFO [run_teacher] [1195/1836] vizwiz_VizWiz_val_00000778_778
2026-08-16 20:55:12,332 INFO [run_teacher] [1196/1836] vizwiz_VizWiz_val_00000779_779
2026-08-16 20:55:20,496 INFO [run_teacher] [1197/1836] vizwiz_VizWiz_val_00000783_783
2026-08-16 20:55:31,076 INFO [run_teacher] [1198/1836] vizwiz_VizWiz_val_00000787_787
2026-08-16 20:55:52,819 INFO [run_teacher] [1199/1836] vizwiz_VizWiz_val_00000791_791
2026-08-16 20:56:08,455 INFO [run_teacher] [1200/1836] vizwiz_VizWiz_val_00000797_797
2026-08-16 20:56:23,151 INFO [run_teacher] [1201/1836] vizwiz_VizWiz_val_00000798_798
2026-08-16 20:56:38,721 INFO [run_teacher] [1202/1836] vizwiz_VizWiz_val_00000800_800
2026-08-16 20:56:45,952 INFO [run_teacher] [1203/1836] vizwiz_VizWiz_val_00000802_802
2026-08-16 20:56:50,617 INFO [run_teacher] [1204/1836] vizwiz_VizWiz_val_00000810_810
2026-08-16 20:56:59,048 INFO [run_teacher] [1205/1836] vizwiz_VizWiz_val_00000812_812
2026-08-16 20:57:09,078 INFO [run_teacher] [1206/1836] vizwiz_VizWiz_val_00000814_814
2026-08-16 20:57:18,617 INFO [run_teacher] [1207/1836] vizwiz_VizWiz_val_00000817_817
2026-08-16 20:57:32,404 INFO [run_teacher] [1208/1836] vizwiz_VizWiz_val_00000819_819
2026-08-16 20:57:55,821 INFO [run_teacher] [1209/1836] vizwiz_VizWiz_val_00000820_820
2026-08-16 20:58:02,569 INFO [run_teacher] [1210/1836] vizwiz_VizWiz_val_00000827_827
2026-08-16 20:58:15,499 INFO [run_teacher] [1211/1836] vizwiz_VizWiz_val_00000834_834
2026-08-16 20:58:25,013 INFO [run_teacher] [1212/1836] vizwiz_VizWiz_val_00000842_842
2026-08-16 20:58:36,742 INFO [run_teacher] [1213/1836] vizwiz_VizWiz_val_00000843_843
2026-08-16 20:58:46,989 INFO [run_teacher] [1214/1836] vizwiz_VizWiz_val_00000846_846
2026-08-16 20:59:16,538 INFO [run_teacher] [1215/1836] vizwiz_VizWiz_val_00000848_848
2026-08-16 20:59:26,093 INFO [run_teacher] [1216/1836] vizwiz_VizWiz_val_00000862_862
2026-08-16 20:59:41,288 INFO [run_teacher] [1217/1836] vizwiz_VizWiz_val_00000863_863
2026-08-16 20:59:51,160 INFO [run_teacher] [1218/1836] vizwiz_VizWiz_val_00000866_866
2026-08-16 21:00:15,787 INFO [run_teacher] [1219/1836] vizwiz_VizWiz_val_00000867_867
2026-08-16 21:00:25,867 INFO [run_teacher] [1220/1836] vizwiz_VizWiz_val_00000881_881
2026-08-16 21:00:40,904 INFO [run_teacher] [1221/1836] vizwiz_VizWiz_val_00000882_882
2026-08-16 21:00:54,591 INFO [run_teacher] [1222/1836] vizwiz_VizWiz_val_00000885_885
2026-08-16 21:01:04,180 INFO [run_teacher] [1223/1836] vizwiz_VizWiz_val_00000892_892
2026-08-16 21:01:14,419 INFO [run_teacher] [1224/1836] vizwiz_VizWiz_val_00000894_894
2026-08-16 21:01:38,361 INFO [run_teacher] [1225/1836] vizwiz_VizWiz_val_00000897_897
2026-08-16 21:01:45,934 INFO [run_teacher] [1226/1836] vizwiz_VizWiz_val_00000898_898
2026-08-16 21:01:55,514 INFO [run_teacher] [1227/1836] vizwiz_VizWiz_val_00000899_899
2026-08-16 21:02:04,203 INFO [run_teacher] [1228/1836] vizwiz_VizWiz_val_00000900_900
2026-08-16 21:02:13,117 INFO [run_teacher] [1229/1836] vizwiz_VizWiz_val_00000906_906
2026-08-16 21:02:25,763 INFO [run_teacher] [1230/1836] vizwiz_VizWiz_val_00000907_907
2026-08-16 21:02:36,685 INFO [run_teacher] [1231/1836] vizwiz_VizWiz_val_00000918_918
2026-08-16 21:02:53,846 INFO [run_teacher] [1232/1836] vizwiz_VizWiz_val_00000923_923
2026-08-16 21:03:09,857 INFO [run_teacher] [1233/1836] vizwiz_VizWiz_val_00000932_932
2026-08-16 21:03:17,863 INFO [run_teacher] [1234/1836] vizwiz_VizWiz_val_00000934_934
2026-08-16 21:03:25,719 INFO [run_teacher] [1235/1836] vizwiz_VizWiz_val_00000943_943
2026-08-16 21:04:00,308 INFO [run_teacher] [1236/1836] vizwiz_VizWiz_val_00000946_946
2026-08-16 21:04:08,463 INFO [run_teacher] [1237/1836] vizwiz_VizWiz_val_00000949_949
2026-08-16 21:04:19,018 INFO [run_teacher] [1238/1836] vizwiz_VizWiz_val_00000955_955
2026-08-16 21:04:45,027 INFO [run_teacher] [1239/1836] vizwiz_VizWiz_val_00000957_957
2026-08-16 21:05:01,763 INFO [run_teacher] [1240/1836] vizwiz_VizWiz_val_00000958_958
2026-08-16 21:05:13,651 INFO [run_teacher] [1241/1836] vizwiz_VizWiz_val_00000959_959
2026-08-16 21:05:29,380 INFO [run_teacher] [1242/1836] vizwiz_VizWiz_val_00000963_963
2026-08-16 21:05:40,651 INFO [run_teacher] [1243/1836] vizwiz_VizWiz_val_00000964_964
2026-08-16 21:05:52,464 INFO [run_teacher] [1244/1836] vizwiz_VizWiz_val_00000965_965
2026-08-16 21:06:09,159 INFO [run_teacher] [1245/1836] vizwiz_VizWiz_val_00000975_975
2026-08-16 21:06:53,761 INFO [run_teacher] [1246/1836] vizwiz_VizWiz_val_00000980_980
2026-08-16 21:07:17,070 INFO [run_teacher] [1247/1836] vizwiz_VizWiz_val_00000982_982
2026-08-16 21:07:28,150 INFO [run_teacher] [1248/1836] vizwiz_VizWiz_val_00000986_986
2026-08-16 21:07:54,395 ERROR [run_teacher] Teacher generation failed for vizwiz_VizWiz_val_00000986_986: Mandatory probe observation 'grounding' is invalid (Missing FINAL_ANSWER tag and unable to resolve valid final answer)
Traceback (most recent call last):
  File "/home/aman/ProActive/scripts/run_teacher.py", line 392, in main
    if manifest_errors:
                    ^^^
ValueError: Mandatory probe observation 'grounding' is invalid (Missing FINAL_ANSWER tag and unable to resolve valid final answer)
2026-08-16 21:07:54,396 INFO [run_teacher] [1249/1836] vizwiz_VizWiz_val_00000987_987
2026-08-16 21:08:19,309 INFO [run_teacher] [1250/1836] vizwiz_VizWiz_val_00000991_991
2026-08-16 21:09:05,294 INFO [run_teacher] [1251/1836] vizwiz_VizWiz_val_00000993_993
2026-08-16 21:09:12,167 INFO [run_teacher] [1252/1836] vizwiz_VizWiz_val_00000995_995
2026-08-16 21:09:21,114 INFO [run_teacher] [1253/1836] vizwiz_VizWiz_val_00001000_1000
2026-08-16 21:09:25,346 INFO [run_teacher] [1254/1836] vizwiz_VizWiz_val_00001004_1004
2026-08-16 21:09:42,041 INFO [run_teacher] [1255/1836] vizwiz_VizWiz_val_00001005_1005
2026-08-16 21:09:59,752 INFO [run_teacher] [1256/1836] vizwiz_VizWiz_val_00001008_1008
2026-08-16 21:10:12,240 INFO [run_teacher] [1257/1836] vizwiz_VizWiz_val_00001012_1012
2026-08-16 21:10:21,070 INFO [run_teacher] [1258/1836] vizwiz_VizWiz_val_00001017_1017
2026-08-16 21:10:37,140 INFO [run_teacher] [1259/1836] vizwiz_VizWiz_val_00001028_1028
2026-08-16 21:10:53,085 INFO [run_teacher] [1260/1836] vizwiz_VizWiz_val_00001031_1031
2026-08-16 21:11:49,808 INFO [run_teacher] [1261/1836] vizwiz_VizWiz_val_00001034_1034
2026-08-16 21:12:01,138 INFO [run_teacher] [1262/1836] vizwiz_VizWiz_val_00001036_1036
2026-08-16 21:12:17,716 INFO [run_teacher] [1263/1836] vizwiz_VizWiz_val_00001041_1041
2026-08-16 21:12:28,687 INFO [run_teacher] [1264/1836] vizwiz_VizWiz_val_00001043_1043
2026-08-16 21:12:52,946 INFO [run_teacher] [1265/1836] vizwiz_VizWiz_val_00001044_1044
2026-08-16 21:13:06,900 INFO [run_teacher] [1266/1836] vizwiz_VizWiz_val_00001051_1051
2026-08-16 21:13:18,222 INFO [run_teacher] [1267/1836] vizwiz_VizWiz_val_00001053_1053
2026-08-16 21:13:33,042 INFO [run_teacher] [1268/1836] vizwiz_VizWiz_val_00001056_1056
2026-08-16 21:13:42,106 INFO [run_teacher] [1269/1836] vizwiz_VizWiz_val_00001063_1063
2026-08-16 21:13:46,397 INFO [run_teacher] [1270/1836] vizwiz_VizWiz_val_00001064_1064
2026-08-16 21:14:02,275 INFO [run_teacher] [1271/1836] vizwiz_VizWiz_val_00001065_1065
2026-08-16 21:14:16,895 INFO [run_teacher] [1272/1836] vizwiz_VizWiz_val_00001066_1066
2026-08-16 21:14:26,792 INFO [run_teacher] [1273/1836] vizwiz_VizWiz_val_00001070_1070
2026-08-16 21:14:50,609 INFO [run_teacher] [1274/1836] vizwiz_VizWiz_val_00001076_1076
2026-08-16 21:15:04,546 INFO [run_teacher] [1275/1836] vizwiz_VizWiz_val_00001077_1077
2026-08-16 21:15:12,461 INFO [run_teacher] [1276/1836] vizwiz_VizWiz_val_00001079_1079
2026-08-16 21:15:48,924 INFO [run_teacher] [1277/1836] vizwiz_VizWiz_val_00001080_1080
2026-08-16 21:16:05,927 INFO [run_teacher] [1278/1836] vizwiz_VizWiz_val_00001081_1081
2026-08-16 21:16:18,123 INFO [run_teacher] [1279/1836] vizwiz_VizWiz_val_00001084_1084
2026-08-16 21:16:29,236 INFO [run_teacher] [1280/1836] vizwiz_VizWiz_val_00001090_1090
2026-08-16 21:16:46,597 INFO [run_teacher] [1281/1836] vizwiz_VizWiz_val_00001093_1093
2026-08-16 21:16:57,235 INFO [run_teacher] [1282/1836] vizwiz_VizWiz_val_00001095_1095
2026-08-16 21:17:09,815 INFO [run_teacher] [1283/1836] vizwiz_VizWiz_val_00001106_1106
2026-08-16 21:17:35,548 INFO [run_teacher] [1284/1836] vizwiz_VizWiz_val_00001107_1107
2026-08-16 21:17:53,101 INFO [run_teacher] [1285/1836] vizwiz_VizWiz_val_00001110_1110
2026-08-16 21:18:15,385 INFO [run_teacher] [1286/1836] vizwiz_VizWiz_val_00001111_1111
2026-08-16 21:18:35,287 INFO [run_teacher] [1287/1836] vizwiz_VizWiz_val_00001112_1112
2026-08-16 21:18:42,410 INFO [run_teacher] [1288/1836] vizwiz_VizWiz_val_00001123_1123
2026-08-16 21:18:59,680 INFO [run_teacher] [1289/1836] vizwiz_VizWiz_val_00001124_1124
2026-08-16 21:19:13,134 INFO [run_teacher] [1290/1836] vizwiz_VizWiz_val_00001129_1129
2026-08-16 21:19:29,445 INFO [run_teacher] [1291/1836] vizwiz_VizWiz_val_00001131_1131
2026-08-16 21:19:45,223 INFO [run_teacher] [1292/1836] vizwiz_VizWiz_val_00001134_1134
2026-08-16 21:20:01,527 INFO [run_teacher] [1293/1836] vizwiz_VizWiz_val_00001135_1135
2026-08-16 21:20:14,606 INFO [run_teacher] [1294/1836] vizwiz_VizWiz_val_00001138_1138
2026-08-16 21:20:35,982 INFO [run_teacher] [1295/1836] vizwiz_VizWiz_val_00001142_1142
2026-08-16 21:20:57,050 INFO [run_teacher] [1296/1836] vizwiz_VizWiz_val_00001153_1153
2026-08-16 21:21:10,196 INFO [run_teacher] [1297/1836] vizwiz_VizWiz_val_00001156_1156
2026-08-16 21:21:22,342 INFO [run_teacher] [1298/1836] vizwiz_VizWiz_val_00001161_1161
2026-08-16 21:22:03,779 INFO [run_teacher] [1299/1836] vizwiz_VizWiz_val_00001178_1178
2026-08-16 21:22:16,442 INFO [run_teacher] [1300/1836] vizwiz_VizWiz_val_00001181_1181
2026-08-16 21:22:24,998 INFO [run_teacher] [1301/1836] vizwiz_VizWiz_val_00001185_1185
2026-08-16 21:22:35,261 INFO [run_teacher] [1302/1836] vizwiz_VizWiz_val_00001186_1186
2026-08-16 21:22:49,073 INFO [run_teacher] [1303/1836] vizwiz_VizWiz_val_00001188_1188
2026-08-16 21:22:57,454 INFO [run_teacher] [1304/1836] vizwiz_VizWiz_val_00001197_1197
2026-08-16 21:23:07,151 INFO [run_teacher] [1305/1836] vizwiz_VizWiz_val_00001198_1198
2026-08-16 21:23:14,916 INFO [run_teacher] [1306/1836] vizwiz_VizWiz_val_00001202_1202
2026-08-16 21:23:22,313 INFO [run_teacher] [1307/1836] vizwiz_VizWiz_val_00001204_1204
2026-08-16 21:23:33,793 INFO [run_teacher] [1308/1836] vizwiz_VizWiz_val_00001205_1205
2026-08-16 21:23:48,813 INFO [run_teacher] [1309/1836] vizwiz_VizWiz_val_00001218_1218
2026-08-16 21:24:01,942 INFO [run_teacher] [1310/1836] vizwiz_VizWiz_val_00001223_1223
2026-08-16 21:24:19,445 INFO [run_teacher] [1311/1836] vizwiz_VizWiz_val_00001225_1225
2026-08-16 21:24:29,383 INFO [run_teacher] [1312/1836] vizwiz_VizWiz_val_00001234_1234
2026-08-16 21:24:41,871 INFO [run_teacher] [1313/1836] vizwiz_VizWiz_val_00001237_1237
2026-08-16 21:24:52,293 INFO [run_teacher] [1314/1836] vizwiz_VizWiz_val_00001241_1241
2026-08-16 21:25:04,689 INFO [run_teacher] [1315/1836] vizwiz_VizWiz_val_00001242_1242
2026-08-16 21:25:11,662 INFO [run_teacher] [1316/1836] vizwiz_VizWiz_val_00001247_1247
2026-08-16 21:25:22,292 INFO [run_teacher] [1317/1836] vizwiz_VizWiz_val_00001248_1248
2026-08-16 21:25:38,120 INFO [run_teacher] [1318/1836] vizwiz_VizWiz_val_00001254_1254
2026-08-16 21:25:42,943 INFO [run_teacher] [1319/1836] vizwiz_VizWiz_val_00001257_1257
2026-08-16 21:25:48,250 INFO [run_teacher] [1320/1836] vizwiz_VizWiz_val_00001263_1263
2026-08-16 21:25:59,838 INFO [run_teacher] [1321/1836] vizwiz_VizWiz_val_00001265_1265
2026-08-16 21:26:06,969 INFO [run_teacher] [1322/1836] vizwiz_VizWiz_val_00001270_1270
2026-08-16 21:26:11,543 INFO [run_teacher] [1323/1836] vizwiz_VizWiz_val_00001273_1273
2026-08-16 21:26:24,814 INFO [run_teacher] [1324/1836] vizwiz_VizWiz_val_00001279_1279
2026-08-16 21:26:32,569 INFO [run_teacher] [1325/1836] vizwiz_VizWiz_val_00001280_1280
2026-08-16 21:26:49,855 INFO [run_teacher] [1326/1836] vizwiz_VizWiz_val_00001281_1281
2026-08-16 21:27:15,380 INFO [run_teacher] [1327/1836] vizwiz_VizWiz_val_00001283_1283
2026-08-16 21:27:31,633 INFO [run_teacher] [1328/1836] vizwiz_VizWiz_val_00001284_1284
2026-08-16 21:27:42,179 INFO [run_teacher] [1329/1836] vizwiz_VizWiz_val_00001285_1285
2026-08-16 21:27:54,267 INFO [run_teacher] [1330/1836] vizwiz_VizWiz_val_00001292_1292
2026-08-16 21:28:13,078 INFO [run_teacher] [1331/1836] vizwiz_VizWiz_val_00001305_1305
2026-08-16 21:28:24,857 INFO [run_teacher] [1332/1836] vizwiz_VizWiz_val_00001306_1306
2026-08-16 21:28:29,222 INFO [run_teacher] [1333/1836] vizwiz_VizWiz_val_00001308_1308
2026-08-16 21:28:38,569 INFO [run_teacher] [1334/1836] vizwiz_VizWiz_val_00001310_1310
2026-08-16 21:28:55,813 INFO [run_teacher] [1335/1836] vizwiz_VizWiz_val_00001312_1312
2026-08-16 21:29:12,400 INFO [run_teacher] [1336/1836] vizwiz_VizWiz_val_00001313_1313
2026-08-16 21:29:18,973 INFO [run_teacher] [1337/1836] vizwiz_VizWiz_val_00001318_1318
2026-08-16 21:29:24,996 INFO [run_teacher] [1338/1836] vizwiz_VizWiz_val_00001322_1322
2026-08-16 21:29:33,101 INFO [run_teacher] [1339/1836] vizwiz_VizWiz_val_00001325_1325
2026-08-16 21:29:44,523 INFO [run_teacher] [1340/1836] vizwiz_VizWiz_val_00001326_1326
2026-08-16 21:29:51,662 INFO [run_teacher] [1341/1836] vizwiz_VizWiz_val_00001328_1328
2026-08-16 21:30:05,266 INFO [run_teacher] [1342/1836] vizwiz_VizWiz_val_00001331_1331
2026-08-16 21:30:20,977 INFO [run_teacher] [1343/1836] vizwiz_VizWiz_val_00001336_1336
2026-08-16 21:30:30,766 INFO [run_teacher] [1344/1836] vizwiz_VizWiz_val_00001337_1337
2026-08-16 21:30:39,705 INFO [run_teacher] [1345/1836] vizwiz_VizWiz_val_00001338_1338
2026-08-16 21:30:49,793 INFO [run_teacher] [1346/1836] vizwiz_VizWiz_val_00001340_1340
2026-08-16 21:30:59,040 INFO [run_teacher] [1347/1836] vizwiz_VizWiz_val_00001341_1341
2026-08-16 21:31:08,537 INFO [run_teacher] [1348/1836] vizwiz_VizWiz_val_00001342_1342
2026-08-16 21:31:18,784 INFO [run_teacher] [1349/1836] vizwiz_VizWiz_val_00001346_1346
2026-08-16 21:31:29,322 INFO [run_teacher] [1350/1836] vizwiz_VizWiz_val_00001354_1354
2026-08-16 21:31:33,720 INFO [run_teacher] [1351/1836] vizwiz_VizWiz_val_00001355_1355
2026-08-16 21:31:45,617 INFO [run_teacher] [1352/1836] vizwiz_VizWiz_val_00001365_1365
2026-08-16 21:31:56,822 INFO [run_teacher] [1353/1836] vizwiz_VizWiz_val_00001366_1366
2026-08-16 21:32:08,435 INFO [run_teacher] [1354/1836] vizwiz_VizWiz_val_00001367_1367
2026-08-16 21:32:23,446 INFO [run_teacher] [1355/1836] vizwiz_VizWiz_val_00001368_1368
2026-08-16 21:32:33,684 INFO [run_teacher] [1356/1836] vizwiz_VizWiz_val_00001378_1378
2026-08-16 21:32:41,041 INFO [run_teacher] [1357/1836] vizwiz_VizWiz_val_00001381_1381
2026-08-16 21:32:52,070 INFO [run_teacher] [1358/1836] vizwiz_VizWiz_val_00001391_1391
2026-08-16 21:33:03,583 INFO [run_teacher] [1359/1836] vizwiz_VizWiz_val_00001393_1393
2026-08-16 21:33:15,654 INFO [run_teacher] [1360/1836] vizwiz_VizWiz_val_00001405_1405
2026-08-16 21:33:29,033 INFO [run_teacher] [1361/1836] vizwiz_VizWiz_val_00001410_1410
2026-08-16 21:33:45,169 INFO [run_teacher] [1362/1836] vizwiz_VizWiz_val_00001421_1421
2026-08-16 21:33:55,257 INFO [run_teacher] [1363/1836] vizwiz_VizWiz_val_00001422_1422
2026-08-16 21:34:02,730 INFO [run_teacher] [1364/1836] vizwiz_VizWiz_val_00001432_1432
2026-08-16 21:34:23,515 INFO [run_teacher] [1365/1836] vizwiz_VizWiz_val_00001437_1437
2026-08-16 21:34:32,845 INFO [run_teacher] [1366/1836] vizwiz_VizWiz_val_00001439_1439
2026-08-16 21:34:40,309 INFO [run_teacher] [1367/1836] vizwiz_VizWiz_val_00001442_1442
2026-08-16 21:34:51,614 INFO [run_teacher] [1368/1836] vizwiz_VizWiz_val_00001443_1443
2026-08-16 21:35:06,867 INFO [run_teacher] [1369/1836] vizwiz_VizWiz_val_00001447_1447
2026-08-16 21:35:14,956 INFO [run_teacher] [1370/1836] vizwiz_VizWiz_val_00001449_1449
2026-08-16 21:35:28,602 INFO [run_teacher] [1371/1836] vizwiz_VizWiz_val_00001451_1451
2026-08-16 21:35:54,177 INFO [run_teacher] [1372/1836] vizwiz_VizWiz_val_00001452_1452
2026-08-16 21:36:31,482 ERROR [run_teacher] Teacher generation failed for vizwiz_VizWiz_val_00001452_1452: Mandatory probe observation 'grounding' is invalid (Missing FINAL_ANSWER tag and unable to resolve valid final answer)
Traceback (most recent call last):
  File "/home/aman/ProActive/scripts/run_teacher.py", line 392, in main
    if manifest_errors:
                    ^^^
ValueError: Mandatory probe observation 'grounding' is invalid (Missing FINAL_ANSWER tag and unable to resolve valid final answer)
2026-08-16 21:36:31,482 INFO [run_teacher] [1373/1836] vizwiz_VizWiz_val_00001453_1453
2026-08-16 21:36:49,458 INFO [run_teacher] [1374/1836] vizwiz_VizWiz_val_00001456_1456
2026-08-16 21:37:03,603 INFO [run_teacher] [1375/1836] vizwiz_VizWiz_val_00001460_1460
2026-08-16 21:37:15,891 INFO [run_teacher] [1376/1836] vizwiz_VizWiz_val_00001463_1463
2026-08-16 21:37:24,763 INFO [run_teacher] [1377/1836] vizwiz_VizWiz_val_00001465_1465
2026-08-16 21:37:32,944 INFO [run_teacher] [1378/1836] vizwiz_VizWiz_val_00001471_1471
2026-08-16 21:37:55,153 INFO [run_teacher] [1379/1836] vizwiz_VizWiz_val_00001475_1475
2026-08-16 21:38:04,875 INFO [run_teacher] [1380/1836] vizwiz_VizWiz_val_00001479_1479
2026-08-16 21:38:29,475 INFO [run_teacher] [1381/1836] vizwiz_VizWiz_val_00001482_1482
2026-08-16 21:38:37,639 INFO [run_teacher] [1382/1836] vizwiz_VizWiz_val_00001483_1483
2026-08-16 21:38:56,216 INFO [run_teacher] [1383/1836] vizwiz_VizWiz_val_00001484_1484
2026-08-16 21:39:05,439 INFO [run_teacher] [1384/1836] vizwiz_VizWiz_val_00001486_1486
2026-08-16 21:39:17,168 INFO [run_teacher] [1385/1836] vizwiz_VizWiz_val_00001490_1490
2026-08-16 21:39:27,889 INFO [run_teacher] [1386/1836] vizwiz_VizWiz_val_00001496_1496
2026-08-16 21:39:33,746 INFO [run_teacher] [1387/1836] vizwiz_VizWiz_val_00001499_1499
2026-08-16 21:39:46,417 INFO [run_teacher] [1388/1836] vizwiz_VizWiz_val_00001500_1500
2026-08-16 21:39:51,215 INFO [run_teacher] [1389/1836] vizwiz_VizWiz_val_00001501_1501
2026-08-16 21:40:10,017 INFO [run_teacher] [1390/1836] vizwiz_VizWiz_val_00001503_1503
2026-08-16 21:40:17,815 INFO [run_teacher] [1391/1836] vizwiz_VizWiz_val_00001509_1509
2026-08-16 21:40:32,001 INFO [run_teacher] [1392/1836] vizwiz_VizWiz_val_00001518_1518
2026-08-16 21:40:43,706 INFO [run_teacher] [1393/1836] vizwiz_VizWiz_val_00001519_1519
2026-08-16 21:40:51,454 INFO [run_teacher] [1394/1836] vizwiz_VizWiz_val_00001521_1521
2026-08-16 21:41:00,034 INFO [run_teacher] [1395/1836] vizwiz_VizWiz_val_00001522_1522
2026-08-16 21:41:05,191 INFO [run_teacher] [1396/1836] vizwiz_VizWiz_val_00001528_1528
2026-08-16 21:41:16,662 INFO [run_teacher] [1397/1836] vizwiz_VizWiz_val_00001530_1530
2026-08-16 21:41:28,450 INFO [run_teacher] [1398/1836] vizwiz_VizWiz_val_00001532_1532
2026-08-16 21:41:40,779 INFO [run_teacher] [1399/1836] vizwiz_VizWiz_val_00001536_1536
2026-08-16 21:41:52,117 INFO [run_teacher] [1400/1836] vizwiz_VizWiz_val_00001539_1539
2026-08-16 21:41:58,965 INFO [run_teacher] [1401/1836] vizwiz_VizWiz_val_00001540_1540
2026-08-16 21:42:10,228 INFO [run_teacher] [1402/1836] vizwiz_VizWiz_val_00001543_1543
2026-08-16 21:42:20,333 INFO [run_teacher] [1403/1836] vizwiz_VizWiz_val_00001554_1554
2026-08-16 21:42:32,112 INFO [run_teacher] [1404/1836] vizwiz_VizWiz_val_00001556_1556
2026-08-16 21:42:38,260 INFO [run_teacher] [1405/1836] vizwiz_VizWiz_val_00001558_1558
2026-08-16 21:42:49,440 INFO [run_teacher] [1406/1836] vizwiz_VizWiz_val_00001560_1560
2026-08-16 21:43:00,337 INFO [run_teacher] [1407/1836] vizwiz_VizWiz_val_00001571_1571
2026-08-16 21:43:04,735 INFO [run_teacher] [1408/1836] vizwiz_VizWiz_val_00001576_1576
2026-08-16 21:43:13,224 INFO [run_teacher] [1409/1836] vizwiz_VizWiz_val_00001587_1587
2026-08-16 21:43:25,128 INFO [run_teacher] [1410/1836] vizwiz_VizWiz_val_00001592_1592
2026-08-16 21:43:30,602 INFO [run_teacher] [1411/1836] vizwiz_VizWiz_val_00001595_1595
2026-08-16 21:43:45,189 INFO [run_teacher] [1412/1836] vizwiz_VizWiz_val_00001617_1617
2026-08-16 21:43:51,246 INFO [run_teacher] [1413/1836] vizwiz_VizWiz_val_00001621_1621
2026-08-16 21:43:58,360 INFO [run_teacher] [1414/1836] vizwiz_VizWiz_val_00001623_1623
2026-08-16 21:44:09,281 INFO [run_teacher] [1415/1836] vizwiz_VizWiz_val_00001628_1628
2026-08-16 21:44:20,886 INFO [run_teacher] [1416/1836] vizwiz_VizWiz_val_00001630_1630
2026-08-16 21:44:29,008 INFO [run_teacher] [1417/1836] vizwiz_VizWiz_val_00001632_1632
2026-08-16 21:44:38,180 INFO [run_teacher] [1418/1836] vizwiz_VizWiz_val_00001650_1650
2026-08-16 21:44:47,610 INFO [run_teacher] [1419/1836] vizwiz_VizWiz_val_00001658_1658
2026-08-16 21:45:24,581 INFO [run_teacher] [1420/1836] vizwiz_VizWiz_val_00001661_1661
2026-08-16 21:45:34,503 INFO [run_teacher] [1421/1836] vizwiz_VizWiz_val_00001662_1662
2026-08-16 21:45:44,933 INFO [run_teacher] [1422/1836] vizwiz_VizWiz_val_00001669_1669
2026-08-16 21:45:54,038 INFO [run_teacher] [1423/1836] vizwiz_VizWiz_val_00001676_1676
2026-08-16 21:46:05,143 INFO [run_teacher] [1424/1836] vizwiz_VizWiz_val_00001680_1680
2026-08-16 21:46:18,197 INFO [run_teacher] [1425/1836] vizwiz_VizWiz_val_00001682_1682
2026-08-16 21:46:26,386 INFO [run_teacher] [1426/1836] vizwiz_VizWiz_val_00001691_1691
2026-08-16 21:46:38,074 INFO [run_teacher] [1427/1836] vizwiz_VizWiz_val_00001696_1696
2026-08-16 21:46:48,962 INFO [run_teacher] [1428/1836] vizwiz_VizWiz_val_00001706_1706
2026-08-16 21:47:01,116 INFO [run_teacher] [1429/1836] vizwiz_VizWiz_val_00001708_1708
2026-08-16 21:47:13,853 INFO [run_teacher] [1430/1836] vizwiz_VizWiz_val_00001714_1714
2026-08-16 21:47:22,867 INFO [run_teacher] [1431/1836] vizwiz_VizWiz_val_00001715_1715
2026-08-16 21:47:39,153 INFO [run_teacher] [1432/1836] vizwiz_VizWiz_val_00001718_1718
2026-08-16 21:47:46,859 INFO [run_teacher] [1433/1836] vizwiz_VizWiz_val_00001727_1727
2026-08-16 21:48:01,355 INFO [run_teacher] [1434/1836] vizwiz_VizWiz_val_00001731_1731
2026-08-16 21:48:08,594 INFO [run_teacher] [1435/1836] vizwiz_VizWiz_val_00001737_1737
2026-08-16 21:48:15,567 INFO [run_teacher] [1436/1836] vizwiz_VizWiz_val_00001740_1740
2026-08-16 21:48:25,905 INFO [run_teacher] [1437/1836] vizwiz_VizWiz_val_00001741_1741
2026-08-16 21:48:37,435 INFO [run_teacher] [1438/1836] vizwiz_VizWiz_val_00001742_1742
2026-08-16 21:48:48,673 INFO [run_teacher] [1439/1836] vizwiz_VizWiz_val_00001748_1748
2026-08-16 21:49:01,726 INFO [run_teacher] [1440/1836] vizwiz_VizWiz_val_00001750_1750
2026-08-16 21:49:16,463 INFO [run_teacher] [1441/1836] vizwiz_VizWiz_val_00001755_1755
2026-08-16 21:49:27,335 INFO [run_teacher] [1442/1836] vizwiz_VizWiz_val_00001758_1758
2026-08-16 21:49:40,231 INFO [run_teacher] [1443/1836] vizwiz_VizWiz_val_00001760_1760
2026-08-16 21:50:09,462 INFO [run_teacher] [1444/1836] vizwiz_VizWiz_val_00001768_1768
2026-08-16 21:50:34,171 INFO [run_teacher] [1445/1836] vizwiz_VizWiz_val_00001772_1772
2026-08-16 21:50:51,231 INFO [run_teacher] [1446/1836] vizwiz_VizWiz_val_00001785_1785
2026-08-16 21:50:56,680 INFO [run_teacher] [1447/1836] vizwiz_VizWiz_val_00001793_1793
2026-08-16 21:51:08,118 INFO [run_teacher] [1448/1836] vizwiz_VizWiz_val_00001794_1794
2026-08-16 21:51:16,648 INFO [run_teacher] [1449/1836] vizwiz_VizWiz_val_00001795_1795
2026-08-16 21:51:28,427 INFO [run_teacher] [1450/1836] vizwiz_VizWiz_val_00001797_1797
2026-08-16 21:51:34,584 INFO [run_teacher] [1451/1836] vizwiz_VizWiz_val_00001799_1799
2026-08-16 21:51:57,818 INFO [run_teacher] [1452/1836] vizwiz_VizWiz_val_00001801_1801
2026-08-16 21:52:08,290 INFO [run_teacher] [1453/1836] vizwiz_VizWiz_val_00001804_1804
2026-08-16 21:52:24,017 INFO [run_teacher] [1454/1836] vizwiz_VizWiz_val_00001807_1807
2026-08-16 21:52:29,124 INFO [run_teacher] [1455/1836] vizwiz_VizWiz_val_00001808_1808
2026-08-16 21:52:41,745 INFO [run_teacher] [1456/1836] vizwiz_VizWiz_val_00001824_1824
2026-08-16 21:52:51,750 INFO [run_teacher] [1457/1836] vizwiz_VizWiz_val_00001835_1835
2026-08-16 21:52:59,755 INFO [run_teacher] [1458/1836] vizwiz_VizWiz_val_00001839_1839
2026-08-16 21:53:23,931 INFO [run_teacher] [1459/1836] vizwiz_VizWiz_val_00001841_1841
2026-08-16 21:53:30,154 INFO [run_teacher] [1460/1836] vizwiz_VizWiz_val_00001844_1844
2026-08-16 21:53:41,858 INFO [run_teacher] [1461/1836] vizwiz_VizWiz_val_00001855_1855
2026-08-16 21:53:55,645 INFO [run_teacher] [1462/1836] vizwiz_VizWiz_val_00001862_1862
2026-08-16 21:54:01,169 INFO [run_teacher] [1463/1836] vizwiz_VizWiz_val_00001863_1863
2026-08-16 21:54:15,264 INFO [run_teacher] [1464/1836] vizwiz_VizWiz_val_00001866_1866
2026-08-16 21:54:25,835 INFO [run_teacher] [1465/1836] vizwiz_VizWiz_val_00001869_1869
2026-08-16 21:54:37,890 INFO [run_teacher] [1466/1836] vizwiz_VizWiz_val_00001870_1870
2026-08-16 21:54:43,388 INFO [run_teacher] [1467/1836] vizwiz_VizWiz_val_00001875_1875
2026-08-16 21:54:55,625 INFO [run_teacher] [1468/1836] vizwiz_VizWiz_val_00001879_1879
2026-08-16 21:55:02,723 INFO [run_teacher] [1469/1836] vizwiz_VizWiz_val_00001883_1883
2026-08-16 21:55:16,685 INFO [run_teacher] [1470/1836] vizwiz_VizWiz_val_00001887_1887
2026-08-16 21:55:23,991 INFO [run_teacher] [1471/1836] vizwiz_VizWiz_val_00001889_1889
2026-08-16 21:55:35,179 INFO [run_teacher] [1472/1836] vizwiz_VizWiz_val_00001891_1891
2026-08-16 21:55:47,833 INFO [run_teacher] [1473/1836] vizwiz_VizWiz_val_00001894_1894
2026-08-16 21:55:54,124 INFO [run_teacher] [1474/1836] vizwiz_VizWiz_val_00001902_1902
2026-08-16 21:56:03,562 INFO [run_teacher] [1475/1836] vizwiz_VizWiz_val_00001907_1907
2026-08-16 21:56:07,969 INFO [run_teacher] [1476/1836] vizwiz_VizWiz_val_00001908_1908
2026-08-16 21:56:23,439 INFO [run_teacher] [1477/1836] vizwiz_VizWiz_val_00001916_1916
2026-08-16 21:56:36,251 INFO [run_teacher] [1478/1836] vizwiz_VizWiz_val_00001917_1917
2026-08-16 21:56:47,164 INFO [run_teacher] [1479/1836] vizwiz_VizWiz_val_00001919_1919
2026-08-16 21:56:55,428 INFO [run_teacher] [1480/1836] vizwiz_VizWiz_val_00001928_1928
2026-08-16 21:57:03,118 INFO [run_teacher] [1481/1836] vizwiz_VizWiz_val_00001930_1930
2026-08-16 21:57:15,688 INFO [run_teacher] [1482/1836] vizwiz_VizWiz_val_00001935_1935
2026-08-16 21:57:28,692 INFO [run_teacher] [1483/1836] vizwiz_VizWiz_val_00001936_1936
2026-08-16 21:57:38,381 INFO [run_teacher] [1484/1836] vizwiz_VizWiz_val_00001942_1942
2026-08-16 21:57:48,219 INFO [run_teacher] [1485/1836] vizwiz_VizWiz_val_00001943_1943
2026-08-16 21:58:01,923 INFO [run_teacher] [1486/1836] vizwiz_VizWiz_val_00001944_1944
2026-08-16 21:58:08,962 INFO [run_teacher] [1487/1836] vizwiz_VizWiz_val_00001946_1946
2026-08-16 21:58:18,393 INFO [run_teacher] [1488/1836] vizwiz_VizWiz_val_00001948_1948
2026-08-16 21:58:30,414 INFO [run_teacher] [1489/1836] vizwiz_VizWiz_val_00001951_1951
2026-08-16 21:58:45,442 INFO [run_teacher] [1490/1836] vizwiz_VizWiz_val_00001956_1956
2026-08-16 21:58:56,930 INFO [run_teacher] [1491/1836] vizwiz_VizWiz_val_00001957_1957
2026-08-16 21:59:10,184 INFO [run_teacher] [1492/1836] vizwiz_VizWiz_val_00001958_1958
2026-08-16 21:59:18,548 INFO [run_teacher] [1493/1836] vizwiz_VizWiz_val_00001965_1965
2026-08-16 21:59:27,479 INFO [run_teacher] [1494/1836] vizwiz_VizWiz_val_00001974_1974
2026-08-16 21:59:34,168 INFO [run_teacher] [1495/1836] vizwiz_VizWiz_val_00001975_1975
2026-08-16 21:59:42,507 INFO [run_teacher] [1496/1836] vizwiz_VizWiz_val_00001978_1978
2026-08-16 21:59:53,953 INFO [run_teacher] [1497/1836] vizwiz_VizWiz_val_00001980_1980
2026-08-16 22:00:01,917 INFO [run_teacher] [1498/1836] vizwiz_VizWiz_val_00001985_1985
2026-08-16 22:00:07,691 INFO [run_teacher] [1499/1836] vizwiz_VizWiz_val_00001990_1990
2026-08-16 22:00:14,846 INFO [run_teacher] [1500/1836] vizwiz_VizWiz_val_00001991_1991
2026-08-16 22:00:21,744 INFO [run_teacher] [1501/1836] vizwiz_VizWiz_val_00001994_1994
2026-08-16 22:00:26,759 INFO [run_teacher] [1502/1836] vizwiz_VizWiz_val_00001996_1996
2026-08-16 22:00:35,856 INFO [run_teacher] [1503/1836] vizwiz_VizWiz_val_00001997_1997
2026-08-16 22:00:44,137 INFO [run_teacher] [1504/1836] vizwiz_VizWiz_val_00002006_2006
2026-08-16 22:00:51,909 INFO [run_teacher] [1505/1836] vizwiz_VizWiz_val_00002010_2010
2026-08-16 22:01:12,469 INFO [run_teacher] [1506/1836] vizwiz_VizWiz_val_00002020_2020
2026-08-16 22:01:23,233 INFO [run_teacher] [1507/1836] vizwiz_VizWiz_val_00002026_2026
2026-08-16 22:01:28,823 INFO [run_teacher] [1508/1836] vizwiz_VizWiz_val_00002027_2027
2026-08-16 22:01:35,246 INFO [run_teacher] [1509/1836] vizwiz_VizWiz_val_00002028_2028
2026-08-16 22:01:45,176 INFO [run_teacher] [1510/1836] vizwiz_VizWiz_val_00002032_2032
2026-08-16 22:01:51,807 INFO [run_teacher] [1511/1836] vizwiz_VizWiz_val_00002033_2033
2026-08-16 22:02:02,878 INFO [run_teacher] [1512/1836] vizwiz_VizWiz_val_00002035_2035
2026-08-16 22:02:11,876 INFO [run_teacher] [1513/1836] vizwiz_VizWiz_val_00002036_2036
2026-08-16 22:02:22,273 INFO [run_teacher] [1514/1836] vizwiz_VizWiz_val_00002046_2046
2026-08-16 22:02:30,628 INFO [run_teacher] [1515/1836] vizwiz_VizWiz_val_00002049_2049
2026-08-16 22:02:43,540 INFO [run_teacher] [1516/1836] vizwiz_VizWiz_val_00002050_2050
2026-08-16 22:02:47,981 INFO [run_teacher] [1517/1836] vizwiz_VizWiz_val_00002056_2056
2026-08-16 22:03:05,766 INFO [run_teacher] [1518/1836] vizwiz_VizWiz_val_00002061_2061
2026-08-16 22:03:16,330 INFO [run_teacher] [1519/1836] vizwiz_VizWiz_val_00002068_2068
2026-08-16 22:03:38,672 INFO [run_teacher] [1520/1836] vizwiz_VizWiz_val_00002073_2073
2026-08-16 22:03:47,378 INFO [run_teacher] [1521/1836] vizwiz_VizWiz_val_00002074_2074
2026-08-16 22:04:01,748 INFO [run_teacher] [1522/1836] vizwiz_VizWiz_val_00002097_2097
2026-08-16 22:04:07,280 INFO [run_teacher] [1523/1836] vizwiz_VizWiz_val_00002099_2099
2026-08-16 22:04:13,919 INFO [run_teacher] [1524/1836] vizwiz_VizWiz_val_00002101_2101
2026-08-16 22:04:23,899 INFO [run_teacher] [1525/1836] vizwiz_VizWiz_val_00002103_2103
2026-08-16 22:04:28,598 INFO [run_teacher] [1526/1836] vizwiz_VizWiz_val_00002104_2104
2026-08-16 22:04:39,902 INFO [run_teacher] [1527/1836] vizwiz_VizWiz_val_00002108_2108
2026-08-16 22:04:49,141 INFO [run_teacher] [1528/1836] vizwiz_VizWiz_val_00002110_2110
2026-08-16 22:05:02,787 INFO [run_teacher] [1529/1836] vizwiz_VizWiz_val_00002114_2114
2026-08-16 22:05:13,458 INFO [run_teacher] [1530/1836] vizwiz_VizWiz_val_00002118_2118
2026-08-16 22:05:20,931 INFO [run_teacher] [1531/1836] vizwiz_VizWiz_val_00002123_2123
2026-08-16 22:05:26,054 INFO [run_teacher] [1532/1836] vizwiz_VizWiz_val_00002124_2124
2026-08-16 22:05:39,950 INFO [run_teacher] [1533/1836] vizwiz_VizWiz_val_00002126_2126
2026-08-16 22:05:48,272 INFO [run_teacher] [1534/1836] vizwiz_VizWiz_val_00002137_2137
2026-08-16 22:05:58,660 INFO [run_teacher] [1535/1836] vizwiz_VizWiz_val_00002140_2140
2026-08-16 22:06:06,599 INFO [run_teacher] [1536/1836] vizwiz_VizWiz_val_00002150_2150
2026-08-16 22:06:17,754 INFO [run_teacher] [1537/1836] vizwiz_VizWiz_val_00002152_2152
2026-08-16 22:06:28,368 INFO [run_teacher] [1538/1836] vizwiz_VizWiz_val_00002153_2153
2026-08-16 22:06:38,373 INFO [run_teacher] [1539/1836] vizwiz_VizWiz_val_00002158_2158
2026-08-16 22:06:50,277 INFO [run_teacher] [1540/1836] vizwiz_VizWiz_val_00002160_2160
2026-08-16 22:07:00,999 INFO [run_teacher] [1541/1836] vizwiz_VizWiz_val_00002162_2162
2026-08-16 22:07:09,571 INFO [run_teacher] [1542/1836] vizwiz_VizWiz_val_00002165_2165
2026-08-16 22:07:18,310 INFO [run_teacher] [1543/1836] vizwiz_VizWiz_val_00002167_2167
2026-08-16 22:07:25,716 INFO [run_teacher] [1544/1836] vizwiz_VizWiz_val_00002169_2169
2026-08-16 22:07:37,045 INFO [run_teacher] [1545/1836] vizwiz_VizWiz_val_00002174_2174
2026-08-16 22:07:57,738 INFO [run_teacher] [1546/1836] vizwiz_VizWiz_val_00002176_2176
2026-08-16 22:08:10,768 INFO [run_teacher] [1547/1836] vizwiz_VizWiz_val_00002177_2177
2026-08-16 22:08:23,105 INFO [run_teacher] [1548/1836] vizwiz_VizWiz_val_00002183_2183
2026-08-16 22:08:48,330 INFO [run_teacher] [1549/1836] vizwiz_VizWiz_val_00002186_2186
2026-08-16 22:08:57,985 INFO [run_teacher] [1550/1836] vizwiz_VizWiz_val_00002193_2193
2026-08-16 22:09:09,898 INFO [run_teacher] [1551/1836] vizwiz_VizWiz_val_00002194_2194
2026-08-16 22:09:23,060 INFO [run_teacher] [1552/1836] vizwiz_VizWiz_val_00002199_2199
2026-08-16 22:09:32,966 INFO [run_teacher] [1553/1836] vizwiz_VizWiz_val_00002205_2205
2026-08-16 22:09:42,088 INFO [run_teacher] [1554/1836] vizwiz_VizWiz_val_00002206_2206
2026-08-16 22:09:56,433 INFO [run_teacher] [1555/1836] vizwiz_VizWiz_val_00002207_2207
2026-08-16 22:10:06,171 INFO [run_teacher] [1556/1836] vizwiz_VizWiz_val_00002208_2208
2026-08-16 22:10:18,509 INFO [run_teacher] [1557/1836] vizwiz_VizWiz_val_00002209_2209
2026-08-16 22:10:22,991 INFO [run_teacher] [1558/1836] vizwiz_VizWiz_val_00002221_2221
2026-08-16 22:10:29,156 INFO [run_teacher] [1559/1836] vizwiz_VizWiz_val_00002228_2228
2026-08-16 22:10:38,419 INFO [run_teacher] [1560/1836] vizwiz_VizWiz_val_00002229_2229
2026-08-16 22:10:50,057 INFO [run_teacher] [1561/1836] vizwiz_VizWiz_val_00002237_2237
2026-08-16 22:10:58,429 INFO [run_teacher] [1562/1836] vizwiz_VizWiz_val_00002238_2238
2026-08-16 22:11:10,417 INFO [run_teacher] [1563/1836] vizwiz_VizWiz_val_00002239_2239
2026-08-16 22:11:23,738 INFO [run_teacher] [1564/1836] vizwiz_VizWiz_val_00002246_2246
2026-08-16 22:11:37,116 INFO [run_teacher] [1565/1836] vizwiz_VizWiz_val_00002251_2251
2026-08-16 22:11:51,545 INFO [run_teacher] [1566/1836] vizwiz_VizWiz_val_00002252_2252
2026-08-16 22:12:03,907 INFO [run_teacher] [1567/1836] vizwiz_VizWiz_val_00002253_2253
2026-08-16 22:12:16,520 INFO [run_teacher] [1568/1836] vizwiz_VizWiz_val_00002260_2260
2026-08-16 22:12:24,676 INFO [run_teacher] [1569/1836] vizwiz_VizWiz_val_00002265_2265
2026-08-16 22:12:35,689 INFO [run_teacher] [1570/1836] vizwiz_VizWiz_val_00002273_2273
2026-08-16 22:12:47,652 INFO [run_teacher] [1571/1836] vizwiz_VizWiz_val_00002278_2278
2026-08-16 22:12:52,792 INFO [run_teacher] [1572/1836] vizwiz_VizWiz_val_00002280_2280
2026-08-16 22:13:05,480 INFO [run_teacher] [1573/1836] vizwiz_VizWiz_val_00002283_2283
2026-08-16 22:13:14,077 INFO [run_teacher] [1574/1836] vizwiz_VizWiz_val_00002284_2284
2026-08-16 22:13:28,880 INFO [run_teacher] [1575/1836] vizwiz_VizWiz_val_00002287_2287
2026-08-16 22:13:39,618 INFO [run_teacher] [1576/1836] vizwiz_VizWiz_val_00002288_2288
2026-08-16 22:13:53,897 INFO [run_teacher] [1577/1836] vizwiz_VizWiz_val_00002295_2295
2026-08-16 22:14:04,710 INFO [run_teacher] [1578/1836] vizwiz_VizWiz_val_00002297_2297
2026-08-16 22:14:17,672 INFO [run_teacher] [1579/1836] vizwiz_VizWiz_val_00002300_2300
2026-08-16 22:14:35,974 INFO [run_teacher] [1580/1836] vizwiz_VizWiz_val_00002302_2302
2026-08-16 22:14:40,690 INFO [run_teacher] [1581/1836] vizwiz_VizWiz_val_00002309_2309
2026-08-16 22:14:50,578 INFO [run_teacher] [1582/1836] vizwiz_VizWiz_val_00002312_2312
2026-08-16 22:14:59,583 INFO [run_teacher] [1583/1836] vizwiz_VizWiz_val_00002316_2316
2026-08-16 22:15:10,222 INFO [run_teacher] [1584/1836] vizwiz_VizWiz_val_00002324_2324
2026-08-16 22:15:26,408 INFO [run_teacher] [1585/1836] vizwiz_VizWiz_val_00002325_2325
2026-08-16 22:15:30,382 INFO [run_teacher] [1586/1836] vizwiz_VizWiz_val_00002330_2330
2026-08-16 22:15:41,470 INFO [run_teacher] [1587/1836] vizwiz_VizWiz_val_00002333_2333
2026-08-16 22:15:49,059 INFO [run_teacher] [1588/1836] vizwiz_VizWiz_val_00002334_2334
2026-08-16 22:16:03,496 INFO [run_teacher] [1589/1836] vizwiz_VizWiz_val_00002337_2337
2026-08-16 22:16:08,494 INFO [run_teacher] [1590/1836] vizwiz_VizWiz_val_00002341_2341
2026-08-16 22:16:15,625 INFO [run_teacher] [1591/1836] vizwiz_VizWiz_val_00002343_2343
2026-08-16 22:16:22,265 INFO [run_teacher] [1592/1836] vizwiz_VizWiz_val_00002354_2354
2026-08-16 22:16:28,854 INFO [run_teacher] [1593/1836] vizwiz_VizWiz_val_00002372_2372
2026-08-16 22:16:38,443 INFO [run_teacher] [1594/1836] vizwiz_VizWiz_val_00002379_2379
2026-08-16 22:16:45,524 INFO [run_teacher] [1595/1836] vizwiz_VizWiz_val_00002380_2380
2026-08-16 22:16:54,163 INFO [run_teacher] [1596/1836] vizwiz_VizWiz_val_00002384_2384
2026-08-16 22:17:07,292 INFO [run_teacher] [1597/1836] vizwiz_VizWiz_val_00002385_2385
2026-08-16 22:17:12,848 INFO [run_teacher] [1598/1836] vizwiz_VizWiz_val_00002397_2397
2026-08-16 22:17:20,629 INFO [run_teacher] [1599/1836] vizwiz_VizWiz_val_00002409_2409
2026-08-16 22:17:43,963 INFO [run_teacher] [1600/1836] vizwiz_VizWiz_val_00002411_2411
2026-08-16 22:18:01,899 INFO [run_teacher] [1601/1836] vizwiz_VizWiz_val_00002414_2414
2026-08-16 22:18:10,546 INFO [run_teacher] [1602/1836] vizwiz_VizWiz_val_00002415_2415
2026-08-16 22:18:21,009 INFO [run_teacher] [1603/1836] vizwiz_VizWiz_val_00002416_2416
2026-08-16 22:18:35,188 INFO [run_teacher] [1604/1836] vizwiz_VizWiz_val_00002420_2420
2026-08-16 22:18:45,426 INFO [run_teacher] [1605/1836] vizwiz_VizWiz_val_00002421_2421
2026-08-16 22:18:57,922 INFO [run_teacher] [1606/1836] vizwiz_VizWiz_val_00002425_2425
2026-08-16 22:19:12,901 INFO [run_teacher] [1607/1836] vizwiz_VizWiz_val_00002430_2430
2026-08-16 22:19:20,573 INFO [run_teacher] [1608/1836] vizwiz_VizWiz_val_00002436_2436
2026-08-16 22:19:29,070 INFO [run_teacher] [1609/1836] vizwiz_VizWiz_val_00002440_2440
2026-08-16 22:19:44,465 INFO [run_teacher] [1610/1836] vizwiz_VizWiz_val_00002442_2442
2026-08-16 22:19:53,212 INFO [run_teacher] [1611/1836] vizwiz_VizWiz_val_00002455_2455
2026-08-16 22:20:05,492 INFO [run_teacher] [1612/1836] vizwiz_VizWiz_val_00002456_2456
2026-08-16 22:20:21,803 INFO [run_teacher] [1613/1836] vizwiz_VizWiz_val_00002457_2457
2026-08-16 22:20:35,065 INFO [run_teacher] [1614/1836] vizwiz_VizWiz_val_00002458_2458
2026-08-16 22:20:47,328 INFO [run_teacher] [1615/1836] vizwiz_VizWiz_val_00002462_2462
2026-08-16 22:20:52,951 INFO [run_teacher] [1616/1836] vizwiz_VizWiz_val_00002475_2475
2026-08-16 22:21:04,406 INFO [run_teacher] [1617/1836] vizwiz_VizWiz_val_00002477_2477
2026-08-16 22:21:14,444 INFO [run_teacher] [1618/1836] vizwiz_VizWiz_val_00002478_2478
2026-08-16 22:21:25,399 INFO [run_teacher] [1619/1836] vizwiz_VizWiz_val_00002480_2480
2026-08-16 22:21:33,296 INFO [run_teacher] [1620/1836] vizwiz_VizWiz_val_00002482_2482
2026-08-16 22:21:38,095 INFO [run_teacher] [1621/1836] vizwiz_VizWiz_val_00002483_2483
2026-08-16 22:21:46,875 INFO [run_teacher] [1622/1836] vizwiz_VizWiz_val_00002485_2485
2026-08-16 22:21:55,189 INFO [run_teacher] [1623/1836] vizwiz_VizWiz_val_00002486_2486
2026-08-16 22:22:06,102 INFO [run_teacher] [1624/1836] vizwiz_VizWiz_val_00002487_2487
2026-08-16 22:22:22,180 INFO [run_teacher] [1625/1836] vizwiz_VizWiz_val_00002488_2488
2026-08-16 22:22:36,417 INFO [run_teacher] [1626/1836] vizwiz_VizWiz_val_00002491_2491
2026-08-16 22:22:43,923 INFO [run_teacher] [1627/1836] vizwiz_VizWiz_val_00002496_2496
2026-08-16 22:22:52,445 INFO [run_teacher] [1628/1836] vizwiz_VizWiz_val_00002499_2499
2026-08-16 22:23:03,216 INFO [run_teacher] [1629/1836] vizwiz_VizWiz_val_00002505_2505
2026-08-16 22:23:13,088 INFO [run_teacher] [1630/1836] vizwiz_VizWiz_val_00002507_2507
2026-08-16 22:23:22,269 INFO [run_teacher] [1631/1836] vizwiz_VizWiz_val_00002512_2512
2026-08-16 22:23:35,289 INFO [run_teacher] [1632/1836] vizwiz_VizWiz_val_00002513_2513
2026-08-16 22:23:57,740 INFO [run_teacher] [1633/1836] vizwiz_VizWiz_val_00002517_2517
2026-08-16 22:24:15,368 INFO [run_teacher] [1634/1836] vizwiz_VizWiz_val_00002519_2519
2026-08-16 22:24:21,474 INFO [run_teacher] [1635/1836] vizwiz_VizWiz_val_00002523_2523
2026-08-16 22:24:32,887 INFO [run_teacher] [1636/1836] vizwiz_VizWiz_val_00002528_2528
2026-08-16 22:24:43,559 INFO [run_teacher] [1637/1836] vizwiz_VizWiz_val_00002535_2535
2026-08-16 22:24:56,663 INFO [run_teacher] [1638/1836] vizwiz_VizWiz_val_00002536_2536
2026-08-16 22:25:11,366 INFO [run_teacher] [1639/1836] vizwiz_VizWiz_val_00002545_2545
2026-08-16 22:25:21,321 INFO [run_teacher] [1640/1836] vizwiz_VizWiz_val_00002549_2549
2026-08-16 22:25:29,885 INFO [run_teacher] [1641/1836] vizwiz_VizWiz_val_00002551_2551
2026-08-16 22:25:38,657 INFO [run_teacher] [1642/1836] vizwiz_VizWiz_val_00002552_2552
2026-08-16 22:25:44,214 INFO [run_teacher] [1643/1836] vizwiz_VizWiz_val_00002553_2553
2026-08-16 22:25:54,211 INFO [run_teacher] [1644/1836] vizwiz_VizWiz_val_00002555_2555
2026-08-16 22:25:59,467 INFO [run_teacher] [1645/1836] vizwiz_VizWiz_val_00002567_2567
2026-08-16 22:26:08,065 INFO [run_teacher] [1646/1836] vizwiz_VizWiz_val_00002571_2571
2026-08-16 22:26:13,346 INFO [run_teacher] [1647/1836] vizwiz_VizWiz_val_00002582_2582
2026-08-16 22:26:27,075 INFO [run_teacher] [1648/1836] vizwiz_VizWiz_val_00002583_2583
2026-08-16 22:26:38,380 INFO [run_teacher] [1649/1836] vizwiz_VizWiz_val_00002585_2585
2026-08-16 22:26:53,041 INFO [run_teacher] [1650/1836] vizwiz_VizWiz_val_00002590_2590
2026-08-16 22:27:06,495 INFO [run_teacher] [1651/1836] vizwiz_VizWiz_val_00002595_2595
2026-08-16 22:27:18,150 INFO [run_teacher] [1652/1836] vizwiz_VizWiz_val_00002596_2596
2026-08-16 22:27:31,704 INFO [run_teacher] [1653/1836] vizwiz_VizWiz_val_00002597_2597
2026-08-16 22:27:41,409 INFO [run_teacher] [1654/1836] vizwiz_VizWiz_val_00002601_2601
2026-08-16 22:28:01,627 INFO [run_teacher] [1655/1836] vizwiz_VizWiz_val_00002603_2603
2026-08-16 22:28:15,923 INFO [run_teacher] [1656/1836] vizwiz_VizWiz_val_00002607_2607
2026-08-16 22:28:24,012 INFO [run_teacher] [1657/1836] vizwiz_VizWiz_val_00002610_2610
2026-08-16 22:28:28,851 INFO [run_teacher] [1658/1836] vizwiz_VizWiz_val_00002621_2621
2026-08-16 22:28:37,965 INFO [run_teacher] [1659/1836] vizwiz_VizWiz_val_00002622_2622
2026-08-16 22:28:52,994 INFO [run_teacher] [1660/1836] vizwiz_VizWiz_val_00002625_2625
2026-08-16 22:29:05,398 INFO [run_teacher] [1661/1836] vizwiz_VizWiz_val_00002637_2637
2026-08-16 22:29:20,518 INFO [run_teacher] [1662/1836] vizwiz_VizWiz_val_00002639_2639
2026-08-16 22:29:32,456 INFO [run_teacher] [1663/1836] vizwiz_VizWiz_val_00002644_2644
2026-08-16 22:29:41,403 INFO [run_teacher] [1664/1836] vizwiz_VizWiz_val_00002652_2652
2026-08-16 22:29:50,242 INFO [run_teacher] [1665/1836] vizwiz_VizWiz_val_00002653_2653
2026-08-16 22:30:04,079 INFO [run_teacher] [1666/1836] vizwiz_VizWiz_val_00002660_2660
2026-08-16 22:30:13,826 INFO [run_teacher] [1667/1836] vizwiz_VizWiz_val_00002661_2661
2026-08-16 22:30:31,503 INFO [run_teacher] [1668/1836] vizwiz_VizWiz_val_00002663_2663
2026-08-16 22:30:40,384 INFO [run_teacher] [1669/1836] vizwiz_VizWiz_val_00002666_2666
2026-08-16 22:30:51,513 INFO [run_teacher] [1670/1836] vizwiz_VizWiz_val_00002667_2667
2026-08-16 22:31:00,527 INFO [run_teacher] [1671/1836] vizwiz_VizWiz_val_00002668_2668
2026-08-16 22:31:12,573 INFO [run_teacher] [1672/1836] vizwiz_VizWiz_val_00002669_2669
2026-08-16 22:31:27,585 INFO [run_teacher] [1673/1836] vizwiz_VizWiz_val_00002677_2677
2026-08-16 22:31:45,945 INFO [run_teacher] [1674/1836] vizwiz_VizWiz_val_00002678_2678
2026-08-16 22:31:53,384 INFO [run_teacher] [1675/1836] vizwiz_VizWiz_val_00002682_2682
2026-08-16 22:31:58,016 INFO [run_teacher] [1676/1836] vizwiz_VizWiz_val_00002690_2690
2026-08-16 22:32:11,845 INFO [run_teacher] [1677/1836] vizwiz_VizWiz_val_00002691_2691
2026-08-16 22:32:18,468 INFO [run_teacher] [1678/1836] vizwiz_VizWiz_val_00002696_2696
2026-08-16 22:32:28,889 INFO [run_teacher] [1679/1836] vizwiz_VizWiz_val_00002698_2698
2026-08-16 22:32:40,469 INFO [run_teacher] [1680/1836] vizwiz_VizWiz_val_00002700_2700
2026-08-16 22:32:51,790 INFO [run_teacher] [1681/1836] vizwiz_VizWiz_val_00002702_2702
2026-08-16 22:33:06,144 INFO [run_teacher] [1682/1836] vizwiz_VizWiz_val_00002703_2703
2026-08-16 22:33:21,114 INFO [run_teacher] [1683/1836] vizwiz_VizWiz_val_00002707_2707
2026-08-16 22:33:30,853 INFO [run_teacher] [1684/1836] vizwiz_VizWiz_val_00002708_2708
2026-08-16 22:33:40,957 INFO [run_teacher] [1685/1836] vizwiz_VizWiz_val_00002718_2718
2026-08-16 22:33:53,303 INFO [run_teacher] [1686/1836] vizwiz_VizWiz_val_00002720_2720
2026-08-16 22:34:26,501 INFO [run_teacher] [1687/1836] vizwiz_VizWiz_val_00002723_2723
2026-08-16 22:34:30,483 INFO [run_teacher] [1688/1836] vizwiz_VizWiz_val_00002724_2724
2026-08-16 22:34:40,804 INFO [run_teacher] [1689/1836] vizwiz_VizWiz_val_00002726_2726
2026-08-16 22:34:51,143 INFO [run_teacher] [1690/1836] vizwiz_VizWiz_val_00002727_2727
2026-08-16 22:35:00,473 INFO [run_teacher] [1691/1836] vizwiz_VizWiz_val_00002737_2737
2026-08-16 22:35:07,154 INFO [run_teacher] [1692/1836] vizwiz_VizWiz_val_00002742_2742
2026-08-16 22:35:17,259 INFO [run_teacher] [1693/1836] vizwiz_VizWiz_val_00002747_2747
2026-08-16 22:35:37,803 INFO [run_teacher] [1694/1836] vizwiz_VizWiz_val_00002750_2750
2026-08-16 22:35:44,784 INFO [run_teacher] [1695/1836] vizwiz_VizWiz_val_00002751_2751
2026-08-16 22:35:55,905 INFO [run_teacher] [1696/1836] vizwiz_VizWiz_val_00002754_2754
2026-08-16 22:36:10,650 INFO [run_teacher] [1697/1836] vizwiz_VizWiz_val_00002761_2761
2026-08-16 22:36:21,805 INFO [run_teacher] [1698/1836] vizwiz_VizWiz_val_00002763_2763
2026-08-16 22:36:28,702 INFO [run_teacher] [1699/1836] vizwiz_VizWiz_val_00002767_2767
2026-08-16 22:36:38,283 INFO [run_teacher] [1700/1836] vizwiz_VizWiz_val_00002768_2768
2026-08-16 22:36:49,479 INFO [run_teacher] [1701/1836] vizwiz_VizWiz_val_00002772_2772
2026-08-16 22:37:01,467 INFO [run_teacher] [1702/1836] vizwiz_VizWiz_val_00002773_2773
2026-08-16 22:37:06,132 INFO [run_teacher] [1703/1836] vizwiz_VizWiz_val_00002777_2777
2026-08-16 22:37:23,260 INFO [run_teacher] [1704/1836] vizwiz_VizWiz_val_00002781_2781
2026-08-16 22:37:32,665 INFO [run_teacher] [1705/1836] vizwiz_VizWiz_val_00002789_2789
2026-08-16 22:37:43,378 INFO [run_teacher] [1706/1836] vizwiz_VizWiz_val_00002790_2790
2026-08-16 22:37:50,817 INFO [run_teacher] [1707/1836] vizwiz_VizWiz_val_00002803_2803
2026-08-16 22:38:01,139 INFO [run_teacher] [1708/1836] vizwiz_VizWiz_val_00002805_2805
2026-08-16 22:38:21,566 INFO [run_teacher] [1709/1836] vizwiz_VizWiz_val_00002808_2808
2026-08-16 22:38:28,272 INFO [run_teacher] [1710/1836] vizwiz_VizWiz_val_00002809_2809
2026-08-16 22:38:38,752 INFO [run_teacher] [1711/1836] vizwiz_VizWiz_val_00002814_2814
2026-08-16 22:38:44,650 INFO [run_teacher] [1712/1836] vizwiz_VizWiz_val_00002820_2820
2026-08-16 22:38:51,248 INFO [run_teacher] [1713/1836] vizwiz_VizWiz_val_00002821_2821
2026-08-16 22:39:03,136 INFO [run_teacher] [1714/1836] vizwiz_VizWiz_val_00002829_2829
2026-08-16 22:39:14,882 INFO [run_teacher] [1715/1836] vizwiz_VizWiz_val_00002837_2837
2026-08-16 22:40:01,575 INFO [run_teacher] [1716/1836] vizwiz_VizWiz_val_00002838_2838
2026-08-16 22:40:08,539 INFO [run_teacher] [1717/1836] vizwiz_VizWiz_val_00002840_2840
2026-08-16 22:40:19,069 INFO [run_teacher] [1718/1836] vizwiz_VizWiz_val_00002843_2843
2026-08-16 22:40:28,141 INFO [run_teacher] [1719/1836] vizwiz_VizWiz_val_00002845_2845
2026-08-16 22:40:39,179 INFO [run_teacher] [1720/1836] vizwiz_VizWiz_val_00002859_2859
2026-08-16 22:40:52,567 INFO [run_teacher] [1721/1836] vizwiz_VizWiz_val_00002860_2860
2026-08-16 22:41:07,620 INFO [run_teacher] [1722/1836] vizwiz_VizWiz_val_00002861_2861
2026-08-16 22:41:13,968 INFO [run_teacher] [1723/1836] vizwiz_VizWiz_val_00002868_2868
2026-08-16 22:41:29,855 INFO [run_teacher] [1724/1836] vizwiz_VizWiz_val_00002872_2872
2026-08-16 22:41:38,627 INFO [run_teacher] [1725/1836] vizwiz_VizWiz_val_00002875_2875
2026-08-16 22:41:47,732 INFO [run_teacher] [1726/1836] vizwiz_VizWiz_val_00002881_2881
2026-08-16 22:41:57,054 INFO [run_teacher] [1727/1836] vizwiz_VizWiz_val_00002883_2883
2026-08-16 22:42:10,483 INFO [run_teacher] [1728/1836] vizwiz_VizWiz_val_00002885_2885
2026-08-16 22:42:15,507 INFO [run_teacher] [1729/1836] vizwiz_VizWiz_val_00002893_2893
2026-08-16 22:42:27,744 INFO [run_teacher] [1730/1836] vizwiz_VizWiz_val_00002895_2895
2026-08-16 22:42:41,923 INFO [run_teacher] [1731/1836] vizwiz_VizWiz_val_00002904_2904
2026-08-16 22:43:10,405 INFO [run_teacher] [1732/1836] vizwiz_VizWiz_val_00002906_2906
2026-08-16 22:43:23,768 INFO [run_teacher] [1733/1836] vizwiz_VizWiz_val_00002909_2909
2026-08-16 22:43:38,204 INFO [run_teacher] [1734/1836] vizwiz_VizWiz_val_00002919_2919
2026-08-16 22:43:51,042 INFO [run_teacher] [1735/1836] vizwiz_VizWiz_val_00002920_2920
2026-08-16 22:44:02,830 INFO [run_teacher] [1736/1836] vizwiz_VizWiz_val_00002921_2921
2026-08-16 22:44:10,336 INFO [run_teacher] [1737/1836] vizwiz_VizWiz_val_00002926_2926
2026-08-16 22:44:25,039 INFO [run_teacher] [1738/1836] vizwiz_VizWiz_val_00002930_2930
2026-08-16 22:44:31,829 INFO [run_teacher] [1739/1836] vizwiz_VizWiz_val_00002932_2932
2026-08-16 22:44:52,214 INFO [run_teacher] [1740/1836] vizwiz_VizWiz_val_00002934_2934
2026-08-16 22:45:03,543 INFO [run_teacher] [1741/1836] vizwiz_VizWiz_val_00002944_2944
2026-08-16 22:45:18,738 INFO [run_teacher] [1742/1836] vizwiz_VizWiz_val_00002945_2945
2026-08-16 22:45:25,536 INFO [run_teacher] [1743/1836] vizwiz_VizWiz_val_00002947_2947
2026-08-16 22:45:42,756 INFO [run_teacher] [1744/1836] vizwiz_VizWiz_val_00002949_2949
2026-08-16 22:45:49,928 INFO [run_teacher] [1745/1836] vizwiz_VizWiz_val_00002952_2952
2026-08-16 22:45:58,276 INFO [run_teacher] [1746/1836] vizwiz_VizWiz_val_00002954_2954
2026-08-16 22:46:06,915 INFO [run_teacher] [1747/1836] vizwiz_VizWiz_val_00002967_2967
2026-08-16 22:46:39,471 INFO [run_teacher] [1748/1836] vizwiz_VizWiz_val_00002969_2969
2026-08-16 22:46:52,792 INFO [run_teacher] [1749/1836] vizwiz_VizWiz_val_00002970_2970
2026-08-16 22:47:06,470 INFO [run_teacher] [1750/1836] vizwiz_VizWiz_val_00002976_2976
2026-08-16 22:47:20,607 INFO [run_teacher] [1751/1836] vizwiz_VizWiz_val_00002978_2978
2026-08-16 22:47:27,872 INFO [run_teacher] [1752/1836] vizwiz_VizWiz_val_00002982_2982
2026-08-16 22:47:37,235 INFO [run_teacher] [1753/1836] vizwiz_VizWiz_val_00002983_2983
2026-08-16 22:47:44,566 INFO [run_teacher] [1754/1836] vizwiz_VizWiz_val_00002986_2986
2026-08-16 22:47:58,087 INFO [run_teacher] [1755/1836] vizwiz_VizWiz_val_00002993_2993
2026-08-16 22:48:13,940 INFO [run_teacher] [1756/1836] vizwiz_VizWiz_val_00002994_2994
2026-08-16 22:48:24,096 INFO [run_teacher] [1757/1836] vsr_0_0
2026-08-16 22:48:29,943 INFO [run_teacher] [1758/1836] vsr_3_3
2026-08-16 22:48:35,633 INFO [run_teacher] [1759/1836] vsr_6_6
2026-08-16 22:48:39,615 INFO [run_teacher] [1760/1836] vsr_14_14
2026-08-16 22:48:44,897 INFO [run_teacher] [1761/1836] vsr_15_15
2026-08-16 22:48:50,520 INFO [run_teacher] [1762/1836] vsr_16_16
2026-08-16 22:48:56,627 INFO [run_teacher] [1763/1836] vsr_22_22
2026-08-16 22:49:01,284 INFO [run_teacher] [1764/1836] vsr_29_29
2026-08-16 22:49:06,257 INFO [run_teacher] [1765/1836] vsr_33_33
2026-08-16 22:49:11,889 INFO [run_teacher] [1766/1836] vsr_36_36
2026-08-16 22:49:17,087 INFO [run_teacher] [1767/1836] vsr_38_38
2026-08-16 22:49:22,660 INFO [run_teacher] [1768/1836] vsr_44_44
2026-08-16 22:49:30,299 INFO [run_teacher] [1769/1836] vsr_47_47
2026-08-16 22:49:34,132 INFO [run_teacher] [1770/1836] vsr_54_54
2026-08-16 22:49:39,771 INFO [run_teacher] [1771/1836] vsr_58_58
2026-08-16 22:49:46,828 INFO [run_teacher] [1772/1836] vsr_65_65
2026-08-16 22:49:53,075 INFO [run_teacher] [1773/1836] vsr_71_71
2026-08-16 22:49:56,883 INFO [run_teacher] [1774/1836] vsr_78_78
2026-08-16 22:50:00,898 INFO [run_teacher] [1775/1836] vsr_84_84
2026-08-16 22:50:04,505 INFO [run_teacher] [1776/1836] vsr_93_93
2026-08-16 22:50:10,220 INFO [run_teacher] [1777/1836] vsr_96_96
2026-08-16 22:50:15,752 INFO [run_teacher] [1778/1836] vsr_108_108
2026-08-16 22:50:19,751 INFO [run_teacher] [1779/1836] vsr_128_128
2026-08-16 22:50:23,841 INFO [run_teacher] [1780/1836] vsr_137_137
2026-08-16 22:50:28,598 INFO [run_teacher] [1781/1836] vsr_138_138
2026-08-16 22:50:33,389 INFO [run_teacher] [1782/1836] vsr_142_142
2026-08-16 22:50:39,178 INFO [run_teacher] [1783/1836] vsr_144_144
2026-08-16 22:50:44,810 INFO [run_teacher] [1784/1836] vsr_157_157
2026-08-16 22:50:50,042 INFO [run_teacher] [1785/1836] vsr_168_168
2026-08-16 22:50:56,206 INFO [run_teacher] [1786/1836] vsr_170_170
2026-08-16 22:51:01,421 INFO [run_teacher] [1787/1836] vsr_172_172
2026-08-16 22:51:06,720 INFO [run_teacher] [1788/1836] vsr_176_176
2026-08-16 22:51:10,885 INFO [run_teacher] [1789/1836] vsr_179_179
2026-08-16 22:51:16,350 INFO [run_teacher] [1790/1836] vsr_182_182
2026-08-16 22:51:20,165 INFO [run_teacher] [1791/1836] vsr_188_188
2026-08-16 22:51:23,739 INFO [run_teacher] [1792/1836] vsr_189_189
2026-08-16 22:51:29,887 INFO [run_teacher] [1793/1836] vsr_191_191
2026-08-16 22:51:35,269 INFO [run_teacher] [1794/1836] vsr_192_192
2026-08-16 22:51:42,966 INFO [run_teacher] [1795/1836] vsr_204_204
2026-08-16 22:51:48,056 INFO [run_teacher] [1796/1836] vsr_205_205
2026-08-16 22:51:52,397 INFO [run_teacher] [1797/1836] vsr_207_207
2026-08-16 22:51:58,379 INFO [run_teacher] [1798/1836] vsr_211_211
2026-08-16 22:52:02,993 INFO [run_teacher] [1799/1836] vsr_218_218
2026-08-16 22:52:07,492 INFO [run_teacher] [1800/1836] vsr_221_221
2026-08-16 22:52:12,907 INFO [run_teacher] [1801/1836] vsr_224_224
2026-08-16 22:52:18,655 INFO [run_teacher] [1802/1836] vsr_227_227
2026-08-16 22:52:24,678 INFO [run_teacher] [1803/1836] vsr_232_232
2026-08-16 22:52:29,419 INFO [run_teacher] [1804/1836] vsr_233_233
2026-08-16 22:52:34,417 INFO [run_teacher] [1805/1836] vsr_238_238
2026-08-16 22:52:39,174 INFO [run_teacher] [1806/1836] vsr_240_240
2026-08-16 22:52:43,806 INFO [run_teacher] [1807/1836] vsr_241_241
2026-08-16 22:52:49,179 INFO [run_teacher] [1808/1836] vsr_242_242
2026-08-16 22:52:54,003 INFO [run_teacher] [1809/1836] vsr_243_243
2026-08-16 22:52:57,685 INFO [run_teacher] [1810/1836] vsr_257_257
2026-08-16 22:53:02,808 INFO [run_teacher] [1811/1836] vsr_260_260
2026-08-16 22:53:08,207 INFO [run_teacher] [1812/1836] vsr_268_268
2026-08-16 22:53:13,621 INFO [run_teacher] [1813/1836] vsr_269_269
2026-08-16 22:53:19,395 INFO [run_teacher] [1814/1836] vsr_287_287
2026-08-16 22:53:25,767 INFO [run_teacher] [1815/1836] vsr_288_288
2026-08-16 22:53:30,108 INFO [run_teacher] [1816/1836] vsr_289_289
2026-08-16 22:53:35,939 INFO [run_teacher] [1817/1836] vsr_290_290
2026-08-16 22:53:47,952 INFO [run_teacher] [1818/1836] vsr_292_292
2026-08-16 22:53:51,992 INFO [run_teacher] [1819/1836] vsr_293_293
2026-08-16 22:53:58,274 INFO [run_teacher] [1820/1836] vsr_297_297
2026-08-16 22:54:04,872 INFO [run_teacher] [1821/1836] vsr_299_299
2026-08-16 22:54:08,729 INFO [run_teacher] [1822/1836] vsr_300_300
2026-08-16 22:54:13,653 INFO [run_teacher] [1823/1836] vsr_301_301
2026-08-16 22:54:17,860 INFO [run_teacher] [1824/1836] vsr_303_303
2026-08-16 22:54:22,200 INFO [run_teacher] [1825/1836] vsr_310_310
2026-08-16 22:54:27,540 INFO [run_teacher] [1826/1836] vsr_311_311
2026-08-16 22:54:33,230 INFO [run_teacher] [1827/1836] vsr_315_315
2026-08-16 22:54:39,003 INFO [run_teacher] [1828/1836] vsr_316_316
2026-08-16 22:54:43,194 INFO [run_teacher] [1829/1836] vsr_317_317
2026-08-16 22:54:48,767 INFO [run_teacher] [1830/1836] vsr_318_318
2026-08-16 22:54:52,749 INFO [run_teacher] [1831/1836] vsr_321_321
2026-08-16 22:54:56,881 INFO [run_teacher] [1832/1836] vsr_322_322
2026-08-16 22:55:02,013 INFO [run_teacher] [1833/1836] vsr_325_325
2026-08-16 22:55:05,995 INFO [run_teacher] [1834/1836] vsr_326_326
2026-08-16 22:55:10,710 INFO [run_teacher] [1835/1836] vsr_334_334
2026-08-16 22:55:17,133 INFO [run_teacher] [1836/1836] vsr_336_336
2026-08-16 22:55:23,827 INFO [run_teacher] Shard finished in 16102.5s with 25 failed rows
