2026-08-17 00:14:56,927 INFO [run_teacher] Model: gemma4_e4b (google/gemma-4-E4B-it)
2026-08-17 00:14:56,927 INFO [run_teacher] Shard: 2/4
2026-08-17 00:14:56,927 INFO [run_teacher] Selected rows: 1826; completed: 775; pending: 1051
2026-08-17 00:14:56,927 INFO [run_teacher] Expected remaining forward passes (clean + legal probes): 7384
2026-08-17 00:14:56,927 INFO [run_teacher] Output: outputs/teacher_core/teacher_gemma4_e4b_all_all_shard02-of-04.jsonl
2026-08-17 00:14:56,927 INFO [run_teacher] Current-failure ledger: outputs/teacher_core/teacher_gemma4_e4b_all_all_shard02-of-04.failures.jsonl
Traceback (most recent call last):
  File "/home/aman/ProActive/scripts/run_teacher.py", line 107, in _acquire_output_lock
    fcntl.flock(handle.fileno(), fcntl.LOCK_EX | fcntl.LOCK_NB)
    ~~~~~~~~~~~^^^^^^^^^^^^^^^^^^^^^^^^^^^^^^^^^^^^^^^^^^^^^^^^
BlockingIOError: [Errno 11] Resource temporarily unavailable

The above exception was the direct cause of the following exception:

Traceback (most recent call last):
  File "/home/aman/ProActive/scripts/run_teacher.py", line 592, in <module>
    main()
    ~~~~^^
  File "/home/aman/ProActive/scripts/run_teacher.py", line 492, in main
    lock_handle = _acquire_output_lock(output_path)
  File "/home/aman/ProActive/scripts/run_teacher.py", line 118, in _acquire_output_lock
    raise RuntimeError(f"Another process is writing shard {output_path}") from exc
RuntimeError: Another process is writing shard outputs/teacher_core/teacher_gemma4_e4b_all_all_shard02-of-04.jsonl
2026-08-17 00:14:58,661 INFO [run_teacher] [795/1826] pope_random_2331_random_2331
2026-08-17 00:15:03,992 INFO [run_teacher] [796/1826] pope_random_2332_random_2332
2026-08-17 00:15:08,982 INFO [run_teacher] [797/1826] pope_random_2340_random_2340
2026-08-17 00:15:14,605 INFO [run_teacher] [798/1826] pope_random_2347_random_2347
2026-08-17 00:15:19,887 INFO [run_teacher] [799/1826] pope_random_2351_random_2351
2026-08-17 00:15:26,927 INFO [run_teacher] [800/1826] pope_random_2352_random_2352
2026-08-17 00:15:33,125 INFO [run_teacher] [801/1826] pope_random_2357_random_2357
2026-08-17 00:15:38,065 INFO [run_teacher] [802/1826] pope_random_2358_random_2358
2026-08-17 00:15:43,188 INFO [run_teacher] [803/1826] pope_random_2361_random_2361
2026-08-17 00:15:48,445 INFO [run_teacher] [804/1826] pope_random_2364_random_2364
2026-08-17 00:15:53,260 INFO [run_teacher] [805/1826] pope_random_2369_random_2369
2026-08-17 00:15:58,700 INFO [run_teacher] [806/1826] pope_random_2370_random_2370
2026-08-17 00:16:04,148 INFO [run_teacher] [807/1826] pope_random_2376_random_2376
2026-08-17 00:16:10,154 INFO [run_teacher] [808/1826] pope_random_2380_random_2380
2026-08-17 00:16:16,178 INFO [run_teacher] [809/1826] pope_random_2386_random_2386
2026-08-17 00:16:21,592 INFO [run_teacher] [810/1826] pope_random_2388_random_2388
2026-08-17 00:16:27,657 INFO [run_teacher] [811/1826] pope_random_2389_random_2389
2026-08-17 00:16:32,264 INFO [run_teacher] [812/1826] pope_random_2390_random_2390
2026-08-17 00:16:36,896 INFO [run_teacher] [813/1826] pope_random_2391_random_2391
2026-08-17 00:16:41,403 INFO [run_teacher] [814/1826] pope_random_2398_random_2398
2026-08-17 00:16:46,726 INFO [run_teacher] [815/1826] pope_random_2399_random_2399
2026-08-17 00:16:52,641 INFO [run_teacher] [816/1826] pope_random_2410_random_2410
2026-08-17 00:16:58,789 INFO [run_teacher] [817/1826] pope_random_2411_random_2411
2026-08-17 00:17:02,854 INFO [run_teacher] [818/1826] pope_random_2415_random_2415
2026-08-17 00:17:08,102 INFO [run_teacher] [819/1826] pope_random_2418_random_2418
2026-08-17 00:17:13,642 INFO [run_teacher] [820/1826] pope_random_2420_random_2420
2026-08-17 00:17:18,191 INFO [run_teacher] [821/1826] pope_random_2421_random_2421
2026-08-17 00:17:24,147 INFO [run_teacher] [822/1826] pope_random_2422_random_2422
2026-08-17 00:17:30,637 INFO [run_teacher] [823/1826] pope_random_2423_random_2423
2026-08-17 00:17:36,452 INFO [run_teacher] [824/1826] pope_random_2427_random_2427
2026-08-17 00:17:41,550 INFO [run_teacher] [825/1826] pope_random_2429_random_2429
2026-08-17 00:17:46,665 INFO [run_teacher] [826/1826] pope_random_2432_random_2432
2026-08-17 00:17:52,980 INFO [run_teacher] [827/1826] pope_random_2439_random_2439
2026-08-17 00:17:57,712 INFO [run_teacher] [828/1826] pope_random_2444_random_2444
2026-08-17 00:18:01,577 INFO [run_teacher] [829/1826] pope_random_2450_random_2450
2026-08-17 00:18:06,859 INFO [run_teacher] [830/1826] pope_random_2455_random_2455
2026-08-17 00:18:12,149 INFO [run_teacher] [831/1826] pope_random_2456_random_2456
2026-08-17 00:18:16,764 INFO [run_teacher] [832/1826] pope_random_2457_random_2457
2026-08-17 00:18:22,154 INFO [run_teacher] [833/1826] pope_random_2459_random_2459
2026-08-17 00:18:27,827 INFO [run_teacher] [834/1826] pope_random_2460_random_2460
2026-08-17 00:18:32,600 INFO [run_teacher] [835/1826] pope_random_2461_random_2461
2026-08-17 00:18:37,624 INFO [run_teacher] [836/1826] pope_random_2463_random_2463
2026-08-17 00:18:42,697 INFO [run_teacher] [837/1826] pope_random_2465_random_2465
2026-08-17 00:18:47,546 INFO [run_teacher] [838/1826] pope_random_2469_random_2469
2026-08-17 00:18:52,402 INFO [run_teacher] [839/1826] pope_random_2475_random_2475
2026-08-17 00:18:58,267 INFO [run_teacher] [840/1826] pope_random_2487_random_2487
2026-08-17 00:19:04,099 INFO [run_teacher] [841/1826] pope_random_2491_random_2491
2026-08-17 00:19:09,172 INFO [run_teacher] [842/1826] pope_random_2498_random_2498
2026-08-17 00:19:13,821 INFO [run_teacher] [843/1826] pope_random_2500_random_2500
2026-08-17 00:19:17,669 INFO [run_teacher] [844/1826] pope_random_2502_random_2502
2026-08-17 00:19:22,684 INFO [run_teacher] [845/1826] pope_random_2504_random_2504
2026-08-17 00:19:27,308 INFO [run_teacher] [846/1826] pope_random_2511_random_2511
2026-08-17 00:19:33,123 INFO [run_teacher] [847/1826] pope_random_2515_random_2515
2026-08-17 00:19:37,713 INFO [run_teacher] [848/1826] pope_random_2522_random_2522
2026-08-17 00:19:42,128 INFO [run_teacher] [849/1826] pope_random_2525_random_2525
2026-08-17 00:19:47,493 INFO [run_teacher] [850/1826] pope_random_2528_random_2528
2026-08-17 00:19:51,842 INFO [run_teacher] [851/1826] pope_random_2530_random_2530
2026-08-17 00:19:56,307 INFO [run_teacher] [852/1826] pope_random_2532_random_2532
2026-08-17 00:20:02,830 INFO [run_teacher] [853/1826] pope_random_2533_random_2533
2026-08-17 00:20:08,078 INFO [run_teacher] [854/1826] pope_random_2534_random_2534
2026-08-17 00:20:14,235 INFO [run_teacher] [855/1826] pope_random_2539_random_2539
2026-08-17 00:20:19,258 INFO [run_teacher] [856/1826] pope_random_2541_random_2541
2026-08-17 00:20:24,490 INFO [run_teacher] [857/1826] pope_random_2551_random_2551
2026-08-17 00:20:29,496 INFO [run_teacher] [858/1826] pope_random_2556_random_2556
2026-08-17 00:20:33,920 INFO [run_teacher] [859/1826] pope_random_2561_random_2561
2026-08-17 00:20:39,343 INFO [run_teacher] [860/1826] pope_random_2564_random_2564
2026-08-17 00:20:45,158 INFO [run_teacher] [861/1826] pope_random_2565_random_2565
2026-08-17 00:20:49,981 INFO [run_teacher] [862/1826] pope_random_2573_random_2573
2026-08-17 00:20:55,005 INFO [run_teacher] [863/1826] pope_random_2603_random_2603
2026-08-17 00:21:00,003 INFO [run_teacher] [864/1826] pope_random_2607_random_2607
2026-08-17 00:21:05,127 INFO [run_teacher] [865/1826] pope_random_2615_random_2615
2026-08-17 00:21:10,933 INFO [run_teacher] [866/1826] pope_random_2622_random_2622
2026-08-17 00:21:15,948 INFO [run_teacher] [867/1826] pope_random_2623_random_2623
2026-08-17 00:21:20,838 INFO [run_teacher] [868/1826] pope_random_2630_random_2630
2026-08-17 00:21:25,803 INFO [run_teacher] [869/1826] pope_random_2631_random_2631
2026-08-17 00:21:30,902 INFO [run_teacher] [870/1826] pope_random_2647_random_2647
2026-08-17 00:21:35,833 INFO [run_teacher] [871/1826] pope_random_2648_random_2648
2026-08-17 00:21:41,482 INFO [run_teacher] [872/1826] pope_random_2653_random_2653
2026-08-17 00:21:46,180 INFO [run_teacher] [873/1826] pope_random_2655_random_2655
2026-08-17 00:21:50,904 INFO [run_teacher] [874/1826] pope_random_2657_random_2657
2026-08-17 00:21:55,627 INFO [run_teacher] [875/1826] pope_random_2660_random_2660
2026-08-17 00:22:00,467 INFO [run_teacher] [876/1826] pope_random_2674_random_2674
2026-08-17 00:22:05,965 INFO [run_teacher] [877/1826] pope_random_2678_random_2678
2026-08-17 00:22:10,547 INFO [run_teacher] [878/1826] pope_random_2689_random_2689
2026-08-17 00:22:15,287 INFO [run_teacher] [879/1826] pope_random_2693_random_2693
2026-08-17 00:22:19,619 INFO [run_teacher] [880/1826] pope_random_2697_random_2697
2026-08-17 00:22:24,843 INFO [run_teacher] [881/1826] pope_random_2702_random_2702
2026-08-17 00:22:28,308 INFO [run_teacher] [882/1826] pope_random_2705_random_2705
2026-08-17 00:22:31,849 INFO [run_teacher] [883/1826] pope_random_2708_random_2708
2026-08-17 00:22:37,297 INFO [run_teacher] [884/1826] pope_random_2711_random_2711
2026-08-17 00:22:42,512 INFO [run_teacher] [885/1826] pope_random_2712_random_2712
2026-08-17 00:22:48,993 INFO [run_teacher] [886/1826] pope_random_2714_random_2714
2026-08-17 00:22:54,458 INFO [run_teacher] [887/1826] pope_random_2716_random_2716
2026-08-17 00:22:59,707 INFO [run_teacher] [888/1826] pope_random_2717_random_2717
2026-08-17 00:23:04,963 INFO [run_teacher] [889/1826] pope_random_2721_random_2721
2026-08-17 00:23:10,770 INFO [run_teacher] [890/1826] pope_random_2724_random_2724
2026-08-17 00:23:14,435 INFO [run_teacher] [891/1826] pope_random_2728_random_2728
2026-08-17 00:23:19,192 INFO [run_teacher] [892/1826] pope_random_2729_random_2729
2026-08-17 00:23:23,749 INFO [run_teacher] [893/1826] pope_random_2732_random_2732
2026-08-17 00:23:29,239 INFO [run_teacher] [894/1826] pope_random_2733_random_2733
2026-08-17 00:23:34,162 INFO [run_teacher] [895/1826] pope_random_2739_random_2739
2026-08-17 00:23:38,919 INFO [run_teacher] [896/1826] pope_random_2753_random_2753
2026-08-17 00:23:43,909 INFO [run_teacher] [897/1826] pope_random_2755_random_2755
2026-08-17 00:23:47,517 INFO [run_teacher] [898/1826] pope_random_2765_random_2765
2026-08-17 00:23:52,598 INFO [run_teacher] [899/1826] pope_random_2770_random_2770
2026-08-17 00:23:58,488 INFO [run_teacher] [900/1826] pope_random_2771_random_2771
2026-08-17 00:24:03,770 INFO [run_teacher] [901/1826] pope_random_2779_random_2779
2026-08-17 00:24:09,260 INFO [run_teacher] [902/1826] pope_random_2782_random_2782
2026-08-17 00:24:15,558 INFO [run_teacher] [903/1826] pope_random_2784_random_2784
2026-08-17 00:24:21,331 INFO [run_teacher] [904/1826] pope_random_2790_random_2790
2026-08-17 00:24:26,946 INFO [run_teacher] [905/1826] pope_random_2791_random_2791
2026-08-17 00:24:32,869 INFO [run_teacher] [906/1826] pope_random_2792_random_2792
2026-08-17 00:24:38,375 INFO [run_teacher] [907/1826] pope_random_2795_random_2795
2026-08-17 00:24:42,907 INFO [run_teacher] [908/1826] pope_random_2796_random_2796
2026-08-17 00:24:47,448 INFO [run_teacher] [909/1826] pope_random_2797_random_2797
2026-08-17 00:24:52,163 INFO [run_teacher] [910/1826] pope_random_2799_random_2799
2026-08-17 00:24:56,870 INFO [run_teacher] [911/1826] pope_random_2800_random_2800
2026-08-17 00:25:02,193 INFO [run_teacher] [912/1826] pope_random_2802_random_2802
2026-08-17 00:25:07,725 INFO [run_teacher] [913/1826] pope_random_2805_random_2805
2026-08-17 00:25:13,056 INFO [run_teacher] [914/1826] pope_random_2806_random_2806
2026-08-17 00:25:18,879 INFO [run_teacher] [915/1826] pope_random_2807_random_2807
2026-08-17 00:25:24,536 INFO [run_teacher] [916/1826] pope_random_2812_random_2812
2026-08-17 00:25:29,751 INFO [run_teacher] [917/1826] pope_random_2815_random_2815
2026-08-17 00:25:35,299 INFO [run_teacher] [918/1826] pope_random_2820_random_2820
2026-08-17 00:25:39,723 INFO [run_teacher] [919/1826] pope_random_2825_random_2825
2026-08-17 00:25:44,996 INFO [run_teacher] [920/1826] pope_random_2827_random_2827
2026-08-17 00:25:49,553 INFO [run_teacher] [921/1826] pope_random_2829_random_2829
2026-08-17 00:25:54,185 INFO [run_teacher] [922/1826] pope_random_2836_random_2836
2026-08-17 00:25:58,208 INFO [run_teacher] [923/1826] pope_random_2848_random_2848
2026-08-17 00:26:02,932 INFO [run_teacher] [924/1826] pope_random_2849_random_2849
2026-08-17 00:26:07,922 INFO [run_teacher] [925/1826] pope_random_2853_random_2853
2026-08-17 00:26:13,129 INFO [run_teacher] [926/1826] pope_random_2860_random_2860
2026-08-17 00:26:18,144 INFO [run_teacher] [927/1826] pope_random_2872_random_2872
2026-08-17 00:26:23,309 INFO [run_teacher] [928/1826] pope_random_2873_random_2873
2026-08-17 00:26:27,949 INFO [run_teacher] [929/1826] pope_random_2876_random_2876
2026-08-17 00:26:32,748 INFO [run_teacher] [930/1826] pope_random_2878_random_2878
2026-08-17 00:26:38,796 INFO [run_teacher] [931/1826] pope_random_2882_random_2882
2026-08-17 00:26:44,569 INFO [run_teacher] [932/1826] pope_random_2887_random_2887
2026-08-17 00:26:49,376 INFO [run_teacher] [933/1826] pope_random_2891_random_2891
2026-08-17 00:26:54,549 INFO [run_teacher] [934/1826] pope_random_2892_random_2892
2026-08-17 00:26:58,964 INFO [run_teacher] [935/1826] pope_random_2894_random_2894
2026-08-17 00:27:04,512 INFO [run_teacher] [936/1826] pope_random_2898_random_2898
2026-08-17 00:27:10,377 INFO [run_teacher] [937/1826] pope_random_2900_random_2900
2026-08-17 00:27:16,625 INFO [run_teacher] [938/1826] pope_random_2907_random_2907
2026-08-17 00:27:20,216 INFO [run_teacher] [939/1826] pope_random_2913_random_2913
2026-08-17 00:27:25,372 INFO [run_teacher] [940/1826] pope_random_2920_random_2920
2026-08-17 00:27:30,638 INFO [run_teacher] [941/1826] pope_random_2921_random_2921
2026-08-17 00:27:37,086 INFO [run_teacher] [942/1826] pope_random_2922_random_2922
2026-08-17 00:27:42,934 INFO [run_teacher] [943/1826] pope_random_2925_random_2925
2026-08-17 00:27:47,608 INFO [run_teacher] [944/1826] pope_random_2930_random_2930
2026-08-17 00:27:53,997 INFO [run_teacher] [945/1826] pope_random_2931_random_2931
2026-08-17 00:27:59,487 INFO [run_teacher] [946/1826] pope_random_2943_random_2943
2026-08-17 00:28:04,144 INFO [run_teacher] [947/1826] pope_random_2945_random_2945
2026-08-17 00:28:09,017 INFO [run_teacher] [948/1826] pope_random_2946_random_2946
2026-08-17 00:28:14,258 INFO [run_teacher] [949/1826] pope_random_2951_random_2951
2026-08-17 00:28:19,389 INFO [run_teacher] [950/1826] pope_random_2952_random_2952
2026-08-17 00:28:24,704 INFO [run_teacher] [951/1826] pope_random_2954_random_2954
2026-08-17 00:28:29,028 INFO [run_teacher] [952/1826] pope_random_2955_random_2955
2026-08-17 00:28:33,418 INFO [run_teacher] [953/1826] pope_random_2956_random_2956
2026-08-17 00:28:37,842 INFO [run_teacher] [954/1826] pope_random_2963_random_2963
2026-08-17 00:28:42,324 INFO [run_teacher] [955/1826] pope_random_2965_random_2965
2026-08-17 00:28:47,522 INFO [run_teacher] [956/1826] pope_random_2966_random_2966
2026-08-17 00:28:52,495 INFO [run_teacher] [957/1826] pope_random_2967_random_2967
2026-08-17 00:28:58,685 INFO [run_teacher] [958/1826] pope_random_2968_random_2968
2026-08-17 00:29:04,409 INFO [run_teacher] [959/1826] pope_random_2969_random_2969
2026-08-17 00:29:10,065 INFO [run_teacher] [960/1826] pope_random_2980_random_2980
2026-08-17 00:29:14,971 INFO [run_teacher] [961/1826] pope_random_2982_random_2982
2026-08-17 00:29:20,461 INFO [run_teacher] [962/1826] pope_random_2984_random_2984
2026-08-17 00:29:25,568 INFO [run_teacher] [963/1826] pope_random_2989_random_2989
2026-08-17 00:29:30,583 INFO [run_teacher] [964/1826] pope_random_2991_random_2991
2026-08-17 00:29:35,632 INFO [run_teacher] [965/1826] pope_random_2995_random_2995
2026-08-17 00:29:40,905 INFO [run_teacher] [966/1826] pope_random_2996_random_2996
2026-08-17 00:29:46,586 INFO [run_teacher] [967/1826] pope_random_2997_random_2997
2026-08-17 00:29:51,410 INFO [run_teacher] [968/1826] pope_random_2998_random_2998
2026-08-17 00:29:56,983 INFO [run_teacher] [969/1826] pope_random_2999_random_2999
2026-08-17 00:30:02,173 INFO [run_teacher] [970/1826] vizwiz_VizWiz_val_00000000_0
2026-08-17 00:30:12,403 INFO [run_teacher] [971/1826] vizwiz_VizWiz_val_00000002_2
2026-08-17 00:30:23,733 INFO [run_teacher] [972/1826] vizwiz_VizWiz_val_00000003_3
2026-08-17 00:30:31,639 INFO [run_teacher] [973/1826] vizwiz_VizWiz_val_00000005_5
2026-08-17 00:30:43,868 INFO [run_teacher] [974/1826] vizwiz_VizWiz_val_00000008_8
2026-08-17 00:30:55,364 INFO [run_teacher] [975/1826] vizwiz_VizWiz_val_00000009_9
2026-08-17 00:31:11,376 INFO [run_teacher] [976/1826] vizwiz_VizWiz_val_00000010_10
2026-08-17 00:31:21,989 INFO [run_teacher] [977/1826] vizwiz_VizWiz_val_00000012_12
2026-08-17 00:31:37,767 INFO [run_teacher] [978/1826] vizwiz_VizWiz_val_00000014_14
2026-08-17 00:31:52,530 INFO [run_teacher] [979/1826] vizwiz_VizWiz_val_00000022_22
2026-08-17 00:32:06,658 INFO [run_teacher] [980/1826] vizwiz_VizWiz_val_00000025_25
2026-08-17 00:32:19,954 INFO [run_teacher] [981/1826] vizwiz_VizWiz_val_00000032_32
2026-08-17 00:32:34,358 INFO [run_teacher] [982/1826] vizwiz_VizWiz_val_00000033_33
2026-08-17 00:32:45,221 INFO [run_teacher] [983/1826] vizwiz_VizWiz_val_00000044_44
2026-08-17 00:33:02,299 INFO [run_teacher] [984/1826] vizwiz_VizWiz_val_00000048_48
2026-08-17 00:33:10,529 INFO [run_teacher] [985/1826] vizwiz_VizWiz_val_00000053_53
2026-08-17 00:33:29,865 INFO [run_teacher] [986/1826] vizwiz_VizWiz_val_00000055_55
2026-08-17 00:33:46,676 INFO [run_teacher] [987/1826] vizwiz_VizWiz_val_00000056_56
2026-08-17 00:33:56,981 INFO [run_teacher] [988/1826] vizwiz_VizWiz_val_00000061_61
2026-08-17 00:34:10,510 INFO [run_teacher] [989/1826] vizwiz_VizWiz_val_00000067_67
2026-08-17 00:34:22,948 INFO [run_teacher] [990/1826] vizwiz_VizWiz_val_00000073_73
2026-08-17 00:34:50,813 INFO [run_teacher] [991/1826] vizwiz_VizWiz_val_00000076_76
2026-08-17 00:35:01,244 INFO [run_teacher] [992/1826] vizwiz_VizWiz_val_00000085_85
2026-08-17 00:35:26,935 INFO [run_teacher] [993/1826] vizwiz_VizWiz_val_00000086_86
2026-08-17 00:35:43,055 INFO [run_teacher] [994/1826] vizwiz_VizWiz_val_00000095_95
2026-08-17 00:35:56,600 INFO [run_teacher] [995/1826] vizwiz_VizWiz_val_00000097_97
2026-08-17 00:36:10,746 INFO [run_teacher] [996/1826] vizwiz_VizWiz_val_00000098_98
2026-08-17 00:36:25,799 INFO [run_teacher] [997/1826] vizwiz_VizWiz_val_00000102_102
2026-08-17 00:36:52,440 INFO [run_teacher] [998/1826] vizwiz_VizWiz_val_00000103_103
2026-08-17 00:37:05,577 INFO [run_teacher] [999/1826] vizwiz_VizWiz_val_00000104_104
2026-08-17 00:37:22,782 INFO [run_teacher] [1000/1826] vizwiz_VizWiz_val_00000105_105
2026-08-17 00:37:29,597 INFO [run_teacher] [1001/1826] vizwiz_VizWiz_val_00000111_111
2026-08-17 00:37:43,167 INFO [run_teacher] [1002/1826] vizwiz_VizWiz_val_00000113_113
2026-08-17 00:37:51,323 INFO [run_teacher] [1003/1826] vizwiz_VizWiz_val_00000114_114
2026-08-17 00:38:06,718 INFO [run_teacher] [1004/1826] vizwiz_VizWiz_val_00000115_115
2026-08-17 00:38:19,530 INFO [run_teacher] [1005/1826] vizwiz_VizWiz_val_00000117_117
2026-08-17 00:38:31,060 INFO [run_teacher] [1006/1826] vizwiz_VizWiz_val_00000119_119
2026-08-17 00:38:51,178 INFO [run_teacher] [1007/1826] vizwiz_VizWiz_val_00000121_121
2026-08-17 00:39:02,633 INFO [run_teacher] [1008/1826] vizwiz_VizWiz_val_00000122_122
2026-08-17 00:39:11,663 INFO [run_teacher] [1009/1826] vizwiz_VizWiz_val_00000126_126
2026-08-17 00:39:25,817 INFO [run_teacher] [1010/1826] vizwiz_VizWiz_val_00000127_127
2026-08-17 00:39:49,834 INFO [run_teacher] [1011/1826] vizwiz_VizWiz_val_00000134_134
2026-08-17 00:40:02,530 INFO [run_teacher] [1012/1826] vizwiz_VizWiz_val_00000135_135
2026-08-17 00:40:31,762 INFO [run_teacher] [1013/1826] vizwiz_VizWiz_val_00000138_138
2026-08-17 00:40:59,453 INFO [run_teacher] [1014/1826] vizwiz_VizWiz_val_00000142_142
2026-08-17 00:41:13,648 INFO [run_teacher] [1015/1826] vizwiz_VizWiz_val_00000144_144
2026-08-17 00:41:37,074 INFO [run_teacher] [1016/1826] vizwiz_VizWiz_val_00000160_160
2026-08-17 00:41:59,392 INFO [run_teacher] [1017/1826] vizwiz_VizWiz_val_00000165_165
2026-08-17 00:42:12,970 INFO [run_teacher] [1018/1826] vizwiz_VizWiz_val_00000168_168
2026-08-17 00:42:29,357 INFO [run_teacher] [1019/1826] vizwiz_VizWiz_val_00000174_174
2026-08-17 00:42:44,644 INFO [run_teacher] [1020/1826] vizwiz_VizWiz_val_00000175_175
2026-08-17 00:43:27,830 INFO [run_teacher] [1021/1826] vizwiz_VizWiz_val_00000178_178
2026-08-17 00:43:55,762 INFO [run_teacher] [1022/1826] vizwiz_VizWiz_val_00000179_179
2026-08-17 00:44:07,600 INFO [run_teacher] [1023/1826] vizwiz_VizWiz_val_00000182_182
2026-08-17 00:44:27,277 INFO [run_teacher] [1024/1826] vizwiz_VizWiz_val_00000185_185
2026-08-17 00:44:41,331 INFO [run_teacher] [1025/1826] vizwiz_VizWiz_val_00000190_190
2026-08-17 00:44:58,250 INFO [run_teacher] [1026/1826] vizwiz_VizWiz_val_00000194_194
2026-08-17 00:45:11,121 INFO [run_teacher] [1027/1826] vizwiz_VizWiz_val_00000196_196
2026-08-17 00:45:23,459 INFO [run_teacher] [1028/1826] vizwiz_VizWiz_val_00000198_198
2026-08-17 00:45:34,105 INFO [run_teacher] [1029/1826] vizwiz_VizWiz_val_00000201_201
2026-08-17 00:46:07,678 INFO [run_teacher] [1030/1826] vizwiz_VizWiz_val_00000208_208
2026-08-17 00:46:19,532 INFO [run_teacher] [1031/1826] vizwiz_VizWiz_val_00000209_209
2026-08-17 00:46:25,539 INFO [run_teacher] [1032/1826] vizwiz_VizWiz_val_00000211_211
2026-08-17 00:47:10,982 INFO [run_teacher] [1033/1826] vizwiz_VizWiz_val_00000215_215
2026-08-17 00:47:25,460 INFO [run_teacher] [1034/1826] vizwiz_VizWiz_val_00000217_217
2026-08-17 00:47:35,116 INFO [run_teacher] [1035/1826] vizwiz_VizWiz_val_00000219_219
2026-08-17 00:47:47,803 INFO [run_teacher] [1036/1826] vizwiz_VizWiz_val_00000220_220
2026-08-17 00:48:04,781 INFO [run_teacher] [1037/1826] vizwiz_VizWiz_val_00000226_226
2026-08-17 00:48:23,226 INFO [run_teacher] [1038/1826] vizwiz_VizWiz_val_00000232_232
2026-08-17 00:48:34,472 INFO [run_teacher] [1039/1826] vizwiz_VizWiz_val_00000243_243
2026-08-17 00:49:05,220 INFO [run_teacher] [1040/1826] vizwiz_VizWiz_val_00000247_247
2026-08-17 00:49:25,322 INFO [run_teacher] [1041/1826] vizwiz_VizWiz_val_00000251_251
2026-08-17 00:49:39,184 INFO [run_teacher] [1042/1826] vizwiz_VizWiz_val_00000258_258
2026-08-17 00:49:58,512 INFO [run_teacher] [1043/1826] vizwiz_VizWiz_val_00000261_261
2026-08-17 00:50:12,948 INFO [run_teacher] [1044/1826] vizwiz_VizWiz_val_00000265_265
2026-08-17 00:50:23,562 INFO [run_teacher] [1045/1826] vizwiz_VizWiz_val_00000272_272
2026-08-17 00:51:06,789 INFO [run_teacher] [1046/1826] vizwiz_VizWiz_val_00000273_273
2026-08-17 00:51:23,501 INFO [run_teacher] [1047/1826] vizwiz_VizWiz_val_00000288_288
2026-08-17 00:51:40,512 INFO [run_teacher] [1048/1826] vizwiz_VizWiz_val_00000289_289
2026-08-17 00:51:49,068 INFO [run_teacher] [1049/1826] vizwiz_VizWiz_val_00000294_294
2026-08-17 00:52:53,480 INFO [run_teacher] [1050/1826] vizwiz_VizWiz_val_00000304_304
2026-08-17 00:53:01,878 INFO [run_teacher] [1051/1826] vizwiz_VizWiz_val_00000308_308
2026-08-17 00:53:46,146 INFO [run_teacher] [1052/1826] vizwiz_VizWiz_val_00000319_319
2026-08-17 00:53:58,817 INFO [run_teacher] [1053/1826] vizwiz_VizWiz_val_00000322_322
2026-08-17 00:54:08,264 INFO [run_teacher] [1054/1826] vizwiz_VizWiz_val_00000331_331
2026-08-17 00:54:25,317 INFO [run_teacher] [1055/1826] vizwiz_VizWiz_val_00000333_333
2026-08-17 00:54:37,147 INFO [run_teacher] [1056/1826] vizwiz_VizWiz_val_00000346_346
2026-08-17 00:54:44,961 INFO [run_teacher] [1057/1826] vizwiz_VizWiz_val_00000348_348
2026-08-17 00:55:04,563 INFO [run_teacher] [1058/1826] vizwiz_VizWiz_val_00000353_353
2026-08-17 00:55:16,409 INFO [run_teacher] [1059/1826] vizwiz_VizWiz_val_00000358_358
2026-08-17 00:55:39,943 INFO [run_teacher] [1060/1826] vizwiz_VizWiz_val_00000359_359
2026-08-17 00:55:54,030 INFO [run_teacher] [1061/1826] vizwiz_VizWiz_val_00000362_362
2026-08-17 00:56:25,753 INFO [run_teacher] [1062/1826] vizwiz_VizWiz_val_00000364_364
2026-08-17 00:56:56,135 INFO [run_teacher] [1063/1826] vizwiz_VizWiz_val_00000369_369
2026-08-17 00:57:11,489 INFO [run_teacher] [1064/1826] vizwiz_VizWiz_val_00000377_377
2026-08-17 00:57:44,178 INFO [run_teacher] [1065/1826] vizwiz_VizWiz_val_00000379_379
2026-08-17 00:57:56,916 INFO [run_teacher] [1066/1826] vizwiz_VizWiz_val_00000388_388
2026-08-17 00:58:10,112 INFO [run_teacher] [1067/1826] vizwiz_VizWiz_val_00000390_390
2026-08-17 00:58:19,134 INFO [run_teacher] [1068/1826] vizwiz_VizWiz_val_00000391_391
2026-08-17 00:58:33,921 INFO [run_teacher] [1069/1826] vizwiz_VizWiz_val_00000393_393
2026-08-17 00:58:43,534 INFO [run_teacher] [1070/1826] vizwiz_VizWiz_val_00000395_395
2026-08-17 00:58:56,872 INFO [run_teacher] [1071/1826] vizwiz_VizWiz_val_00000398_398
2026-08-17 00:59:09,193 INFO [run_teacher] [1072/1826] vizwiz_VizWiz_val_00000399_399
2026-08-17 00:59:36,334 INFO [run_teacher] [1073/1826] vizwiz_VizWiz_val_00000401_401
2026-08-17 00:59:56,794 INFO [run_teacher] [1074/1826] vizwiz_VizWiz_val_00000406_406
2026-08-17 01:00:17,945 INFO [run_teacher] [1075/1826] vizwiz_VizWiz_val_00000414_414
2026-08-17 01:00:31,983 INFO [run_teacher] [1076/1826] vizwiz_VizWiz_val_00000420_420
2026-08-17 01:00:40,013 INFO [run_teacher] [1077/1826] vizwiz_VizWiz_val_00000425_425
2026-08-17 01:00:58,058 INFO [run_teacher] [1078/1826] vizwiz_VizWiz_val_00000432_432
2026-08-17 01:01:14,411 INFO [run_teacher] [1079/1826] vizwiz_VizWiz_val_00000438_438
2026-08-17 01:01:24,791 INFO [run_teacher] [1080/1826] vizwiz_VizWiz_val_00000439_439
2026-08-17 01:01:37,237 INFO [run_teacher] [1081/1826] vizwiz_VizWiz_val_00000443_443
2026-08-17 01:01:55,506 INFO [run_teacher] [1082/1826] vizwiz_VizWiz_val_00000445_445
2026-08-17 01:02:14,034 INFO [run_teacher] [1083/1826] vizwiz_VizWiz_val_00000447_447
2026-08-17 01:02:38,409 INFO [run_teacher] [1084/1826] vizwiz_VizWiz_val_00000449_449
2026-08-17 01:03:21,428 INFO [run_teacher] [1085/1826] vizwiz_VizWiz_val_00000454_454
2026-08-17 01:03:36,149 INFO [run_teacher] [1086/1826] vizwiz_VizWiz_val_00000459_459
2026-08-17 01:04:08,238 INFO [run_teacher] [1087/1826] vizwiz_VizWiz_val_00000460_460
2026-08-17 01:04:24,758 INFO [run_teacher] [1088/1826] vizwiz_VizWiz_val_00000462_462
2026-08-17 01:04:49,292 INFO [run_teacher] [1089/1826] vizwiz_VizWiz_val_00000467_467
2026-08-17 01:05:02,537 INFO [run_teacher] [1090/1826] vizwiz_VizWiz_val_00000469_469
2026-08-17 01:05:16,333 INFO [run_teacher] [1091/1826] vizwiz_VizWiz_val_00000472_472
2026-08-17 01:05:26,597 INFO [run_teacher] [1092/1826] vizwiz_VizWiz_val_00000473_473
2026-08-17 01:05:40,809 INFO [run_teacher] [1093/1826] vizwiz_VizWiz_val_00000477_477
2026-08-17 01:05:59,569 INFO [run_teacher] [1094/1826] vizwiz_VizWiz_val_00000481_481
2026-08-17 01:06:07,525 INFO [run_teacher] [1095/1826] vizwiz_VizWiz_val_00000484_484
2026-08-17 01:06:20,104 INFO [run_teacher] [1096/1826] vizwiz_VizWiz_val_00000485_485
2026-08-17 01:06:36,366 INFO [run_teacher] [1097/1826] vizwiz_VizWiz_val_00000489_489
2026-08-17 01:06:45,430 INFO [run_teacher] [1098/1826] vizwiz_VizWiz_val_00000490_490
2026-08-17 01:06:55,077 INFO [run_teacher] [1099/1826] vizwiz_VizWiz_val_00000500_500
2026-08-17 01:07:08,956 INFO [run_teacher] [1100/1826] vizwiz_VizWiz_val_00000507_507
2026-08-17 01:07:20,302 INFO [run_teacher] [1101/1826] vizwiz_VizWiz_val_00000518_518
2026-08-17 01:07:30,324 INFO [run_teacher] [1102/1826] vizwiz_VizWiz_val_00000520_520
2026-08-17 01:07:55,857 INFO [run_teacher] [1103/1826] vizwiz_VizWiz_val_00000524_524
2026-08-17 01:08:31,163 INFO [run_teacher] [1104/1826] vizwiz_VizWiz_val_00000526_526
2026-08-17 01:08:36,419 INFO [run_teacher] [1105/1826] vizwiz_VizWiz_val_00000528_528
2026-08-17 01:08:57,387 INFO [run_teacher] [1106/1826] vizwiz_VizWiz_val_00000530_530
2026-08-17 01:09:14,782 INFO [run_teacher] [1107/1826] vizwiz_VizWiz_val_00000536_536
2026-08-17 01:10:33,073 INFO [run_teacher] [1108/1826] vizwiz_VizWiz_val_00000538_538
2026-08-17 01:10:43,753 INFO [run_teacher] [1109/1826] vizwiz_VizWiz_val_00000539_539
2026-08-17 01:10:59,973 INFO [run_teacher] [1110/1826] vizwiz_VizWiz_val_00000542_542
2026-08-17 01:11:13,943 INFO [run_teacher] [1111/1826] vizwiz_VizWiz_val_00000547_547
2026-08-17 01:11:22,624 INFO [run_teacher] [1112/1826] vizwiz_VizWiz_val_00000549_549
2026-08-17 01:11:49,940 INFO [run_teacher] [1113/1826] vizwiz_VizWiz_val_00000552_552
2026-08-17 01:12:32,485 INFO [run_teacher] [1114/1826] vizwiz_VizWiz_val_00000556_556
2026-08-17 01:13:43,595 INFO [run_teacher] [1115/1826] vizwiz_VizWiz_val_00000562_562
2026-08-17 01:13:51,826 INFO [run_teacher] [1116/1826] vizwiz_VizWiz_val_00000565_565
2026-08-17 01:13:59,790 INFO [run_teacher] [1117/1826] vizwiz_VizWiz_val_00000566_566
2026-08-17 01:14:14,219 INFO [run_teacher] [1118/1826] vizwiz_VizWiz_val_00000567_567
2026-08-17 01:14:39,377 INFO [run_teacher] [1119/1826] vizwiz_VizWiz_val_00000587_587
2026-08-17 01:14:50,515 INFO [run_teacher] [1120/1826] vizwiz_VizWiz_val_00000588_588
2026-08-17 01:15:26,520 INFO [run_teacher] [1121/1826] vizwiz_VizWiz_val_00000598_598
2026-08-17 01:15:51,345 INFO [run_teacher] [1122/1826] vizwiz_VizWiz_val_00000611_611
2026-08-17 01:16:03,666 INFO [run_teacher] [1123/1826] vizwiz_VizWiz_val_00000625_625
2026-08-17 01:16:12,664 INFO [run_teacher] [1124/1826] vizwiz_VizWiz_val_00000626_626
2026-08-17 01:16:26,609 INFO [run_teacher] [1125/1826] vizwiz_VizWiz_val_00000627_627
2026-08-17 01:16:31,641 INFO [run_teacher] [1126/1826] vizwiz_VizWiz_val_00000628_628
2026-08-17 01:16:43,038 INFO [run_teacher] [1127/1826] vizwiz_VizWiz_val_00000631_631
2026-08-17 01:16:55,167 INFO [run_teacher] [1128/1826] vizwiz_VizWiz_val_00000636_636
2026-08-17 01:17:08,946 INFO [run_teacher] [1129/1826] vizwiz_VizWiz_val_00000637_637
2026-08-17 01:17:20,493 INFO [run_teacher] [1130/1826] vizwiz_VizWiz_val_00000638_638
2026-08-17 01:17:26,957 INFO [run_teacher] [1131/1826] vizwiz_VizWiz_val_00000645_645
2026-08-17 01:17:50,824 INFO [run_teacher] [1132/1826] vizwiz_VizWiz_val_00000648_648
2026-08-17 01:18:00,588 INFO [run_teacher] [1133/1826] vizwiz_VizWiz_val_00000649_649
2026-08-17 01:18:50,972 INFO [run_teacher] [1134/1826] vizwiz_VizWiz_val_00000656_656
2026-08-17 01:19:02,901 INFO [run_teacher] [1135/1826] vizwiz_VizWiz_val_00000659_659
2026-08-17 01:19:12,007 INFO [run_teacher] [1136/1826] vizwiz_VizWiz_val_00000662_662
2026-08-17 01:19:16,888 INFO [run_teacher] [1137/1826] vizwiz_VizWiz_val_00000670_670
2026-08-17 01:19:30,026 INFO [run_teacher] [1138/1826] vizwiz_VizWiz_val_00000672_672
2026-08-17 01:19:41,139 INFO [run_teacher] [1139/1826] vizwiz_VizWiz_val_00000675_675
2026-08-17 01:19:51,544 INFO [run_teacher] [1140/1826] vizwiz_VizWiz_val_00000677_677
2026-08-17 01:20:07,123 INFO [run_teacher] [1141/1826] vizwiz_VizWiz_val_00000686_686
2026-08-17 01:20:16,199 INFO [run_teacher] [1142/1826] vizwiz_VizWiz_val_00000687_687
2026-08-17 01:20:29,182 INFO [run_teacher] [1143/1826] vizwiz_VizWiz_val_00000694_694
2026-08-17 01:20:41,129 INFO [run_teacher] [1144/1826] vizwiz_VizWiz_val_00000710_710
2026-08-17 01:20:47,727 INFO [run_teacher] [1145/1826] vizwiz_VizWiz_val_00000713_713
2026-08-17 01:20:57,736 INFO [run_teacher] [1146/1826] vizwiz_VizWiz_val_00000716_716
2026-08-17 01:21:11,007 INFO [run_teacher] [1147/1826] vizwiz_VizWiz_val_00000717_717
2026-08-17 01:21:21,327 INFO [run_teacher] [1148/1826] vizwiz_VizWiz_val_00000718_718
2026-08-17 01:21:43,306 INFO [run_teacher] [1149/1826] vizwiz_VizWiz_val_00000720_720
2026-08-17 01:21:55,078 INFO [run_teacher] [1150/1826] vizwiz_VizWiz_val_00000725_725
2026-08-17 01:22:06,483 INFO [run_teacher] [1151/1826] vizwiz_VizWiz_val_00000730_730
2026-08-17 01:22:20,312 INFO [run_teacher] [1152/1826] vizwiz_VizWiz_val_00000731_731
2026-08-17 01:22:39,382 INFO [run_teacher] [1153/1826] vizwiz_VizWiz_val_00000744_744
2026-08-17 01:23:02,516 INFO [run_teacher] [1154/1826] vizwiz_VizWiz_val_00000747_747
2026-08-17 01:23:13,563 INFO [run_teacher] [1155/1826] vizwiz_VizWiz_val_00000749_749
2026-08-17 01:23:32,641 INFO [run_teacher] [1156/1826] vizwiz_VizWiz_val_00000750_750
2026-08-17 01:23:41,955 INFO [run_teacher] [1157/1826] vizwiz_VizWiz_val_00000753_753
2026-08-17 01:23:52,718 INFO [run_teacher] [1158/1826] vizwiz_VizWiz_val_00000758_758
2026-08-17 01:24:01,382 INFO [run_teacher] [1159/1826] vizwiz_VizWiz_val_00000764_764
2026-08-17 01:24:11,446 INFO [run_teacher] [1160/1826] vizwiz_VizWiz_val_00000768_768
2026-08-17 01:24:22,276 INFO [run_teacher] [1161/1826] vizwiz_VizWiz_val_00000770_770
2026-08-17 01:24:33,281 INFO [run_teacher] [1162/1826] vizwiz_VizWiz_val_00000771_771
2026-08-17 01:24:44,511 INFO [run_teacher] [1163/1826] vizwiz_VizWiz_val_00000780_780
2026-08-17 01:25:07,096 INFO [run_teacher] [1164/1826] vizwiz_VizWiz_val_00000781_781
2026-08-17 01:25:15,210 INFO [run_teacher] [1165/1826] vizwiz_VizWiz_val_00000782_782
2026-08-17 01:25:26,449 INFO [run_teacher] [1166/1826] vizwiz_VizWiz_val_00000786_786
2026-08-17 01:25:36,821 INFO [run_teacher] [1167/1826] vizwiz_VizWiz_val_00000789_789
2026-08-17 01:25:45,976 INFO [run_teacher] [1168/1826] vizwiz_VizWiz_val_00000790_790
2026-08-17 01:25:54,832 INFO [run_teacher] [1169/1826] vizwiz_VizWiz_val_00000795_795
2026-08-17 01:26:07,428 INFO [run_teacher] [1170/1826] vizwiz_VizWiz_val_00000799_799
2026-08-17 01:26:17,642 INFO [run_teacher] [1171/1826] vizwiz_VizWiz_val_00000803_803
2026-08-17 01:26:23,248 INFO [run_teacher] [1172/1826] vizwiz_VizWiz_val_00000806_806
2026-08-17 01:26:45,475 INFO [run_teacher] [1173/1826] vizwiz_VizWiz_val_00000809_809
2026-08-17 01:26:59,104 INFO [run_teacher] [1174/1826] vizwiz_VizWiz_val_00000824_824
2026-08-17 01:27:14,241 INFO [run_teacher] [1175/1826] vizwiz_VizWiz_val_00000826_826
2026-08-17 01:27:32,669 INFO [run_teacher] [1176/1826] vizwiz_VizWiz_val_00000831_831
2026-08-17 01:27:41,758 INFO [run_teacher] [1177/1826] vizwiz_VizWiz_val_00000833_833
2026-08-17 01:27:51,180 INFO [run_teacher] [1178/1826] vizwiz_VizWiz_val_00000837_837
2026-08-17 01:28:16,164 INFO [run_teacher] [1179/1826] vizwiz_VizWiz_val_00000838_838
2026-08-17 01:28:31,676 INFO [run_teacher] [1180/1826] vizwiz_VizWiz_val_00000849_849
2026-08-17 01:28:40,474 INFO [run_teacher] [1181/1826] vizwiz_VizWiz_val_00000850_850
2026-08-17 01:28:56,210 INFO [run_teacher] [1182/1826] vizwiz_VizWiz_val_00000855_855
2026-08-17 01:29:30,692 INFO [run_teacher] [1183/1826] vizwiz_VizWiz_val_00000860_860
2026-08-17 01:29:41,005 INFO [run_teacher] [1184/1826] vizwiz_VizWiz_val_00000864_864
2026-08-17 01:29:48,528 INFO [run_teacher] [1185/1826] vizwiz_VizWiz_val_00000869_869
2026-08-17 01:30:03,223 INFO [run_teacher] [1186/1826] vizwiz_VizWiz_val_00000870_870
2026-08-17 01:30:20,068 INFO [run_teacher] [1187/1826] vizwiz_VizWiz_val_00000880_880
2026-08-17 01:30:34,780 INFO [run_teacher] [1188/1826] vizwiz_VizWiz_val_00000883_883
2026-08-17 01:30:44,419 INFO [run_teacher] [1189/1826] vizwiz_VizWiz_val_00000886_886
2026-08-17 01:31:04,172 INFO [run_teacher] [1190/1826] vizwiz_VizWiz_val_00000889_889
2026-08-17 01:31:15,510 INFO [run_teacher] [1191/1826] vizwiz_VizWiz_val_00000905_905
2026-08-17 01:31:27,606 INFO [run_teacher] [1192/1826] vizwiz_VizWiz_val_00000911_911
2026-08-17 01:31:38,403 INFO [run_teacher] [1193/1826] vizwiz_VizWiz_val_00000912_912
2026-08-17 01:31:51,707 INFO [run_teacher] [1194/1826] vizwiz_VizWiz_val_00000913_913
2026-08-17 01:32:01,413 INFO [run_teacher] [1195/1826] vizwiz_VizWiz_val_00000915_915
2026-08-17 01:32:19,491 INFO [run_teacher] [1196/1826] vizwiz_VizWiz_val_00000919_919
2026-08-17 01:32:24,889 INFO [run_teacher] [1197/1826] vizwiz_VizWiz_val_00000921_921
2026-08-17 01:32:46,732 INFO [run_teacher] [1198/1826] vizwiz_VizWiz_val_00000924_924
2026-08-17 01:32:57,712 INFO [run_teacher] [1199/1826] vizwiz_VizWiz_val_00000926_926
2026-08-17 01:33:46,848 INFO [run_teacher] [1200/1826] vizwiz_VizWiz_val_00000933_933
2026-08-17 01:33:54,129 INFO [run_teacher] [1201/1826] vizwiz_VizWiz_val_00000938_938
2026-08-17 01:34:00,544 INFO [run_teacher] [1202/1826] vizwiz_VizWiz_val_00000940_940
2026-08-17 01:34:17,872 INFO [run_teacher] [1203/1826] vizwiz_VizWiz_val_00000952_952
2026-08-17 01:34:36,983 INFO [run_teacher] [1204/1826] vizwiz_VizWiz_val_00000954_954
2026-08-17 01:35:05,257 INFO [run_teacher] [1205/1826] vizwiz_VizWiz_val_00000970_970
2026-08-17 01:35:15,129 INFO [run_teacher] [1206/1826] vizwiz_VizWiz_val_00000976_976
2026-08-17 01:35:29,642 INFO [run_teacher] [1207/1826] vizwiz_VizWiz_val_00000983_983
2026-08-17 01:35:46,653 INFO [run_teacher] [1208/1826] vizwiz_VizWiz_val_00000984_984
2026-08-17 01:36:03,165 INFO [run_teacher] [1209/1826] vizwiz_VizWiz_val_00000998_998
2026-08-17 01:36:16,736 INFO [run_teacher] [1210/1826] vizwiz_VizWiz_val_00001001_1001
2026-08-17 01:36:32,431 INFO [run_teacher] [1211/1826] vizwiz_VizWiz_val_00001002_1002
2026-08-17 01:36:43,369 INFO [run_teacher] [1212/1826] vizwiz_VizWiz_val_00001009_1009
2026-08-17 01:37:03,705 INFO [run_teacher] [1213/1826] vizwiz_VizWiz_val_00001011_1011
2026-08-17 01:37:47,499 INFO [run_teacher] [1214/1826] vizwiz_VizWiz_val_00001018_1018
2026-08-17 01:38:00,828 INFO [run_teacher] [1215/1826] vizwiz_VizWiz_val_00001020_1020
2026-08-17 01:38:14,815 INFO [run_teacher] [1216/1826] vizwiz_VizWiz_val_00001033_1033
2026-08-17 01:38:19,122 INFO [run_teacher] [1217/1826] vizwiz_VizWiz_val_00001037_1037
2026-08-17 01:38:24,821 INFO [run_teacher] [1218/1826] vizwiz_VizWiz_val_00001039_1039
2026-08-17 01:38:32,476 INFO [run_teacher] [1219/1826] vizwiz_VizWiz_val_00001040_1040
2026-08-17 01:38:42,115 INFO [run_teacher] [1220/1826] vizwiz_VizWiz_val_00001047_1047
2026-08-17 01:38:50,929 INFO [run_teacher] [1221/1826] vizwiz_VizWiz_val_00001059_1059
2026-08-17 01:39:12,239 INFO [run_teacher] [1222/1826] vizwiz_VizWiz_val_00001062_1062
2026-08-17 01:39:21,020 INFO [run_teacher] [1223/1826] vizwiz_VizWiz_val_00001067_1067
2026-08-17 01:39:45,703 INFO [run_teacher] [1224/1826] vizwiz_VizWiz_val_00001068_1068
2026-08-17 01:39:56,275 INFO [run_teacher] [1225/1826] vizwiz_VizWiz_val_00001072_1072
2026-08-17 01:40:17,236 INFO [run_teacher] [1226/1826] vizwiz_VizWiz_val_00001078_1078
2026-08-17 01:40:30,706 INFO [run_teacher] [1227/1826] vizwiz_VizWiz_val_00001085_1085
2026-08-17 01:40:57,564 INFO [run_teacher] [1228/1826] vizwiz_VizWiz_val_00001094_1094
2026-08-17 01:41:15,050 INFO [run_teacher] [1229/1826] vizwiz_VizWiz_val_00001097_1097
2026-08-17 01:41:32,053 INFO [run_teacher] [1230/1826] vizwiz_VizWiz_val_00001098_1098
2026-08-17 01:41:40,242 INFO [run_teacher] [1231/1826] vizwiz_VizWiz_val_00001100_1100
2026-08-17 01:41:51,955 INFO [run_teacher] [1232/1826] vizwiz_VizWiz_val_00001103_1103
2026-08-17 01:42:10,650 INFO [run_teacher] [1233/1826] vizwiz_VizWiz_val_00001109_1109
2026-08-17 01:42:27,219 INFO [run_teacher] [1234/1826] vizwiz_VizWiz_val_00001113_1113
2026-08-17 01:42:47,330 INFO [run_teacher] [1235/1826] vizwiz_VizWiz_val_00001115_1115
2026-08-17 01:43:12,172 INFO [run_teacher] [1236/1826] vizwiz_VizWiz_val_00001116_1116
2026-08-17 01:43:21,602 INFO [run_teacher] [1237/1826] vizwiz_VizWiz_val_00001120_1120
2026-08-17 01:43:29,849 INFO [run_teacher] [1238/1826] vizwiz_VizWiz_val_00001122_1122
2026-08-17 01:43:41,571 INFO [run_teacher] [1239/1826] vizwiz_VizWiz_val_00001126_1126
2026-08-17 01:43:50,943 INFO [run_teacher] [1240/1826] vizwiz_VizWiz_val_00001136_1136
2026-08-17 01:44:00,532 INFO [run_teacher] [1241/1826] vizwiz_VizWiz_val_00001145_1145
2026-08-17 01:44:06,130 INFO [run_teacher] [1242/1826] vizwiz_VizWiz_val_00001146_1146
2026-08-17 01:44:19,218 INFO [run_teacher] [1243/1826] vizwiz_VizWiz_val_00001148_1148
2026-08-17 01:44:32,572 INFO [run_teacher] [1244/1826] vizwiz_VizWiz_val_00001151_1151
2026-08-17 01:45:01,555 INFO [run_teacher] [1245/1826] vizwiz_VizWiz_val_00001160_1160
2026-08-17 01:45:05,845 INFO [run_teacher] [1246/1826] vizwiz_VizWiz_val_00001168_1168
2026-08-17 01:45:20,723 INFO [run_teacher] [1247/1826] vizwiz_VizWiz_val_00001172_1172
2026-08-17 01:45:32,137 INFO [run_teacher] [1248/1826] vizwiz_VizWiz_val_00001173_1173
2026-08-17 01:45:55,512 INFO [run_teacher] [1249/1826] vizwiz_VizWiz_val_00001179_1179
2026-08-17 01:46:02,202 INFO [run_teacher] [1250/1826] vizwiz_VizWiz_val_00001182_1182
2026-08-17 01:46:10,308 INFO [run_teacher] [1251/1826] vizwiz_VizWiz_val_00001184_1184
2026-08-17 01:46:18,347 INFO [run_teacher] [1252/1826] vizwiz_VizWiz_val_00001191_1191
2026-08-17 01:46:26,494 INFO [run_teacher] [1253/1826] vizwiz_VizWiz_val_00001192_1192
2026-08-17 01:46:37,533 INFO [run_teacher] [1254/1826] vizwiz_VizWiz_val_00001195_1195
2026-08-17 01:46:47,330 INFO [run_teacher] [1255/1826] vizwiz_VizWiz_val_00001196_1196
2026-08-17 01:46:57,968 INFO [run_teacher] [1256/1826] vizwiz_VizWiz_val_00001208_1208
2026-08-17 01:47:07,048 INFO [run_teacher] [1257/1826] vizwiz_VizWiz_val_00001216_1216
2026-08-17 01:47:14,804 INFO [run_teacher] [1258/1826] vizwiz_VizWiz_val_00001227_1227
2026-08-17 01:47:36,048 INFO [run_teacher] [1259/1826] vizwiz_VizWiz_val_00001233_1233
2026-08-17 01:47:51,551 INFO [run_teacher] [1260/1826] vizwiz_VizWiz_val_00001236_1236
2026-08-17 01:48:02,606 INFO [run_teacher] [1261/1826] vizwiz_VizWiz_val_00001238_1238
2026-08-17 01:48:22,217 INFO [run_teacher] [1262/1826] vizwiz_VizWiz_val_00001245_1245
2026-08-17 01:48:31,297 INFO [run_teacher] [1263/1826] vizwiz_VizWiz_val_00001249_1249
2026-08-17 01:48:43,627 INFO [run_teacher] [1264/1826] vizwiz_VizWiz_val_00001251_1251
2026-08-17 01:49:02,571 INFO [run_teacher] [1265/1826] vizwiz_VizWiz_val_00001252_1252
2026-08-17 01:49:17,858 INFO [run_teacher] [1266/1826] vizwiz_VizWiz_val_00001253_1253
2026-08-17 01:49:28,596 INFO [run_teacher] [1267/1826] vizwiz_VizWiz_val_00001255_1255
2026-08-17 01:49:40,617 INFO [run_teacher] [1268/1826] vizwiz_VizWiz_val_00001258_1258
2026-08-17 01:49:52,514 INFO [run_teacher] [1269/1826] vizwiz_VizWiz_val_00001260_1260
2026-08-17 01:50:07,392 INFO [run_teacher] [1270/1826] vizwiz_VizWiz_val_00001264_1264
2026-08-17 01:50:14,349 INFO [run_teacher] [1271/1826] vizwiz_VizWiz_val_00001272_1272
2026-08-17 01:50:27,519 INFO [run_teacher] [1272/1826] vizwiz_VizWiz_val_00001274_1274
2026-08-17 01:50:40,490 INFO [run_teacher] [1273/1826] vizwiz_VizWiz_val_00001276_1276
2026-08-17 01:51:00,475 INFO [run_teacher] [1274/1826] vizwiz_VizWiz_val_00001277_1277
2026-08-17 01:51:09,448 INFO [run_teacher] [1275/1826] vizwiz_VizWiz_val_00001288_1288
2026-08-17 01:51:27,017 INFO [run_teacher] [1276/1826] vizwiz_VizWiz_val_00001289_1289
2026-08-17 01:51:39,463 INFO [run_teacher] [1277/1826] vizwiz_VizWiz_val_00001290_1290
2026-08-17 01:51:52,026 INFO [run_teacher] [1278/1826] vizwiz_VizWiz_val_00001294_1294
2026-08-17 01:52:03,281 INFO [run_teacher] [1279/1826] vizwiz_VizWiz_val_00001295_1295
2026-08-17 01:52:11,837 INFO [run_teacher] [1280/1826] vizwiz_VizWiz_val_00001296_1296
2026-08-17 01:52:27,673 INFO [run_teacher] [1281/1826] vizwiz_VizWiz_val_00001299_1299
2026-08-17 01:52:39,428 INFO [run_teacher] [1282/1826] vizwiz_VizWiz_val_00001303_1303
2026-08-17 01:52:53,065 INFO [run_teacher] [1283/1826] vizwiz_VizWiz_val_00001304_1304
2026-08-17 01:53:01,688 INFO [run_teacher] [1284/1826] vizwiz_VizWiz_val_00001309_1309
2026-08-17 01:53:12,876 INFO [run_teacher] [1285/1826] vizwiz_VizWiz_val_00001311_1311
2026-08-17 01:53:23,364 INFO [run_teacher] [1286/1826] vizwiz_VizWiz_val_00001316_1316
2026-08-17 01:53:29,937 INFO [run_teacher] [1287/1826] vizwiz_VizWiz_val_00001319_1319
2026-08-17 01:53:43,916 INFO [run_teacher] [1288/1826] vizwiz_VizWiz_val_00001324_1324
2026-08-17 01:53:58,587 INFO [run_teacher] [1289/1826] vizwiz_VizWiz_val_00001327_1327
2026-08-17 01:54:07,625 INFO [run_teacher] [1290/1826] vizwiz_VizWiz_val_00001329_1329
2026-08-17 01:54:19,930 INFO [run_teacher] [1291/1826] vizwiz_VizWiz_val_00001332_1332
2026-08-17 01:54:29,377 INFO [run_teacher] [1292/1826] vizwiz_VizWiz_val_00001334_1334
2026-08-17 01:54:46,005 INFO [run_teacher] [1293/1826] vizwiz_VizWiz_val_00001339_1339
2026-08-17 01:54:53,811 INFO [run_teacher] [1294/1826] vizwiz_VizWiz_val_00001344_1344
2026-08-17 01:55:00,726 INFO [run_teacher] [1295/1826] vizwiz_VizWiz_val_00001345_1345
2026-08-17 01:55:09,515 INFO [run_teacher] [1296/1826] vizwiz_VizWiz_val_00001347_1347
2026-08-17 01:55:23,161 INFO [run_teacher] [1297/1826] vizwiz_VizWiz_val_00001350_1350
2026-08-17 01:55:34,366 INFO [run_teacher] [1298/1826] vizwiz_VizWiz_val_00001353_1353
2026-08-17 01:55:39,389 INFO [run_teacher] [1299/1826] vizwiz_VizWiz_val_00001356_1356
2026-08-17 01:55:49,494 INFO [run_teacher] [1300/1826] vizwiz_VizWiz_val_00001358_1358
2026-08-17 01:56:00,501 INFO [run_teacher] [1301/1826] vizwiz_VizWiz_val_00001360_1360
2026-08-17 01:56:11,489 INFO [run_teacher] [1302/1826] vizwiz_VizWiz_val_00001362_1362
2026-08-17 01:56:19,912 INFO [run_teacher] [1303/1826] vizwiz_VizWiz_val_00001364_1364
2026-08-17 01:56:34,016 INFO [run_teacher] [1304/1826] vizwiz_VizWiz_val_00001370_1370
2026-08-17 01:56:42,022 INFO [run_teacher] [1305/1826] vizwiz_VizWiz_val_00001374_1374
2026-08-17 01:56:50,853 INFO [run_teacher] [1306/1826] vizwiz_VizWiz_val_00001375_1375
2026-08-17 01:57:28,108 INFO [run_teacher] [1307/1826] vizwiz_VizWiz_val_00001377_1377
2026-08-17 01:57:35,897 INFO [run_teacher] [1308/1826] vizwiz_VizWiz_val_00001386_1386
2026-08-17 01:57:41,604 INFO [run_teacher] [1309/1826] vizwiz_VizWiz_val_00001388_1388
2026-08-17 01:57:52,059 INFO [run_teacher] [1310/1826] vizwiz_VizWiz_val_00001390_1390
2026-08-17 01:58:12,586 INFO [run_teacher] [1311/1826] vizwiz_VizWiz_val_00001395_1395
2026-08-17 01:58:24,233 INFO [run_teacher] [1312/1826] vizwiz_VizWiz_val_00001396_1396
2026-08-17 01:58:31,555 INFO [run_teacher] [1313/1826] vizwiz_VizWiz_val_00001399_1399
2026-08-17 01:58:44,251 INFO [run_teacher] [1314/1826] vizwiz_VizWiz_val_00001400_1400
2026-08-17 01:58:54,940 INFO [run_teacher] [1315/1826] vizwiz_VizWiz_val_00001401_1401
2026-08-17 01:59:03,221 INFO [run_teacher] [1316/1826] vizwiz_VizWiz_val_00001403_1403
2026-08-17 01:59:07,886 INFO [run_teacher] [1317/1826] vizwiz_VizWiz_val_00001408_1408
2026-08-17 01:59:18,533 INFO [run_teacher] [1318/1826] vizwiz_VizWiz_val_00001412_1412
2026-08-17 01:59:28,055 INFO [run_teacher] [1319/1826] vizwiz_VizWiz_val_00001415_1415
2026-08-17 01:59:35,852 INFO [run_teacher] [1320/1826] vizwiz_VizWiz_val_00001416_1416
2026-08-17 01:59:48,374 INFO [run_teacher] [1321/1826] vizwiz_VizWiz_val_00001418_1418
2026-08-17 02:00:01,578 INFO [run_teacher] [1322/1826] vizwiz_VizWiz_val_00001419_1419
2026-08-17 02:00:05,168 INFO [run_teacher] [1323/1826] vizwiz_VizWiz_val_00001425_1425
2026-08-17 02:00:18,773 INFO [run_teacher] [1324/1826] vizwiz_VizWiz_val_00001428_1428
2026-08-17 02:00:26,638 INFO [run_teacher] [1325/1826] vizwiz_VizWiz_val_00001433_1433
2026-08-17 02:00:37,476 INFO [run_teacher] [1326/1826] vizwiz_VizWiz_val_00001434_1434
2026-08-17 02:00:47,614 INFO [run_teacher] [1327/1826] vizwiz_VizWiz_val_00001438_1438
2026-08-17 02:01:02,260 INFO [run_teacher] [1328/1826] vizwiz_VizWiz_val_00001441_1441
2026-08-17 02:01:18,596 INFO [run_teacher] [1329/1826] vizwiz_VizWiz_val_00001444_1444
2026-08-17 02:01:29,709 INFO [run_teacher] [1330/1826] vizwiz_VizWiz_val_00001450_1450
2026-08-17 02:01:40,381 INFO [run_teacher] [1331/1826] vizwiz_VizWiz_val_00001464_1464
2026-08-17 02:01:53,434 INFO [run_teacher] [1332/1826] vizwiz_VizWiz_val_00001466_1466
2026-08-17 02:02:02,148 INFO [run_teacher] [1333/1826] vizwiz_VizWiz_val_00001473_1473
2026-08-17 02:02:14,936 INFO [run_teacher] [1334/1826] vizwiz_VizWiz_val_00001476_1476
2026-08-17 02:02:23,142 INFO [run_teacher] [1335/1826] vizwiz_VizWiz_val_00001477_1477
2026-08-17 02:02:52,499 INFO [run_teacher] [1336/1826] vizwiz_VizWiz_val_00001478_1478
2026-08-17 02:02:59,896 INFO [run_teacher] [1337/1826] vizwiz_VizWiz_val_00001492_1492
2026-08-17 02:03:16,474 INFO [run_teacher] [1338/1826] vizwiz_VizWiz_val_00001493_1493
2026-08-17 02:03:32,211 INFO [run_teacher] [1339/1826] vizwiz_VizWiz_val_00001497_1497
2026-08-17 02:03:38,525 INFO [run_teacher] [1340/1826] vizwiz_VizWiz_val_00001505_1505
2026-08-17 02:03:56,552 INFO [run_teacher] [1341/1826] vizwiz_VizWiz_val_00001508_1508
2026-08-17 02:04:10,923 INFO [run_teacher] [1342/1826] vizwiz_VizWiz_val_00001512_1512
2026-08-17 02:04:19,570 INFO [run_teacher] [1343/1826] vizwiz_VizWiz_val_00001513_1513
2026-08-17 02:04:27,176 INFO [run_teacher] [1344/1826] vizwiz_VizWiz_val_00001514_1514
2026-08-17 02:04:38,564 INFO [run_teacher] [1345/1826] vizwiz_VizWiz_val_00001517_1517
2026-08-17 02:04:54,717 INFO [run_teacher] [1346/1826] vizwiz_VizWiz_val_00001520_1520
2026-08-17 02:05:07,996 INFO [run_teacher] [1347/1826] vizwiz_VizWiz_val_00001524_1524
2026-08-17 02:05:17,251 INFO [run_teacher] [1348/1826] vizwiz_VizWiz_val_00001525_1525
2026-08-17 02:05:28,073 INFO [run_teacher] [1349/1826] vizwiz_VizWiz_val_00001529_1529
2026-08-17 02:05:37,603 INFO [run_teacher] [1350/1826] vizwiz_VizWiz_val_00001535_1535
2026-08-17 02:05:52,690 INFO [run_teacher] [1351/1826] vizwiz_VizWiz_val_00001538_1538
2026-08-17 02:06:05,710 INFO [run_teacher] [1352/1826] vizwiz_VizWiz_val_00001541_1541
2026-08-17 02:06:14,166 INFO [run_teacher] [1353/1826] vizwiz_VizWiz_val_00001548_1548
2026-08-17 02:06:25,304 INFO [run_teacher] [1354/1826] vizwiz_VizWiz_val_00001557_1557
2026-08-17 02:06:37,683 INFO [run_teacher] [1355/1826] vizwiz_VizWiz_val_00001561_1561
2026-08-17 02:06:53,753 INFO [run_teacher] [1356/1826] vizwiz_VizWiz_val_00001566_1566
2026-08-17 02:07:04,624 INFO [run_teacher] [1357/1826] vizwiz_VizWiz_val_00001569_1569
2026-08-17 02:07:15,221 INFO [run_teacher] [1358/1826] vizwiz_VizWiz_val_00001570_1570
2026-08-17 02:07:24,634 INFO [run_teacher] [1359/1826] vizwiz_VizWiz_val_00001572_1572
2026-08-17 02:07:35,189 INFO [run_teacher] [1360/1826] vizwiz_VizWiz_val_00001574_1574
2026-08-17 02:07:45,736 INFO [run_teacher] [1361/1826] vizwiz_VizWiz_val_00001575_1575
2026-08-17 02:08:02,663 INFO [run_teacher] [1362/1826] vizwiz_VizWiz_val_00001580_1580
2026-08-17 02:08:15,584 INFO [run_teacher] [1363/1826] vizwiz_VizWiz_val_00001588_1588
2026-08-17 02:08:26,331 INFO [run_teacher] [1364/1826] vizwiz_VizWiz_val_00001589_1589
2026-08-17 02:08:43,042 INFO [run_teacher] [1365/1826] vizwiz_VizWiz_val_00001590_1590
2026-08-17 02:08:50,173 INFO [run_teacher] [1366/1826] vizwiz_VizWiz_val_00001591_1591
2026-08-17 02:08:58,029 INFO [run_teacher] [1367/1826] vizwiz_VizWiz_val_00001593_1593
2026-08-17 02:09:07,534 INFO [run_teacher] [1368/1826] vizwiz_VizWiz_val_00001597_1597
2026-08-17 02:09:19,838 INFO [run_teacher] [1369/1826] vizwiz_VizWiz_val_00001600_1600
2026-08-17 02:09:31,459 INFO [run_teacher] [1370/1826] vizwiz_VizWiz_val_00001602_1602
2026-08-17 02:09:46,471 INFO [run_teacher] [1371/1826] vizwiz_VizWiz_val_00001604_1604
2026-08-17 02:09:51,969 INFO [run_teacher] [1372/1826] vizwiz_VizWiz_val_00001606_1606
2026-08-17 02:09:59,400 INFO [run_teacher] [1373/1826] vizwiz_VizWiz_val_00001607_1607
2026-08-17 02:10:09,839 INFO [run_teacher] [1374/1826] vizwiz_VizWiz_val_00001608_1608
2026-08-17 02:10:21,910 INFO [run_teacher] [1375/1826] vizwiz_VizWiz_val_00001609_1609
2026-08-17 02:10:34,422 INFO [run_teacher] [1376/1826] vizwiz_VizWiz_val_00001610_1610
2026-08-17 02:10:41,711 INFO [run_teacher] [1377/1826] vizwiz_VizWiz_val_00001618_1618
2026-08-17 02:10:46,143 INFO [run_teacher] [1378/1826] vizwiz_VizWiz_val_00001619_1619
2026-08-17 02:11:04,004 INFO [run_teacher] [1379/1826] vizwiz_VizWiz_val_00001624_1624
2026-08-17 02:11:12,818 INFO [run_teacher] [1380/1826] vizwiz_VizWiz_val_00001627_1627
2026-08-17 02:11:19,241 INFO [run_teacher] [1381/1826] vizwiz_VizWiz_val_00001629_1629
2026-08-17 02:11:36,352 INFO [run_teacher] [1382/1826] vizwiz_VizWiz_val_00001631_1631
2026-08-17 02:11:49,515 INFO [run_teacher] [1383/1826] vizwiz_VizWiz_val_00001633_1633
2026-08-17 02:12:09,383 INFO [run_teacher] [1384/1826] vizwiz_VizWiz_val_00001635_1635
2026-08-17 02:12:20,479 INFO [run_teacher] [1385/1826] vizwiz_VizWiz_val_00001638_1638
2026-08-17 02:12:36,949 INFO [run_teacher] [1386/1826] vizwiz_VizWiz_val_00001639_1639
2026-08-17 02:12:45,896 INFO [run_teacher] [1387/1826] vizwiz_VizWiz_val_00001647_1647
2026-08-17 02:12:54,261 INFO [run_teacher] [1388/1826] vizwiz_VizWiz_val_00001649_1649
2026-08-17 02:13:06,023 INFO [run_teacher] [1389/1826] vizwiz_VizWiz_val_00001651_1651
2026-08-17 02:13:11,238 INFO [run_teacher] [1390/1826] vizwiz_VizWiz_val_00001652_1652
2026-08-17 02:13:23,217 INFO [run_teacher] [1391/1826] vizwiz_VizWiz_val_00001653_1653
2026-08-17 02:13:33,781 INFO [run_teacher] [1392/1826] vizwiz_VizWiz_val_00001654_1654
2026-08-17 02:13:45,668 INFO [run_teacher] [1393/1826] vizwiz_VizWiz_val_00001656_1656
2026-08-17 02:13:59,472 INFO [run_teacher] [1394/1826] vizwiz_VizWiz_val_00001657_1657
2026-08-17 02:14:09,194 INFO [run_teacher] [1395/1826] vizwiz_VizWiz_val_00001659_1659
2026-08-17 02:14:16,767 INFO [run_teacher] [1396/1826] vizwiz_VizWiz_val_00001663_1663
2026-08-17 02:14:24,064 INFO [run_teacher] [1397/1826] vizwiz_VizWiz_val_00001664_1664
2026-08-17 02:14:34,211 INFO [run_teacher] [1398/1826] vizwiz_VizWiz_val_00001671_1671
2026-08-17 02:14:52,988 INFO [run_teacher] [1399/1826] vizwiz_VizWiz_val_00001674_1674
2026-08-17 02:15:01,311 INFO [run_teacher] [1400/1826] vizwiz_VizWiz_val_00001678_1678
2026-08-17 02:15:08,983 INFO [run_teacher] [1401/1826] vizwiz_VizWiz_val_00001681_1681
2026-08-17 02:15:17,864 INFO [run_teacher] [1402/1826] vizwiz_VizWiz_val_00001683_1683
2026-08-17 02:15:30,210 INFO [run_teacher] [1403/1826] vizwiz_VizWiz_val_00001684_1684
2026-08-17 02:15:53,510 INFO [run_teacher] [1404/1826] vizwiz_VizWiz_val_00001685_1685
2026-08-17 02:16:12,087 INFO [run_teacher] [1405/1826] vizwiz_VizWiz_val_00001695_1695
2026-08-17 02:16:24,258 INFO [run_teacher] [1406/1826] vizwiz_VizWiz_val_00001699_1699
2026-08-17 02:16:35,904 INFO [run_teacher] [1407/1826] vizwiz_VizWiz_val_00001700_1700
2026-08-17 02:16:48,750 INFO [run_teacher] [1408/1826] vizwiz_VizWiz_val_00001702_1702
2026-08-17 02:17:05,936 INFO [run_teacher] [1409/1826] vizwiz_VizWiz_val_00001704_1704
2026-08-17 02:17:16,550 INFO [run_teacher] [1410/1826] vizwiz_VizWiz_val_00001705_1705
2026-08-17 02:17:30,028 INFO [run_teacher] [1411/1826] vizwiz_VizWiz_val_00001707_1707
2026-08-17 02:17:41,416 INFO [run_teacher] [1412/1826] vizwiz_VizWiz_val_00001709_1709
2026-08-17 02:17:57,436 INFO [run_teacher] [1413/1826] vizwiz_VizWiz_val_00001711_1711
2026-08-17 02:18:04,634 INFO [run_teacher] [1414/1826] vizwiz_VizWiz_val_00001720_1720
2026-08-17 02:18:12,723 INFO [run_teacher] [1415/1826] vizwiz_VizWiz_val_00001721_1721
2026-08-17 02:18:23,836 INFO [run_teacher] [1416/1826] vizwiz_VizWiz_val_00001725_1725
2026-08-17 02:18:32,667 INFO [run_teacher] [1417/1826] vizwiz_VizWiz_val_00001726_1726
2026-08-17 02:19:30,380 INFO [run_teacher] [1418/1826] vizwiz_VizWiz_val_00001738_1738
2026-08-17 02:19:45,434 INFO [run_teacher] [1419/1826] vizwiz_VizWiz_val_00001739_1739
2026-08-17 02:19:57,838 INFO [run_teacher] [1420/1826] vizwiz_VizWiz_val_00001744_1744
2026-08-17 02:20:09,551 INFO [run_teacher] [1421/1826] vizwiz_VizWiz_val_00001752_1752
2026-08-17 02:20:22,196 INFO [run_teacher] [1422/1826] vizwiz_VizWiz_val_00001756_1756
2026-08-17 02:20:34,343 INFO [run_teacher] [1423/1826] vizwiz_VizWiz_val_00001757_1757
2026-08-17 02:20:42,740 INFO [run_teacher] [1424/1826] vizwiz_VizWiz_val_00001761_1761
2026-08-17 02:20:56,610 INFO [run_teacher] [1425/1826] vizwiz_VizWiz_val_00001766_1766
2026-08-17 02:21:11,464 INFO [run_teacher] [1426/1826] vizwiz_VizWiz_val_00001771_1771
2026-08-17 02:21:24,368 INFO [run_teacher] [1427/1826] vizwiz_VizWiz_val_00001776_1776
2026-08-17 02:21:34,331 INFO [run_teacher] [1428/1826] vizwiz_VizWiz_val_00001782_1782
2026-08-17 02:21:49,468 INFO [run_teacher] [1429/1826] vizwiz_VizWiz_val_00001783_1783
2026-08-17 02:22:00,089 INFO [run_teacher] [1430/1826] vizwiz_VizWiz_val_00001788_1788
2026-08-17 02:22:09,003 INFO [run_teacher] [1431/1826] vizwiz_VizWiz_val_00001791_1791
2026-08-17 02:22:21,965 INFO [run_teacher] [1432/1826] vizwiz_VizWiz_val_00001798_1798
2026-08-17 02:22:33,162 INFO [run_teacher] [1433/1826] vizwiz_VizWiz_val_00001802_1802
2026-08-17 02:22:41,642 INFO [run_teacher] [1434/1826] vizwiz_VizWiz_val_00001806_1806
2026-08-17 02:22:51,872 INFO [run_teacher] [1435/1826] vizwiz_VizWiz_val_00001810_1810
2026-08-17 02:22:58,521 INFO [run_teacher] [1436/1826] vizwiz_VizWiz_val_00001813_1813
2026-08-17 02:23:07,809 INFO [run_teacher] [1437/1826] vizwiz_VizWiz_val_00001814_1814
2026-08-17 02:23:20,880 INFO [run_teacher] [1438/1826] vizwiz_VizWiz_val_00001815_1815
2026-08-17 02:23:31,760 INFO [run_teacher] [1439/1826] vizwiz_VizWiz_val_00001816_1816
2026-08-17 02:23:40,823 INFO [run_teacher] [1440/1826] vizwiz_VizWiz_val_00001817_1817
2026-08-17 02:23:55,202 INFO [run_teacher] [1441/1826] vizwiz_VizWiz_val_00001819_1819
2026-08-17 02:24:08,106 INFO [run_teacher] [1442/1826] vizwiz_VizWiz_val_00001823_1823
2026-08-17 02:24:14,579 INFO [run_teacher] [1443/1826] vizwiz_VizWiz_val_00001826_1826
2026-08-17 02:24:23,659 INFO [run_teacher] [1444/1826] vizwiz_VizWiz_val_00001833_1833
2026-08-17 02:24:32,581 INFO [run_teacher] [1445/1826] vizwiz_VizWiz_val_00001842_1842
2026-08-17 02:24:40,146 INFO [run_teacher] [1446/1826] vizwiz_VizWiz_val_00001843_1843
2026-08-17 02:24:52,933 INFO [run_teacher] [1447/1826] vizwiz_VizWiz_val_00001846_1846
2026-08-17 02:25:04,088 INFO [run_teacher] [1448/1826] vizwiz_VizWiz_val_00001847_1847
2026-08-17 02:25:13,194 INFO [run_teacher] [1449/1826] vizwiz_VizWiz_val_00001849_1849
2026-08-17 02:25:20,824 INFO [run_teacher] [1450/1826] vizwiz_VizWiz_val_00001850_1850
2026-08-17 02:25:34,928 INFO [run_teacher] [1451/1826] vizwiz_VizWiz_val_00001853_1853
2026-08-17 02:25:47,341 INFO [run_teacher] [1452/1826] vizwiz_VizWiz_val_00001854_1854
2026-08-17 02:25:57,004 INFO [run_teacher] [1453/1826] vizwiz_VizWiz_val_00001856_1856
2026-08-17 02:26:10,608 INFO [run_teacher] [1454/1826] vizwiz_VizWiz_val_00001859_1859
2026-08-17 02:26:23,154 INFO [run_teacher] [1455/1826] vizwiz_VizWiz_val_00001867_1867
2026-08-17 02:26:31,968 INFO [run_teacher] [1456/1826] vizwiz_VizWiz_val_00001868_1868
2026-08-17 02:26:44,988 INFO [run_teacher] [1457/1826] vizwiz_VizWiz_val_00001873_1873
2026-08-17 02:26:49,637 INFO [run_teacher] [1458/1826] vizwiz_VizWiz_val_00001874_1874
2026-08-17 02:27:03,099 INFO [run_teacher] [1459/1826] vizwiz_VizWiz_val_00001876_1876
2026-08-17 02:27:18,086 INFO [run_teacher] [1460/1826] vizwiz_VizWiz_val_00001881_1881
2026-08-17 02:27:27,633 INFO [run_teacher] [1461/1826] vizwiz_VizWiz_val_00001882_1882
2026-08-17 02:27:42,086 INFO [run_teacher] [1462/1826] vizwiz_VizWiz_val_00001884_1884
2026-08-17 02:27:50,034 INFO [run_teacher] [1463/1826] vizwiz_VizWiz_val_00001888_1888
2026-08-17 02:28:01,755 INFO [run_teacher] [1464/1826] vizwiz_VizWiz_val_00001895_1895
2026-08-17 02:28:07,370 INFO [run_teacher] [1465/1826] vizwiz_VizWiz_val_00001896_1896
2026-08-17 02:28:16,892 INFO [run_teacher] [1466/1826] vizwiz_VizWiz_val_00001897_1897
2026-08-17 02:28:31,920 INFO [run_teacher] [1467/1826] vizwiz_VizWiz_val_00001898_1898
2026-08-17 02:28:57,978 INFO [run_teacher] [1468/1826] vizwiz_VizWiz_val_00001901_1901
2026-08-17 02:29:13,215 INFO [run_teacher] [1469/1826] vizwiz_VizWiz_val_00001904_1904
2026-08-17 02:29:24,295 INFO [run_teacher] [1470/1826] vizwiz_VizWiz_val_00001913_1913
2026-08-17 02:29:50,086 INFO [run_teacher] [1471/1826] vizwiz_VizWiz_val_00001914_1914
2026-08-17 02:30:00,049 INFO [run_teacher] [1472/1826] vizwiz_VizWiz_val_00001915_1915
2026-08-17 02:30:15,744 INFO [run_teacher] [1473/1826] vizwiz_VizWiz_val_00001918_1918
2026-08-17 02:30:34,638 INFO [run_teacher] [1474/1826] vizwiz_VizWiz_val_00001920_1920
2026-08-17 02:30:40,886 INFO [run_teacher] [1475/1826] vizwiz_VizWiz_val_00001921_1921
2026-08-17 02:30:49,558 INFO [run_teacher] [1476/1826] vizwiz_VizWiz_val_00001932_1932
2026-08-17 02:31:07,544 INFO [run_teacher] [1477/1826] vizwiz_VizWiz_val_00001933_1933
2026-08-17 02:31:16,807 INFO [run_teacher] [1478/1826] vizwiz_VizWiz_val_00001937_1937
2026-08-17 02:31:29,528 INFO [run_teacher] [1479/1826] vizwiz_VizWiz_val_00001945_1945
2026-08-17 02:31:44,157 INFO [run_teacher] [1480/1826] vizwiz_VizWiz_val_00001955_1955
2026-08-17 02:31:55,711 INFO [run_teacher] [1481/1826] vizwiz_VizWiz_val_00001959_1959
2026-08-17 02:32:06,158 INFO [run_teacher] [1482/1826] vizwiz_VizWiz_val_00001960_1960
2026-08-17 02:32:13,697 INFO [run_teacher] [1483/1826] vizwiz_VizWiz_val_00001962_1962
2026-08-17 02:32:25,893 INFO [run_teacher] [1484/1826] vizwiz_VizWiz_val_00001964_1964
2026-08-17 02:32:40,030 INFO [run_teacher] [1485/1826] vizwiz_VizWiz_val_00001966_1966
2026-08-17 02:32:47,169 INFO [run_teacher] [1486/1826] vizwiz_VizWiz_val_00001968_1968
2026-08-17 02:32:54,717 INFO [run_teacher] [1487/1826] vizwiz_VizWiz_val_00001972_1972
2026-08-17 02:33:04,805 INFO [run_teacher] [1488/1826] vizwiz_VizWiz_val_00001977_1977
2026-08-17 02:33:19,575 INFO [run_teacher] [1489/1826] vizwiz_VizWiz_val_00001983_1983
2026-08-17 02:33:26,473 INFO [run_teacher] [1490/1826] vizwiz_VizWiz_val_00001988_1988
2026-08-17 02:33:37,602 INFO [run_teacher] [1491/1826] vizwiz_VizWiz_val_00001993_1993
2026-08-17 02:33:43,084 INFO [run_teacher] [1492/1826] vizwiz_VizWiz_val_00002004_2004
2026-08-17 02:33:50,740 INFO [run_teacher] [1493/1826] vizwiz_VizWiz_val_00002005_2005
2026-08-17 02:33:58,471 INFO [run_teacher] [1494/1826] vizwiz_VizWiz_val_00002009_2009
2026-08-17 02:34:07,934 INFO [run_teacher] [1495/1826] vizwiz_VizWiz_val_00002011_2011
2026-08-17 02:34:16,332 INFO [run_teacher] [1496/1826] vizwiz_VizWiz_val_00002013_2013
2026-08-17 02:34:31,361 INFO [run_teacher] [1497/1826] vizwiz_VizWiz_val_00002014_2014
2026-08-17 02:34:36,018 INFO [run_teacher] [1498/1826] vizwiz_VizWiz_val_00002015_2015
2026-08-17 02:34:42,516 INFO [run_teacher] [1499/1826] vizwiz_VizWiz_val_00002018_2018
2026-08-17 02:34:55,345 INFO [run_teacher] [1500/1826] vizwiz_VizWiz_val_00002025_2025
2026-08-17 02:35:02,251 INFO [run_teacher] [1501/1826] vizwiz_VizWiz_val_00002038_2038
2026-08-17 02:35:19,220 INFO [run_teacher] [1502/1826] vizwiz_VizWiz_val_00002040_2040
2026-08-17 02:35:27,942 INFO [run_teacher] [1503/1826] vizwiz_VizWiz_val_00002041_2041
2026-08-17 02:35:38,055 INFO [run_teacher] [1504/1826] vizwiz_VizWiz_val_00002043_2043
2026-08-17 02:35:46,436 INFO [run_teacher] [1505/1826] vizwiz_VizWiz_val_00002044_2044
2026-08-17 02:35:57,932 INFO [run_teacher] [1506/1826] vizwiz_VizWiz_val_00002045_2045
2026-08-17 02:36:11,728 INFO [run_teacher] [1507/1826] vizwiz_VizWiz_val_00002052_2052
2026-08-17 02:36:18,601 INFO [run_teacher] [1508/1826] vizwiz_VizWiz_val_00002053_2053
2026-08-17 02:36:29,072 INFO [run_teacher] [1509/1826] vizwiz_VizWiz_val_00002058_2058
2026-08-17 02:36:38,611 INFO [run_teacher] [1510/1826] vizwiz_VizWiz_val_00002071_2071
2026-08-17 02:36:48,783 INFO [run_teacher] [1511/1826] vizwiz_VizWiz_val_00002076_2076
2026-08-17 02:36:58,238 INFO [run_teacher] [1512/1826] vizwiz_VizWiz_val_00002078_2078
2026-08-17 02:37:08,451 INFO [run_teacher] [1513/1826] vizwiz_VizWiz_val_00002080_2080
2026-08-17 02:37:17,265 INFO [run_teacher] [1514/1826] vizwiz_VizWiz_val_00002086_2086
2026-08-17 02:37:29,428 INFO [run_teacher] [1515/1826] vizwiz_VizWiz_val_00002088_2088
2026-08-17 02:37:43,573 INFO [run_teacher] [1516/1826] vizwiz_VizWiz_val_00002106_2106
2026-08-17 02:37:54,211 INFO [run_teacher] [1517/1826] vizwiz_VizWiz_val_00002112_2112
2026-08-17 02:38:03,725 INFO [run_teacher] [1518/1826] vizwiz_VizWiz_val_00002113_2113
2026-08-17 02:38:13,563 INFO [run_teacher] [1519/1826] vizwiz_VizWiz_val_00002115_2115
2026-08-17 02:38:24,501 INFO [run_teacher] [1520/1826] vizwiz_VizWiz_val_00002117_2117
2026-08-17 02:38:35,964 INFO [run_teacher] [1521/1826] vizwiz_VizWiz_val_00002120_2120
2026-08-17 02:38:42,112 INFO [run_teacher] [1522/1826] vizwiz_VizWiz_val_00002121_2121
2026-08-17 02:38:52,442 INFO [run_teacher] [1523/1826] vizwiz_VizWiz_val_00002128_2128
2026-08-17 02:39:05,646 INFO [run_teacher] [1524/1826] vizwiz_VizWiz_val_00002130_2130
2026-08-17 02:39:19,233 INFO [run_teacher] [1525/1826] vizwiz_VizWiz_val_00002133_2133
2026-08-17 02:39:36,802 INFO [run_teacher] [1526/1826] vizwiz_VizWiz_val_00002138_2138
2026-08-17 02:39:44,641 INFO [run_teacher] [1527/1826] vizwiz_VizWiz_val_00002139_2139
2026-08-17 02:39:52,405 INFO [run_teacher] [1528/1826] vizwiz_VizWiz_val_00002141_2141
2026-08-17 02:40:02,569 INFO [run_teacher] [1529/1826] vizwiz_VizWiz_val_00002143_2143
2026-08-17 02:40:08,618 INFO [run_teacher] [1530/1826] vizwiz_VizWiz_val_00002145_2145
2026-08-17 02:40:20,697 INFO [run_teacher] [1531/1826] vizwiz_VizWiz_val_00002146_2146
2026-08-17 02:40:32,601 INFO [run_teacher] [1532/1826] vizwiz_VizWiz_val_00002148_2148
2026-08-17 02:40:44,222 INFO [run_teacher] [1533/1826] vizwiz_VizWiz_val_00002155_2155
2026-08-17 02:41:00,950 INFO [run_teacher] [1534/1826] vizwiz_VizWiz_val_00002156_2156
2026-08-17 02:41:15,037 INFO [run_teacher] [1535/1826] vizwiz_VizWiz_val_00002159_2159
2026-08-17 02:41:23,951 INFO [run_teacher] [1536/1826] vizwiz_VizWiz_val_00002163_2163
2026-08-17 02:41:33,848 INFO [run_teacher] [1537/1826] vizwiz_VizWiz_val_00002164_2164
2026-08-17 02:41:39,613 INFO [run_teacher] [1538/1826] vizwiz_VizWiz_val_00002166_2166
2026-08-17 02:41:48,193 INFO [run_teacher] [1539/1826] vizwiz_VizWiz_val_00002171_2171
2026-08-17 02:41:56,099 INFO [run_teacher] [1540/1826] vizwiz_VizWiz_val_00002181_2181
2026-08-17 02:42:03,763 INFO [run_teacher] [1541/1826] vizwiz_VizWiz_val_00002184_2184
2026-08-17 02:42:13,052 INFO [run_teacher] [1542/1826] vizwiz_VizWiz_val_00002189_2189
2026-08-17 02:42:31,279 INFO [run_teacher] [1543/1826] vizwiz_VizWiz_val_00002191_2191
2026-08-17 02:42:41,426 INFO [run_teacher] [1544/1826] vizwiz_VizWiz_val_00002196_2196
2026-08-17 02:42:50,964 INFO [run_teacher] [1545/1826] vizwiz_VizWiz_val_00002198_2198
2026-08-17 02:42:58,587 INFO [run_teacher] [1546/1826] vizwiz_VizWiz_val_00002210_2210
2026-08-17 02:43:04,485 INFO [run_teacher] [1547/1826] vizwiz_VizWiz_val_00002211_2211
2026-08-17 02:43:14,357 INFO [run_teacher] [1548/1826] vizwiz_VizWiz_val_00002213_2213
2026-08-17 02:43:18,630 INFO [run_teacher] [1549/1826] vizwiz_VizWiz_val_00002214_2214
2026-08-17 02:43:37,016 INFO [run_teacher] [1550/1826] vizwiz_VizWiz_val_00002216_2216
2026-08-17 02:43:42,622 INFO [run_teacher] [1551/1826] vizwiz_VizWiz_val_00002217_2217
2026-08-17 02:43:56,851 INFO [run_teacher] [1552/1826] vizwiz_VizWiz_val_00002218_2218
2026-08-17 02:44:05,340 INFO [run_teacher] [1553/1826] vizwiz_VizWiz_val_00002223_2223
2026-08-17 02:44:16,003 INFO [run_teacher] [1554/1826] vizwiz_VizWiz_val_00002225_2225
2026-08-17 02:44:34,972 INFO [run_teacher] [1555/1826] vizwiz_VizWiz_val_00002226_2226
2026-08-17 02:44:49,667 INFO [run_teacher] [1556/1826] vizwiz_VizWiz_val_00002241_2241
2026-08-17 02:44:59,131 INFO [run_teacher] [1557/1826] vizwiz_VizWiz_val_00002243_2243
2026-08-17 02:45:06,962 INFO [run_teacher] [1558/1826] vizwiz_VizWiz_val_00002249_2249
2026-08-17 02:45:19,774 INFO [run_teacher] [1559/1826] vizwiz_VizWiz_val_00002255_2255
2026-08-17 02:45:31,329 INFO [run_teacher] [1560/1826] vizwiz_VizWiz_val_00002259_2259
2026-08-17 02:45:41,726 INFO [run_teacher] [1561/1826] vizwiz_VizWiz_val_00002262_2262
2026-08-17 02:45:55,122 INFO [run_teacher] [1562/1826] vizwiz_VizWiz_val_00002268_2268
2026-08-17 02:46:06,451 INFO [run_teacher] [1563/1826] vizwiz_VizWiz_val_00002274_2274
2026-08-17 02:46:19,630 INFO [run_teacher] [1564/1826] vizwiz_VizWiz_val_00002282_2282
2026-08-17 02:46:29,252 INFO [run_teacher] [1565/1826] vizwiz_VizWiz_val_00002286_2286
2026-08-17 02:46:45,055 INFO [run_teacher] [1566/1826] vizwiz_VizWiz_val_00002291_2291
2026-08-17 02:46:49,845 INFO [run_teacher] [1567/1826] vizwiz_VizWiz_val_00002293_2293
2026-08-17 02:47:01,116 INFO [run_teacher] [1568/1826] vizwiz_VizWiz_val_00002294_2294
2026-08-17 02:47:34,322 INFO [run_teacher] [1569/1826] vizwiz_VizWiz_val_00002296_2296
2026-08-17 02:47:41,844 INFO [run_teacher] [1570/1826] vizwiz_VizWiz_val_00002303_2303
2026-08-17 02:47:57,914 INFO [run_teacher] [1571/1826] vizwiz_VizWiz_val_00002305_2305
2026-08-17 02:48:08,819 INFO [run_teacher] [1572/1826] vizwiz_VizWiz_val_00002306_2306
2026-08-17 02:48:21,223 INFO [run_teacher] [1573/1826] vizwiz_VizWiz_val_00002307_2307
2026-08-17 02:48:30,054 INFO [run_teacher] [1574/1826] vizwiz_VizWiz_val_00002310_2310
2026-08-17 02:48:40,417 INFO [run_teacher] [1575/1826] vizwiz_VizWiz_val_00002317_2317
2026-08-17 02:48:51,380 INFO [run_teacher] [1576/1826] vizwiz_VizWiz_val_00002321_2321
2026-08-17 02:49:03,976 INFO [run_teacher] [1577/1826] vizwiz_VizWiz_val_00002327_2327
2026-08-17 02:49:09,924 INFO [run_teacher] [1578/1826] vizwiz_VizWiz_val_00002329_2329
2026-08-17 02:49:22,095 INFO [run_teacher] [1579/1826] vizwiz_VizWiz_val_00002331_2331
2026-08-17 02:49:29,026 INFO [run_teacher] [1580/1826] vizwiz_VizWiz_val_00002335_2335
2026-08-17 02:49:46,312 INFO [run_teacher] [1581/1826] vizwiz_VizWiz_val_00002336_2336
2026-08-17 02:49:57,176 INFO [run_teacher] [1582/1826] vizwiz_VizWiz_val_00002339_2339
2026-08-17 02:50:11,113 INFO [run_teacher] [1583/1826] vizwiz_VizWiz_val_00002340_2340
2026-08-17 02:50:25,999 INFO [run_teacher] [1584/1826] vizwiz_VizWiz_val_00002348_2348
2026-08-17 02:50:38,728 INFO [run_teacher] [1585/1826] vizwiz_VizWiz_val_00002359_2359
2026-08-17 02:50:45,001 INFO [run_teacher] [1586/1826] vizwiz_VizWiz_val_00002360_2360
2026-08-17 02:50:57,381 INFO [run_teacher] [1587/1826] vizwiz_VizWiz_val_00002361_2361
2026-08-17 02:51:12,593 INFO [run_teacher] [1588/1826] vizwiz_VizWiz_val_00002362_2362
2026-08-17 02:51:22,581 INFO [run_teacher] [1589/1826] vizwiz_VizWiz_val_00002367_2367
2026-08-17 02:51:31,020 INFO [run_teacher] [1590/1826] vizwiz_VizWiz_val_00002370_2370
2026-08-17 02:51:46,082 INFO [run_teacher] [1591/1826] vizwiz_VizWiz_val_00002376_2376
2026-08-17 02:51:57,095 INFO [run_teacher] [1592/1826] vizwiz_VizWiz_val_00002382_2382
2026-08-17 02:52:10,590 INFO [run_teacher] [1593/1826] vizwiz_VizWiz_val_00002383_2383
2026-08-17 02:52:17,705 INFO [run_teacher] [1594/1826] vizwiz_VizWiz_val_00002387_2387
2026-08-17 02:52:52,760 INFO [run_teacher] [1595/1826] vizwiz_VizWiz_val_00002391_2391
2026-08-17 02:53:06,080 INFO [run_teacher] [1596/1826] vizwiz_VizWiz_val_00002395_2395
2026-08-17 02:53:16,968 INFO [run_teacher] [1597/1826] vizwiz_VizWiz_val_00002396_2396
2026-08-17 02:53:30,589 INFO [run_teacher] [1598/1826] vizwiz_VizWiz_val_00002398_2398
2026-08-17 02:53:39,878 INFO [run_teacher] [1599/1826] vizwiz_VizWiz_val_00002403_2403
2026-08-17 02:53:53,165 INFO [run_teacher] [1600/1826] vizwiz_VizWiz_val_00002404_2404
2026-08-17 02:54:06,927 INFO [run_teacher] [1601/1826] vizwiz_VizWiz_val_00002406_2406
2026-08-17 02:54:21,239 INFO [run_teacher] [1602/1826] vizwiz_VizWiz_val_00002410_2410
2026-08-17 02:54:37,442 INFO [run_teacher] [1603/1826] vizwiz_VizWiz_val_00002412_2412
2026-08-17 02:54:52,029 INFO [run_teacher] [1604/1826] vizwiz_VizWiz_val_00002417_2417
2026-08-17 02:55:07,699 INFO [run_teacher] [1605/1826] vizwiz_VizWiz_val_00002419_2419
2026-08-17 02:55:22,794 INFO [run_teacher] [1606/1826] vizwiz_VizWiz_val_00002423_2423
2026-08-17 02:55:36,165 INFO [run_teacher] [1607/1826] vizwiz_VizWiz_val_00002429_2429
2026-08-17 02:55:47,944 INFO [run_teacher] [1608/1826] vizwiz_VizWiz_val_00002433_2433
2026-08-17 02:55:54,250 INFO [run_teacher] [1609/1826] vizwiz_VizWiz_val_00002435_2435
2026-08-17 02:56:44,675 INFO [run_teacher] [1610/1826] vizwiz_VizWiz_val_00002449_2449
2026-08-17 02:57:00,211 INFO [run_teacher] [1611/1826] vizwiz_VizWiz_val_00002451_2451
2026-08-17 02:57:06,660 INFO [run_teacher] [1612/1826] vizwiz_VizWiz_val_00002460_2460
2026-08-17 02:57:15,932 INFO [run_teacher] [1613/1826] vizwiz_VizWiz_val_00002461_2461
2026-08-17 02:57:29,119 INFO [run_teacher] [1614/1826] vizwiz_VizWiz_val_00002465_2465
2026-08-17 02:57:37,300 INFO [run_teacher] [1615/1826] vizwiz_VizWiz_val_00002467_2467
2026-08-17 02:57:47,954 INFO [run_teacher] [1616/1826] vizwiz_VizWiz_val_00002471_2471
2026-08-17 02:57:56,685 INFO [run_teacher] [1617/1826] vizwiz_VizWiz_val_00002474_2474
2026-08-17 02:58:11,796 INFO [run_teacher] [1618/1826] vizwiz_VizWiz_val_00002481_2481
2026-08-17 02:58:23,443 INFO [run_teacher] [1619/1826] vizwiz_VizWiz_val_00002490_2490
2026-08-17 02:58:29,107 INFO [run_teacher] [1620/1826] vizwiz_VizWiz_val_00002492_2492
2026-08-17 02:58:43,203 INFO [run_teacher] [1621/1826] vizwiz_VizWiz_val_00002493_2493
2026-08-17 02:58:50,751 INFO [run_teacher] [1622/1826] vizwiz_VizWiz_val_00002494_2494
2026-08-17 02:58:58,015 INFO [run_teacher] [1623/1826] vizwiz_VizWiz_val_00002497_2497
2026-08-17 02:59:12,335 INFO [run_teacher] [1624/1826] vizwiz_VizWiz_val_00002498_2498
2026-08-17 02:59:28,288 INFO [run_teacher] [1625/1826] vizwiz_VizWiz_val_00002500_2500
2026-08-17 02:59:41,076 INFO [run_teacher] [1626/1826] vizwiz_VizWiz_val_00002503_2503
2026-08-17 02:59:52,414 INFO [run_teacher] [1627/1826] vizwiz_VizWiz_val_00002506_2506
2026-08-17 03:00:01,552 INFO [run_teacher] [1628/1826] vizwiz_VizWiz_val_00002508_2508
2026-08-17 03:00:10,143 INFO [run_teacher] [1629/1826] vizwiz_VizWiz_val_00002510_2510
2026-08-17 03:00:22,513 INFO [run_teacher] [1630/1826] vizwiz_VizWiz_val_00002525_2525
2026-08-17 03:00:35,867 INFO [run_teacher] [1631/1826] vizwiz_VizWiz_val_00002533_2533
2026-08-17 03:00:43,215 INFO [run_teacher] [1632/1826] vizwiz_VizWiz_val_00002534_2534
2026-08-17 03:00:56,044 INFO [run_teacher] [1633/1826] vizwiz_VizWiz_val_00002541_2541
2026-08-17 03:01:02,617 INFO [run_teacher] [1634/1826] vizwiz_VizWiz_val_00002543_2543
2026-08-17 03:01:10,798 INFO [run_teacher] [1635/1826] vizwiz_VizWiz_val_00002547_2547
2026-08-17 03:01:23,960 INFO [run_teacher] [1636/1826] vizwiz_VizWiz_val_00002556_2556
2026-08-17 03:01:37,273 INFO [run_teacher] [1637/1826] vizwiz_VizWiz_val_00002557_2557
2026-08-17 03:01:56,550 INFO [run_teacher] [1638/1826] vizwiz_VizWiz_val_00002568_2568
2026-08-17 03:02:10,920 INFO [run_teacher] [1639/1826] vizwiz_VizWiz_val_00002573_2573
2026-08-17 03:02:19,451 INFO [run_teacher] [1640/1826] vizwiz_VizWiz_val_00002576_2576
2026-08-17 03:02:24,049 INFO [run_teacher] [1641/1826] vizwiz_VizWiz_val_00002580_2580
2026-08-17 03:02:32,047 INFO [run_teacher] [1642/1826] vizwiz_VizWiz_val_00002581_2581
2026-08-17 03:02:43,101 INFO [run_teacher] [1643/1826] vizwiz_VizWiz_val_00002586_2586
2026-08-17 03:03:15,907 INFO [run_teacher] [1644/1826] vizwiz_VizWiz_val_00002589_2589
2026-08-17 03:03:23,355 INFO [run_teacher] [1645/1826] vizwiz_VizWiz_val_00002599_2599
2026-08-17 03:03:37,392 INFO [run_teacher] [1646/1826] vizwiz_VizWiz_val_00002600_2600
2026-08-17 03:03:49,022 INFO [run_teacher] [1647/1826] vizwiz_VizWiz_val_00002614_2614
2026-08-17 03:04:03,750 INFO [run_teacher] [1648/1826] vizwiz_VizWiz_val_00002619_2619
2026-08-17 03:04:14,596 INFO [run_teacher] [1649/1826] vizwiz_VizWiz_val_00002624_2624
2026-08-17 03:05:20,459 ERROR [run_teacher] Teacher generation failed for vizwiz_VizWiz_val_00002624_2624: Mandatory probe observation 'grounding' is invalid (Missing FINAL_ANSWER tag and unable to resolve valid final answer)
Traceback (most recent call last):
  File "/home/aman/ProActive/scripts/run_teacher.py", line 551, in main
    raise ValueError(result.get("invalid_reason") or "invalid teacher row")
ValueError: Mandatory probe observation 'grounding' is invalid (Missing FINAL_ANSWER tag and unable to resolve valid final answer)
2026-08-17 03:05:20,459 INFO [run_teacher] [1650/1826] vizwiz_VizWiz_val_00002631_2631
2026-08-17 03:05:30,504 INFO [run_teacher] [1651/1826] vizwiz_VizWiz_val_00002632_2632
2026-08-17 03:05:40,484 INFO [run_teacher] [1652/1826] vizwiz_VizWiz_val_00002633_2633
2026-08-17 03:05:54,821 INFO [run_teacher] [1653/1826] vizwiz_VizWiz_val_00002636_2636
2026-08-17 03:06:10,608 INFO [run_teacher] [1654/1826] vizwiz_VizWiz_val_00002638_2638
2026-08-17 03:06:20,404 INFO [run_teacher] [1655/1826] vizwiz_VizWiz_val_00002642_2642
2026-08-17 03:06:26,069 INFO [run_teacher] [1656/1826] vizwiz_VizWiz_val_00002645_2645
2026-08-17 03:06:40,881 INFO [run_teacher] [1657/1826] vizwiz_VizWiz_val_00002647_2647
2026-08-17 03:06:55,526 INFO [run_teacher] [1658/1826] vizwiz_VizWiz_val_00002648_2648
2026-08-17 03:07:01,916 INFO [run_teacher] [1659/1826] vizwiz_VizWiz_val_00002650_2650
2026-08-17 03:07:10,272 INFO [run_teacher] [1660/1826] vizwiz_VizWiz_val_00002654_2654
2026-08-17 03:07:22,917 INFO [run_teacher] [1661/1826] vizwiz_VizWiz_val_00002655_2655
2026-08-17 03:07:35,455 INFO [run_teacher] [1662/1826] vizwiz_VizWiz_val_00002659_2659
2026-08-17 03:07:46,643 INFO [run_teacher] [1663/1826] vizwiz_VizWiz_val_00002664_2664
2026-08-17 03:08:03,146 INFO [run_teacher] [1664/1826] vizwiz_VizWiz_val_00002676_2676
2026-08-17 03:08:12,951 INFO [run_teacher] [1665/1826] vizwiz_VizWiz_val_00002679_2679
2026-08-17 03:08:18,033 INFO [run_teacher] [1666/1826] vizwiz_VizWiz_val_00002680_2680
2026-08-17 03:08:25,831 INFO [run_teacher] [1667/1826] vizwiz_VizWiz_val_00002684_2684
2026-08-17 03:08:39,601 INFO [run_teacher] [1668/1826] vizwiz_VizWiz_val_00002694_2694
2026-08-17 03:09:07,492 INFO [run_teacher] [1669/1826] vizwiz_VizWiz_val_00002705_2705
2026-08-17 03:09:22,028 INFO [run_teacher] [1670/1826] vizwiz_VizWiz_val_00002711_2711
2026-08-17 03:09:34,125 INFO [run_teacher] [1671/1826] vizwiz_VizWiz_val_00002712_2712
2026-08-17 03:09:47,829 INFO [run_teacher] [1672/1826] vizwiz_VizWiz_val_00002717_2717
2026-08-17 03:10:06,447 INFO [run_teacher] [1673/1826] vizwiz_VizWiz_val_00002725_2725
2026-08-17 03:10:13,670 INFO [run_teacher] [1674/1826] vizwiz_VizWiz_val_00002732_2732
2026-08-17 03:10:20,401 INFO [run_teacher] [1675/1826] vizwiz_VizWiz_val_00002733_2733
2026-08-17 03:10:38,536 INFO [run_teacher] [1676/1826] vizwiz_VizWiz_val_00002736_2736
2026-08-17 03:10:48,342 INFO [run_teacher] [1677/1826] vizwiz_VizWiz_val_00002738_2738
2026-08-17 03:11:02,903 INFO [run_teacher] [1678/1826] vizwiz_VizWiz_val_00002740_2740
2026-08-17 03:11:11,142 INFO [run_teacher] [1679/1826] vizwiz_VizWiz_val_00002741_2741
2026-08-17 03:11:21,630 INFO [run_teacher] [1680/1826] vizwiz_VizWiz_val_00002743_2743
2026-08-17 03:11:26,854 INFO [run_teacher] [1681/1826] vizwiz_VizWiz_val_00002755_2755
2026-08-17 03:11:43,198 INFO [run_teacher] [1682/1826] vizwiz_VizWiz_val_00002765_2765
2026-08-17 03:11:48,014 INFO [run_teacher] [1683/1826] vizwiz_VizWiz_val_00002769_2769
2026-08-17 03:12:11,647 INFO [run_teacher] [1684/1826] vizwiz_VizWiz_val_00002770_2770
2026-08-17 03:12:23,369 INFO [run_teacher] [1685/1826] vizwiz_VizWiz_val_00002771_2771
2026-08-17 03:12:33,132 INFO [run_teacher] [1686/1826] vizwiz_VizWiz_val_00002778_2778
2026-08-17 03:12:52,667 INFO [run_teacher] [1687/1826] vizwiz_VizWiz_val_00002780_2780
2026-08-17 03:13:03,106 INFO [run_teacher] [1688/1826] vizwiz_VizWiz_val_00002782_2782
2026-08-17 03:13:17,543 INFO [run_teacher] [1689/1826] vizwiz_VizWiz_val_00002785_2785
2026-08-17 03:13:23,366 INFO [run_teacher] [1690/1826] vizwiz_VizWiz_val_00002792_2792
2026-08-17 03:13:30,788 INFO [run_teacher] [1691/1826] vizwiz_VizWiz_val_00002795_2795
2026-08-17 03:13:51,649 INFO [run_teacher] [1692/1826] vizwiz_VizWiz_val_00002799_2799
2026-08-17 03:14:04,994 INFO [run_teacher] [1693/1826] vizwiz_VizWiz_val_00002802_2802
2026-08-17 03:14:11,059 INFO [run_teacher] [1694/1826] vizwiz_VizWiz_val_00002806_2806
2026-08-17 03:14:23,571 INFO [run_teacher] [1695/1826] vizwiz_VizWiz_val_00002811_2811
2026-08-17 03:14:36,892 INFO [run_teacher] [1696/1826] vizwiz_VizWiz_val_00002815_2815
2026-08-17 03:14:48,721 INFO [run_teacher] [1697/1826] vizwiz_VizWiz_val_00002816_2816
2026-08-17 03:15:04,250 INFO [run_teacher] [1698/1826] vizwiz_VizWiz_val_00002817_2817
2026-08-17 03:15:15,179 INFO [run_teacher] [1699/1826] vizwiz_VizWiz_val_00002822_2822
2026-08-17 03:15:26,034 INFO [run_teacher] [1700/1826] vizwiz_VizWiz_val_00002830_2830
2026-08-17 03:15:38,405 INFO [run_teacher] [1701/1826] vizwiz_VizWiz_val_00002832_2832
2026-08-17 03:15:50,260 INFO [run_teacher] [1702/1826] vizwiz_VizWiz_val_00002833_2833
2026-08-17 03:16:02,822 INFO [run_teacher] [1703/1826] vizwiz_VizWiz_val_00002835_2835
2026-08-17 03:16:16,434 INFO [run_teacher] [1704/1826] vizwiz_VizWiz_val_00002836_2836
2026-08-17 03:16:31,637 INFO [run_teacher] [1705/1826] vizwiz_VizWiz_val_00002846_2846
2026-08-17 03:16:37,511 INFO [run_teacher] [1706/1826] vizwiz_VizWiz_val_00002847_2847
2026-08-17 03:16:42,476 INFO [run_teacher] [1707/1826] vizwiz_VizWiz_val_00002852_2852
2026-08-17 03:16:58,096 INFO [run_teacher] [1708/1826] vizwiz_VizWiz_val_00002853_2853
2026-08-17 03:17:09,350 INFO [run_teacher] [1709/1826] vizwiz_VizWiz_val_00002862_2862
2026-08-17 03:17:20,738 INFO [run_teacher] [1710/1826] vizwiz_VizWiz_val_00002865_2865
2026-08-17 03:17:38,957 INFO [run_teacher] [1711/1826] vizwiz_VizWiz_val_00002870_2870
2026-08-17 03:17:50,187 INFO [run_teacher] [1712/1826] vizwiz_VizWiz_val_00002876_2876
2026-08-17 03:17:59,367 INFO [run_teacher] [1713/1826] vizwiz_VizWiz_val_00002884_2884
2026-08-17 03:18:07,548 INFO [run_teacher] [1714/1826] vizwiz_VizWiz_val_00002886_2886
2026-08-17 03:18:21,243 INFO [run_teacher] [1715/1826] vizwiz_VizWiz_val_00002890_2890
2026-08-17 03:18:35,713 INFO [run_teacher] [1716/1826] vizwiz_VizWiz_val_00002892_2892
2026-08-17 03:18:44,611 INFO [run_teacher] [1717/1826] vizwiz_VizWiz_val_00002896_2896
2026-08-17 03:18:57,923 INFO [run_teacher] [1718/1826] vizwiz_VizWiz_val_00002902_2902
2026-08-17 03:19:17,424 INFO [run_teacher] [1719/1826] vizwiz_VizWiz_val_00002922_2922
2026-08-17 03:19:21,973 INFO [run_teacher] [1720/1826] vizwiz_VizWiz_val_00002924_2924
2026-08-17 03:19:32,128 INFO [run_teacher] [1721/1826] vizwiz_VizWiz_val_00002929_2929
2026-08-17 03:19:47,706 INFO [run_teacher] [1722/1826] vizwiz_VizWiz_val_00002937_2937
2026-08-17 03:19:56,979 INFO [run_teacher] [1723/1826] vizwiz_VizWiz_val_00002941_2941
2026-08-17 03:20:07,250 INFO [run_teacher] [1724/1826] vizwiz_VizWiz_val_00002946_2946
2026-08-17 03:20:16,630 INFO [run_teacher] [1725/1826] vizwiz_VizWiz_val_00002948_2948
2026-08-17 03:20:34,450 INFO [run_teacher] [1726/1826] vizwiz_VizWiz_val_00002950_2950
2026-08-17 03:20:42,530 INFO [run_teacher] [1727/1826] vizwiz_VizWiz_val_00002955_2955
2026-08-17 03:20:51,552 INFO [run_teacher] [1728/1826] vizwiz_VizWiz_val_00002956_2956
2026-08-17 03:21:03,182 INFO [run_teacher] [1729/1826] vizwiz_VizWiz_val_00002957_2957
2026-08-17 03:21:12,196 INFO [run_teacher] [1730/1826] vizwiz_VizWiz_val_00002961_2961
2026-08-17 03:21:18,177 INFO [run_teacher] [1731/1826] vizwiz_VizWiz_val_00002962_2962
2026-08-17 03:21:22,726 INFO [run_teacher] [1732/1826] vizwiz_VizWiz_val_00002964_2964
2026-08-17 03:21:32,548 INFO [run_teacher] [1733/1826] vizwiz_VizWiz_val_00002973_2973
2026-08-17 03:21:44,327 INFO [run_teacher] [1734/1826] vizwiz_VizWiz_val_00002975_2975
2026-08-17 03:21:54,174 INFO [run_teacher] [1735/1826] vizwiz_VizWiz_val_00002979_2979
2026-08-17 03:22:06,070 INFO [run_teacher] [1736/1826] vizwiz_VizWiz_val_00002980_2980
2026-08-17 03:22:17,583 INFO [run_teacher] [1737/1826] vizwiz_VizWiz_val_00002990_2990
2026-08-17 03:22:25,830 INFO [run_teacher] [1738/1826] vizwiz_VizWiz_val_00002991_2991
2026-08-17 03:22:42,141 INFO [run_teacher] [1739/1826] vizwiz_VizWiz_val_00002997_2997
2026-08-17 03:22:57,912 INFO [run_teacher] [1740/1826] vizwiz_VizWiz_val_00002998_2998
2026-08-17 03:23:11,024 INFO [run_teacher] [1741/1826] vsr_2_2
2026-08-17 03:23:15,972 INFO [run_teacher] [1742/1826] vsr_7_7
2026-08-17 03:23:20,388 INFO [run_teacher] [1743/1826] vsr_28_28
2026-08-17 03:23:26,044 INFO [run_teacher] [1744/1826] vsr_34_34
2026-08-17 03:23:29,868 INFO [run_teacher] [1745/1826] vsr_37_37
2026-08-17 03:23:35,966 INFO [run_teacher] [1746/1826] vsr_42_42
2026-08-17 03:23:40,381 INFO [run_teacher] [1747/1826] vsr_43_43
2026-08-17 03:23:46,146 INFO [run_teacher] [1748/1826] vsr_46_46
2026-08-17 03:23:50,295 INFO [run_teacher] [1749/1826] vsr_48_48
2026-08-17 03:23:56,493 INFO [run_teacher] [1750/1826] vsr_52_52
2026-08-17 03:24:01,300 INFO [run_teacher] [1751/1826] vsr_61_61
2026-08-17 03:24:06,431 INFO [run_teacher] [1752/1826] vsr_62_62
2026-08-17 03:24:10,488 INFO [run_teacher] [1753/1826] vsr_66_66
2026-08-17 03:24:16,245 INFO [run_teacher] [1754/1826] vsr_67_67
2026-08-17 03:24:21,668 INFO [run_teacher] [1755/1826] vsr_69_69
2026-08-17 03:24:26,275 INFO [run_teacher] [1756/1826] vsr_75_75
2026-08-17 03:24:30,499 INFO [run_teacher] [1757/1826] vsr_77_77
2026-08-17 03:24:34,865 INFO [run_teacher] [1758/1826] vsr_79_79
2026-08-17 03:24:40,480 INFO [run_teacher] [1759/1826] vsr_80_80
2026-08-17 03:24:48,110 INFO [run_teacher] [1760/1826] vsr_81_81
2026-08-17 03:24:52,867 INFO [run_teacher] [1761/1826] vsr_89_89
2026-08-17 03:24:56,566 INFO [run_teacher] [1762/1826] vsr_90_90
2026-08-17 03:25:01,814 INFO [run_teacher] [1763/1826] vsr_91_91
2026-08-17 03:25:06,346 INFO [run_teacher] [1764/1826] vsr_92_92
2026-08-17 03:25:10,412 INFO [run_teacher] [1765/1826] vsr_102_102
2026-08-17 03:25:16,601 INFO [run_teacher] [1766/1826] vsr_103_103
2026-08-17 03:25:22,100 INFO [run_teacher] [1767/1826] vsr_105_105
2026-08-17 03:25:26,248 INFO [run_teacher] [1768/1826] vsr_109_109
2026-08-17 03:25:32,888 INFO [run_teacher] [1769/1826] vsr_118_118
2026-08-17 03:25:37,428 INFO [run_teacher] [1770/1826] vsr_121_121
2026-08-17 03:25:43,718 INFO [run_teacher] [1771/1826] vsr_122_122
2026-08-17 03:25:49,249 INFO [run_teacher] [1772/1826] vsr_127_127
2026-08-17 03:25:53,215 INFO [run_teacher] [1773/1826] vsr_131_131
2026-08-17 03:26:01,354 INFO [run_teacher] [1774/1826] vsr_134_134
2026-08-17 03:26:07,769 INFO [run_teacher] [1775/1826] vsr_139_139
2026-08-17 03:26:13,442 INFO [run_teacher] [1776/1826] vsr_145_145
2026-08-17 03:26:18,340 INFO [run_teacher] [1777/1826] vsr_147_147
2026-08-17 03:26:22,614 INFO [run_teacher] [1778/1826] vsr_149_149
2026-08-17 03:26:26,588 INFO [run_teacher] [1779/1826] vsr_153_153
2026-08-17 03:26:30,220 INFO [run_teacher] [1780/1826] vsr_156_156
2026-08-17 03:26:34,452 INFO [run_teacher] [1781/1826] vsr_158_158
2026-08-17 03:26:40,342 INFO [run_teacher] [1782/1826] vsr_163_163
2026-08-17 03:26:46,448 INFO [run_teacher] [1783/1826] vsr_165_165
2026-08-17 03:26:51,205 INFO [run_teacher] [1784/1826] vsr_167_167
2026-08-17 03:26:57,003 INFO [run_teacher] [1785/1826] vsr_169_169
2026-08-17 03:27:02,626 INFO [run_teacher] [1786/1826] vsr_173_173
2026-08-17 03:27:11,698 INFO [run_teacher] [1787/1826] vsr_175_175
2026-08-17 03:27:17,155 INFO [run_teacher] [1788/1826] vsr_183_183
2026-08-17 03:27:22,320 INFO [run_teacher] [1789/1826] vsr_185_185
2026-08-17 03:27:28,060 INFO [run_teacher] [1790/1826] vsr_193_193
2026-08-17 03:27:34,158 INFO [run_teacher] [1791/1826] vsr_195_195
2026-08-17 03:27:38,190 INFO [run_teacher] [1792/1826] vsr_197_197
2026-08-17 03:27:44,222 INFO [run_teacher] [1793/1826] vsr_200_200
2026-08-17 03:27:48,579 INFO [run_teacher] [1794/1826] vsr_201_201
2026-08-17 03:27:56,726 INFO [run_teacher] [1795/1826] vsr_208_208
2026-08-17 03:28:03,049 INFO [run_teacher] [1796/1826] vsr_209_209
2026-08-17 03:28:07,481 INFO [run_teacher] [1797/1826] vsr_210_210
2026-08-17 03:28:11,097 INFO [run_teacher] [1798/1826] vsr_212_212
2026-08-17 03:28:15,895 INFO [run_teacher] [1799/1826] vsr_213_213
2026-08-17 03:28:20,061 INFO [run_teacher] [1800/1826] vsr_217_217
2026-08-17 03:28:24,693 INFO [run_teacher] [1801/1826] vsr_226_226
2026-08-17 03:28:31,149 INFO [run_teacher] [1802/1826] vsr_236_236
2026-08-17 03:28:35,239 INFO [run_teacher] [1803/1826] vsr_239_239
2026-08-17 03:28:42,729 INFO [run_teacher] [1804/1826] vsr_248_248
2026-08-17 03:28:46,894 INFO [run_teacher] [1805/1826] vsr_251_251
2026-08-17 03:28:55,675 INFO [run_teacher] [1806/1826] vsr_252_252
2026-08-17 03:29:00,206 INFO [run_teacher] [1807/1826] vsr_254_254
2026-08-17 03:29:05,080 INFO [run_teacher] [1808/1826] vsr_258_258
2026-08-17 03:29:10,745 INFO [run_teacher] [1809/1826] vsr_264_264
2026-08-17 03:29:15,027 INFO [run_teacher] [1810/1826] vsr_265_265
2026-08-17 03:29:19,700 INFO [run_teacher] [1811/1826] vsr_267_267
2026-08-17 03:29:28,956 INFO [run_teacher] [1812/1826] vsr_294_294
2026-08-17 03:29:35,987 INFO [run_teacher] [1813/1826] vsr_295_295
2026-08-17 03:29:40,768 INFO [run_teacher] [1814/1826] vsr_302_302
2026-08-17 03:29:46,508 INFO [run_teacher] [1815/1826] vsr_304_304
2026-08-17 03:29:50,232 INFO [run_teacher] [1816/1826] vsr_305_305
2026-08-17 03:29:54,081 INFO [run_teacher] [1817/1826] vsr_306_306
2026-08-17 03:30:00,004 INFO [run_teacher] [1818/1826] vsr_307_307
2026-08-17 03:30:05,486 INFO [run_teacher] [1819/1826] vsr_312_312
2026-08-17 03:30:10,934 INFO [run_teacher] [1820/1826] vsr_313_313
2026-08-17 03:30:17,007 INFO [run_teacher] [1821/1826] vsr_323_323
2026-08-17 03:30:20,873 INFO [run_teacher] [1822/1826] vsr_327_327
2026-08-17 03:30:27,362 INFO [run_teacher] [1823/1826] vsr_328_328
2026-08-17 03:30:31,219 INFO [run_teacher] [1824/1826] vsr_329_329
2026-08-17 03:30:37,059 INFO [run_teacher] [1825/1826] vsr_333_333
2026-08-17 03:30:42,916 INFO [run_teacher] [1826/1826] vsr_338_338
2026-08-17 03:30:48,268 INFO [run_teacher] Shard finished in 16522.8s with 19 failed rows
2026-08-17 03:30:48,268 INFO [run_teacher] Unresolved failure-ledger rows: 19
