===== qwen3_vl_8b state-manifest index =====
Timeout: 600s; bundle remaining: 18000s
{
  "format_version": "state_manifest_v2",
  "state_dir": "outputs/week8_lomo/qwen3_vl_8b/states",
  "files": [
    {
      "path": "outputs/week8_lomo/qwen3_vl_8b/states/states_lomo.jsonl",
      "row_count": 194249,
      "sha256": "0e0c903fe2fe856a1dd59e95dd9d21e6507143d583b605966148e789124ccf38"
    }
  ],
  "row_count": 194249,
  "teacher_row_count": 7291,
  "split_counts": {
    "cal": 20002,
    "test": 20716,
    "train": 134847,
    "val": 18684
  },
  "required_split": null,
  "report_sha256": "674440e5c73afa0b616b317ca473d0308be531878c6d84203ee62adf26005343"
}
	Command being timed: "timeout --signal=TERM --kill-after=5m 600s python scripts/index_state_manifest.py --state_dir outputs/week8_lomo/qwen3_vl_8b/states --output_path outputs/week8_lomo/qwen3_vl_8b/state_manifest.json --expected_teacher_rows 7291 --resume"
	User time (seconds): 3.31
	System time (seconds): 0.18
	Percent of CPU this job got: 99%
	Elapsed (wall clock) time (h:mm:ss or m:ss): 0:03.50
	Average shared text size (kbytes): 0
	Average unshared data size (kbytes): 0
	Average stack size (kbytes): 0
	Average total size (kbytes): 0
	Maximum resident set size (kbytes): 52880
	Average resident set size (kbytes): 0
	Major (requiring I/O) page faults: 0
	Minor (reclaiming a frame) page faults: 14221
	Voluntary context switches: 3
	Involuntary context switches: 9
	Swaps: 0
	File system inputs: 0
	File system outputs: 8
	Socket messages sent: 0
	Socket messages received: 0
	Signals delivered: 0
	Page size (bytes): 4096
	Exit status: 0
qwen3_vl_8b state-manifest index exit code: 0
