===== qwen3_vl_8b temporary validation APS =====
Timeout: 180s; bundle remaining: 17883s
{
  "format_version": "temporary_validation_aps_v1",
  "status": "TEMPORARY_NOT_FINAL_CALIBRATION",
  "fit_split": "val",
  "calibration_split_used": false,
  "test_split_used": false,
  "config_sha256": "0293d3bdbcd91299f7f4ec0e501917e2d40bfcc40b2a33d5591f0ac0330f3d74",
  "checkpoint_path": "outputs/week8_lomo/qwen3_vl_8b/checkpoints/diagnostic/diag_deep_sets_standard_seed42.best.pt",
  "checkpoint_sha256": "888e8b5c08807175874ccebc6ba6890c32ab7931c56b3f3399fcdc60d74dafd0",
  "source_manifest_sha256": "0109dca021172e495c8920583501a30c326a2a4097152b1323aa8848831142bb",
  "budgets": [
    1,
    2,
    3,
    4,
    7
  ],
  "coverages": [
    0.9,
    0.95
  ],
  "limit": null,
  "thresholds": {
    "1": {
      "0.9": {
        "alpha": 0.09999999999999998,
        "target_coverage": 0.9,
        "threshold": 0.9999186992645264,
        "calibration_count": 4922,
        "validation_metrics": {
          "coverage": 0.9002438033319788,
          "average_set_size": 3.3969930922389273,
          "singleton_rate": 0.15603413246647704,
          "empty_set_rate": 0.06704591629418935
        }
      },
      "0.95": {
        "alpha": 0.050000000000000044,
        "target_coverage": 0.95,
        "threshold": 0.999962329864502,
        "calibration_count": 4922,
        "validation_metrics": {
          "coverage": 0.9502234863876473,
          "average_set_size": 3.542868752539618,
          "singleton_rate": 0.1542056074766355,
          "empty_set_rate": 0.018082080455099552
        }
      }
    },
    "2": {
      "0.9": {
        "alpha": 0.09999999999999998,
        "target_coverage": 0.9,
        "threshold": 0.9999258518218994,
        "calibration_count": 8765,
        "validation_metrics": {
          "coverage": 0.9001711351968055,
          "average_set_size": 3.1923559612093553,
          "singleton_rate": 0.18687963491158016,
          "empty_set_rate": 0.07415858528237307
        }
      },
      "0.95": {
        "alpha": 0.050000000000000044,
        "target_coverage": 0.95,
        "threshold": 0.9999855756759644,
        "calibration_count": 8765,
        "validation_metrics": {
          "coverage": 0.9501426126640046,
          "average_set_size": 3.5196805476326296,
          "singleton_rate": 0.11694238448374215,
          "empty_set_rate": 0.026126640045636054
        }
      }
    },
    "3": {
      "0.9": {
        "alpha": 0.09999999999999998,
        "target_coverage": 0.9,
        "threshold": 0.9999511241912842,
        "calibration_count": 12701,
        "validation_metrics": {
          "coverage": 0.9000866073537517,
          "average_set_size": 3.0798362333674514,
          "singleton_rate": 0.19155971970710967,
          "empty_set_rate": 0.07952129753562712
        }
      },
      "0.95": {
        "alpha": 0.050000000000000044,
        "target_coverage": 0.95,
        "threshold": 0.9999947547912598,
        "calibration_count": 12701,
        "validation_metrics": {
          "coverage": 0.9500826706558538,
          "average_set_size": 3.5623179277222268,
          "singleton_rate": 0.10337768679631525,
          "empty_set_rate": 0.03172978505629478
        }
      }
    },
    "4": {
      "0.9": {
        "alpha": 0.09999999999999998,
        "target_coverage": 0.9,
        "threshold": 0.9999666213989258,
        "calibration_count": 16554,
        "validation_metrics": {
          "coverage": 0.900144980065241,
          "average_set_size": 2.9896097619910598,
          "singleton_rate": 0.20067657363779148,
          "empty_set_rate": 0.08324272079255769
        }
      },
      "0.95": {
        "alpha": 0.050000000000000044,
        "target_coverage": 0.95,
        "threshold": 0.9999979734420776,
        "calibration_count": 16554,
        "validation_metrics": {
          "coverage": 0.95070677781805,
          "average_set_size": 3.650477226048085,
          "singleton_rate": 0.07792678506705328,
          "empty_set_rate": 0.035036849099915425
        }
      }
    },
    "7": {
      "0.9": {
        "alpha": 0.09999999999999998,
        "target_coverage": 0.9,
        "threshold": 0.9999772310256958,
        "calibration_count": 18684,
        "validation_metrics": {
          "coverage": 0.9002890173410405,
          "average_set_size": 2.948244487261828,
          "singleton_rate": 0.2118925283665168,
          "empty_set_rate": 0.08558124598587026
        }
      },
      "0.95": {
        "alpha": 0.050000000000000044,
        "target_coverage": 0.95,
        "threshold": 0.9999986886978149,
        "calibration_count": 18684,
        "validation_metrics": {
          "coverage": 0.9514557910511667,
          "average_set_size": 3.639798758295868,
          "singleton_rate": 0.07332476985656176,
          "empty_set_rate": 0.03623421108970242
        }
      }
    }
  },
  "report_sha256": "fe0d01a49efea8382533f3c81412afe075f8b6e60fa256c5b53a231bab153b9b"
}
	Command being timed: "timeout --signal=TERM --kill-after=5m 180s python scripts/fit_temporary_aps.py --config configs/experiments/diag_bakeoff.yaml --manifest_path outputs/week8_lomo/qwen3_vl_8b/vectorized/vectorized_manifest.json --checkpoint outputs/week8_lomo/qwen3_vl_8b/checkpoints/diagnostic/diag_deep_sets_standard_seed42.best.pt --output_dir outputs/week8_lomo/qwen3_vl_8b/temporary_aps --seed 42 --device cuda:0 --resume"
	User time (seconds): 13.88
	System time (seconds): 6.11
	Percent of CPU this job got: 233%
	Elapsed (wall clock) time (h:mm:ss or m:ss): 0:08.57
	Average shared text size (kbytes): 0
	Average unshared data size (kbytes): 0
	Average stack size (kbytes): 0
	Average total size (kbytes): 0
	Maximum resident set size (kbytes): 1044104
	Average resident set size (kbytes): 0
	Major (requiring I/O) page faults: 0
	Minor (reclaiming a frame) page faults: 195650
	Voluntary context switches: 508
	Involuntary context switches: 154478
	Swaps: 0
	File system inputs: 0
	File system outputs: 16
	Socket messages sent: 0
	Socket messages received: 0
	Signals delivered: 0
	Page size (bytes): 4096
	Exit status: 0
qwen3_vl_8b temporary validation APS exit code: 0
