===== qwen3_vl_8b VOI targets =====
Timeout: 1080s; bundle remaining: 17875s
2026-09-11 13:15:31,344 INFO [build_voi_targets] Processed 248415 target rows from outputs/week8_lomo/qwen3_vl_8b/states/states_lomo.jsonl
{
  "format_version": "week6_voi_manifest_v1",
  "config_sha256": "33e88aa1bbc4dbaa47309015be7e6e188523dcdf5416cf64d1703aa4c442c9eb",
  "vector_manifest_sha256": "0109dca021172e495c8920583501a30c326a2a4097152b1323aa8848831142bb",
  "state_manifest_sha256": "e4e66f4f30536ce3864c8e8bd8a8c2195035083da8d1f9735d614129aef4b9f5",
  "freeze_manifest_sha256": "e62e710c549b2ab49e8a5e111906b490b3eda818dea44576c1b39cfde2a5244f",
  "checkpoint_sha256": "888e8b5c08807175874ccebc6ba6890c32ab7931c56b3f3399fcdc60d74dafd0",
  "temporary_aps_sha256": "c1da4f8fd0fdd1663cff5762d12c15973bb39903e9388668378d6409139d1366",
  "limit": null,
  "status": "COMPLETE",
  "fit_splits": [
    "train",
    "val"
  ],
  "calibration_used": false,
  "test_used": false,
  "budgets": [
    1,
    2,
    4
  ],
  "eta_loss": 0.25,
  "cost_multipliers": [
    0.0,
    0.05,
    0.1,
    0.2,
    0.4
  ],
  "target_coverage": 0.9,
  "row_count": 248415,
  "split_counts": {
    "train": 218174,
    "val": 30241
  },
  "sign_counts": {
    "0": {
      "zero": 248415,
      "positive": 524714,
      "negative": 151747
    },
    "0.05": {
      "zero": 248415,
      "positive": 261001,
      "negative": 415460
    },
    "0.1": {
      "zero": 248415,
      "positive": 231210,
      "negative": 445251
    },
    "0.2": {
      "zero": 248415,
      "positive": 207009,
      "negative": 469452
    },
    "0.4": {
      "zero": 248415,
      "positive": 199457,
      "negative": 477004
    }
  },
  "best_action_counts": {
    "0": {
      "blank": 73221,
      "stop": 101060,
      "grounding": 9970,
      "crop": 12127,
      "blur": 35744,
      "brightness": 8459,
      "noise": 7510,
      "relation": 324
    },
    "0.05": {
      "blank": 65956,
      "stop": 131954,
      "grounding": 7110,
      "blur": 23815,
      "brightness": 6071,
      "crop": 8222,
      "noise": 4977,
      "relation": 310
    },
    "0.1": {
      "blank": 62986,
      "stop": 136690,
      "grounding": 6317,
      "blur": 23157,
      "brightness": 5908,
      "crop": 8135,
      "noise": 4920,
      "relation": 302
    },
    "0.2": {
      "blank": 56628,
      "stop": 145852,
      "grounding": 6014,
      "blur": 20883,
      "crop": 8055,
      "noise": 4883,
      "brightness": 5820,
      "relation": 280
    },
    "0.4": {
      "blank": 55127,
      "stop": 148211,
      "grounding": 5895,
      "blur": 20582,
      "crop": 7885,
      "noise": 4843,
      "brightness": 5615,
      "relation": 257
    }
  },
  "files": [
    {
      "path": "states_lomo__train.jsonl",
      "split": "train",
      "row_count": 218174,
      "sha256": "fcf7ac08f748d8c69e947ea8716cf234cf1ad8731a88b5db8e85956f4247cef7",
      "source_state_path": "outputs/week8_lomo/qwen3_vl_8b/states/states_lomo.jsonl",
      "source_state_sha256": "0e0c903fe2fe856a1dd59e95dd9d21e6507143d583b605966148e789124ccf38",
      "source_teacher_path": "outputs/week8_lomo/qwen3_vl_8b/teachers/teacher_lomo.jsonl",
      "source_teacher_sha256": "8ba8340b05b2f9e37904dffe1cc7e75345fd8cf08175be2081c11228dbce5f7f"
    },
    {
      "path": "states_lomo__val.jsonl",
      "split": "val",
      "row_count": 30241,
      "sha256": "dcc9e67aeb50e934766ff4ff0dbc328d795cddf1c2bf4eb77a2e3256532a78b8",
      "source_state_path": "outputs/week8_lomo/qwen3_vl_8b/states/states_lomo.jsonl",
      "source_state_sha256": "0e0c903fe2fe856a1dd59e95dd9d21e6507143d583b605966148e789124ccf38",
      "source_teacher_path": "outputs/week8_lomo/qwen3_vl_8b/teachers/teacher_lomo.jsonl",
      "source_teacher_sha256": "8ba8340b05b2f9e37904dffe1cc7e75345fd8cf08175be2081c11228dbce5f7f"
    }
  ],
  "manifest_sha256": "ca9dbc26eaadb8b63013c199ceb22a943c2d0f82c14bef2d8ec0295865905f54"
}
	Command being timed: "timeout --signal=TERM --kill-after=5m 1080s python scripts/build_voi_targets.py --config configs/experiments/policy_train.yaml --manifest_path outputs/week8_lomo/qwen3_vl_8b/vectorized/vectorized_manifest.json --state_manifest outputs/week8_lomo/qwen3_vl_8b/state_manifest.json --state_dir outputs/week8_lomo/qwen3_vl_8b/states --checkpoint outputs/week8_lomo/qwen3_vl_8b/checkpoints/diagnostic/diag_deep_sets_standard_seed42.best.pt --freeze_manifest outputs/week8_lomo/qwen3_vl_8b/freeze/lomo_diagnostic_freeze.json --temporary_aps outputs/week8_lomo/qwen3_vl_8b/temporary_aps/temporary_aps_deep_sets_standard_seed42.json --teacher_path outputs/week8_lomo/qwen3_vl_8b/teachers --output_dir outputs/week8_lomo/qwen3_vl_8b/voi --seed 42 --inference_batch_size 512 --device cuda:0 --resume"
	User time (seconds): 329.22
	System time (seconds): 15.79
	Percent of CPU this job got: 101%
	Elapsed (wall clock) time (h:mm:ss or m:ss): 5:39.27
	Average shared text size (kbytes): 0
	Average unshared data size (kbytes): 0
	Average stack size (kbytes): 0
	Average total size (kbytes): 0
	Maximum resident set size (kbytes): 10957740
	Average resident set size (kbytes): 0
	Major (requiring I/O) page faults: 0
	Minor (reclaiming a frame) page faults: 2672700
	Voluntary context switches: 3800
	Involuntary context switches: 35643
	Swaps: 0
	File system inputs: 0
	File system outputs: 1206824
	Socket messages sent: 0
	Socket messages received: 0
	Signals delivered: 0
	Page size (bytes): 4096
	Exit status: 0
qwen3_vl_8b VOI targets exit code: 0
