===== qwen3_vl_8b source APS calibration =====
Timeout: 300s; bundle remaining: 16624s
{
  "format_version": "week7_final_aps_v1",
  "status": "FINAL_FROZEN",
  "fit_split": "cal",
  "test_used": false,
  "config_sha256": "10c5b4775f911ae62b5f2e25c331c5adda9a15ee3576f8e853ac0a982b0cd960",
  "freeze_manifest_sha256": "b245d3f0aec7d43fdedf1684fb183d4b8d740f666fc47bc7873b61c0be0605aa",
  "trajectory_manifest_sha256": "09dabe5b9bb1873f09cdc426e233b06586d57059e1856fd4e848259dd1a68bd7",
  "budgets": [
    1,
    2,
    3,
    4,
    7
  ],
  "coverages": [
    0.9,
    0.95
  ],
  "thresholds": {
    "1": {
      "0.9": {
        "alpha": 0.09999999999999998,
        "target_coverage": 0.9,
        "threshold": 0.9999251365661621,
        "calibration_count": 750,
        "calibration_metrics": {
          "coverage": 0.9013333333333333,
          "average_set_size": 2.6613333333333333,
          "singleton_rate": 0.19733333333333333,
          "empty_set_rate": 0.09066666666666667
        }
      },
      "0.95": {
        "alpha": 0.050000000000000044,
        "target_coverage": 0.95,
        "threshold": 0.9999562501907349,
        "calibration_count": 750,
        "calibration_metrics": {
          "coverage": 0.952,
          "average_set_size": 2.7546666666666666,
          "singleton_rate": 0.232,
          "empty_set_rate": 0.04133333333333333
        }
      }
    },
    "2": {
      "0.9": {
        "alpha": 0.09999999999999998,
        "target_coverage": 0.9,
        "threshold": 0.9999916553497314,
        "calibration_count": 750,
        "calibration_metrics": {
          "coverage": 0.9013333333333333,
          "average_set_size": 2.868,
          "singleton_rate": 0.09066666666666667,
          "empty_set_rate": 0.09733333333333333
        }
      },
      "0.95": {
        "alpha": 0.050000000000000044,
        "target_coverage": 0.95,
        "threshold": 0.9999980926513672,
        "calibration_count": 750,
        "calibration_metrics": {
          "coverage": 0.956,
          "average_set_size": 3.494666666666667,
          "singleton_rate": 0.088,
          "empty_set_rate": 0.042666666666666665
        }
      }
    },
    "3": {
      "0.9": {
        "alpha": 0.09999999999999998,
        "target_coverage": 0.9,
        "threshold": 0.9999978542327881,
        "calibration_count": 750,
        "calibration_metrics": {
          "coverage": 0.9026666666666666,
          "average_set_size": 3.2733333333333334,
          "singleton_rate": 0.06533333333333333,
          "empty_set_rate": 0.09733333333333333
        }
      },
      "0.95": {
        "alpha": 0.050000000000000044,
        "target_coverage": 0.95,
        "threshold": 0.9999990463256836,
        "calibration_count": 750,
        "calibration_metrics": {
          "coverage": 0.9586666666666667,
          "average_set_size": 3.4306666666666668,
          "singleton_rate": 0.10533333333333333,
          "empty_set_rate": 0.04133333333333333
        }
      }
    },
    "4": {
      "0.9": {
        "alpha": 0.09999999999999998,
        "target_coverage": 0.9,
        "threshold": 0.9999982118606567,
        "calibration_count": 750,
        "calibration_metrics": {
          "coverage": 0.9013333333333333,
          "average_set_size": 3.2586666666666666,
          "singleton_rate": 0.07066666666666667,
          "empty_set_rate": 0.09866666666666667
        }
      },
      "0.95": {
        "alpha": 0.050000000000000044,
        "target_coverage": 0.95,
        "threshold": 0.999998927116394,
        "calibration_count": 750,
        "calibration_metrics": {
          "coverage": 0.956,
          "average_set_size": 3.3546666666666667,
          "singleton_rate": 0.12,
          "empty_set_rate": 0.044
        }
      }
    },
    "7": {
      "0.9": {
        "alpha": 0.09999999999999998,
        "target_coverage": 0.9,
        "threshold": 0.9999988079071045,
        "calibration_count": 750,
        "calibration_metrics": {
          "coverage": 0.9093333333333333,
          "average_set_size": 3.276,
          "singleton_rate": 0.076,
          "empty_set_rate": 0.09066666666666667
        }
      },
      "0.95": {
        "alpha": 0.050000000000000044,
        "target_coverage": 0.95,
        "threshold": 0.9999991655349731,
        "calibration_count": 750,
        "calibration_metrics": {
          "coverage": 0.9586666666666667,
          "average_set_size": 3.3626666666666667,
          "singleton_rate": 0.11866666666666667,
          "empty_set_rate": 0.04133333333333333
        }
      }
    }
  },
  "thresholds_sha256": "9c71d552537535a4e59b7adb3b71b70154947a2aeda5900bc4d558f996c3327a"
}
	Command being timed: "timeout --signal=TERM --kill-after=5m 300s python scripts/calibrate_aps.py --config configs/experiments/calibrate_aps.yaml --manifest_path outputs/week8_lomo/qwen3_vl_8b/calibration/trajectories/calibration_trajectory_manifest.json --freeze_manifest outputs/week8_lomo/qwen3_vl_8b/freeze/lomo_stack_freeze.json --output_dir outputs/week8_lomo/qwen3_vl_8b/calibration/aps --seed 42 --device cpu --resume"
	User time (seconds): 1.95
	System time (seconds): 5.57
	Percent of CPU this job got: 477%
	Elapsed (wall clock) time (h:mm:ss or m:ss): 0:01.57
	Average shared text size (kbytes): 0
	Average unshared data size (kbytes): 0
	Average stack size (kbytes): 0
	Average total size (kbytes): 0
	Maximum resident set size (kbytes): 429240
	Average resident set size (kbytes): 0
	Major (requiring I/O) page faults: 0
	Minor (reclaiming a frame) page faults: 63613
	Voluntary context switches: 163
	Involuntary context switches: 195
	Swaps: 0
	File system inputs: 24
	File system outputs: 16
	Socket messages sent: 0
	Socket messages received: 0
	Signals delivered: 0
	Page size (bytes): 4096
	Exit status: 0
qwen3_vl_8b source APS calibration exit code: 0
