===== qwen3_vl_8b scalar source APS =====
Timeout: 300s; bundle remaining: 16620s
{
  "format_version": "static_baseline_aps_v1",
  "status": "FINAL_FROZEN",
  "baseline": "scalar_confidence",
  "fit_split": "cal",
  "calibration_used": true,
  "test_used": false,
  "approval_config_sha256": "10c5b4775f911ae62b5f2e25c331c5adda9a15ee3576f8e853ac0a982b0cd960",
  "vector_manifest_sha256": "0109dca021172e495c8920583501a30c326a2a4097152b1323aa8848831142bb",
  "checkpoint_sha256": "3231329e9745080fe234b0e60895c1537d1f542be32679f062b480512c5fc768",
  "freeze_manifest_sha256": "b245d3f0aec7d43fdedf1684fb183d4b8d740f666fc47bc7873b61c0be0605aa",
  "budgets": [
    1,
    2,
    3,
    4,
    7
  ],
  "coverages": [
    0.9,
    0.95
  ],
  "limit": null,
  "thresholds": {
    "1": {
      "0.9": {
        "alpha": 0.09999999999999998,
        "target_coverage": 0.9,
        "threshold": 0.9075398743152618,
        "fit_count": 750,
        "fit_metrics": {
          "coverage": 0.9013333333333333,
          "average_set_size": 3.16,
          "singleton_rate": 0.18266666666666667,
          "empty_set_rate": 0.02266666666666667
        }
      },
      "0.95": {
        "alpha": 0.050000000000000044,
        "target_coverage": 0.95,
        "threshold": 0.9999999571591616,
        "fit_count": 750,
        "fit_metrics": {
          "coverage": 0.952,
          "average_set_size": 5.209333333333333,
          "singleton_rate": 0.0,
          "empty_set_rate": 0.0
        }
      }
    },
    "2": {
      "0.9": {
        "alpha": 0.09999999999999998,
        "target_coverage": 0.9,
        "threshold": 0.9075398743152618,
        "fit_count": 750,
        "fit_metrics": {
          "coverage": 0.9013333333333333,
          "average_set_size": 3.16,
          "singleton_rate": 0.18266666666666667,
          "empty_set_rate": 0.02266666666666667
        }
      },
      "0.95": {
        "alpha": 0.050000000000000044,
        "target_coverage": 0.95,
        "threshold": 0.9999999571591616,
        "fit_count": 750,
        "fit_metrics": {
          "coverage": 0.952,
          "average_set_size": 5.209333333333333,
          "singleton_rate": 0.0,
          "empty_set_rate": 0.0
        }
      }
    },
    "3": {
      "0.9": {
        "alpha": 0.09999999999999998,
        "target_coverage": 0.9,
        "threshold": 0.9075398743152618,
        "fit_count": 750,
        "fit_metrics": {
          "coverage": 0.9013333333333333,
          "average_set_size": 3.16,
          "singleton_rate": 0.18266666666666667,
          "empty_set_rate": 0.02266666666666667
        }
      },
      "0.95": {
        "alpha": 0.050000000000000044,
        "target_coverage": 0.95,
        "threshold": 0.9999999571591616,
        "fit_count": 750,
        "fit_metrics": {
          "coverage": 0.952,
          "average_set_size": 5.209333333333333,
          "singleton_rate": 0.0,
          "empty_set_rate": 0.0
        }
      }
    },
    "4": {
      "0.9": {
        "alpha": 0.09999999999999998,
        "target_coverage": 0.9,
        "threshold": 0.9075398743152618,
        "fit_count": 750,
        "fit_metrics": {
          "coverage": 0.9013333333333333,
          "average_set_size": 3.16,
          "singleton_rate": 0.18266666666666667,
          "empty_set_rate": 0.02266666666666667
        }
      },
      "0.95": {
        "alpha": 0.050000000000000044,
        "target_coverage": 0.95,
        "threshold": 0.9999999571591616,
        "fit_count": 750,
        "fit_metrics": {
          "coverage": 0.952,
          "average_set_size": 5.209333333333333,
          "singleton_rate": 0.0,
          "empty_set_rate": 0.0
        }
      }
    },
    "7": {
      "0.9": {
        "alpha": 0.09999999999999998,
        "target_coverage": 0.9,
        "threshold": 0.9075398743152618,
        "fit_count": 750,
        "fit_metrics": {
          "coverage": 0.9013333333333333,
          "average_set_size": 3.16,
          "singleton_rate": 0.18266666666666667,
          "empty_set_rate": 0.02266666666666667
        }
      },
      "0.95": {
        "alpha": 0.050000000000000044,
        "target_coverage": 0.95,
        "threshold": 0.9999999571591616,
        "fit_count": 750,
        "fit_metrics": {
          "coverage": 0.952,
          "average_set_size": 5.209333333333333,
          "singleton_rate": 0.0,
          "empty_set_rate": 0.0
        }
      }
    }
  },
  "report_sha256": "92f14b55bce2f49111bab1d51beda02217d2c1197eec09ab020bfbbb55246e91"
}
	Command being timed: "timeout --signal=TERM --kill-after=5m 300s python scripts/calibrate_static_baseline_aps.py --approval_config configs/experiments/calibrate_aps.yaml --manifest_path outputs/week8_lomo/qwen3_vl_8b/vectorized/vectorized_manifest.json --checkpoint outputs/week8_lomo/qwen3_vl_8b/checkpoints/baselines/baseline_scalar_seed42.best.pt --phase calibration --freeze_manifest outputs/week8_lomo/qwen3_vl_8b/freeze/lomo_stack_freeze.json --budgets 1 2 3 4 7 --coverages 0.90 0.95 --output_dir outputs/week8_lomo/qwen3_vl_8b/calibration/static_aps --seed 42 --device cpu --resume"
	User time (seconds): 11.96
	System time (seconds): 5.65
	Percent of CPU this job got: 642%
	Elapsed (wall clock) time (h:mm:ss or m:ss): 0:02.74
	Average shared text size (kbytes): 0
	Average unshared data size (kbytes): 0
	Average stack size (kbytes): 0
	Average total size (kbytes): 0
	Maximum resident set size (kbytes): 553996
	Average resident set size (kbytes): 0
	Major (requiring I/O) page faults: 0
	Minor (reclaiming a frame) page faults: 98411
	Voluntary context switches: 683
	Involuntary context switches: 90270
	Swaps: 0
	File system inputs: 0
	File system outputs: 16
	Socket messages sent: 0
	Socket messages received: 0
	Signals delivered: 0
	Page size (bytes): 4096
	Exit status: 0
qwen3_vl_8b scalar source APS exit code: 0
