{
  "format_version": "permutation_evaluation_v1",
  "phase": "week5",
  "split": "val",
  "config_sha256": "0293d3bdbcd91299f7f4ec0e501917e2d40bfcc40b2a33d5591f0ac0330f3d74",
  "manifest_sha256": "1fac2c343e57ca8b6702c4e6a282a7b86a48042a6d133ba84612b5b1c50201ae",
  "checkpoint_sha256": "2e680eb8ff7859b0420577f0ffb3b06810e6f863deac25b87d7fb3170bf2fb06",
  "aps_sha256": "af5b015ee18198370f38a40a34a907b8ab64d4d1bed2afe7e2e693c4d9e9138c",
  "freeze_manifest_sha256": null,
  "limit": null,
  "is_valid": true,
  "encoder_name": "deep_sets",
  "gru_condition": "standard",
  "evaluation_budget": 4,
  "coverage": 0.9,
  "primary_frozen_stack": true,
  "prediction_set_drift_applicable": true,
  "action_drift_applicable": false,
  "subset_sizes": [
    2,
    3,
    4
  ],
  "maximum_permutations_per_state": 10,
  "floating_tolerance": 1e-06,
  "summary": {
    "state_count": 100,
    "js_drift": {
      "mean": 0.0,
      "median": 0.0,
      "max": 0.0
    },
    "bit_l1_drift": {
      "mean": 0.0,
      "median": 0.0,
      "max": 0.0
    },
    "hidden_relative_l2_drift": {
      "mean": 0.0,
      "median": 0.0,
      "max": 0.0
    },
    "set_disagreement": {
      "mean": 0.0,
      "median": 0.0,
      "max": 0.0
    }
  },
  "calibration_drift_by_subset_size": {
    "2": {
      "coverage_range": 0.0,
      "average_set_size_range": 0.0,
      "coverage_by_permutation": [
        0.9459459459459459,
        0.9459459459459459
      ],
      "average_set_size_by_permutation": [
        3.135135135135135,
        3.135135135135135
      ]
    },
    "3": {
      "coverage_range": 0.0,
      "average_set_size_range": 0.0,
      "coverage_by_permutation": [
        0.9117647058823529,
        0.9117647058823529,
        0.9117647058823529,
        0.9117647058823529,
        0.9117647058823529,
        0.9117647058823529
      ],
      "average_set_size_by_permutation": [
        2.8823529411764706,
        2.8823529411764706,
        2.8823529411764706,
        2.8823529411764706,
        2.8823529411764706,
        2.8823529411764706
      ]
    },
    "4": {
      "coverage_range": 0.0,
      "average_set_size_range": 0.0,
      "coverage_by_permutation": [
        0.7931034482758621,
        0.7931034482758621,
        0.7931034482758621,
        0.7931034482758621,
        0.7931034482758621,
        0.7931034482758621,
        0.7931034482758621,
        0.7931034482758621,
        0.7931034482758621,
        0.7931034482758621
      ],
      "average_set_size_by_permutation": [
        2.5517241379310347,
        2.5517241379310347,
        2.5517241379310347,
        2.5517241379310347,
        2.5517241379310347,
        2.5517241379310347,
        2.5517241379310347,
        2.5517241379310347,
        2.5517241379310347,
        2.5517241379310347
      ]
    }
  },
  "csv_path": "outputs/week5_reports/permutation_week5_deep_sets_standard_seed42.csv",
  "csv_sha256": "85e4b7db0a661e5ff941f22637c52a8fb72129f524199fbac424d608b9f8cd3b",
  "figure_path": "outputs/week5_reports/permutation_week5_deep_sets_standard_seed42.png",
  "figure_sha256": "5986a9172d4807329c249c047265fba3e9b04d23c0d6b9a99a540383273cdb36",
  "report_sha256": "715347117e941833d9331a4338d155df2b5b37b50428bebbffeec065ef48a803"
}
