{
  "format_version": "temporary_validation_aps_v1",
  "status": "TEMPORARY_NOT_FINAL_CALIBRATION",
  "fit_split": "val",
  "calibration_split_used": false,
  "test_split_used": false,
  "config_sha256": "0293d3bdbcd91299f7f4ec0e501917e2d40bfcc40b2a33d5591f0ac0330f3d74",
  "checkpoint_path": "outputs/week5_checkpoints/diag_gru_canonical_seed42.best.pt",
  "checkpoint_sha256": "234609a0ee6411b596632139eed294b3de3f38230bf260b7f43c96fca95474a4",
  "source_manifest_sha256": "1fac2c343e57ca8b6702c4e6a282a7b86a48042a6d133ba84612b5b1c50201ae",
  "budgets": [
    1,
    2,
    3,
    4,
    7
  ],
  "coverages": [
    0.9,
    0.95
  ],
  "limit": null,
  "thresholds": {
    "1": {
      "0.9": {
        "alpha": 0.09999999999999998,
        "target_coverage": 0.9,
        "threshold": 0.9995598196983337,
        "calibration_count": 9844,
        "validation_metrics": {
          "coverage": 0.900142218610321,
          "average_set_size": 3.4657659488013004,
          "singleton_rate": 0.25446972775294596,
          "empty_set_rate": 0.036062576188541244
        }
      },
      "0.95": {
        "alpha": 0.050000000000000044,
        "target_coverage": 0.95,
        "threshold": 0.9998179376125336,
        "calibration_count": 9844,
        "validation_metrics": {
          "coverage": 0.9501219016659894,
          "average_set_size": 3.650142218610321,
          "singleton_rate": 0.18234457537586346,
          "empty_set_rate": 0.01259650548557497
        }
      }
    },
    "2": {
      "0.9": {
        "alpha": 0.09999999999999998,
        "target_coverage": 0.9,
        "threshold": 0.9995754212141037,
        "calibration_count": 17531,
        "validation_metrics": {
          "coverage": 0.9000627459928128,
          "average_set_size": 3.2080885288916776,
          "singleton_rate": 0.30859620101534424,
          "empty_set_rate": 0.03873139010894986
        }
      },
      "0.95": {
        "alpha": 0.050000000000000044,
        "target_coverage": 0.95,
        "threshold": 0.9998683929443359,
        "calibration_count": 17531,
        "validation_metrics": {
          "coverage": 0.9500884148080543,
          "average_set_size": 3.507386914608408,
          "singleton_rate": 0.15954594717928242,
          "empty_set_rate": 0.019565341395242714
        }
      }
    },
    "3": {
      "0.9": {
        "alpha": 0.09999999999999998,
        "target_coverage": 0.9,
        "threshold": 0.9996570348739624,
        "calibration_count": 25419,
        "validation_metrics": {
          "coverage": 0.900035406585625,
          "average_set_size": 3.037530980762422,
          "singleton_rate": 0.3070537786694992,
          "empty_set_rate": 0.048703725559620756
        }
      },
      "0.95": {
        "alpha": 0.050000000000000044,
        "target_coverage": 0.95,
        "threshold": 0.9999030940234661,
        "calibration_count": 25419,
        "validation_metrics": {
          "coverage": 0.9500373736181597,
          "average_set_size": 3.463314843227507,
          "singleton_rate": 0.11837601793933672,
          "empty_set_rate": 0.02832526849994099
        }
      }
    },
    "4": {
      "0.9": {
        "alpha": 0.09999999999999998,
        "target_coverage": 0.9,
        "threshold": 0.999682605266571,
        "calibration_count": 33108,
        "validation_metrics": {
          "coverage": 0.9000543675244654,
          "average_set_size": 2.9419173613628127,
          "singleton_rate": 0.2752808988764045,
          "empty_set_rate": 0.05575691675727921
        }
      },
      "0.95": {
        "alpha": 0.050000000000000044,
        "target_coverage": 0.95,
        "threshold": 0.9999331012368202,
        "calibration_count": 33108,
        "validation_metrics": {
          "coverage": 0.950042285852362,
          "average_set_size": 3.459526398453546,
          "singleton_rate": 0.07578228826869639,
          "empty_set_rate": 0.03515766582094962
        }
      }
    },
    "7": {
      "0.9": {
        "alpha": 0.09999999999999998,
        "target_coverage": 0.9,
        "threshold": 0.9996885657310486,
        "calibration_count": 37368,
        "validation_metrics": {
          "coverage": 0.9000481695568401,
          "average_set_size": 2.8974523656604583,
          "singleton_rate": 0.24917041318775424,
          "empty_set_rate": 0.060506315564119034
        }
      },
      "0.95": {
        "alpha": 0.050000000000000044,
        "target_coverage": 0.95,
        "threshold": 0.999965101480484,
        "calibration_count": 37368,
        "validation_metrics": {
          "coverage": 0.9500374652108756,
          "average_set_size": 3.5997109826589595,
          "singleton_rate": 0.03222008135302933,
          "empty_set_rate": 0.03909762363519589
        }
      }
    }
  },
  "report_sha256": "5f655055c3ee34eaf07538dbbe4e9655fecc18799fd726284d881b797dc5b450"
}
