{
  "format_version": "temporary_validation_aps_v1",
  "status": "TEMPORARY_NOT_FINAL_CALIBRATION",
  "fit_split": "val",
  "calibration_split_used": false,
  "test_split_used": false,
  "config_sha256": "0293d3bdbcd91299f7f4ec0e501917e2d40bfcc40b2a33d5591f0ac0330f3d74",
  "checkpoint_path": "outputs/week5_checkpoints/diag_deep_sets_standard_seed42.best.pt",
  "checkpoint_sha256": "2e680eb8ff7859b0420577f0ffb3b06810e6f863deac25b87d7fb3170bf2fb06",
  "source_manifest_sha256": "1fac2c343e57ca8b6702c4e6a282a7b86a48042a6d133ba84612b5b1c50201ae",
  "budgets": [
    1,
    2,
    3,
    4,
    7
  ],
  "coverages": [
    0.9,
    0.95
  ],
  "limit": null,
  "thresholds": {
    "1": {
      "0.9": {
        "alpha": 0.09999999999999998,
        "target_coverage": 0.9,
        "threshold": 0.9999946355819702,
        "calibration_count": 9844,
        "validation_metrics": {
          "coverage": 0.9002438033319788,
          "average_set_size": 3.5417513206013815,
          "singleton_rate": 0.17208451848841935,
          "empty_set_rate": 0.06562373019097928
        }
      },
      "0.95": {
        "alpha": 0.050000000000000044,
        "target_coverage": 0.95,
        "threshold": 0.9999991655349731,
        "calibration_count": 9844,
        "validation_metrics": {
          "coverage": 0.9508329947175945,
          "average_set_size": 3.7917513206013815,
          "singleton_rate": 0.12047947988622511,
          "empty_set_rate": 0.02590410402275498
        }
      }
    },
    "2": {
      "0.9": {
        "alpha": 0.09999999999999998,
        "target_coverage": 0.9,
        "threshold": 0.9999978542327881,
        "calibration_count": 17531,
        "validation_metrics": {
          "coverage": 0.9006902059209401,
          "average_set_size": 3.3534310649706236,
          "singleton_rate": 0.1829901317665849,
          "empty_set_rate": 0.0694769265871884
        }
      },
      "0.95": {
        "alpha": 0.050000000000000044,
        "target_coverage": 0.95,
        "threshold": 0.9999996423721313,
        "calibration_count": 17531,
        "validation_metrics": {
          "coverage": 0.953168672637043,
          "average_set_size": 3.640807712052935,
          "singleton_rate": 0.1426615709314928,
          "empty_set_rate": 0.02629627516969939
        }
      }
    },
    "3": {
      "0.9": {
        "alpha": 0.09999999999999998,
        "target_coverage": 0.9,
        "threshold": 0.9999984502792358,
        "calibration_count": 25419,
        "validation_metrics": {
          "coverage": 0.9007828789488178,
          "average_set_size": 3.1748298516857467,
          "singleton_rate": 0.20826940477595499,
          "empty_set_rate": 0.07124591840749046
        }
      },
      "0.95": {
        "alpha": 0.050000000000000044,
        "target_coverage": 0.95,
        "threshold": 0.9999998807907104,
        "calibration_count": 25419,
        "validation_metrics": {
          "coverage": 0.9567646248868956,
          "average_set_size": 3.5945552539439003,
          "singleton_rate": 0.13954128801290375,
          "empty_set_rate": 0.025610763602029976
        }
      }
    },
    "4": {
      "0.9": {
        "alpha": 0.09999999999999998,
        "target_coverage": 0.9,
        "threshold": 0.999998927116394,
        "calibration_count": 33108,
        "validation_metrics": {
          "coverage": 0.902349885224115,
          "average_set_size": 3.04201401473964,
          "singleton_rate": 0.23057871209375377,
          "empty_set_rate": 0.07140268213120696
        }
      },
      "0.95": {
        "alpha": 0.050000000000000044,
        "target_coverage": 0.95,
        "threshold": 0.9999999310821295,
        "calibration_count": 33108,
        "validation_metrics": {
          "coverage": 0.950042285852362,
          "average_set_size": 3.575812492448955,
          "singleton_rate": 0.149812734082397,
          "empty_set_rate": 0.03388909025009061
        }
      }
    },
    "7": {
      "0.9": {
        "alpha": 0.09999999999999998,
        "target_coverage": 0.9,
        "threshold": 0.9999991655349731,
        "calibration_count": 37368,
        "validation_metrics": {
          "coverage": 0.902804538642689,
          "average_set_size": 2.931679511881824,
          "singleton_rate": 0.24341682723185612,
          "empty_set_rate": 0.07230785698993791
        }
      },
      "0.95": {
        "alpha": 0.050000000000000044,
        "target_coverage": 0.95,
        "threshold": 0.9999999850988388,
        "calibration_count": 37368,
        "validation_metrics": {
          "coverage": 0.950626204238921,
          "average_set_size": 4.306652751016913,
          "singleton_rate": 0.09042496253478913,
          "empty_set_rate": 0.03971312352815243
        }
      }
    }
  },
  "report_sha256": "c6d134a07eec94bab512b7a8c00369f5693ba33594a9f6258d6f11a4fbb9bf86"
}
