===== gemma4_e4b state-manifest index =====
Timeout: 600s; bundle remaining: 16617s
{
  "format_version": "state_manifest_v2",
  "state_dir": "outputs/week8_lomo/gemma4_e4b/states",
  "files": [
    {
      "path": "outputs/week8_lomo/gemma4_e4b/states/states_lomo.jsonl",
      "row_count": 194374,
      "sha256": "caec0d4b8a73a51464a4f98a99c25527d64df5dd8a532d519045ddb2d3e97e91"
    }
  ],
  "row_count": 194374,
  "teacher_row_count": 7291,
  "split_counts": {
    "cal": 20002,
    "test": 20753,
    "train": 134935,
    "val": 18684
  },
  "required_split": null,
  "report_sha256": "ed69674587c725278ee4e043de53477eb0fb47fe97cdd565cf468dee75af3054"
}
	Command being timed: "timeout --signal=TERM --kill-after=5m 600s python scripts/index_state_manifest.py --state_dir outputs/week8_lomo/gemma4_e4b/states --output_path outputs/week8_lomo/gemma4_e4b/state_manifest.json --expected_teacher_rows 7291 --resume"
	User time (seconds): 3.33
	System time (seconds): 0.19
	Percent of CPU this job got: 99%
	Elapsed (wall clock) time (h:mm:ss or m:ss): 0:03.53
	Average shared text size (kbytes): 0
	Average unshared data size (kbytes): 0
	Average stack size (kbytes): 0
	Average total size (kbytes): 0
	Maximum resident set size (kbytes): 52880
	Average resident set size (kbytes): 0
	Major (requiring I/O) page faults: 0
	Minor (reclaiming a frame) page faults: 14224
	Voluntary context switches: 5
	Involuntary context switches: 6
	Swaps: 0
	File system inputs: 16
	File system outputs: 8
	Socket messages sent: 0
	Socket messages received: 0
	Signals delivered: 0
	Page size (bytes): 4096
	Exit status: 0
gemma4_e4b state-manifest index exit code: 0
