===== gemma4_e4b temporary validation APS =====
Timeout: 180s; bundle remaining: 16448s
{
  "format_version": "temporary_validation_aps_v1",
  "status": "TEMPORARY_NOT_FINAL_CALIBRATION",
  "fit_split": "val",
  "calibration_split_used": false,
  "test_split_used": false,
  "config_sha256": "0293d3bdbcd91299f7f4ec0e501917e2d40bfcc40b2a33d5591f0ac0330f3d74",
  "checkpoint_path": "outputs/week8_lomo/gemma4_e4b/checkpoints/diagnostic/diag_deep_sets_standard_seed42.best.pt",
  "checkpoint_sha256": "032a6b167b62e3f7f63be99b02c3b547d5a1b0aa0c7be0b81f3987e7b2ad82d7",
  "source_manifest_sha256": "4aa621b1e8e0bf9f3f47cf5b88a720374fe8a35310b19bf3fd68d158c836a52f",
  "budgets": [
    1,
    2,
    3,
    4,
    7
  ],
  "coverages": [
    0.9,
    0.95
  ],
  "limit": null,
  "thresholds": {
    "1": {
      "0.9": {
        "alpha": 0.09999999999999998,
        "target_coverage": 0.9,
        "threshold": 0.9996532201766968,
        "calibration_count": 4922,
        "validation_metrics": {
          "coverage": 0.9002438033319788,
          "average_set_size": 3.575985371800081,
          "singleton_rate": 0.2706216984965461,
          "empty_set_rate": 0.014221861032100772
        }
      },
      "0.95": {
        "alpha": 0.050000000000000044,
        "target_coverage": 0.95,
        "threshold": 0.9999804496765137,
        "calibration_count": 4922,
        "validation_metrics": {
          "coverage": 0.9502234863876473,
          "average_set_size": 3.9032913449817146,
          "singleton_rate": 0.1613165379926859,
          "empty_set_rate": 0.0020316944331572532
        }
      }
    },
    "2": {
      "0.9": {
        "alpha": 0.09999999999999998,
        "target_coverage": 0.9,
        "threshold": 0.9999212622642517,
        "calibration_count": 8766,
        "validation_metrics": {
          "coverage": 0.9001825233858088,
          "average_set_size": 3.341432808578599,
          "singleton_rate": 0.3296828656171572,
          "empty_set_rate": 0.015856719142140086
        }
      },
      "0.95": {
        "alpha": 0.050000000000000044,
        "target_coverage": 0.95,
        "threshold": 0.9999875128269196,
        "calibration_count": 8766,
        "validation_metrics": {
          "coverage": 0.9501483002509696,
          "average_set_size": 3.654232261008442,
          "singleton_rate": 0.17134382842801735,
          "empty_set_rate": 0.004449007529089665
        }
      }
    },
    "3": {
      "0.9": {
        "alpha": 0.09999999999999998,
        "target_coverage": 0.9,
        "threshold": 0.9999384880065918,
        "calibration_count": 12718,
        "validation_metrics": {
          "coverage": 0.9001415316873722,
          "average_set_size": 3.115348325208366,
          "singleton_rate": 0.3724642239345809,
          "empty_set_rate": 0.021544267966661423
        }
      },
      "0.95": {
        "alpha": 0.050000000000000044,
        "target_coverage": 0.95,
        "threshold": 0.9999900981783867,
        "calibration_count": 12718,
        "validation_metrics": {
          "coverage": 0.9501493945588929,
          "average_set_size": 3.4857682025475705,
          "singleton_rate": 0.18359805000786286,
          "empty_set_rate": 0.008570529957540493
        }
      }
    },
    "4": {
      "0.9": {
        "alpha": 0.09999999999999998,
        "target_coverage": 0.9,
        "threshold": 0.9999392032623291,
        "calibration_count": 16554,
        "validation_metrics": {
          "coverage": 0.9000845717047239,
          "average_set_size": 2.929865893439652,
          "singleton_rate": 0.3964600700736982,
          "empty_set_rate": 0.026640086988039144
        }
      },
      "0.95": {
        "alpha": 0.050000000000000044,
        "target_coverage": 0.95,
        "threshold": 0.999990850687027,
        "calibration_count": 16554,
        "validation_metrics": {
          "coverage": 0.9502235109339132,
          "average_set_size": 3.3233659538480125,
          "singleton_rate": 0.20363658330312914,
          "empty_set_rate": 0.011598405219282348
        }
      }
    },
    "7": {
      "0.9": {
        "alpha": 0.09999999999999998,
        "target_coverage": 0.9,
        "threshold": 0.9999346733093262,
        "calibration_count": 18684,
        "validation_metrics": {
          "coverage": 0.9001819738813959,
          "average_set_size": 2.794690644401627,
          "singleton_rate": 0.41056518946692355,
          "empty_set_rate": 0.03050738599871548
        }
      },
      "0.95": {
        "alpha": 0.050000000000000044,
        "target_coverage": 0.95,
        "threshold": 0.999991700053215,
        "calibration_count": 18684,
        "validation_metrics": {
          "coverage": 0.9500642260757868,
          "average_set_size": 3.2270391779062297,
          "singleton_rate": 0.21606722329265682,
          "empty_set_rate": 0.013594519374866196
        }
      }
    }
  },
  "report_sha256": "89a0b32de91c1aa5dc2a96c0f88c62e794ffec7e0494f8438deae6ac28e2fd12"
}
	Command being timed: "timeout --signal=TERM --kill-after=5m 180s python scripts/fit_temporary_aps.py --config configs/experiments/diag_bakeoff.yaml --manifest_path outputs/week8_lomo/gemma4_e4b/vectorized/vectorized_manifest.json --checkpoint outputs/week8_lomo/gemma4_e4b/checkpoints/diagnostic/diag_deep_sets_standard_seed42.best.pt --output_dir outputs/week8_lomo/gemma4_e4b/temporary_aps --seed 42 --device cuda:0 --resume"
	User time (seconds): 14.06
	System time (seconds): 6.10
	Percent of CPU this job got: 258%
	Elapsed (wall clock) time (h:mm:ss or m:ss): 0:07.81
	Average shared text size (kbytes): 0
	Average unshared data size (kbytes): 0
	Average stack size (kbytes): 0
	Average total size (kbytes): 0
	Maximum resident set size (kbytes): 1043908
	Average resident set size (kbytes): 0
	Major (requiring I/O) page faults: 0
	Minor (reclaiming a frame) page faults: 195458
	Voluntary context switches: 490
	Involuntary context switches: 52243
	Swaps: 0
	File system inputs: 16
	File system outputs: 16
	Socket messages sent: 0
	Socket messages received: 0
	Signals delivered: 0
	Page size (bytes): 4096
	Exit status: 0
gemma4_e4b temporary validation APS exit code: 0
