===== gemma4_e4b VOI targets =====
Timeout: 1080s; bundle remaining: 16440s
2026-09-11 13:39:22,504 INFO [build_voi_targets] Processed 248497 target rows from outputs/week8_lomo/gemma4_e4b/states/states_lomo.jsonl
{
  "format_version": "week6_voi_manifest_v1",
  "config_sha256": "33e88aa1bbc4dbaa47309015be7e6e188523dcdf5416cf64d1703aa4c442c9eb",
  "vector_manifest_sha256": "4aa621b1e8e0bf9f3f47cf5b88a720374fe8a35310b19bf3fd68d158c836a52f",
  "state_manifest_sha256": "8b7098e9b6747d5cae458d2323e57948320abd55ecc7466df947ab917fd06ce3",
  "freeze_manifest_sha256": "7036287a6a76959b5f2956dae4dca5cf0992f98338117b00025f8ba615968b84",
  "checkpoint_sha256": "032a6b167b62e3f7f63be99b02c3b547d5a1b0aa0c7be0b81f3987e7b2ad82d7",
  "temporary_aps_sha256": "453f42ff76d00e05bf670b38e3d203735830f4e372c73ff4f77c99d3b364b1c1",
  "limit": null,
  "status": "COMPLETE",
  "fit_splits": [
    "train",
    "val"
  ],
  "calibration_used": false,
  "test_used": false,
  "budgets": [
    1,
    2,
    4
  ],
  "eta_loss": 0.25,
  "cost_multipliers": [
    0.0,
    0.05,
    0.1,
    0.2,
    0.4
  ],
  "target_coverage": 0.9,
  "row_count": 248497,
  "split_counts": {
    "train": 218255,
    "val": 30242
  },
  "sign_counts": {
    "0": {
      "zero": 248498,
      "positive": 503735,
      "negative": 172782
    },
    "0.05": {
      "zero": 248497,
      "positive": 239942,
      "negative": 436576
    },
    "0.1": {
      "zero": 248497,
      "positive": 208282,
      "negative": 468236
    },
    "0.2": {
      "zero": 248497,
      "positive": 183570,
      "negative": 492948
    },
    "0.4": {
      "zero": 248497,
      "positive": 172036,
      "negative": 504482
    }
  },
  "best_action_counts": {
    "0": {
      "blank": 64460,
      "stop": 100870,
      "grounding": 31148,
      "brightness": 8021,
      "blur": 27006,
      "crop": 12065,
      "noise": 4337,
      "relation": 590
    },
    "0.05": {
      "blank": 56452,
      "stop": 131186,
      "crop": 7995,
      "noise": 3041,
      "brightness": 5734,
      "grounding": 23503,
      "blur": 20020,
      "relation": 566
    },
    "0.1": {
      "blank": 54858,
      "stop": 137286,
      "crop": 7585,
      "noise": 2867,
      "brightness": 5457,
      "blur": 18443,
      "grounding": 21436,
      "relation": 565
    },
    "0.2": {
      "blank": 47314,
      "stop": 148510,
      "crop": 7303,
      "noise": 2755,
      "brightness": 5191,
      "blur": 17543,
      "grounding": 19331,
      "relation": 550
    },
    "0.4": {
      "blank": 44648,
      "stop": 153083,
      "crop": 7066,
      "noise": 2665,
      "brightness": 5061,
      "blur": 17198,
      "grounding": 18262,
      "relation": 514
    }
  },
  "files": [
    {
      "path": "states_lomo__train.jsonl",
      "split": "train",
      "row_count": 218255,
      "sha256": "e0a70db626901222fca1aca07c62c7f199d3a1787f8e8a8d09847ac62791a9eb",
      "source_state_path": "outputs/week8_lomo/gemma4_e4b/states/states_lomo.jsonl",
      "source_state_sha256": "caec0d4b8a73a51464a4f98a99c25527d64df5dd8a532d519045ddb2d3e97e91",
      "source_teacher_path": "outputs/week8_lomo/gemma4_e4b/teachers/teacher_lomo.jsonl",
      "source_teacher_sha256": "69a89a645142c998659e59d31793f739b4da6057f3e57c87c3a06d133e8854ac"
    },
    {
      "path": "states_lomo__val.jsonl",
      "split": "val",
      "row_count": 30242,
      "sha256": "7a1ab4fc70df56bff2422c807ec27ed2203c9127755480d5886ec5fdd9516395",
      "source_state_path": "outputs/week8_lomo/gemma4_e4b/states/states_lomo.jsonl",
      "source_state_sha256": "caec0d4b8a73a51464a4f98a99c25527d64df5dd8a532d519045ddb2d3e97e91",
      "source_teacher_path": "outputs/week8_lomo/gemma4_e4b/teachers/teacher_lomo.jsonl",
      "source_teacher_sha256": "69a89a645142c998659e59d31793f739b4da6057f3e57c87c3a06d133e8854ac"
    }
  ],
  "manifest_sha256": "a550174da2fc4ea9f9d63c358cb9038d94cabfa26e22237b140f58f768d140b9"
}
	Command being timed: "timeout --signal=TERM --kill-after=5m 1080s python scripts/build_voi_targets.py --config configs/experiments/policy_train.yaml --manifest_path outputs/week8_lomo/gemma4_e4b/vectorized/vectorized_manifest.json --state_manifest outputs/week8_lomo/gemma4_e4b/state_manifest.json --state_dir outputs/week8_lomo/gemma4_e4b/states --checkpoint outputs/week8_lomo/gemma4_e4b/checkpoints/diagnostic/diag_deep_sets_standard_seed42.best.pt --freeze_manifest outputs/week8_lomo/gemma4_e4b/freeze/lomo_diagnostic_freeze.json --temporary_aps outputs/week8_lomo/gemma4_e4b/temporary_aps/temporary_aps_deep_sets_standard_seed42.json --teacher_path outputs/week8_lomo/gemma4_e4b/teachers --output_dir outputs/week8_lomo/gemma4_e4b/voi --seed 42 --inference_batch_size 512 --device cuda:0 --resume"
	User time (seconds): 325.14
	System time (seconds): 15.84
	Percent of CPU this job got: 101%
	Elapsed (wall clock) time (h:mm:ss or m:ss): 5:35.39
	Average shared text size (kbytes): 0
	Average unshared data size (kbytes): 0
	Average stack size (kbytes): 0
	Average total size (kbytes): 0
	Maximum resident set size (kbytes): 10960404
	Average resident set size (kbytes): 0
	Major (requiring I/O) page faults: 0
	Minor (reclaiming a frame) page faults: 2673530
	Voluntary context switches: 3754
	Involuntary context switches: 3889
	Swaps: 0
	File system inputs: 48
	File system outputs: 1207432
	Socket messages sent: 0
	Socket messages received: 0
	Signals delivered: 0
	Page size (bytes): 4096
	Exit status: 0
gemma4_e4b VOI targets exit code: 0
