===== gemma4_e4b clean source APS =====
Timeout: 300s; bundle remaining: 15250s
{
  "format_version": "static_baseline_aps_v1",
  "status": "FINAL_FROZEN",
  "baseline": "clean_only_learned",
  "fit_split": "cal",
  "calibration_used": true,
  "test_used": false,
  "approval_config_sha256": "10c5b4775f911ae62b5f2e25c331c5adda9a15ee3576f8e853ac0a982b0cd960",
  "vector_manifest_sha256": "4aa621b1e8e0bf9f3f47cf5b88a720374fe8a35310b19bf3fd68d158c836a52f",
  "checkpoint_sha256": "7d1e48c72ec5737e01e333e8bf1c71aabe2ffa541e61b3938957e9a98278e4dd",
  "freeze_manifest_sha256": "b69821ef5d60c95553dff5f0b80783d10778960110f645c21b886768f1e78119",
  "budgets": [
    1,
    2,
    3,
    4,
    7
  ],
  "coverages": [
    0.9,
    0.95
  ],
  "limit": null,
  "thresholds": {
    "1": {
      "0.9": {
        "alpha": 0.09999999999999998,
        "target_coverage": 0.9,
        "threshold": 0.9588083922863007,
        "fit_count": 750,
        "fit_metrics": {
          "coverage": 0.9013333333333333,
          "average_set_size": 3.2813333333333334,
          "singleton_rate": 0.15466666666666667,
          "empty_set_rate": 0.008
        }
      },
      "0.95": {
        "alpha": 0.050000000000000044,
        "target_coverage": 0.95,
        "threshold": 0.9866748228669167,
        "fit_count": 750,
        "fit_metrics": {
          "coverage": 0.952,
          "average_set_size": 4.252,
          "singleton_rate": 0.112,
          "empty_set_rate": 0.0
        }
      }
    },
    "2": {
      "0.9": {
        "alpha": 0.09999999999999998,
        "target_coverage": 0.9,
        "threshold": 0.9588083922863007,
        "fit_count": 750,
        "fit_metrics": {
          "coverage": 0.9013333333333333,
          "average_set_size": 3.2813333333333334,
          "singleton_rate": 0.15466666666666667,
          "empty_set_rate": 0.008
        }
      },
      "0.95": {
        "alpha": 0.050000000000000044,
        "target_coverage": 0.95,
        "threshold": 0.9866748228669167,
        "fit_count": 750,
        "fit_metrics": {
          "coverage": 0.952,
          "average_set_size": 4.252,
          "singleton_rate": 0.112,
          "empty_set_rate": 0.0
        }
      }
    },
    "3": {
      "0.9": {
        "alpha": 0.09999999999999998,
        "target_coverage": 0.9,
        "threshold": 0.9588083922863007,
        "fit_count": 750,
        "fit_metrics": {
          "coverage": 0.9013333333333333,
          "average_set_size": 3.2813333333333334,
          "singleton_rate": 0.15466666666666667,
          "empty_set_rate": 0.008
        }
      },
      "0.95": {
        "alpha": 0.050000000000000044,
        "target_coverage": 0.95,
        "threshold": 0.9866748228669167,
        "fit_count": 750,
        "fit_metrics": {
          "coverage": 0.952,
          "average_set_size": 4.252,
          "singleton_rate": 0.112,
          "empty_set_rate": 0.0
        }
      }
    },
    "4": {
      "0.9": {
        "alpha": 0.09999999999999998,
        "target_coverage": 0.9,
        "threshold": 0.9588083922863007,
        "fit_count": 750,
        "fit_metrics": {
          "coverage": 0.9013333333333333,
          "average_set_size": 3.2813333333333334,
          "singleton_rate": 0.15466666666666667,
          "empty_set_rate": 0.008
        }
      },
      "0.95": {
        "alpha": 0.050000000000000044,
        "target_coverage": 0.95,
        "threshold": 0.9866748228669167,
        "fit_count": 750,
        "fit_metrics": {
          "coverage": 0.952,
          "average_set_size": 4.252,
          "singleton_rate": 0.112,
          "empty_set_rate": 0.0
        }
      }
    },
    "7": {
      "0.9": {
        "alpha": 0.09999999999999998,
        "target_coverage": 0.9,
        "threshold": 0.9588083922863007,
        "fit_count": 750,
        "fit_metrics": {
          "coverage": 0.9013333333333333,
          "average_set_size": 3.2813333333333334,
          "singleton_rate": 0.15466666666666667,
          "empty_set_rate": 0.008
        }
      },
      "0.95": {
        "alpha": 0.050000000000000044,
        "target_coverage": 0.95,
        "threshold": 0.9866748228669167,
        "fit_count": 750,
        "fit_metrics": {
          "coverage": 0.952,
          "average_set_size": 4.252,
          "singleton_rate": 0.112,
          "empty_set_rate": 0.0
        }
      }
    }
  },
  "report_sha256": "1495ab96d2a86b8c935acdd8e0b3614e989477690b0a331d2b4c815d344c0841"
}
	Command being timed: "timeout --signal=TERM --kill-after=5m 300s python scripts/calibrate_static_baseline_aps.py --approval_config configs/experiments/calibrate_aps.yaml --manifest_path outputs/week8_lomo/gemma4_e4b/vectorized/vectorized_manifest.json --checkpoint outputs/week8_lomo/gemma4_e4b/checkpoints/diagnostic/diag_clean_mlp_standard_seed42.best.pt --phase calibration --freeze_manifest outputs/week8_lomo/gemma4_e4b/freeze/lomo_stack_freeze.json --budgets 1 2 3 4 7 --coverages 0.90 0.95 --output_dir outputs/week8_lomo/gemma4_e4b/calibration/static_aps --seed 42 --device cpu --resume"
	User time (seconds): 11.63
	System time (seconds): 5.74
	Percent of CPU this job got: 658%
	Elapsed (wall clock) time (h:mm:ss or m:ss): 0:02.63
	Average shared text size (kbytes): 0
	Average unshared data size (kbytes): 0
	Average stack size (kbytes): 0
	Average total size (kbytes): 0
	Maximum resident set size (kbytes): 560492
	Average resident set size (kbytes): 0
	Major (requiring I/O) page faults: 0
	Minor (reclaiming a frame) page faults: 99809
	Voluntary context switches: 659
	Involuntary context switches: 44534
	Swaps: 0
	File system inputs: 0
	File system outputs: 16
	Socket messages sent: 0
	Socket messages received: 0
	Signals delivered: 0
	Page size (bytes): 4096
	Exit status: 0
gemma4_e4b clean source APS exit code: 0
